[INFO] Scanning for projects...
[INFO] 
[INFO] -----------------------< org.rtklib:rtklib-java >-----------------------
[INFO] Building rtklib-java 1.0-SNAPSHOT
[INFO]   from pom.xml
[INFO] --------------------------------[ jar ]---------------------------------
[INFO] 
[INFO] --- resources:3.3.1:resources (default-resources) @ rtklib-java ---
[INFO] skip non existing resourceDirectory D:\code\rtklib_java\src\main\resources
[INFO] 
[INFO] --- compiler:3.13.0:compile (default-compile) @ rtklib-java ---
[INFO] Nothing to compile - all classes are up to date.
[INFO] 
[INFO] --- resources:3.3.1:testResources (default-testResources) @ rtklib-java ---
[INFO] skip non existing resourceDirectory D:\code\rtklib_java\src\test\resources
[INFO] 
[INFO] --- compiler:3.13.0:testCompile (default-testCompile) @ rtklib-java ---
[INFO] Nothing to compile - all classes are up to date.
[INFO] 
[INFO] --- surefire:3.2.3:test (default-test) @ rtklib-java ---
[INFO] Using auto detected provider org.apache.maven.surefire.junitplatform.JUnitPlatformProvider
[INFO] 
[INFO] -------------------------------------------------------
[INFO]  T E S T S
[INFO] -------------------------------------------------------
[INFO] Running org.rtklib.java.RtkProcessorTest
04:09:10.583 [main] INFO org.rtklib.java.RtkProcessorTest -- Loaded Rover: 103816 bytes, Base: 95645 bytes
04:09:10.605 [main] DEBUG org.rtklib.java.rtcm.Rtcm -- RTCM3 decoded message type=1005, length=25
04:09:10.605 [main] DEBUG org.rtklib.java.rtcm.Rtcm -- RTCM3 decoded message type=1033, length=27
04:09:10.605 [main] DEBUG org.rtklib.java.rtcm.Rtcm -- RTCM3 decoded message type=1124, length=248
04:09:10.605 [main] DEBUG org.rtklib.java.rtcm.Rtcm -- MSM BDS TOW: raw=61204000, tow=61218.0
04:09:10.606 [main] DEBUG org.rtklib.java.rtcm.Rtcm -- MSM BDS after adjweek: time.time=316026018, time.sec=0.0
04:09:10.606 [main] DEBUG org.rtklib.java.rtcm.Rtcm -- decode_msm_head: sys=32 staid=0 nsat=12 nsig=5 sync=1 iod=0 ncell=31
04:09:10.606 [main] DEBUG org.rtklib.java.rtcm.Rtcm -- MSM sig[0] sigid=2 sigstr=2I code=40 idx=0
04:09:10.606 [main] DEBUG org.rtklib.java.rtcm.Rtcm -- MSM sig[1] sigid=8 sigstr=6I code=42 idx=3
04:09:10.606 [main] DEBUG org.rtklib.java.rtcm.Rtcm -- MSM sig[2] sigid=14 sigstr=7I code=27 idx=1
04:09:10.606 [main] DEBUG org.rtklib.java.rtcm.Rtcm -- MSM sig[3] sigid=23 sigstr=5P code=58 idx=2
04:09:10.606 [main] DEBUG org.rtklib.java.rtcm.Rtcm -- MSM sig[4] sigid=31 sigstr=1P code=2 idx=4
04:09:10.606 [main] DEBUG org.rtklib.java.rtcm.Rtcm -- MSM after sigindex: sig[0] code=40 idx=0
04:09:10.606 [main] DEBUG org.rtklib.java.rtcm.Rtcm -- MSM after sigindex: sig[1] code=42 idx=3
04:09:10.607 [main] DEBUG org.rtklib.java.rtcm.Rtcm -- MSM after sigindex: sig[2] code=27 idx=1
04:09:10.607 [main] DEBUG org.rtklib.java.rtcm.Rtcm -- MSM after sigindex: sig[3] code=58 idx=2
04:09:10.607 [main] DEBUG org.rtklib.java.rtcm.Rtcm -- MSM after sigindex: sig[4] code=2 idx=4
04:09:10.607 [main] DEBUG org.rtklib.java.rtcm.Rtcm -- RTCM3 decoded message type=1124, length=54
04:09:10.607 [main] DEBUG org.rtklib.java.rtcm.Rtcm -- MSM BDS TOW: raw=61204000, tow=61218.0
04:09:10.607 [main] DEBUG org.rtklib.java.rtcm.Rtcm -- MSM BDS after adjweek: time.time=316026018, time.sec=0.0
04:09:10.607 [main] DEBUG org.rtklib.java.rtcm.Rtcm -- decode_msm_head: sys=32 staid=0 nsat=1 nsig=4 sync=0 iod=0 ncell=4
04:09:10.607 [main] DEBUG org.rtklib.java.rtcm.Rtcm -- MSM sig[0] sigid=2 sigstr=2I code=40 idx=0
04:09:10.607 [main] DEBUG org.rtklib.java.rtcm.Rtcm -- MSM sig[1] sigid=8 sigstr=6I code=42 idx=3
04:09:10.607 [main] DEBUG org.rtklib.java.rtcm.Rtcm -- MSM sig[2] sigid=23 sigstr=5P code=58 idx=2
04:09:10.607 [main] DEBUG org.rtklib.java.rtcm.Rtcm -- MSM sig[3] sigid=31 sigstr=1P code=2 idx=4
04:09:10.607 [main] DEBUG org.rtklib.java.rtcm.Rtcm -- MSM after sigindex: sig[0] code=40 idx=0
04:09:10.607 [main] DEBUG org.rtklib.java.rtcm.Rtcm -- MSM after sigindex: sig[1] code=42 idx=3
04:09:10.607 [main] DEBUG org.rtklib.java.rtcm.Rtcm -- MSM after sigindex: sig[2] code=58 idx=2
04:09:10.607 [main] DEBUG org.rtklib.java.rtcm.Rtcm -- MSM after sigindex: sig[3] code=2 idx=4
04:09:10.607 [main] DEBUG org.rtklib.java.rtcm.Rtcm -- RTCM3 decoded message type=1042, length=70
04:09:10.608 [main] INFO org.rtklib.java.rtcm.Rtcm -- RTCM 1042 eph stored: sat=137 prn=32 week=1066 toe=54000.0 A=27906219.4
04:09:10.608 [main] DEBUG org.rtklib.java.rtcm.Rtcm -- RTCM3 decoded message type=1005, length=25
04:09:10.609 [main] DEBUG org.rtklib.java.rtcm.Rtcm -- RTCM3 decoded message type=1033, length=27
04:09:10.609 [main] DEBUG org.rtklib.java.rtcm.Rtcm -- RTCM3 decoded message type=1124, length=236
04:09:10.609 [main] DEBUG org.rtklib.java.rtcm.Rtcm -- MSM BDS TOW: raw=61219000, tow=61233.0
04:09:10.609 [main] DEBUG org.rtklib.java.rtcm.Rtcm -- MSM BDS after adjweek: time.time=1780851633, time.sec=0.0
04:09:10.609 [main] DEBUG org.rtklib.java.rtcm.Rtcm -- decode_msm_head: sys=32 staid=0 nsat=12 nsig=5 sync=1 iod=0 ncell=29
04:09:10.609 [main] DEBUG org.rtklib.java.rtcm.Rtcm -- MSM sig[0] sigid=2 sigstr=2I code=40 idx=0
04:09:10.609 [main] DEBUG org.rtklib.java.rtcm.Rtcm -- MSM sig[1] sigid=8 sigstr=6I code=42 idx=3
04:09:10.609 [main] DEBUG org.rtklib.java.rtcm.Rtcm -- MSM sig[2] sigid=14 sigstr=7I code=27 idx=1
04:09:10.609 [main] DEBUG org.rtklib.java.rtcm.Rtcm -- MSM sig[3] sigid=23 sigstr=5P code=58 idx=2
04:09:10.609 [main] DEBUG org.rtklib.java.rtcm.Rtcm -- MSM sig[4] sigid=31 sigstr=1P code=2 idx=4
04:09:10.609 [main] DEBUG org.rtklib.java.rtcm.Rtcm -- MSM after sigindex: sig[0] code=40 idx=0
04:09:10.609 [main] DEBUG org.rtklib.java.rtcm.Rtcm -- MSM after sigindex: sig[1] code=42 idx=3
04:09:10.609 [main] DEBUG org.rtklib.java.rtcm.Rtcm -- MSM after sigindex: sig[2] code=27 idx=1
04:09:10.609 [main] DEBUG org.rtklib.java.rtcm.Rtcm -- MSM after sigindex: sig[3] code=58 idx=2
04:09:10.609 [main] DEBUG org.rtklib.java.rtcm.Rtcm -- MSM after sigindex: sig[4] code=2 idx=4
04:09:10.609 [main] DEBUG org.rtklib.java.rtcm.Rtcm -- RTCM3 decoded message type=1124, length=54
04:09:10.609 [main] DEBUG org.rtklib.java.rtcm.Rtcm -- MSM BDS TOW: raw=61219000, tow=61233.0
04:09:10.609 [main] DEBUG org.rtklib.java.rtcm.Rtcm -- MSM BDS after adjweek: time.time=1780851633, time.sec=0.0
04:09:10.609 [main] DEBUG org.rtklib.java.rtcm.Rtcm -- decode_msm_head: sys=32 staid=0 nsat=1 nsig=4 sync=0 iod=0 ncell=4
04:09:10.609 [main] DEBUG org.rtklib.java.rtcm.Rtcm -- MSM sig[0] sigid=2 sigstr=2I code=40 idx=0
04:09:10.609 [main] DEBUG org.rtklib.java.rtcm.Rtcm -- MSM sig[1] sigid=8 sigstr=6I code=42 idx=3
04:09:10.609 [main] DEBUG org.rtklib.java.rtcm.Rtcm -- MSM sig[2] sigid=23 sigstr=5P code=58 idx=2
04:09:10.609 [main] DEBUG org.rtklib.java.rtcm.Rtcm -- MSM sig[3] sigid=31 sigstr=1P code=2 idx=4
04:09:10.609 [main] DEBUG org.rtklib.java.rtcm.Rtcm -- MSM after sigindex: sig[0] code=40 idx=0
04:09:10.609 [main] DEBUG org.rtklib.java.rtcm.Rtcm -- MSM after sigindex: sig[1] code=42 idx=3
04:09:10.610 [main] DEBUG org.rtklib.java.rtcm.Rtcm -- MSM after sigindex: sig[2] code=58 idx=2
04:09:10.610 [main] DEBUG org.rtklib.java.rtcm.Rtcm -- MSM after sigindex: sig[3] code=2 idx=4
04:09:10.610 [main] DEBUG org.rtklib.java.rtcm.Rtcm -- RTCM3 decoded message type=1042, length=70
04:09:10.610 [main] INFO org.rtklib.java.rtcm.Rtcm -- RTCM 1042 eph stored: sat=112 prn=7 week=1066 toe=61200.0 A=42165725.8
04:09:10.610 [main] DEBUG org.rtklib.java.rtcm.Rtcm -- RTCM3 decoded message type=1005, length=25
04:09:10.610 [main] DEBUG org.rtklib.java.rtcm.Rtcm -- RTCM3 decoded message type=1033, length=27
04:09:10.610 [main] DEBUG org.rtklib.java.rtcm.Rtcm -- RTCM3 decoded message type=1124, length=236
04:09:10.610 [main] DEBUG org.rtklib.java.rtcm.Rtcm -- MSM BDS TOW: raw=61234000, tow=61248.0
04:09:10.610 [main] DEBUG org.rtklib.java.rtcm.Rtcm -- MSM BDS after adjweek: time.time=1780851648, time.sec=0.0
04:09:10.610 [main] DEBUG org.rtklib.java.rtcm.Rtcm -- decode_msm_head: sys=32 staid=0 nsat=12 nsig=5 sync=1 iod=0 ncell=29
04:09:10.610 [main] DEBUG org.rtklib.java.rtcm.Rtcm -- MSM sig[0] sigid=2 sigstr=2I code=40 idx=0
04:09:10.610 [main] DEBUG org.rtklib.java.rtcm.Rtcm -- MSM sig[1] sigid=8 sigstr=6I code=42 idx=3
04:09:10.610 [main] DEBUG org.rtklib.java.rtcm.Rtcm -- MSM sig[2] sigid=14 sigstr=7I code=27 idx=1
04:09:10.610 [main] DEBUG org.rtklib.java.rtcm.Rtcm -- MSM sig[3] sigid=23 sigstr=5P code=58 idx=2
04:09:10.610 [main] DEBUG org.rtklib.java.rtcm.Rtcm -- MSM sig[4] sigid=31 sigstr=1P code=2 idx=4
04:09:10.610 [main] DEBUG org.rtklib.java.rtcm.Rtcm -- MSM after sigindex: sig[0] code=40 idx=0
04:09:10.610 [main] DEBUG org.rtklib.java.rtcm.Rtcm -- MSM after sigindex: sig[1] code=42 idx=3
04:09:10.610 [main] DEBUG org.rtklib.java.rtcm.Rtcm -- MSM after sigindex: sig[2] code=27 idx=1
04:09:10.610 [main] DEBUG org.rtklib.java.rtcm.Rtcm -- MSM after sigindex: sig[3] code=58 idx=2
04:09:10.610 [main] DEBUG org.rtklib.java.rtcm.Rtcm -- MSM after sigindex: sig[4] code=2 idx=4
04:09:10.611 [main] DEBUG org.rtklib.java.rtcm.Rtcm -- RTCM3 decoded message type=1124, length=54
04:09:10.611 [main] DEBUG org.rtklib.java.rtcm.Rtcm -- MSM BDS TOW: raw=61234000, tow=61248.0
04:09:10.611 [main] DEBUG org.rtklib.java.rtcm.Rtcm -- MSM BDS after adjweek: time.time=1780851648, time.sec=0.0
04:09:10.611 [main] DEBUG org.rtklib.java.rtcm.Rtcm -- decode_msm_head: sys=32 staid=0 nsat=1 nsig=4 sync=0 iod=0 ncell=4
04:09:10.611 [main] DEBUG org.rtklib.java.rtcm.Rtcm -- MSM sig[0] sigid=2 sigstr=2I code=40 idx=0
04:09:10.611 [main] DEBUG org.rtklib.java.rtcm.Rtcm -- MSM sig[1] sigid=8 sigstr=6I code=42 idx=3
04:09:10.611 [main] DEBUG org.rtklib.java.rtcm.Rtcm -- MSM sig[2] sigid=23 sigstr=5P code=58 idx=2
04:09:10.611 [main] DEBUG org.rtklib.java.rtcm.Rtcm -- MSM sig[3] sigid=31 sigstr=1P code=2 idx=4
04:09:10.611 [main] DEBUG org.rtklib.java.rtcm.Rtcm -- MSM after sigindex: sig[0] code=40 idx=0
04:09:10.611 [main] DEBUG org.rtklib.java.rtcm.Rtcm -- MSM after sigindex: sig[1] code=42 idx=3
04:09:10.611 [main] DEBUG org.rtklib.java.rtcm.Rtcm -- MSM after sigindex: sig[2] code=58 idx=2
04:09:10.611 [main] DEBUG org.rtklib.java.rtcm.Rtcm -- MSM after sigindex: sig[3] code=2 idx=4
04:09:10.611 [main] DEBUG org.rtklib.java.rtcm.Rtcm -- RTCM3 decoded message type=1042, length=70
04:09:10.611 [main] INFO org.rtklib.java.rtcm.Rtcm -- RTCM 1042 eph stored: sat=106 prn=1 week=1066 toe=61200.0 A=42166232.7
04:09:10.611 [main] DEBUG org.rtklib.java.rtcm.Rtcm -- RTCM3 decoded message type=1005, length=25
04:09:10.611 [main] DEBUG org.rtklib.java.rtcm.Rtcm -- RTCM3 decoded message type=1033, length=27
04:09:10.611 [main] DEBUG org.rtklib.java.rtcm.Rtcm -- RTCM3 decoded message type=1124, length=248
04:09:10.611 [main] DEBUG org.rtklib.java.rtcm.Rtcm -- MSM BDS TOW: raw=61249000, tow=61263.0
04:09:10.611 [main] DEBUG org.rtklib.java.rtcm.Rtcm -- MSM BDS after adjweek: time.time=1780851663, time.sec=0.0
04:09:10.611 [main] DEBUG org.rtklib.java.rtcm.Rtcm -- decode_msm_head: sys=32 staid=0 nsat=12 nsig=5 sync=0 iod=0 ncell=31
04:09:10.612 [main] DEBUG org.rtklib.java.rtcm.Rtcm -- MSM sig[0] sigid=2 sigstr=2I code=40 idx=0
04:09:10.612 [main] DEBUG org.rtklib.java.rtcm.Rtcm -- MSM sig[1] sigid=8 sigstr=6I code=42 idx=3
04:09:10.612 [main] DEBUG org.rtklib.java.rtcm.Rtcm -- MSM sig[2] sigid=14 sigstr=7I code=27 idx=1
04:09:10.612 [main] DEBUG org.rtklib.java.rtcm.Rtcm -- MSM sig[3] sigid=23 sigstr=5P code=58 idx=2
04:09:10.612 [main] DEBUG org.rtklib.java.rtcm.Rtcm -- MSM sig[4] sigid=31 sigstr=1P code=2 idx=4
04:09:10.612 [main] DEBUG org.rtklib.java.rtcm.Rtcm -- MSM after sigindex: sig[0] code=40 idx=0
04:09:10.612 [main] DEBUG org.rtklib.java.rtcm.Rtcm -- MSM after sigindex: sig[1] code=42 idx=3
04:09:10.612 [main] DEBUG org.rtklib.java.rtcm.Rtcm -- MSM after sigindex: sig[2] code=27 idx=1
04:09:10.612 [main] DEBUG org.rtklib.java.rtcm.Rtcm -- MSM after sigindex: sig[3] code=58 idx=2
04:09:10.612 [main] DEBUG org.rtklib.java.rtcm.Rtcm -- MSM after sigindex: sig[4] code=2 idx=4
04:09:10.612 [main] DEBUG org.rtklib.java.rtcm.Rtcm -- RTCM3 decoded message type=1042, length=70
04:09:10.612 [main] INFO org.rtklib.java.rtcm.Rtcm -- RTCM 1042 eph stored: sat=107 prn=2 week=1066 toe=61200.0 A=42163941.3
04:09:10.612 [main] DEBUG org.rtklib.java.rtcm.Rtcm -- RTCM3 decoded message type=1005, length=25
04:09:10.612 [main] DEBUG org.rtklib.java.rtcm.Rtcm -- RTCM3 decoded message type=1033, length=27
04:09:10.612 [main] DEBUG org.rtklib.java.rtcm.Rtcm -- RTCM3 decoded message type=1124, length=260
04:09:10.612 [main] DEBUG org.rtklib.java.rtcm.Rtcm -- MSM BDS TOW: raw=61264000, tow=61278.0
04:09:10.612 [main] DEBUG org.rtklib.java.rtcm.Rtcm -- MSM BDS after adjweek: time.time=1780851678, time.sec=0.0
04:09:10.612 [main] DEBUG org.rtklib.java.rtcm.Rtcm -- decode_msm_head: sys=32 staid=0 nsat=12 nsig=5 sync=0 iod=0 ncell=33
04:09:10.612 [main] DEBUG org.rtklib.java.rtcm.Rtcm -- MSM sig[0] sigid=2 sigstr=2I code=40 idx=0
04:09:10.612 [main] DEBUG org.rtklib.java.rtcm.Rtcm -- MSM sig[1] sigid=8 sigstr=6I code=42 idx=3
04:09:10.612 [main] DEBUG org.rtklib.java.rtcm.Rtcm -- MSM sig[2] sigid=14 sigstr=7I code=27 idx=1
04:09:10.612 [main] DEBUG org.rtklib.java.rtcm.Rtcm -- MSM sig[3] sigid=23 sigstr=5P code=58 idx=2
04:09:10.612 [main] DEBUG org.rtklib.java.rtcm.Rtcm -- MSM sig[4] sigid=31 sigstr=1P code=2 idx=4
04:09:10.612 [main] DEBUG org.rtklib.java.rtcm.Rtcm -- MSM after sigindex: sig[0] code=40 idx=0
04:09:10.612 [main] DEBUG org.rtklib.java.rtcm.Rtcm -- MSM after sigindex: sig[1] code=42 idx=3
04:09:10.613 [main] DEBUG org.rtklib.java.rtcm.Rtcm -- MSM after sigindex: sig[2] code=27 idx=1
04:09:10.613 [main] DEBUG org.rtklib.java.rtcm.Rtcm -- MSM after sigindex: sig[3] code=58 idx=2
04:09:10.613 [main] DEBUG org.rtklib.java.rtcm.Rtcm -- MSM after sigindex: sig[4] code=2 idx=4
04:09:10.613 [main] DEBUG org.rtklib.java.rtcm.Rtcm -- RTCM3 decoded message type=1042, length=70
04:09:10.613 [main] INFO org.rtklib.java.rtcm.Rtcm -- RTCM 1042 eph stored: sat=108 prn=3 week=1066 toe=61200.0 A=42164777.8
04:09:10.613 [main] DEBUG org.rtklib.java.rtcm.Rtcm -- RTCM3 decoded message type=1005, length=25
04:09:10.613 [main] DEBUG org.rtklib.java.rtcm.Rtcm -- RTCM3 decoded message type=1033, length=27
04:09:10.613 [main] DEBUG org.rtklib.java.rtcm.Rtcm -- RTCM3 decoded message type=1124, length=254
04:09:10.613 [main] DEBUG org.rtklib.java.rtcm.Rtcm -- MSM BDS TOW: raw=61279000, tow=61293.0
04:09:10.613 [main] DEBUG org.rtklib.java.rtcm.Rtcm -- MSM BDS after adjweek: time.time=1780851693, time.sec=0.0
04:09:10.613 [main] DEBUG org.rtklib.java.rtcm.Rtcm -- decode_msm_head: sys=32 staid=0 nsat=12 nsig=5 sync=0 iod=0 ncell=32
04:09:10.613 [main] DEBUG org.rtklib.java.rtcm.Rtcm -- MSM sig[0] sigid=2 sigstr=2I code=40 idx=0
04:09:10.613 [main] DEBUG org.rtklib.java.rtcm.Rtcm -- MSM sig[1] sigid=8 sigstr=6I code=42 idx=3
04:09:10.613 [main] DEBUG org.rtklib.java.rtcm.Rtcm -- MSM sig[2] sigid=14 sigstr=7I code=27 idx=1
04:09:10.613 [main] DEBUG org.rtklib.java.rtcm.Rtcm -- MSM sig[3] sigid=23 sigstr=5P code=58 idx=2
04:09:10.613 [main] DEBUG org.rtklib.java.rtcm.Rtcm -- MSM sig[4] sigid=31 sigstr=1P code=2 idx=4
04:09:10.613 [main] DEBUG org.rtklib.java.rtcm.Rtcm -- MSM after sigindex: sig[0] code=40 idx=0
04:09:10.613 [main] DEBUG org.rtklib.java.rtcm.Rtcm -- MSM after sigindex: sig[1] code=42 idx=3
04:09:10.613 [main] DEBUG org.rtklib.java.rtcm.Rtcm -- MSM after sigindex: sig[2] code=27 idx=1
04:09:10.613 [main] DEBUG org.rtklib.java.rtcm.Rtcm -- MSM after sigindex: sig[3] code=58 idx=2
04:09:10.613 [main] DEBUG org.rtklib.java.rtcm.Rtcm -- MSM after sigindex: sig[4] code=2 idx=4
04:09:10.613 [main] DEBUG org.rtklib.java.rtcm.Rtcm -- RTCM3 decoded message type=1042, length=70
04:09:10.614 [main] INFO org.rtklib.java.rtcm.Rtcm -- RTCM 1042 eph stored: sat=113 prn=8 week=1066 toe=61200.0 A=42158272.3
04:09:10.614 [main] DEBUG org.rtklib.java.rtcm.Rtcm -- RTCM3 decoded message type=1005, length=25
04:09:10.614 [main] DEBUG org.rtklib.java.rtcm.Rtcm -- RTCM3 decoded message type=1033, length=27
04:09:10.614 [main] DEBUG org.rtklib.java.rtcm.Rtcm -- RTCM3 decoded message type=1124, length=254
04:09:10.614 [main] DEBUG org.rtklib.java.rtcm.Rtcm -- MSM BDS TOW: raw=61294000, tow=61308.0
04:09:10.614 [main] DEBUG org.rtklib.java.rtcm.Rtcm -- MSM BDS after adjweek: time.time=1780851708, time.sec=0.0
04:09:10.614 [main] DEBUG org.rtklib.java.rtcm.Rtcm -- decode_msm_head: sys=32 staid=0 nsat=12 nsig=5 sync=0 iod=0 ncell=32
04:09:10.614 [main] DEBUG org.rtklib.java.rtcm.Rtcm -- MSM sig[0] sigid=2 sigstr=2I code=40 idx=0
04:09:10.614 [main] DEBUG org.rtklib.java.rtcm.Rtcm -- MSM sig[1] sigid=8 sigstr=6I code=42 idx=3
04:09:10.614 [main] DEBUG org.rtklib.java.rtcm.Rtcm -- MSM sig[2] sigid=14 sigstr=7I code=27 idx=1
04:09:10.614 [main] DEBUG org.rtklib.java.rtcm.Rtcm -- MSM sig[3] sigid=23 sigstr=5P code=58 idx=2
04:09:10.614 [main] DEBUG org.rtklib.java.rtcm.Rtcm -- MSM sig[4] sigid=31 sigstr=1P code=2 idx=4
04:09:10.614 [main] DEBUG org.rtklib.java.rtcm.Rtcm -- MSM after sigindex: sig[0] code=40 idx=0
04:09:10.614 [main] DEBUG org.rtklib.java.rtcm.Rtcm -- MSM after sigindex: sig[1] code=42 idx=3
04:09:10.614 [main] DEBUG org.rtklib.java.rtcm.Rtcm -- MSM after sigindex: sig[2] code=27 idx=1
04:09:10.614 [main] DEBUG org.rtklib.java.rtcm.Rtcm -- MSM after sigindex: sig[3] code=58 idx=2
04:09:10.614 [main] DEBUG org.rtklib.java.rtcm.Rtcm -- MSM after sigindex: sig[4] code=2 idx=4
04:09:10.614 [main] DEBUG org.rtklib.java.rtcm.Rtcm -- RTCM3 decoded message type=1042, length=70
04:09:10.614 [main] INFO org.rtklib.java.rtcm.Rtcm -- RTCM 1042 eph stored: sat=114 prn=9 week=1066 toe=61200.0 A=42167667.7
04:09:10.614 [main] DEBUG org.rtklib.java.rtcm.Rtcm -- RTCM3 decoded message type=1005, length=25
04:09:10.614 [main] DEBUG org.rtklib.java.rtcm.Rtcm -- RTCM3 decoded message type=1033, length=27
04:09:10.614 [main] DEBUG org.rtklib.java.rtcm.Rtcm -- RTCM3 decoded message type=1124, length=260
04:09:10.614 [main] DEBUG org.rtklib.java.rtcm.Rtcm -- MSM BDS TOW: raw=61309000, tow=61323.0
04:09:10.614 [main] DEBUG org.rtklib.java.rtcm.Rtcm -- MSM BDS after adjweek: time.time=1780851723, time.sec=0.0
04:09:10.614 [main] DEBUG org.rtklib.java.rtcm.Rtcm -- decode_msm_head: sys=32 staid=0 nsat=12 nsig=5 sync=0 iod=0 ncell=33
04:09:10.614 [main] DEBUG org.rtklib.java.rtcm.Rtcm -- MSM sig[0] sigid=2 sigstr=2I code=40 idx=0
04:09:10.614 [main] DEBUG org.rtklib.java.rtcm.Rtcm -- MSM sig[1] sigid=8 sigstr=6I code=42 idx=3
04:09:10.614 [main] DEBUG org.rtklib.java.rtcm.Rtcm -- MSM sig[2] sigid=14 sigstr=7I code=27 idx=1
04:09:10.614 [main] DEBUG org.rtklib.java.rtcm.Rtcm -- MSM sig[3] sigid=23 sigstr=5P code=58 idx=2
04:09:10.614 [main] DEBUG org.rtklib.java.rtcm.Rtcm -- MSM sig[4] sigid=31 sigstr=1P code=2 idx=4
04:09:10.614 [main] DEBUG org.rtklib.java.rtcm.Rtcm -- MSM after sigindex: sig[0] code=40 idx=0
04:09:10.614 [main] DEBUG org.rtklib.java.rtcm.Rtcm -- MSM after sigindex: sig[1] code=42 idx=3
04:09:10.614 [main] DEBUG org.rtklib.java.rtcm.Rtcm -- MSM after sigindex: sig[2] code=27 idx=1
04:09:10.614 [main] DEBUG org.rtklib.java.rtcm.Rtcm -- MSM after sigindex: sig[3] code=58 idx=2
04:09:10.614 [main] DEBUG org.rtklib.java.rtcm.Rtcm -- MSM after sigindex: sig[4] code=2 idx=4
04:09:10.614 [main] DEBUG org.rtklib.java.rtcm.Rtcm -- RTCM3 decoded message type=1042, length=70
04:09:10.614 [main] INFO org.rtklib.java.rtcm.Rtcm -- RTCM 1042 eph stored: sat=115 prn=10 week=1066 toe=61200.0 A=42169927.7
04:09:10.614 [main] DEBUG org.rtklib.java.rtcm.Rtcm -- RTCM3 decoded message type=1005, length=25
04:09:10.614 [main] DEBUG org.rtklib.java.rtcm.Rtcm -- RTCM3 decoded message type=1033, length=27
04:09:10.614 [main] DEBUG org.rtklib.java.rtcm.Rtcm -- RTCM3 decoded message type=1124, length=260
04:09:10.614 [main] DEBUG org.rtklib.java.rtcm.Rtcm -- MSM BDS TOW: raw=61324000, tow=61338.0
04:09:10.614 [main] DEBUG org.rtklib.java.rtcm.Rtcm -- MSM BDS after adjweek: time.time=1780851738, time.sec=0.0
04:09:10.615 [main] DEBUG org.rtklib.java.rtcm.Rtcm -- decode_msm_head: sys=32 staid=0 nsat=12 nsig=5 sync=0 iod=0 ncell=33
04:09:10.615 [main] DEBUG org.rtklib.java.rtcm.Rtcm -- MSM sig[0] sigid=2 sigstr=2I code=40 idx=0
04:09:10.615 [main] DEBUG org.rtklib.java.rtcm.Rtcm -- MSM sig[1] sigid=8 sigstr=6I code=42 idx=3
04:09:10.615 [main] DEBUG org.rtklib.java.rtcm.Rtcm -- MSM sig[2] sigid=14 sigstr=7I code=27 idx=1
04:09:10.615 [main] DEBUG org.rtklib.java.rtcm.Rtcm -- MSM sig[3] sigid=23 sigstr=5P code=58 idx=2
04:09:10.615 [main] DEBUG org.rtklib.java.rtcm.Rtcm -- MSM sig[4] sigid=31 sigstr=1P code=2 idx=4
04:09:10.615 [main] DEBUG org.rtklib.java.rtcm.Rtcm -- MSM after sigindex: sig[0] code=40 idx=0
04:09:10.615 [main] DEBUG org.rtklib.java.rtcm.Rtcm -- MSM after sigindex: sig[1] code=42 idx=3
04:09:10.615 [main] DEBUG org.rtklib.java.rtcm.Rtcm -- MSM after sigindex: sig[2] code=27 idx=1
04:09:10.615 [main] DEBUG org.rtklib.java.rtcm.Rtcm -- MSM after sigindex: sig[3] code=58 idx=2
04:09:10.615 [main] DEBUG org.rtklib.java.rtcm.Rtcm -- MSM after sigindex: sig[4] code=2 idx=4
04:09:10.615 [main] DEBUG org.rtklib.java.rtcm.Rtcm -- RTCM3 decoded message type=1042, length=70
04:09:10.615 [main] INFO org.rtklib.java.rtcm.Rtcm -- RTCM 1042 eph stored: sat=117 prn=12 week=1066 toe=61200.0 A=27906348.6
04:09:10.615 [main] DEBUG org.rtklib.java.rtcm.Rtcm -- RTCM3 decoded message type=1005, length=25
04:09:10.615 [main] DEBUG org.rtklib.java.rtcm.Rtcm -- RTCM3 decoded message type=1033, length=27
04:09:10.615 [main] DEBUG org.rtklib.java.rtcm.Rtcm -- RTCM3 decoded message type=1124, length=266
04:09:10.615 [main] DEBUG org.rtklib.java.rtcm.Rtcm -- MSM BDS TOW: raw=61339000, tow=61353.0
04:09:10.615 [main] DEBUG org.rtklib.java.rtcm.Rtcm -- MSM BDS after adjweek: time.time=1780851753, time.sec=0.0
04:09:10.615 [main] DEBUG org.rtklib.java.rtcm.Rtcm -- decode_msm_head: sys=32 staid=0 nsat=12 nsig=5 sync=0 iod=0 ncell=34
04:09:10.615 [main] DEBUG org.rtklib.java.rtcm.Rtcm -- MSM sig[0] sigid=2 sigstr=2I code=40 idx=0
04:09:10.615 [main] DEBUG org.rtklib.java.rtcm.Rtcm -- MSM sig[1] sigid=8 sigstr=6I code=42 idx=3
04:09:10.615 [main] DEBUG org.rtklib.java.rtcm.Rtcm -- MSM sig[2] sigid=14 sigstr=7I code=27 idx=1
04:09:10.615 [main] DEBUG org.rtklib.java.rtcm.Rtcm -- MSM sig[3] sigid=23 sigstr=5P code=58 idx=2
04:09:10.615 [main] DEBUG org.rtklib.java.rtcm.Rtcm -- MSM sig[4] sigid=31 sigstr=1P code=2 idx=4
04:09:10.615 [main] DEBUG org.rtklib.java.rtcm.Rtcm -- MSM after sigindex: sig[0] code=40 idx=0
04:09:10.615 [main] DEBUG org.rtklib.java.rtcm.Rtcm -- MSM after sigindex: sig[1] code=42 idx=3
04:09:10.615 [main] DEBUG org.rtklib.java.rtcm.Rtcm -- MSM after sigindex: sig[2] code=27 idx=1
04:09:10.615 [main] DEBUG org.rtklib.java.rtcm.Rtcm -- MSM after sigindex: sig[3] code=58 idx=2
04:09:10.615 [main] DEBUG org.rtklib.java.rtcm.Rtcm -- MSM after sigindex: sig[4] code=2 idx=4
04:09:10.615 [main] DEBUG org.rtklib.java.rtcm.Rtcm -- RTCM3 decoded message type=1042, length=70
04:09:10.616 [main] INFO org.rtklib.java.rtcm.Rtcm -- RTCM 1042 eph stored: sat=124 prn=19 week=1066 toe=61200.0 A=27906196.7
04:09:10.616 [main] DEBUG org.rtklib.java.rtcm.Rtcm -- RTCM3 decoded message type=1005, length=25
04:09:10.616 [main] DEBUG org.rtklib.java.rtcm.Rtcm -- RTCM3 decoded message type=1033, length=27
04:09:10.616 [main] DEBUG org.rtklib.java.rtcm.Rtcm -- RTCM3 decoded message type=1124, length=254
04:09:10.616 [main] DEBUG org.rtklib.java.rtcm.Rtcm -- MSM BDS TOW: raw=61354000, tow=61368.0
04:09:10.616 [main] DEBUG org.rtklib.java.rtcm.Rtcm -- MSM BDS after adjweek: time.time=1780851768, time.sec=0.0
04:09:10.616 [main] DEBUG org.rtklib.java.rtcm.Rtcm -- decode_msm_head: sys=32 staid=0 nsat=12 nsig=5 sync=0 iod=0 ncell=32
04:09:10.616 [main] DEBUG org.rtklib.java.rtcm.Rtcm -- MSM sig[0] sigid=2 sigstr=2I code=40 idx=0
04:09:10.616 [main] DEBUG org.rtklib.java.rtcm.Rtcm -- MSM sig[1] sigid=8 sigstr=6I code=42 idx=3
04:09:10.616 [main] DEBUG org.rtklib.java.rtcm.Rtcm -- MSM sig[2] sigid=14 sigstr=7I code=27 idx=1
04:09:10.616 [main] DEBUG org.rtklib.java.rtcm.Rtcm -- MSM sig[3] sigid=23 sigstr=5P code=58 idx=2
04:09:10.616 [main] DEBUG org.rtklib.java.rtcm.Rtcm -- MSM sig[4] sigid=31 sigstr=1P code=2 idx=4
04:09:10.616 [main] DEBUG org.rtklib.java.rtcm.Rtcm -- MSM after sigindex: sig[0] code=40 idx=0
04:09:10.616 [main] DEBUG org.rtklib.java.rtcm.Rtcm -- MSM after sigindex: sig[1] code=42 idx=3
04:09:10.616 [main] DEBUG org.rtklib.java.rtcm.Rtcm -- MSM after sigindex: sig[2] code=27 idx=1
04:09:10.616 [main] DEBUG org.rtklib.java.rtcm.Rtcm -- MSM after sigindex: sig[3] code=58 idx=2
04:09:10.616 [main] DEBUG org.rtklib.java.rtcm.Rtcm -- MSM after sigindex: sig[4] code=2 idx=4
04:09:10.616 [main] DEBUG org.rtklib.java.rtcm.Rtcm -- RTCM3 decoded message type=1042, length=70
04:09:10.616 [main] INFO org.rtklib.java.rtcm.Rtcm -- RTCM 1042 eph stored: sat=125 prn=20 week=1066 toe=61200.0 A=27906274.3
04:09:10.616 [main] DEBUG org.rtklib.java.rtcm.Rtcm -- RTCM3 decoded message type=1005, length=25
04:09:10.616 [main] DEBUG org.rtklib.java.rtcm.Rtcm -- RTCM3 decoded message type=1033, length=27
04:09:10.616 [main] DEBUG org.rtklib.java.rtcm.Rtcm -- RTCM3 decoded message type=1124, length=248
04:09:10.616 [main] DEBUG org.rtklib.java.rtcm.Rtcm -- MSM BDS TOW: raw=61369000, tow=61383.0
04:09:10.616 [main] DEBUG org.rtklib.java.rtcm.Rtcm -- MSM BDS after adjweek: time.time=1780851783, time.sec=0.0
04:09:10.616 [main] DEBUG org.rtklib.java.rtcm.Rtcm -- decode_msm_head: sys=32 staid=0 nsat=12 nsig=5 sync=1 iod=0 ncell=31
04:09:10.616 [main] DEBUG org.rtklib.java.rtcm.Rtcm -- MSM sig[0] sigid=2 sigstr=2I code=40 idx=0
04:09:10.616 [main] DEBUG org.rtklib.java.rtcm.Rtcm -- MSM sig[1] sigid=8 sigstr=6I code=42 idx=3
04:09:10.616 [main] DEBUG org.rtklib.java.rtcm.Rtcm -- MSM sig[2] sigid=14 sigstr=7I code=27 idx=1
04:09:10.616 [main] DEBUG org.rtklib.java.rtcm.Rtcm -- MSM sig[3] sigid=23 sigstr=5P code=58 idx=2
04:09:10.616 [main] DEBUG org.rtklib.java.rtcm.Rtcm -- MSM sig[4] sigid=31 sigstr=1P code=2 idx=4
04:09:10.616 [main] DEBUG org.rtklib.java.rtcm.Rtcm -- MSM after sigindex: sig[0] code=40 idx=0
04:09:10.616 [main] DEBUG org.rtklib.java.rtcm.Rtcm -- MSM after sigindex: sig[1] code=42 idx=3
04:09:10.616 [main] DEBUG org.rtklib.java.rtcm.Rtcm -- MSM after sigindex: sig[2] code=27 idx=1
04:09:10.617 [main] DEBUG org.rtklib.java.rtcm.Rtcm -- MSM after sigindex: sig[3] code=58 idx=2
04:09:10.617 [main] DEBUG org.rtklib.java.rtcm.Rtcm -- MSM after sigindex: sig[4] code=2 idx=4
04:09:10.617 [main] DEBUG org.rtklib.java.rtcm.Rtcm -- RTCM3 decoded message type=1124, length=48
04:09:10.617 [main] DEBUG org.rtklib.java.rtcm.Rtcm -- MSM BDS TOW: raw=61369000, tow=61383.0
04:09:10.617 [main] DEBUG org.rtklib.java.rtcm.Rtcm -- MSM BDS after adjweek: time.time=1780851783, time.sec=0.0
04:09:10.617 [main] DEBUG org.rtklib.java.rtcm.Rtcm -- decode_msm_head: sys=32 staid=0 nsat=1 nsig=3 sync=0 iod=0 ncell=3
04:09:10.617 [main] DEBUG org.rtklib.java.rtcm.Rtcm -- MSM sig[0] sigid=2 sigstr=2I code=40 idx=0
04:09:10.617 [main] DEBUG org.rtklib.java.rtcm.Rtcm -- MSM sig[1] sigid=8 sigstr=6I code=42 idx=3
04:09:10.617 [main] DEBUG org.rtklib.java.rtcm.Rtcm -- MSM sig[2] sigid=23 sigstr=5P code=58 idx=2
04:09:10.617 [main] DEBUG org.rtklib.java.rtcm.Rtcm -- MSM after sigindex: sig[0] code=40 idx=0
04:09:10.617 [main] DEBUG org.rtklib.java.rtcm.Rtcm -- MSM after sigindex: sig[1] code=42 idx=3
04:09:10.617 [main] DEBUG org.rtklib.java.rtcm.Rtcm -- MSM after sigindex: sig[2] code=58 idx=2
04:09:10.617 [main] DEBUG org.rtklib.java.rtcm.Rtcm -- RTCM3 decoded message type=1042, length=70
04:09:10.617 [main] INFO org.rtklib.java.rtcm.Rtcm -- RTCM 1042 eph stored: sat=127 prn=22 week=1066 toe=61200.0 A=27906228.7
04:09:10.617 [main] DEBUG org.rtklib.java.rtcm.Rtcm -- RTCM3 decoded message type=1005, length=25
04:09:10.617 [main] DEBUG org.rtklib.java.rtcm.Rtcm -- RTCM3 decoded message type=1033, length=27
04:09:10.617 [main] DEBUG org.rtklib.java.rtcm.Rtcm -- RTCM3 decoded message type=1124, length=254
04:09:10.617 [main] DEBUG org.rtklib.java.rtcm.Rtcm -- MSM BDS TOW: raw=61384000, tow=61398.0
04:09:10.617 [main] DEBUG org.rtklib.java.rtcm.Rtcm -- MSM BDS after adjweek: time.time=1780851798, time.sec=0.0
04:09:10.617 [main] DEBUG org.rtklib.java.rtcm.Rtcm -- decode_msm_head: sys=32 staid=0 nsat=12 nsig=5 sync=1 iod=0 ncell=32
04:09:10.617 [main] DEBUG org.rtklib.java.rtcm.Rtcm -- MSM sig[0] sigid=2 sigstr=2I code=40 idx=0
04:09:10.617 [main] DEBUG org.rtklib.java.rtcm.Rtcm -- MSM sig[1] sigid=8 sigstr=6I code=42 idx=3
04:09:10.617 [main] DEBUG org.rtklib.java.rtcm.Rtcm -- MSM sig[2] sigid=14 sigstr=7I code=27 idx=1
04:09:10.617 [main] DEBUG org.rtklib.java.rtcm.Rtcm -- MSM sig[3] sigid=23 sigstr=5P code=58 idx=2
04:09:10.617 [main] DEBUG org.rtklib.java.rtcm.Rtcm -- MSM sig[4] sigid=31 sigstr=1P code=2 idx=4
04:09:10.617 [main] DEBUG org.rtklib.java.rtcm.Rtcm -- MSM after sigindex: sig[0] code=40 idx=0
04:09:10.617 [main] DEBUG org.rtklib.java.rtcm.Rtcm -- MSM after sigindex: sig[1] code=42 idx=3
04:09:10.617 [main] DEBUG org.rtklib.java.rtcm.Rtcm -- MSM after sigindex: sig[2] code=27 idx=1
04:09:10.617 [main] DEBUG org.rtklib.java.rtcm.Rtcm -- MSM after sigindex: sig[3] code=58 idx=2
04:09:10.617 [main] DEBUG org.rtklib.java.rtcm.Rtcm -- MSM after sigindex: sig[4] code=2 idx=4
04:09:10.617 [main] DEBUG org.rtklib.java.rtcm.Rtcm -- RTCM3 decoded message type=1124, length=48
04:09:10.617 [main] DEBUG org.rtklib.java.rtcm.Rtcm -- MSM BDS TOW: raw=61384000, tow=61398.0
04:09:10.617 [main] DEBUG org.rtklib.java.rtcm.Rtcm -- MSM BDS after adjweek: time.time=1780851798, time.sec=0.0
04:09:10.617 [main] DEBUG org.rtklib.java.rtcm.Rtcm -- decode_msm_head: sys=32 staid=0 nsat=1 nsig=3 sync=0 iod=0 ncell=3
04:09:10.618 [main] DEBUG org.rtklib.java.rtcm.Rtcm -- MSM sig[0] sigid=2 sigstr=2I code=40 idx=0
04:09:10.618 [main] DEBUG org.rtklib.java.rtcm.Rtcm -- MSM sig[1] sigid=8 sigstr=6I code=42 idx=3
04:09:10.618 [main] DEBUG org.rtklib.java.rtcm.Rtcm -- MSM sig[2] sigid=23 sigstr=5P code=58 idx=2
04:09:10.618 [main] DEBUG org.rtklib.java.rtcm.Rtcm -- MSM after sigindex: sig[0] code=40 idx=0
04:09:10.618 [main] DEBUG org.rtklib.java.rtcm.Rtcm -- MSM after sigindex: sig[1] code=42 idx=3
04:09:10.618 [main] DEBUG org.rtklib.java.rtcm.Rtcm -- MSM after sigindex: sig[2] code=58 idx=2
04:09:10.618 [main] DEBUG org.rtklib.java.rtcm.Rtcm -- RTCM3 decoded message type=1042, length=70
04:09:10.618 [main] INFO org.rtklib.java.rtcm.Rtcm -- RTCM 1042 eph stored: sat=141 prn=36 week=1066 toe=61200.0 A=27906401.4
04:09:10.618 [main] DEBUG org.rtklib.java.rtcm.Rtcm -- RTCM3 decoded message type=1005, length=25
04:09:10.618 [main] DEBUG org.rtklib.java.rtcm.Rtcm -- RTCM3 decoded message type=1033, length=27
04:09:10.618 [main] DEBUG org.rtklib.java.rtcm.Rtcm -- RTCM3 decoded message type=1124, length=224
04:09:10.618 [main] DEBUG org.rtklib.java.rtcm.Rtcm -- MSM BDS TOW: raw=61399000, tow=61413.0
04:09:10.618 [main] DEBUG org.rtklib.java.rtcm.Rtcm -- MSM BDS after adjweek: time.time=1780851813, time.sec=0.0
04:09:10.618 [main] DEBUG org.rtklib.java.rtcm.Rtcm -- decode_msm_head: sys=32 staid=0 nsat=12 nsig=5 sync=1 iod=0 ncell=27
04:09:10.618 [main] DEBUG org.rtklib.java.rtcm.Rtcm -- MSM sig[0] sigid=2 sigstr=2I code=40 idx=0
04:09:10.618 [main] DEBUG org.rtklib.java.rtcm.Rtcm -- MSM sig[1] sigid=8 sigstr=6I code=42 idx=3
04:09:10.618 [main] DEBUG org.rtklib.java.rtcm.Rtcm -- MSM sig[2] sigid=14 sigstr=7I code=27 idx=1
04:09:10.618 [main] DEBUG org.rtklib.java.rtcm.Rtcm -- MSM sig[3] sigid=23 sigstr=5P code=58 idx=2
04:09:10.618 [main] DEBUG org.rtklib.java.rtcm.Rtcm -- MSM sig[4] sigid=31 sigstr=1P code=2 idx=4
04:09:10.618 [main] DEBUG org.rtklib.java.rtcm.Rtcm -- MSM after sigindex: sig[0] code=40 idx=0
04:09:10.618 [main] DEBUG org.rtklib.java.rtcm.Rtcm -- MSM after sigindex: sig[1] code=42 idx=3
04:09:10.618 [main] DEBUG org.rtklib.java.rtcm.Rtcm -- MSM after sigindex: sig[2] code=27 idx=1
04:09:10.618 [main] DEBUG org.rtklib.java.rtcm.Rtcm -- MSM after sigindex: sig[3] code=58 idx=2
04:09:10.618 [main] DEBUG org.rtklib.java.rtcm.Rtcm -- MSM after sigindex: sig[4] code=2 idx=4
04:09:10.618 [main] DEBUG org.rtklib.java.rtcm.Rtcm -- RTCM3 decoded message type=1124, length=75
04:09:10.618 [main] DEBUG org.rtklib.java.rtcm.Rtcm -- MSM BDS TOW: raw=61399000, tow=61413.0
04:09:10.618 [main] DEBUG org.rtklib.java.rtcm.Rtcm -- MSM BDS after adjweek: time.time=1780851813, time.sec=0.0
04:09:10.618 [main] DEBUG org.rtklib.java.rtcm.Rtcm -- decode_msm_head: sys=32 staid=0 nsat=2 nsig=4 sync=0 iod=0 ncell=7
04:09:10.618 [main] DEBUG org.rtklib.java.rtcm.Rtcm -- MSM sig[0] sigid=2 sigstr=2I code=40 idx=0
04:09:10.618 [main] DEBUG org.rtklib.java.rtcm.Rtcm -- MSM sig[1] sigid=8 sigstr=6I code=42 idx=3
04:09:10.618 [main] DEBUG org.rtklib.java.rtcm.Rtcm -- MSM sig[2] sigid=23 sigstr=5P code=58 idx=2
04:09:10.618 [main] DEBUG org.rtklib.java.rtcm.Rtcm -- MSM sig[3] sigid=31 sigstr=1P code=2 idx=4
04:09:10.618 [main] DEBUG org.rtklib.java.rtcm.Rtcm -- MSM after sigindex: sig[0] code=40 idx=0
04:09:10.618 [main] DEBUG org.rtklib.java.rtcm.Rtcm -- MSM after sigindex: sig[1] code=42 idx=3
04:09:10.618 [main] DEBUG org.rtklib.java.rtcm.Rtcm -- MSM after sigindex: sig[2] code=58 idx=2
04:09:10.618 [main] DEBUG org.rtklib.java.rtcm.Rtcm -- MSM after sigindex: sig[3] code=2 idx=4
04:09:10.619 [main] DEBUG org.rtklib.java.rtcm.Rtcm -- RTCM3 decoded message type=1042, length=70
04:09:10.619 [main] INFO org.rtklib.java.rtcm.Rtcm -- RTCM 1042 eph stored: sat=142 prn=37 week=1066 toe=54000.0 A=27906625.0
04:09:10.619 [main] DEBUG org.rtklib.java.rtcm.Rtcm -- RTCM3 decoded message type=1005, length=25
04:09:10.619 [main] DEBUG org.rtklib.java.rtcm.Rtcm -- RTCM3 decoded message type=1033, length=27
04:09:10.619 [main] DEBUG org.rtklib.java.rtcm.Rtcm -- RTCM3 decoded message type=1124, length=242
04:09:10.619 [main] DEBUG org.rtklib.java.rtcm.Rtcm -- MSM BDS TOW: raw=61414000, tow=61428.0
04:09:10.619 [main] DEBUG org.rtklib.java.rtcm.Rtcm -- MSM BDS after adjweek: time.time=1780851828, time.sec=0.0
04:09:10.619 [main] DEBUG org.rtklib.java.rtcm.Rtcm -- decode_msm_head: sys=32 staid=0 nsat=12 nsig=5 sync=1 iod=0 ncell=30
04:09:10.619 [main] DEBUG org.rtklib.java.rtcm.Rtcm -- MSM sig[0] sigid=2 sigstr=2I code=40 idx=0
04:09:10.619 [main] DEBUG org.rtklib.java.rtcm.Rtcm -- MSM sig[1] sigid=8 sigstr=6I code=42 idx=3
04:09:10.619 [main] DEBUG org.rtklib.java.rtcm.Rtcm -- MSM sig[2] sigid=14 sigstr=7I code=27 idx=1
04:09:10.619 [main] DEBUG org.rtklib.java.rtcm.Rtcm -- MSM sig[3] sigid=23 sigstr=5P code=58 idx=2
04:09:10.619 [main] DEBUG org.rtklib.java.rtcm.Rtcm -- MSM sig[4] sigid=31 sigstr=1P code=2 idx=4
04:09:10.619 [main] DEBUG org.rtklib.java.rtcm.Rtcm -- MSM after sigindex: sig[0] code=40 idx=0
04:09:10.619 [main] DEBUG org.rtklib.java.rtcm.Rtcm -- MSM after sigindex: sig[1] code=42 idx=3
04:09:10.619 [main] DEBUG org.rtklib.java.rtcm.Rtcm -- MSM after sigindex: sig[2] code=27 idx=1
04:09:10.619 [main] DEBUG org.rtklib.java.rtcm.Rtcm -- MSM after sigindex: sig[3] code=58 idx=2
04:09:10.619 [main] DEBUG org.rtklib.java.rtcm.Rtcm -- MSM after sigindex: sig[4] code=2 idx=4
04:09:10.619 [main] DEBUG org.rtklib.java.rtcm.Rtcm -- RTCM3 decoded message type=1124, length=48
04:09:10.619 [main] DEBUG org.rtklib.java.rtcm.Rtcm -- MSM BDS TOW: raw=61414000, tow=61428.0
04:09:10.619 [main] DEBUG org.rtklib.java.rtcm.Rtcm -- MSM BDS after adjweek: time.time=1780851828, time.sec=0.0
04:09:10.619 [main] DEBUG org.rtklib.java.rtcm.Rtcm -- decode_msm_head: sys=32 staid=0 nsat=1 nsig=3 sync=0 iod=0 ncell=3
04:09:10.619 [main] DEBUG org.rtklib.java.rtcm.Rtcm -- MSM sig[0] sigid=2 sigstr=2I code=40 idx=0
04:09:10.619 [main] DEBUG org.rtklib.java.rtcm.Rtcm -- MSM sig[1] sigid=8 sigstr=6I code=42 idx=3
04:09:10.619 [main] DEBUG org.rtklib.java.rtcm.Rtcm -- MSM sig[2] sigid=23 sigstr=5P code=58 idx=2
04:09:10.619 [main] DEBUG org.rtklib.java.rtcm.Rtcm -- MSM after sigindex: sig[0] code=40 idx=0
04:09:10.619 [main] DEBUG org.rtklib.java.rtcm.Rtcm -- MSM after sigindex: sig[1] code=42 idx=3
04:09:10.619 [main] DEBUG org.rtklib.java.rtcm.Rtcm -- MSM after sigindex: sig[2] code=58 idx=2
04:09:10.619 [main] DEBUG org.rtklib.java.rtcm.Rtcm -- RTCM3 decoded message type=1042, length=70
04:09:10.619 [main] INFO org.rtklib.java.rtcm.Rtcm -- RTCM 1042 eph stored: sat=144 prn=39 week=1066 toe=61200.0 A=27906542.7
04:09:10.619 [main] DEBUG org.rtklib.java.rtcm.Rtcm -- RTCM3 decoded message type=1005, length=25
04:09:10.619 [main] DEBUG org.rtklib.java.rtcm.Rtcm -- RTCM3 decoded message type=1033, length=27
04:09:10.620 [main] DEBUG org.rtklib.java.rtcm.Rtcm -- RTCM3 decoded message type=1124, length=242
04:09:10.620 [main] DEBUG org.rtklib.java.rtcm.Rtcm -- MSM BDS TOW: raw=61429000, tow=61443.0
04:09:10.620 [main] DEBUG org.rtklib.java.rtcm.Rtcm -- MSM BDS after adjweek: time.time=1780851843, time.sec=0.0
04:09:10.620 [main] DEBUG org.rtklib.java.rtcm.Rtcm -- decode_msm_head: sys=32 staid=0 nsat=12 nsig=5 sync=1 iod=0 ncell=30
04:09:10.620 [main] DEBUG org.rtklib.java.rtcm.Rtcm -- MSM sig[0] sigid=2 sigstr=2I code=40 idx=0
04:09:10.620 [main] DEBUG org.rtklib.java.rtcm.Rtcm -- MSM sig[1] sigid=8 sigstr=6I code=42 idx=3
04:09:10.620 [main] DEBUG org.rtklib.java.rtcm.Rtcm -- MSM sig[2] sigid=14 sigstr=7I code=27 idx=1
04:09:10.620 [main] DEBUG org.rtklib.java.rtcm.Rtcm -- MSM sig[3] sigid=23 sigstr=5P code=58 idx=2
04:09:10.620 [main] DEBUG org.rtklib.java.rtcm.Rtcm -- MSM sig[4] sigid=31 sigstr=1P code=2 idx=4
04:09:10.620 [main] DEBUG org.rtklib.java.rtcm.Rtcm -- MSM after sigindex: sig[0] code=40 idx=0
04:09:10.620 [main] DEBUG org.rtklib.java.rtcm.Rtcm -- MSM after sigindex: sig[1] code=42 idx=3
04:09:10.620 [main] DEBUG org.rtklib.java.rtcm.Rtcm -- MSM after sigindex: sig[2] code=27 idx=1
04:09:10.620 [main] DEBUG org.rtklib.java.rtcm.Rtcm -- MSM after sigindex: sig[3] code=58 idx=2
04:09:10.620 [main] DEBUG org.rtklib.java.rtcm.Rtcm -- MSM after sigindex: sig[4] code=2 idx=4
04:09:10.620 [main] DEBUG org.rtklib.java.rtcm.Rtcm -- RTCM3 decoded message type=1124, length=54
04:09:10.620 [main] DEBUG org.rtklib.java.rtcm.Rtcm -- MSM BDS TOW: raw=61429000, tow=61443.0
04:09:10.620 [main] DEBUG org.rtklib.java.rtcm.Rtcm -- MSM BDS after adjweek: time.time=1780851843, time.sec=0.0
04:09:10.620 [main] DEBUG org.rtklib.java.rtcm.Rtcm -- decode_msm_head: sys=32 staid=0 nsat=1 nsig=4 sync=0 iod=0 ncell=4
04:09:10.620 [main] DEBUG org.rtklib.java.rtcm.Rtcm -- MSM sig[0] sigid=2 sigstr=2I code=40 idx=0
04:09:10.620 [main] DEBUG org.rtklib.java.rtcm.Rtcm -- MSM sig[1] sigid=8 sigstr=6I code=42 idx=3
04:09:10.620 [main] DEBUG org.rtklib.java.rtcm.Rtcm -- MSM sig[2] sigid=23 sigstr=5P code=58 idx=2
04:09:10.620 [main] DEBUG org.rtklib.java.rtcm.Rtcm -- MSM sig[3] sigid=31 sigstr=1P code=2 idx=4
04:09:10.620 [main] DEBUG org.rtklib.java.rtcm.Rtcm -- MSM after sigindex: sig[0] code=40 idx=0
04:09:10.620 [main] DEBUG org.rtklib.java.rtcm.Rtcm -- MSM after sigindex: sig[1] code=42 idx=3
04:09:10.620 [main] DEBUG org.rtklib.java.rtcm.Rtcm -- MSM after sigindex: sig[2] code=58 idx=2
04:09:10.620 [main] DEBUG org.rtklib.java.rtcm.Rtcm -- MSM after sigindex: sig[3] code=2 idx=4
04:09:10.620 [main] DEBUG org.rtklib.java.rtcm.Rtcm -- RTCM3 decoded message type=1042, length=70
04:09:10.620 [main] DEBUG org.rtklib.java.rtcm.Rtcm -- RTCM3 decoded message type=1005, length=25
04:09:10.620 [main] DEBUG org.rtklib.java.rtcm.Rtcm -- RTCM3 decoded message type=1033, length=27
04:09:10.620 [main] DEBUG org.rtklib.java.rtcm.Rtcm -- RTCM3 decoded message type=1124, length=254
04:09:10.620 [main] DEBUG org.rtklib.java.rtcm.Rtcm -- MSM BDS TOW: raw=61444000, tow=61458.0
04:09:10.620 [main] DEBUG org.rtklib.java.rtcm.Rtcm -- MSM BDS after adjweek: time.time=1780851858, time.sec=0.0
04:09:10.620 [main] DEBUG org.rtklib.java.rtcm.Rtcm -- decode_msm_head: sys=32 staid=0 nsat=12 nsig=5 sync=1 iod=0 ncell=32
04:09:10.621 [main] DEBUG org.rtklib.java.rtcm.Rtcm -- MSM sig[0] sigid=2 sigstr=2I code=40 idx=0
04:09:10.621 [main] DEBUG org.rtklib.java.rtcm.Rtcm -- MSM sig[1] sigid=8 sigstr=6I code=42 idx=3
04:09:10.621 [main] DEBUG org.rtklib.java.rtcm.Rtcm -- MSM sig[2] sigid=14 sigstr=7I code=27 idx=1
04:09:10.621 [main] DEBUG org.rtklib.java.rtcm.Rtcm -- MSM sig[3] sigid=23 sigstr=5P code=58 idx=2
04:09:10.621 [main] DEBUG org.rtklib.java.rtcm.Rtcm -- MSM sig[4] sigid=31 sigstr=1P code=2 idx=4
04:09:10.621 [main] DEBUG org.rtklib.java.rtcm.Rtcm -- MSM after sigindex: sig[0] code=40 idx=0
04:09:10.621 [main] DEBUG org.rtklib.java.rtcm.Rtcm -- MSM after sigindex: sig[1] code=42 idx=3
04:09:10.621 [main] DEBUG org.rtklib.java.rtcm.Rtcm -- MSM after sigindex: sig[2] code=27 idx=1
04:09:10.621 [main] DEBUG org.rtklib.java.rtcm.Rtcm -- MSM after sigindex: sig[3] code=58 idx=2
04:09:10.621 [main] DEBUG org.rtklib.java.rtcm.Rtcm -- MSM after sigindex: sig[4] code=2 idx=4
04:09:10.621 [main] DEBUG org.rtklib.java.rtcm.Rtcm -- RTCM3 decoded message type=1124, length=48
04:09:10.621 [main] DEBUG org.rtklib.java.rtcm.Rtcm -- MSM BDS TOW: raw=61444000, tow=61458.0
04:09:10.621 [main] DEBUG org.rtklib.java.rtcm.Rtcm -- MSM BDS after adjweek: time.time=1780851858, time.sec=0.0
04:09:10.621 [main] DEBUG org.rtklib.java.rtcm.Rtcm -- decode_msm_head: sys=32 staid=0 nsat=1 nsig=3 sync=0 iod=0 ncell=3
04:09:10.621 [main] DEBUG org.rtklib.java.rtcm.Rtcm -- MSM sig[0] sigid=8 sigstr=6I code=42 idx=3
04:09:10.622 [main] DEBUG org.rtklib.java.rtcm.Rtcm -- MSM sig[1] sigid=23 sigstr=5P code=58 idx=2
04:09:10.622 [main] DEBUG org.rtklib.java.rtcm.Rtcm -- MSM sig[2] sigid=31 sigstr=1P code=2 idx=4
04:09:10.622 [main] DEBUG org.rtklib.java.rtcm.Rtcm -- MSM after sigindex: sig[0] code=42 idx=3
04:09:10.622 [main] DEBUG org.rtklib.java.rtcm.Rtcm -- MSM after sigindex: sig[1] code=58 idx=2
04:09:10.622 [main] DEBUG org.rtklib.java.rtcm.Rtcm -- MSM after sigindex: sig[2] code=2 idx=4
04:09:10.622 [main] DEBUG org.rtklib.java.rtcm.Rtcm -- RTCM3 decoded message type=1042, length=70
04:09:10.622 [main] DEBUG org.rtklib.java.rtcm.Rtcm -- RTCM3 decoded message type=1005, length=25
04:09:10.622 [main] DEBUG org.rtklib.java.rtcm.Rtcm -- RTCM3 decoded message type=1033, length=27
04:09:10.622 [main] DEBUG org.rtklib.java.rtcm.Rtcm -- RTCM3 decoded message type=1124, length=230
04:09:10.622 [main] DEBUG org.rtklib.java.rtcm.Rtcm -- MSM BDS TOW: raw=61459000, tow=61473.0
04:09:10.622 [main] DEBUG org.rtklib.java.rtcm.Rtcm -- MSM BDS after adjweek: time.time=1780851873, time.sec=0.0
04:09:10.622 [main] DEBUG org.rtklib.java.rtcm.Rtcm -- decode_msm_head: sys=32 staid=0 nsat=12 nsig=5 sync=1 iod=0 ncell=28
04:09:10.622 [main] DEBUG org.rtklib.java.rtcm.Rtcm -- MSM sig[0] sigid=2 sigstr=2I code=40 idx=0
04:09:10.622 [main] DEBUG org.rtklib.java.rtcm.Rtcm -- MSM sig[1] sigid=8 sigstr=6I code=42 idx=3
04:09:10.623 [main] DEBUG org.rtklib.java.rtcm.Rtcm -- MSM sig[2] sigid=14 sigstr=7I code=27 idx=1
04:09:10.623 [main] DEBUG org.rtklib.java.rtcm.Rtcm -- MSM sig[3] sigid=23 sigstr=5P code=58 idx=2
04:09:10.623 [main] DEBUG org.rtklib.java.rtcm.Rtcm -- MSM sig[4] sigid=31 sigstr=1P code=2 idx=4
04:09:10.623 [main] DEBUG org.rtklib.java.rtcm.Rtcm -- MSM after sigindex: sig[0] code=40 idx=0
04:09:10.623 [main] DEBUG org.rtklib.java.rtcm.Rtcm -- MSM after sigindex: sig[1] code=42 idx=3
04:09:10.623 [main] DEBUG org.rtklib.java.rtcm.Rtcm -- MSM after sigindex: sig[2] code=27 idx=1
04:09:10.623 [main] DEBUG org.rtklib.java.rtcm.Rtcm -- MSM after sigindex: sig[3] code=58 idx=2
04:09:10.623 [main] DEBUG org.rtklib.java.rtcm.Rtcm -- MSM after sigindex: sig[4] code=2 idx=4
04:09:10.623 [main] DEBUG org.rtklib.java.rtcm.Rtcm -- RTCM3 decoded message type=1124, length=81
04:09:10.623 [main] DEBUG org.rtklib.java.rtcm.Rtcm -- MSM BDS TOW: raw=61459000, tow=61473.0
04:09:10.623 [main] DEBUG org.rtklib.java.rtcm.Rtcm -- MSM BDS after adjweek: time.time=1780851873, time.sec=0.0
04:09:10.623 [main] DEBUG org.rtklib.java.rtcm.Rtcm -- decode_msm_head: sys=32 staid=0 nsat=2 nsig=4 sync=0 iod=0 ncell=8
04:09:10.623 [main] DEBUG org.rtklib.java.rtcm.Rtcm -- MSM sig[0] sigid=2 sigstr=2I code=40 idx=0
04:09:10.623 [main] DEBUG org.rtklib.java.rtcm.Rtcm -- MSM sig[1] sigid=8 sigstr=6I code=42 idx=3
04:09:10.623 [main] DEBUG org.rtklib.java.rtcm.Rtcm -- MSM sig[2] sigid=23 sigstr=5P code=58 idx=2
04:09:10.623 [main] DEBUG org.rtklib.java.rtcm.Rtcm -- MSM sig[3] sigid=31 sigstr=1P code=2 idx=4
04:09:10.623 [main] DEBUG org.rtklib.java.rtcm.Rtcm -- MSM after sigindex: sig[0] code=40 idx=0
04:09:10.623 [main] DEBUG org.rtklib.java.rtcm.Rtcm -- MSM after sigindex: sig[1] code=42 idx=3
04:09:10.623 [main] DEBUG org.rtklib.java.rtcm.Rtcm -- MSM after sigindex: sig[2] code=58 idx=2
04:09:10.623 [main] DEBUG org.rtklib.java.rtcm.Rtcm -- MSM after sigindex: sig[3] code=2 idx=4
04:09:10.623 [main] DEBUG org.rtklib.java.rtcm.Rtcm -- RTCM3 decoded message type=1042, length=70
04:09:10.623 [main] DEBUG org.rtklib.java.rtcm.Rtcm -- RTCM3 decoded message type=1005, length=25
04:09:10.623 [main] DEBUG org.rtklib.java.rtcm.Rtcm -- RTCM3 decoded message type=1033, length=27
04:09:10.623 [main] DEBUG org.rtklib.java.rtcm.Rtcm -- RTCM3 decoded message type=1124, length=224
04:09:10.624 [main] DEBUG org.rtklib.java.rtcm.Rtcm -- MSM BDS TOW: raw=61474000, tow=61488.0
04:09:10.624 [main] DEBUG org.rtklib.java.rtcm.Rtcm -- MSM BDS after adjweek: time.time=1780851888, time.sec=0.0
04:09:10.624 [main] DEBUG org.rtklib.java.rtcm.Rtcm -- decode_msm_head: sys=32 staid=0 nsat=12 nsig=5 sync=1 iod=0 ncell=27
04:09:10.624 [main] DEBUG org.rtklib.java.rtcm.Rtcm -- MSM sig[0] sigid=2 sigstr=2I code=40 idx=0
04:09:10.624 [main] DEBUG org.rtklib.java.rtcm.Rtcm -- MSM sig[1] sigid=8 sigstr=6I code=42 idx=3
04:09:10.624 [main] DEBUG org.rtklib.java.rtcm.Rtcm -- MSM sig[2] sigid=14 sigstr=7I code=27 idx=1
04:09:10.624 [main] DEBUG org.rtklib.java.rtcm.Rtcm -- MSM sig[3] sigid=23 sigstr=5P code=58 idx=2
04:09:10.624 [main] DEBUG org.rtklib.java.rtcm.Rtcm -- MSM sig[4] sigid=31 sigstr=1P code=2 idx=4
04:09:10.624 [main] DEBUG org.rtklib.java.rtcm.Rtcm -- MSM after sigindex: sig[0] code=40 idx=0
04:09:10.624 [main] DEBUG org.rtklib.java.rtcm.Rtcm -- MSM after sigindex: sig[1] code=42 idx=3
04:09:10.624 [main] DEBUG org.rtklib.java.rtcm.Rtcm -- MSM after sigindex: sig[2] code=27 idx=1
04:09:10.624 [main] DEBUG org.rtklib.java.rtcm.Rtcm -- MSM after sigindex: sig[3] code=58 idx=2
04:09:10.624 [main] DEBUG org.rtklib.java.rtcm.Rtcm -- MSM after sigindex: sig[4] code=2 idx=4
04:09:10.624 [main] DEBUG org.rtklib.java.rtcm.Rtcm -- RTCM3 decoded message type=1124, length=81
04:09:10.624 [main] DEBUG org.rtklib.java.rtcm.Rtcm -- MSM BDS TOW: raw=61474000, tow=61488.0
04:09:10.624 [main] DEBUG org.rtklib.java.rtcm.Rtcm -- MSM BDS after adjweek: time.time=1780851888, time.sec=0.0
04:09:10.624 [main] DEBUG org.rtklib.java.rtcm.Rtcm -- decode_msm_head: sys=32 staid=0 nsat=2 nsig=4 sync=0 iod=0 ncell=8
04:09:10.624 [main] DEBUG org.rtklib.java.rtcm.Rtcm -- MSM sig[0] sigid=2 sigstr=2I code=40 idx=0
04:09:10.624 [main] DEBUG org.rtklib.java.rtcm.Rtcm -- MSM sig[1] sigid=8 sigstr=6I code=42 idx=3
04:09:10.624 [main] DEBUG org.rtklib.java.rtcm.Rtcm -- MSM sig[2] sigid=23 sigstr=5P code=58 idx=2
04:09:10.624 [main] DEBUG org.rtklib.java.rtcm.Rtcm -- MSM sig[3] sigid=31 sigstr=1P code=2 idx=4
04:09:10.624 [main] DEBUG org.rtklib.java.rtcm.Rtcm -- MSM after sigindex: sig[0] code=40 idx=0
04:09:10.624 [main] DEBUG org.rtklib.java.rtcm.Rtcm -- MSM after sigindex: sig[1] code=42 idx=3
04:09:10.624 [main] DEBUG org.rtklib.java.rtcm.Rtcm -- MSM after sigindex: sig[2] code=58 idx=2
04:09:10.624 [main] DEBUG org.rtklib.java.rtcm.Rtcm -- MSM after sigindex: sig[3] code=2 idx=4
04:09:10.625 [main] DEBUG org.rtklib.java.rtcm.Rtcm -- RTCM3 decoded message type=1042, length=70
04:09:10.625 [main] INFO org.rtklib.java.rtcm.Rtcm -- RTCM 1042 eph stored: sat=111 prn=6 week=1066 toe=57600.0 A=42158421.4
04:09:10.625 [main] DEBUG org.rtklib.java.rtcm.Rtcm -- RTCM3 decoded message type=1005, length=25
04:09:10.625 [main] DEBUG org.rtklib.java.rtcm.Rtcm -- RTCM3 decoded message type=1033, length=27
04:09:10.625 [main] DEBUG org.rtklib.java.rtcm.Rtcm -- RTCM3 decoded message type=1124, length=230
04:09:10.625 [main] DEBUG org.rtklib.java.rtcm.Rtcm -- MSM BDS TOW: raw=61489000, tow=61503.0
04:09:10.625 [main] DEBUG org.rtklib.java.rtcm.Rtcm -- MSM BDS after adjweek: time.time=1780851903, time.sec=0.0
04:09:10.625 [main] DEBUG org.rtklib.java.rtcm.Rtcm -- decode_msm_head: sys=32 staid=0 nsat=12 nsig=5 sync=1 iod=0 ncell=28
04:09:10.625 [main] DEBUG org.rtklib.java.rtcm.Rtcm -- MSM sig[0] sigid=2 sigstr=2I code=40 idx=0
04:09:10.625 [main] DEBUG org.rtklib.java.rtcm.Rtcm -- MSM sig[1] sigid=8 sigstr=6I code=42 idx=3
04:09:10.625 [main] DEBUG org.rtklib.java.rtcm.Rtcm -- MSM sig[2] sigid=14 sigstr=7I code=27 idx=1
04:09:10.625 [main] DEBUG org.rtklib.java.rtcm.Rtcm -- MSM sig[3] sigid=23 sigstr=5P code=58 idx=2
04:09:10.625 [main] DEBUG org.rtklib.java.rtcm.Rtcm -- MSM sig[4] sigid=31 sigstr=1P code=2 idx=4
04:09:10.625 [main] DEBUG org.rtklib.java.rtcm.Rtcm -- MSM after sigindex: sig[0] code=40 idx=0
04:09:10.625 [main] DEBUG org.rtklib.java.rtcm.Rtcm -- MSM after sigindex: sig[1] code=42 idx=3
04:09:10.625 [main] DEBUG org.rtklib.java.rtcm.Rtcm -- MSM after sigindex: sig[2] code=27 idx=1
04:09:10.625 [main] DEBUG org.rtklib.java.rtcm.Rtcm -- MSM after sigindex: sig[3] code=58 idx=2
04:09:10.625 [main] DEBUG org.rtklib.java.rtcm.Rtcm -- MSM after sigindex: sig[4] code=2 idx=4
04:09:10.625 [main] DEBUG org.rtklib.java.rtcm.Rtcm -- RTCM3 decoded message type=1124, length=81
04:09:10.625 [main] DEBUG org.rtklib.java.rtcm.Rtcm -- MSM BDS TOW: raw=61489000, tow=61503.0
04:09:10.625 [main] DEBUG org.rtklib.java.rtcm.Rtcm -- MSM BDS after adjweek: time.time=1780851903, time.sec=0.0
04:09:10.625 [main] DEBUG org.rtklib.java.rtcm.Rtcm -- decode_msm_head: sys=32 staid=0 nsat=2 nsig=4 sync=0 iod=0 ncell=8
04:09:10.625 [main] DEBUG org.rtklib.java.rtcm.Rtcm -- MSM sig[0] sigid=2 sigstr=2I code=40 idx=0
04:09:10.625 [main] DEBUG org.rtklib.java.rtcm.Rtcm -- MSM sig[1] sigid=8 sigstr=6I code=42 idx=3
04:09:10.625 [main] DEBUG org.rtklib.java.rtcm.Rtcm -- MSM sig[2] sigid=23 sigstr=5P code=58 idx=2
04:09:10.625 [main] DEBUG org.rtklib.java.rtcm.Rtcm -- MSM sig[3] sigid=31 sigstr=1P code=2 idx=4
04:09:10.625 [main] DEBUG org.rtklib.java.rtcm.Rtcm -- MSM after sigindex: sig[0] code=40 idx=0
04:09:10.625 [main] DEBUG org.rtklib.java.rtcm.Rtcm -- MSM after sigindex: sig[1] code=42 idx=3
04:09:10.625 [main] DEBUG org.rtklib.java.rtcm.Rtcm -- MSM after sigindex: sig[2] code=58 idx=2
04:09:10.625 [main] DEBUG org.rtklib.java.rtcm.Rtcm -- MSM after sigindex: sig[3] code=2 idx=4
04:09:10.625 [main] DEBUG org.rtklib.java.rtcm.Rtcm -- RTCM3 decoded message type=1042, length=70
04:09:10.625 [main] DEBUG org.rtklib.java.rtcm.Rtcm -- RTCM3 decoded message type=1005, length=25
04:09:10.625 [main] DEBUG org.rtklib.java.rtcm.Rtcm -- RTCM3 decoded message type=1033, length=27
04:09:10.625 [main] DEBUG org.rtklib.java.rtcm.Rtcm -- RTCM3 decoded message type=1124, length=248
04:09:10.625 [main] DEBUG org.rtklib.java.rtcm.Rtcm -- MSM BDS TOW: raw=61504000, tow=61518.0
04:09:10.625 [main] DEBUG org.rtklib.java.rtcm.Rtcm -- MSM BDS after adjweek: time.time=1780851918, time.sec=0.0
04:09:10.625 [main] DEBUG org.rtklib.java.rtcm.Rtcm -- decode_msm_head: sys=32 staid=0 nsat=12 nsig=5 sync=1 iod=0 ncell=31
04:09:10.625 [main] DEBUG org.rtklib.java.rtcm.Rtcm -- MSM sig[0] sigid=2 sigstr=2I code=40 idx=0
04:09:10.625 [main] DEBUG org.rtklib.java.rtcm.Rtcm -- MSM sig[1] sigid=8 sigstr=6I code=42 idx=3
04:09:10.625 [main] DEBUG org.rtklib.java.rtcm.Rtcm -- MSM sig[2] sigid=14 sigstr=7I code=27 idx=1
04:09:10.626 [main] DEBUG org.rtklib.java.rtcm.Rtcm -- MSM sig[3] sigid=23 sigstr=5P code=58 idx=2
04:09:10.626 [main] DEBUG org.rtklib.java.rtcm.Rtcm -- MSM sig[4] sigid=31 sigstr=1P code=2 idx=4
04:09:10.626 [main] DEBUG org.rtklib.java.rtcm.Rtcm -- MSM after sigindex: sig[0] code=40 idx=0
04:09:10.626 [main] DEBUG org.rtklib.java.rtcm.Rtcm -- MSM after sigindex: sig[1] code=42 idx=3
04:09:10.626 [main] DEBUG org.rtklib.java.rtcm.Rtcm -- MSM after sigindex: sig[2] code=27 idx=1
04:09:10.626 [main] DEBUG org.rtklib.java.rtcm.Rtcm -- MSM after sigindex: sig[3] code=58 idx=2
04:09:10.626 [main] DEBUG org.rtklib.java.rtcm.Rtcm -- MSM after sigindex: sig[4] code=2 idx=4
04:09:10.626 [main] DEBUG org.rtklib.java.rtcm.Rtcm -- RTCM3 decoded message type=1124, length=54
04:09:10.626 [main] DEBUG org.rtklib.java.rtcm.Rtcm -- MSM BDS TOW: raw=61504000, tow=61518.0
04:09:10.626 [main] DEBUG org.rtklib.java.rtcm.Rtcm -- MSM BDS after adjweek: time.time=1780851918, time.sec=0.0
04:09:10.626 [main] DEBUG org.rtklib.java.rtcm.Rtcm -- decode_msm_head: sys=32 staid=0 nsat=1 nsig=4 sync=0 iod=0 ncell=4
04:09:10.626 [main] DEBUG org.rtklib.java.rtcm.Rtcm -- MSM sig[0] sigid=2 sigstr=2I code=40 idx=0
04:09:10.628 [main] DEBUG org.rtklib.java.rtcm.Rtcm -- MSM sig[1] sigid=8 sigstr=6I code=42 idx=3
04:09:10.628 [main] DEBUG org.rtklib.java.rtcm.Rtcm -- MSM sig[2] sigid=23 sigstr=5P code=58 idx=2
04:09:10.628 [main] DEBUG org.rtklib.java.rtcm.Rtcm -- MSM sig[3] sigid=31 sigstr=1P code=2 idx=4
04:09:10.628 [main] DEBUG org.rtklib.java.rtcm.Rtcm -- MSM after sigindex: sig[0] code=40 idx=0
04:09:10.628 [main] DEBUG org.rtklib.java.rtcm.Rtcm -- MSM after sigindex: sig[1] code=42 idx=3
04:09:10.628 [main] DEBUG org.rtklib.java.rtcm.Rtcm -- MSM after sigindex: sig[2] code=58 idx=2
04:09:10.628 [main] DEBUG org.rtklib.java.rtcm.Rtcm -- MSM after sigindex: sig[3] code=2 idx=4
04:09:10.628 [main] DEBUG org.rtklib.java.rtcm.Rtcm -- RTCM3 decoded message type=1042, length=70
04:09:10.628 [main] DEBUG org.rtklib.java.rtcm.Rtcm -- RTCM3 decoded message type=1005, length=25
04:09:10.628 [main] DEBUG org.rtklib.java.rtcm.Rtcm -- RTCM3 decoded message type=1033, length=27
04:09:10.628 [main] DEBUG org.rtklib.java.rtcm.Rtcm -- RTCM3 decoded message type=1124, length=248
04:09:10.628 [main] DEBUG org.rtklib.java.rtcm.Rtcm -- MSM BDS TOW: raw=61519000, tow=61533.0
04:09:10.628 [main] DEBUG org.rtklib.java.rtcm.Rtcm -- MSM BDS after adjweek: time.time=1780851933, time.sec=0.0
04:09:10.628 [main] DEBUG org.rtklib.java.rtcm.Rtcm -- decode_msm_head: sys=32 staid=0 nsat=12 nsig=5 sync=1 iod=0 ncell=31
04:09:10.628 [main] DEBUG org.rtklib.java.rtcm.Rtcm -- MSM sig[0] sigid=2 sigstr=2I code=40 idx=0
04:09:10.628 [main] DEBUG org.rtklib.java.rtcm.Rtcm -- MSM sig[1] sigid=8 sigstr=6I code=42 idx=3
04:09:10.628 [main] DEBUG org.rtklib.java.rtcm.Rtcm -- MSM sig[2] sigid=14 sigstr=7I code=27 idx=1
04:09:10.628 [main] DEBUG org.rtklib.java.rtcm.Rtcm -- MSM sig[3] sigid=23 sigstr=5P code=58 idx=2
04:09:10.628 [main] DEBUG org.rtklib.java.rtcm.Rtcm -- MSM sig[4] sigid=31 sigstr=1P code=2 idx=4
04:09:10.628 [main] DEBUG org.rtklib.java.rtcm.Rtcm -- MSM after sigindex: sig[0] code=40 idx=0
04:09:10.628 [main] DEBUG org.rtklib.java.rtcm.Rtcm -- MSM after sigindex: sig[1] code=42 idx=3
04:09:10.628 [main] DEBUG org.rtklib.java.rtcm.Rtcm -- MSM after sigindex: sig[2] code=27 idx=1
04:09:10.628 [main] DEBUG org.rtklib.java.rtcm.Rtcm -- MSM after sigindex: sig[3] code=58 idx=2
04:09:10.628 [main] DEBUG org.rtklib.java.rtcm.Rtcm -- MSM after sigindex: sig[4] code=2 idx=4
04:09:10.628 [main] DEBUG org.rtklib.java.rtcm.Rtcm -- RTCM3 decoded message type=1124, length=54
04:09:10.628 [main] DEBUG org.rtklib.java.rtcm.Rtcm -- MSM BDS TOW: raw=61519000, tow=61533.0
04:09:10.629 [main] DEBUG org.rtklib.java.rtcm.Rtcm -- MSM BDS after adjweek: time.time=1780851933, time.sec=0.0
04:09:10.629 [main] DEBUG org.rtklib.java.rtcm.Rtcm -- decode_msm_head: sys=32 staid=0 nsat=1 nsig=4 sync=0 iod=0 ncell=4
04:09:10.629 [main] DEBUG org.rtklib.java.rtcm.Rtcm -- MSM sig[0] sigid=2 sigstr=2I code=40 idx=0
04:09:10.629 [main] DEBUG org.rtklib.java.rtcm.Rtcm -- MSM sig[1] sigid=8 sigstr=6I code=42 idx=3
04:09:10.629 [main] DEBUG org.rtklib.java.rtcm.Rtcm -- MSM sig[2] sigid=23 sigstr=5P code=58 idx=2
04:09:10.629 [main] DEBUG org.rtklib.java.rtcm.Rtcm -- MSM sig[3] sigid=31 sigstr=1P code=2 idx=4
04:09:10.629 [main] DEBUG org.rtklib.java.rtcm.Rtcm -- MSM after sigindex: sig[0] code=40 idx=0
04:09:10.629 [main] DEBUG org.rtklib.java.rtcm.Rtcm -- MSM after sigindex: sig[1] code=42 idx=3
04:09:10.629 [main] DEBUG org.rtklib.java.rtcm.Rtcm -- MSM after sigindex: sig[2] code=58 idx=2
04:09:10.629 [main] DEBUG org.rtklib.java.rtcm.Rtcm -- MSM after sigindex: sig[3] code=2 idx=4
04:09:10.629 [main] DEBUG org.rtklib.java.rtcm.Rtcm -- RTCM3 decoded message type=1042, length=70
04:09:10.629 [main] DEBUG org.rtklib.java.rtcm.Rtcm -- RTCM3 decoded message type=1005, length=25
04:09:10.629 [main] DEBUG org.rtklib.java.rtcm.Rtcm -- RTCM3 decoded message type=1033, length=27
04:09:10.629 [main] DEBUG org.rtklib.java.rtcm.Rtcm -- RTCM3 decoded message type=1124, length=254
04:09:10.629 [main] DEBUG org.rtklib.java.rtcm.Rtcm -- MSM BDS TOW: raw=61534000, tow=61548.0
04:09:10.629 [main] DEBUG org.rtklib.java.rtcm.Rtcm -- MSM BDS after adjweek: time.time=1780851948, time.sec=0.0
04:09:10.629 [main] DEBUG org.rtklib.java.rtcm.Rtcm -- decode_msm_head: sys=32 staid=0 nsat=12 nsig=5 sync=1 iod=0 ncell=32
04:09:10.629 [main] DEBUG org.rtklib.java.rtcm.Rtcm -- MSM sig[0] sigid=2 sigstr=2I code=40 idx=0
04:09:10.629 [main] DEBUG org.rtklib.java.rtcm.Rtcm -- MSM sig[1] sigid=8 sigstr=6I code=42 idx=3
04:09:10.629 [main] DEBUG org.rtklib.java.rtcm.Rtcm -- MSM sig[2] sigid=14 sigstr=7I code=27 idx=1
04:09:10.629 [main] DEBUG org.rtklib.java.rtcm.Rtcm -- MSM sig[3] sigid=23 sigstr=5P code=58 idx=2
04:09:10.629 [main] DEBUG org.rtklib.java.rtcm.Rtcm -- MSM sig[4] sigid=31 sigstr=1P code=2 idx=4
04:09:10.629 [main] DEBUG org.rtklib.java.rtcm.Rtcm -- MSM after sigindex: sig[0] code=40 idx=0
04:09:10.629 [main] DEBUG org.rtklib.java.rtcm.Rtcm -- MSM after sigindex: sig[1] code=42 idx=3
04:09:10.629 [main] DEBUG org.rtklib.java.rtcm.Rtcm -- MSM after sigindex: sig[2] code=27 idx=1
04:09:10.629 [main] DEBUG org.rtklib.java.rtcm.Rtcm -- MSM after sigindex: sig[3] code=58 idx=2
04:09:10.629 [main] DEBUG org.rtklib.java.rtcm.Rtcm -- MSM after sigindex: sig[4] code=2 idx=4
04:09:10.629 [main] DEBUG org.rtklib.java.rtcm.Rtcm -- RTCM3 decoded message type=1124, length=54
04:09:10.629 [main] DEBUG org.rtklib.java.rtcm.Rtcm -- MSM BDS TOW: raw=61534000, tow=61548.0
04:09:10.629 [main] DEBUG org.rtklib.java.rtcm.Rtcm -- MSM BDS after adjweek: time.time=1780851948, time.sec=0.0
04:09:10.629 [main] DEBUG org.rtklib.java.rtcm.Rtcm -- decode_msm_head: sys=32 staid=0 nsat=1 nsig=4 sync=0 iod=0 ncell=4
04:09:10.629 [main] DEBUG org.rtklib.java.rtcm.Rtcm -- MSM sig[0] sigid=2 sigstr=2I code=40 idx=0
04:09:10.629 [main] DEBUG org.rtklib.java.rtcm.Rtcm -- MSM sig[1] sigid=8 sigstr=6I code=42 idx=3
04:09:10.629 [main] DEBUG org.rtklib.java.rtcm.Rtcm -- MSM sig[2] sigid=23 sigstr=5P code=58 idx=2
04:09:10.630 [main] DEBUG org.rtklib.java.rtcm.Rtcm -- MSM sig[3] sigid=31 sigstr=1P code=2 idx=4
04:09:10.630 [main] DEBUG org.rtklib.java.rtcm.Rtcm -- MSM after sigindex: sig[0] code=40 idx=0
04:09:10.630 [main] DEBUG org.rtklib.java.rtcm.Rtcm -- MSM after sigindex: sig[1] code=42 idx=3
04:09:10.630 [main] DEBUG org.rtklib.java.rtcm.Rtcm -- MSM after sigindex: sig[2] code=58 idx=2
04:09:10.630 [main] DEBUG org.rtklib.java.rtcm.Rtcm -- MSM after sigindex: sig[3] code=2 idx=4
04:09:10.630 [main] DEBUG org.rtklib.java.rtcm.Rtcm -- RTCM3 decoded message type=1042, length=70
04:09:10.630 [main] DEBUG org.rtklib.java.rtcm.Rtcm -- RTCM3 decoded message type=1005, length=25
04:09:10.630 [main] DEBUG org.rtklib.java.rtcm.Rtcm -- RTCM3 decoded message type=1033, length=27
04:09:10.630 [main] DEBUG org.rtklib.java.rtcm.Rtcm -- RTCM3 decoded message type=1124, length=254
04:09:10.630 [main] DEBUG org.rtklib.java.rtcm.Rtcm -- MSM BDS TOW: raw=61549000, tow=61563.0
04:09:10.630 [main] DEBUG org.rtklib.java.rtcm.Rtcm -- MSM BDS after adjweek: time.time=1780851963, time.sec=0.0
04:09:10.630 [main] DEBUG org.rtklib.java.rtcm.Rtcm -- decode_msm_head: sys=32 staid=0 nsat=12 nsig=5 sync=1 iod=0 ncell=32
04:09:10.630 [main] DEBUG org.rtklib.java.rtcm.Rtcm -- MSM sig[0] sigid=2 sigstr=2I code=40 idx=0
04:09:10.630 [main] DEBUG org.rtklib.java.rtcm.Rtcm -- MSM sig[1] sigid=8 sigstr=6I code=42 idx=3
04:09:10.630 [main] DEBUG org.rtklib.java.rtcm.Rtcm -- MSM sig[2] sigid=14 sigstr=7I code=27 idx=1
04:09:10.630 [main] DEBUG org.rtklib.java.rtcm.Rtcm -- MSM sig[3] sigid=23 sigstr=5P code=58 idx=2
04:09:10.630 [main] DEBUG org.rtklib.java.rtcm.Rtcm -- MSM sig[4] sigid=31 sigstr=1P code=2 idx=4
04:09:10.630 [main] DEBUG org.rtklib.java.rtcm.Rtcm -- MSM after sigindex: sig[0] code=40 idx=0
04:09:10.630 [main] DEBUG org.rtklib.java.rtcm.Rtcm -- MSM after sigindex: sig[1] code=42 idx=3
04:09:10.630 [main] DEBUG org.rtklib.java.rtcm.Rtcm -- MSM after sigindex: sig[2] code=27 idx=1
04:09:10.630 [main] DEBUG org.rtklib.java.rtcm.Rtcm -- MSM after sigindex: sig[3] code=58 idx=2
04:09:10.630 [main] DEBUG org.rtklib.java.rtcm.Rtcm -- MSM after sigindex: sig[4] code=2 idx=4
04:09:10.630 [main] DEBUG org.rtklib.java.rtcm.Rtcm -- RTCM3 decoded message type=1124, length=54
04:09:10.630 [main] DEBUG org.rtklib.java.rtcm.Rtcm -- MSM BDS TOW: raw=61549000, tow=61563.0
04:09:10.630 [main] DEBUG org.rtklib.java.rtcm.Rtcm -- MSM BDS after adjweek: time.time=1780851963, time.sec=0.0
04:09:10.630 [main] DEBUG org.rtklib.java.rtcm.Rtcm -- decode_msm_head: sys=32 staid=0 nsat=1 nsig=4 sync=0 iod=0 ncell=4
04:09:10.630 [main] DEBUG org.rtklib.java.rtcm.Rtcm -- MSM sig[0] sigid=2 sigstr=2I code=40 idx=0
04:09:10.630 [main] DEBUG org.rtklib.java.rtcm.Rtcm -- MSM sig[1] sigid=8 sigstr=6I code=42 idx=3
04:09:10.630 [main] DEBUG org.rtklib.java.rtcm.Rtcm -- MSM sig[2] sigid=23 sigstr=5P code=58 idx=2
04:09:10.630 [main] DEBUG org.rtklib.java.rtcm.Rtcm -- MSM sig[3] sigid=31 sigstr=1P code=2 idx=4
04:09:10.630 [main] DEBUG org.rtklib.java.rtcm.Rtcm -- MSM after sigindex: sig[0] code=40 idx=0
04:09:10.630 [main] DEBUG org.rtklib.java.rtcm.Rtcm -- MSM after sigindex: sig[1] code=42 idx=3
04:09:10.630 [main] DEBUG org.rtklib.java.rtcm.Rtcm -- MSM after sigindex: sig[2] code=58 idx=2
04:09:10.630 [main] DEBUG org.rtklib.java.rtcm.Rtcm -- MSM after sigindex: sig[3] code=2 idx=4
04:09:10.630 [main] DEBUG org.rtklib.java.rtcm.Rtcm -- RTCM3 decoded message type=1042, length=70
04:09:10.630 [main] DEBUG org.rtklib.java.rtcm.Rtcm -- RTCM3 decoded message type=1005, length=25
04:09:10.630 [main] DEBUG org.rtklib.java.rtcm.Rtcm -- RTCM3 decoded message type=1033, length=27
04:09:10.630 [main] DEBUG org.rtklib.java.rtcm.Rtcm -- RTCM3 decoded message type=1124, length=248
04:09:10.630 [main] DEBUG org.rtklib.java.rtcm.Rtcm -- MSM BDS TOW: raw=61564000, tow=61578.0
04:09:10.630 [main] DEBUG org.rtklib.java.rtcm.Rtcm -- MSM BDS after adjweek: time.time=1780851978, time.sec=0.0
04:09:10.630 [main] DEBUG org.rtklib.java.rtcm.Rtcm -- decode_msm_head: sys=32 staid=0 nsat=12 nsig=5 sync=1 iod=0 ncell=31
04:09:10.630 [main] DEBUG org.rtklib.java.rtcm.Rtcm -- MSM sig[0] sigid=2 sigstr=2I code=40 idx=0
04:09:10.630 [main] DEBUG org.rtklib.java.rtcm.Rtcm -- MSM sig[1] sigid=8 sigstr=6I code=42 idx=3
04:09:10.630 [main] DEBUG org.rtklib.java.rtcm.Rtcm -- MSM sig[2] sigid=14 sigstr=7I code=27 idx=1
04:09:10.630 [main] DEBUG org.rtklib.java.rtcm.Rtcm -- MSM sig[3] sigid=23 sigstr=5P code=58 idx=2
04:09:10.630 [main] DEBUG org.rtklib.java.rtcm.Rtcm -- MSM sig[4] sigid=31 sigstr=1P code=2 idx=4
04:09:10.630 [main] DEBUG org.rtklib.java.rtcm.Rtcm -- MSM after sigindex: sig[0] code=40 idx=0
04:09:10.630 [main] DEBUG org.rtklib.java.rtcm.Rtcm -- MSM after sigindex: sig[1] code=42 idx=3
04:09:10.630 [main] DEBUG org.rtklib.java.rtcm.Rtcm -- MSM after sigindex: sig[2] code=27 idx=1
04:09:10.630 [main] DEBUG org.rtklib.java.rtcm.Rtcm -- MSM after sigindex: sig[3] code=58 idx=2
04:09:10.630 [main] DEBUG org.rtklib.java.rtcm.Rtcm -- MSM after sigindex: sig[4] code=2 idx=4
04:09:10.631 [main] DEBUG org.rtklib.java.rtcm.Rtcm -- RTCM3 decoded message type=1124, length=48
04:09:10.631 [main] DEBUG org.rtklib.java.rtcm.Rtcm -- MSM BDS TOW: raw=61564000, tow=61578.0
04:09:10.631 [main] DEBUG org.rtklib.java.rtcm.Rtcm -- MSM BDS after adjweek: time.time=1780851978, time.sec=0.0
04:09:10.631 [main] DEBUG org.rtklib.java.rtcm.Rtcm -- decode_msm_head: sys=32 staid=0 nsat=1 nsig=3 sync=0 iod=0 ncell=3
04:09:10.631 [main] DEBUG org.rtklib.java.rtcm.Rtcm -- MSM sig[0] sigid=8 sigstr=6I code=42 idx=3
04:09:10.631 [main] DEBUG org.rtklib.java.rtcm.Rtcm -- MSM sig[1] sigid=23 sigstr=5P code=58 idx=2
04:09:10.631 [main] DEBUG org.rtklib.java.rtcm.Rtcm -- MSM sig[2] sigid=31 sigstr=1P code=2 idx=4
04:09:10.631 [main] DEBUG org.rtklib.java.rtcm.Rtcm -- MSM after sigindex: sig[0] code=42 idx=3
04:09:10.631 [main] DEBUG org.rtklib.java.rtcm.Rtcm -- MSM after sigindex: sig[1] code=58 idx=2
04:09:10.631 [main] DEBUG org.rtklib.java.rtcm.Rtcm -- MSM after sigindex: sig[2] code=2 idx=4
04:09:10.631 [main] DEBUG org.rtklib.java.rtcm.Rtcm -- RTCM3 decoded message type=1042, length=70
04:09:10.631 [main] DEBUG org.rtklib.java.rtcm.Rtcm -- RTCM3 decoded message type=1005, length=25
04:09:10.631 [main] DEBUG org.rtklib.java.rtcm.Rtcm -- RTCM3 decoded message type=1033, length=27
04:09:10.631 [main] DEBUG org.rtklib.java.rtcm.Rtcm -- RTCM3 decoded message type=1124, length=248
04:09:10.631 [main] DEBUG org.rtklib.java.rtcm.Rtcm -- MSM BDS TOW: raw=61579000, tow=61593.0
04:09:10.631 [main] DEBUG org.rtklib.java.rtcm.Rtcm -- MSM BDS after adjweek: time.time=1780851993, time.sec=0.0
04:09:10.631 [main] DEBUG org.rtklib.java.rtcm.Rtcm -- decode_msm_head: sys=32 staid=0 nsat=12 nsig=5 sync=1 iod=0 ncell=31
04:09:10.631 [main] DEBUG org.rtklib.java.rtcm.Rtcm -- MSM sig[0] sigid=2 sigstr=2I code=40 idx=0
04:09:10.631 [main] DEBUG org.rtklib.java.rtcm.Rtcm -- MSM sig[1] sigid=8 sigstr=6I code=42 idx=3
04:09:10.631 [main] DEBUG org.rtklib.java.rtcm.Rtcm -- MSM sig[2] sigid=14 sigstr=7I code=27 idx=1
04:09:10.631 [main] DEBUG org.rtklib.java.rtcm.Rtcm -- MSM sig[3] sigid=23 sigstr=5P code=58 idx=2
04:09:10.631 [main] DEBUG org.rtklib.java.rtcm.Rtcm -- MSM sig[4] sigid=31 sigstr=1P code=2 idx=4
04:09:10.631 [main] DEBUG org.rtklib.java.rtcm.Rtcm -- MSM after sigindex: sig[0] code=40 idx=0
04:09:10.631 [main] DEBUG org.rtklib.java.rtcm.Rtcm -- MSM after sigindex: sig[1] code=42 idx=3
04:09:10.631 [main] DEBUG org.rtklib.java.rtcm.Rtcm -- MSM after sigindex: sig[2] code=27 idx=1
04:09:10.631 [main] DEBUG org.rtklib.java.rtcm.Rtcm -- MSM after sigindex: sig[3] code=58 idx=2
04:09:10.631 [main] DEBUG org.rtklib.java.rtcm.Rtcm -- MSM after sigindex: sig[4] code=2 idx=4
04:09:10.631 [main] DEBUG org.rtklib.java.rtcm.Rtcm -- RTCM3 decoded message type=1124, length=48
04:09:10.631 [main] DEBUG org.rtklib.java.rtcm.Rtcm -- MSM BDS TOW: raw=61579000, tow=61593.0
04:09:10.631 [main] DEBUG org.rtklib.java.rtcm.Rtcm -- MSM BDS after adjweek: time.time=1780851993, time.sec=0.0
04:09:10.631 [main] DEBUG org.rtklib.java.rtcm.Rtcm -- decode_msm_head: sys=32 staid=0 nsat=1 nsig=3 sync=0 iod=0 ncell=3
04:09:10.631 [main] DEBUG org.rtklib.java.rtcm.Rtcm -- MSM sig[0] sigid=8 sigstr=6I code=42 idx=3
04:09:10.631 [main] DEBUG org.rtklib.java.rtcm.Rtcm -- MSM sig[1] sigid=23 sigstr=5P code=58 idx=2
04:09:10.631 [main] DEBUG org.rtklib.java.rtcm.Rtcm -- MSM sig[2] sigid=31 sigstr=1P code=2 idx=4
04:09:10.631 [main] DEBUG org.rtklib.java.rtcm.Rtcm -- MSM after sigindex: sig[0] code=42 idx=3
04:09:10.631 [main] DEBUG org.rtklib.java.rtcm.Rtcm -- MSM after sigindex: sig[1] code=58 idx=2
04:09:10.631 [main] DEBUG org.rtklib.java.rtcm.Rtcm -- MSM after sigindex: sig[2] code=2 idx=4
04:09:10.631 [main] DEBUG org.rtklib.java.rtcm.Rtcm -- RTCM3 decoded message type=1042, length=70
04:09:10.631 [main] DEBUG org.rtklib.java.rtcm.Rtcm -- RTCM3 decoded message type=1005, length=25
04:09:10.631 [main] DEBUG org.rtklib.java.rtcm.Rtcm -- RTCM3 decoded message type=1033, length=27
04:09:10.631 [main] DEBUG org.rtklib.java.rtcm.Rtcm -- RTCM3 decoded message type=1124, length=254
04:09:10.631 [main] DEBUG org.rtklib.java.rtcm.Rtcm -- MSM BDS TOW: raw=61594000, tow=61608.0
04:09:10.631 [main] DEBUG org.rtklib.java.rtcm.Rtcm -- MSM BDS after adjweek: time.time=1780852008, time.sec=0.0
04:09:10.631 [main] DEBUG org.rtklib.java.rtcm.Rtcm -- decode_msm_head: sys=32 staid=0 nsat=12 nsig=5 sync=1 iod=0 ncell=32
04:09:10.631 [main] DEBUG org.rtklib.java.rtcm.Rtcm -- MSM sig[0] sigid=2 sigstr=2I code=40 idx=0
04:09:10.631 [main] DEBUG org.rtklib.java.rtcm.Rtcm -- MSM sig[1] sigid=8 sigstr=6I code=42 idx=3
04:09:10.631 [main] DEBUG org.rtklib.java.rtcm.Rtcm -- MSM sig[2] sigid=14 sigstr=7I code=27 idx=1
04:09:10.631 [main] DEBUG org.rtklib.java.rtcm.Rtcm -- MSM sig[3] sigid=23 sigstr=5P code=58 idx=2
04:09:10.631 [main] DEBUG org.rtklib.java.rtcm.Rtcm -- MSM sig[4] sigid=31 sigstr=1P code=2 idx=4
04:09:10.631 [main] DEBUG org.rtklib.java.rtcm.Rtcm -- MSM after sigindex: sig[0] code=40 idx=0
04:09:10.631 [main] DEBUG org.rtklib.java.rtcm.Rtcm -- MSM after sigindex: sig[1] code=42 idx=3
04:09:10.631 [main] DEBUG org.rtklib.java.rtcm.Rtcm -- MSM after sigindex: sig[2] code=27 idx=1
04:09:10.631 [main] DEBUG org.rtklib.java.rtcm.Rtcm -- MSM after sigindex: sig[3] code=58 idx=2
04:09:10.631 [main] DEBUG org.rtklib.java.rtcm.Rtcm -- MSM after sigindex: sig[4] code=2 idx=4
04:09:10.631 [main] DEBUG org.rtklib.java.rtcm.Rtcm -- RTCM3 decoded message type=1124, length=48
04:09:10.631 [main] DEBUG org.rtklib.java.rtcm.Rtcm -- MSM BDS TOW: raw=61594000, tow=61608.0
04:09:10.631 [main] DEBUG org.rtklib.java.rtcm.Rtcm -- MSM BDS after adjweek: time.time=1780852008, time.sec=0.0
04:09:10.631 [main] DEBUG org.rtklib.java.rtcm.Rtcm -- decode_msm_head: sys=32 staid=0 nsat=1 nsig=3 sync=0 iod=0 ncell=3
04:09:10.631 [main] DEBUG org.rtklib.java.rtcm.Rtcm -- MSM sig[0] sigid=8 sigstr=6I code=42 idx=3
04:09:10.631 [main] DEBUG org.rtklib.java.rtcm.Rtcm -- MSM sig[1] sigid=23 sigstr=5P code=58 idx=2
04:09:10.631 [main] DEBUG org.rtklib.java.rtcm.Rtcm -- MSM sig[2] sigid=31 sigstr=1P code=2 idx=4
04:09:10.631 [main] DEBUG org.rtklib.java.rtcm.Rtcm -- MSM after sigindex: sig[0] code=42 idx=3
04:09:10.631 [main] DEBUG org.rtklib.java.rtcm.Rtcm -- MSM after sigindex: sig[1] code=58 idx=2
04:09:10.631 [main] DEBUG org.rtklib.java.rtcm.Rtcm -- MSM after sigindex: sig[2] code=2 idx=4
04:09:10.632 [main] DEBUG org.rtklib.java.rtcm.Rtcm -- RTCM3 decoded message type=1042, length=70
04:09:10.632 [main] DEBUG org.rtklib.java.rtcm.Rtcm -- RTCM3 decoded message type=1005, length=25
04:09:10.632 [main] DEBUG org.rtklib.java.rtcm.Rtcm -- RTCM3 decoded message type=1033, length=27
04:09:10.632 [main] DEBUG org.rtklib.java.rtcm.Rtcm -- RTCM3 decoded message type=1124, length=260
04:09:10.632 [main] DEBUG org.rtklib.java.rtcm.Rtcm -- MSM BDS TOW: raw=61609000, tow=61623.0
04:09:10.632 [main] DEBUG org.rtklib.java.rtcm.Rtcm -- MSM BDS after adjweek: time.time=1780852023, time.sec=0.0
04:09:10.632 [main] DEBUG org.rtklib.java.rtcm.Rtcm -- decode_msm_head: sys=32 staid=0 nsat=12 nsig=5 sync=1 iod=0 ncell=33
04:09:10.632 [main] DEBUG org.rtklib.java.rtcm.Rtcm -- MSM sig[0] sigid=2 sigstr=2I code=40 idx=0
04:09:10.632 [main] DEBUG org.rtklib.java.rtcm.Rtcm -- MSM sig[1] sigid=8 sigstr=6I code=42 idx=3
04:09:10.632 [main] DEBUG org.rtklib.java.rtcm.Rtcm -- MSM sig[2] sigid=14 sigstr=7I code=27 idx=1
04:09:10.632 [main] DEBUG org.rtklib.java.rtcm.Rtcm -- MSM sig[3] sigid=23 sigstr=5P code=58 idx=2
04:09:10.632 [main] DEBUG org.rtklib.java.rtcm.Rtcm -- MSM sig[4] sigid=31 sigstr=1P code=2 idx=4
04:09:10.632 [main] DEBUG org.rtklib.java.rtcm.Rtcm -- MSM after sigindex: sig[0] code=40 idx=0
04:09:10.632 [main] DEBUG org.rtklib.java.rtcm.Rtcm -- MSM after sigindex: sig[1] code=42 idx=3
04:09:10.632 [main] DEBUG org.rtklib.java.rtcm.Rtcm -- MSM after sigindex: sig[2] code=27 idx=1
04:09:10.632 [main] DEBUG org.rtklib.java.rtcm.Rtcm -- MSM after sigindex: sig[3] code=58 idx=2
04:09:10.632 [main] DEBUG org.rtklib.java.rtcm.Rtcm -- MSM after sigindex: sig[4] code=2 idx=4
04:09:10.632 [main] DEBUG org.rtklib.java.rtcm.Rtcm -- RTCM3 decoded message type=1124, length=54
04:09:10.632 [main] DEBUG org.rtklib.java.rtcm.Rtcm -- MSM BDS TOW: raw=61609000, tow=61623.0
04:09:10.632 [main] DEBUG org.rtklib.java.rtcm.Rtcm -- MSM BDS after adjweek: time.time=1780852023, time.sec=0.0
04:09:10.632 [main] DEBUG org.rtklib.java.rtcm.Rtcm -- decode_msm_head: sys=32 staid=0 nsat=1 nsig=4 sync=0 iod=0 ncell=4
04:09:10.632 [main] DEBUG org.rtklib.java.rtcm.Rtcm -- MSM sig[0] sigid=2 sigstr=2I code=40 idx=0
04:09:10.632 [main] DEBUG org.rtklib.java.rtcm.Rtcm -- MSM sig[1] sigid=8 sigstr=6I code=42 idx=3
04:09:10.632 [main] DEBUG org.rtklib.java.rtcm.Rtcm -- MSM sig[2] sigid=23 sigstr=5P code=58 idx=2
04:09:10.632 [main] DEBUG org.rtklib.java.rtcm.Rtcm -- MSM sig[3] sigid=31 sigstr=1P code=2 idx=4
04:09:10.632 [main] DEBUG org.rtklib.java.rtcm.Rtcm -- MSM after sigindex: sig[0] code=40 idx=0
04:09:10.632 [main] DEBUG org.rtklib.java.rtcm.Rtcm -- MSM after sigindex: sig[1] code=42 idx=3
04:09:10.632 [main] DEBUG org.rtklib.java.rtcm.Rtcm -- MSM after sigindex: sig[2] code=58 idx=2
04:09:10.632 [main] DEBUG org.rtklib.java.rtcm.Rtcm -- MSM after sigindex: sig[3] code=2 idx=4
04:09:10.632 [main] DEBUG org.rtklib.java.rtcm.Rtcm -- RTCM3 decoded message type=1042, length=70
04:09:10.632 [main] INFO org.rtklib.java.rtcm.Rtcm -- RTCM 1042 eph stored: sat=132 prn=27 week=1066 toe=61200.0 A=27906476.4
04:09:10.632 [main] DEBUG org.rtklib.java.rtcm.Rtcm -- RTCM3 decoded message type=1005, length=25
04:09:10.632 [main] DEBUG org.rtklib.java.rtcm.Rtcm -- RTCM3 decoded message type=1033, length=27
04:09:10.632 [main] DEBUG org.rtklib.java.rtcm.Rtcm -- RTCM3 decoded message type=1124, length=260
04:09:10.632 [main] DEBUG org.rtklib.java.rtcm.Rtcm -- MSM BDS TOW: raw=61624000, tow=61638.0
04:09:10.632 [main] DEBUG org.rtklib.java.rtcm.Rtcm -- MSM BDS after adjweek: time.time=1780852038, time.sec=0.0
04:09:10.632 [main] DEBUG org.rtklib.java.rtcm.Rtcm -- decode_msm_head: sys=32 staid=0 nsat=12 nsig=5 sync=1 iod=0 ncell=33
04:09:10.632 [main] DEBUG org.rtklib.java.rtcm.Rtcm -- MSM sig[0] sigid=2 sigstr=2I code=40 idx=0
04:09:10.632 [main] DEBUG org.rtklib.java.rtcm.Rtcm -- MSM sig[1] sigid=8 sigstr=6I code=42 idx=3
04:09:10.632 [main] DEBUG org.rtklib.java.rtcm.Rtcm -- MSM sig[2] sigid=14 sigstr=7I code=27 idx=1
04:09:10.632 [main] DEBUG org.rtklib.java.rtcm.Rtcm -- MSM sig[3] sigid=23 sigstr=5P code=58 idx=2
04:09:10.632 [main] DEBUG org.rtklib.java.rtcm.Rtcm -- MSM sig[4] sigid=31 sigstr=1P code=2 idx=4
04:09:10.632 [main] DEBUG org.rtklib.java.rtcm.Rtcm -- MSM after sigindex: sig[0] code=40 idx=0
04:09:10.632 [main] DEBUG org.rtklib.java.rtcm.Rtcm -- MSM after sigindex: sig[1] code=42 idx=3
04:09:10.632 [main] DEBUG org.rtklib.java.rtcm.Rtcm -- MSM after sigindex: sig[2] code=27 idx=1
04:09:10.632 [main] DEBUG org.rtklib.java.rtcm.Rtcm -- MSM after sigindex: sig[3] code=58 idx=2
04:09:10.632 [main] DEBUG org.rtklib.java.rtcm.Rtcm -- MSM after sigindex: sig[4] code=2 idx=4
04:09:10.632 [main] DEBUG org.rtklib.java.rtcm.Rtcm -- RTCM3 decoded message type=1124, length=54
04:09:10.632 [main] DEBUG org.rtklib.java.rtcm.Rtcm -- MSM BDS TOW: raw=61624000, tow=61638.0
04:09:10.632 [main] DEBUG org.rtklib.java.rtcm.Rtcm -- MSM BDS after adjweek: time.time=1780852038, time.sec=0.0
04:09:10.632 [main] DEBUG org.rtklib.java.rtcm.Rtcm -- decode_msm_head: sys=32 staid=0 nsat=1 nsig=4 sync=0 iod=0 ncell=4
04:09:10.632 [main] DEBUG org.rtklib.java.rtcm.Rtcm -- MSM sig[0] sigid=2 sigstr=2I code=40 idx=0
04:09:10.632 [main] DEBUG org.rtklib.java.rtcm.Rtcm -- MSM sig[1] sigid=8 sigstr=6I code=42 idx=3
04:09:10.632 [main] DEBUG org.rtklib.java.rtcm.Rtcm -- MSM sig[2] sigid=23 sigstr=5P code=58 idx=2
04:09:10.632 [main] DEBUG org.rtklib.java.rtcm.Rtcm -- MSM sig[3] sigid=31 sigstr=1P code=2 idx=4
04:09:10.632 [main] DEBUG org.rtklib.java.rtcm.Rtcm -- MSM after sigindex: sig[0] code=40 idx=0
04:09:10.632 [main] DEBUG org.rtklib.java.rtcm.Rtcm -- MSM after sigindex: sig[1] code=42 idx=3
04:09:10.632 [main] DEBUG org.rtklib.java.rtcm.Rtcm -- MSM after sigindex: sig[2] code=58 idx=2
04:09:10.632 [main] DEBUG org.rtklib.java.rtcm.Rtcm -- MSM after sigindex: sig[3] code=2 idx=4
04:09:10.632 [main] DEBUG org.rtklib.java.rtcm.Rtcm -- RTCM3 decoded message type=1042, length=70
04:09:10.632 [main] DEBUG org.rtklib.java.rtcm.Rtcm -- RTCM3 decoded message type=1005, length=25
04:09:10.633 [main] DEBUG org.rtklib.java.rtcm.Rtcm -- RTCM3 decoded message type=1033, length=27
04:09:10.633 [main] DEBUG org.rtklib.java.rtcm.Rtcm -- RTCM3 decoded message type=1124, length=242
04:09:10.633 [main] DEBUG org.rtklib.java.rtcm.Rtcm -- MSM BDS TOW: raw=61639000, tow=61653.0
04:09:10.633 [main] DEBUG org.rtklib.java.rtcm.Rtcm -- MSM BDS after adjweek: time.time=1780852053, time.sec=0.0
04:09:10.633 [main] DEBUG org.rtklib.java.rtcm.Rtcm -- decode_msm_head: sys=32 staid=0 nsat=12 nsig=5 sync=1 iod=0 ncell=30
04:09:10.633 [main] DEBUG org.rtklib.java.rtcm.Rtcm -- MSM sig[0] sigid=2 sigstr=2I code=40 idx=0
04:09:10.633 [main] DEBUG org.rtklib.java.rtcm.Rtcm -- MSM sig[1] sigid=8 sigstr=6I code=42 idx=3
04:09:10.633 [main] DEBUG org.rtklib.java.rtcm.Rtcm -- MSM sig[2] sigid=14 sigstr=7I code=27 idx=1
04:09:10.633 [main] DEBUG org.rtklib.java.rtcm.Rtcm -- MSM sig[3] sigid=23 sigstr=5P code=58 idx=2
04:09:10.633 [main] DEBUG org.rtklib.java.rtcm.Rtcm -- MSM sig[4] sigid=31 sigstr=1P code=2 idx=4
04:09:10.633 [main] DEBUG org.rtklib.java.rtcm.Rtcm -- MSM after sigindex: sig[0] code=40 idx=0
04:09:10.633 [main] DEBUG org.rtklib.java.rtcm.Rtcm -- MSM after sigindex: sig[1] code=42 idx=3
04:09:10.633 [main] DEBUG org.rtklib.java.rtcm.Rtcm -- MSM after sigindex: sig[2] code=27 idx=1
04:09:10.633 [main] DEBUG org.rtklib.java.rtcm.Rtcm -- MSM after sigindex: sig[3] code=58 idx=2
04:09:10.633 [main] DEBUG org.rtklib.java.rtcm.Rtcm -- MSM after sigindex: sig[4] code=2 idx=4
04:09:10.633 [main] DEBUG org.rtklib.java.rtcm.Rtcm -- RTCM3 decoded message type=1124, length=75
04:09:10.633 [main] DEBUG org.rtklib.java.rtcm.Rtcm -- MSM BDS TOW: raw=61639000, tow=61653.0
04:09:10.633 [main] DEBUG org.rtklib.java.rtcm.Rtcm -- MSM BDS after adjweek: time.time=1780852053, time.sec=0.0
04:09:10.633 [main] DEBUG org.rtklib.java.rtcm.Rtcm -- decode_msm_head: sys=32 staid=0 nsat=2 nsig=4 sync=0 iod=0 ncell=7
04:09:10.633 [main] DEBUG org.rtklib.java.rtcm.Rtcm -- MSM sig[0] sigid=2 sigstr=2I code=40 idx=0
04:09:10.633 [main] DEBUG org.rtklib.java.rtcm.Rtcm -- MSM sig[1] sigid=8 sigstr=6I code=42 idx=3
04:09:10.633 [main] DEBUG org.rtklib.java.rtcm.Rtcm -- MSM sig[2] sigid=23 sigstr=5P code=58 idx=2
04:09:10.633 [main] DEBUG org.rtklib.java.rtcm.Rtcm -- MSM sig[3] sigid=31 sigstr=1P code=2 idx=4
04:09:10.633 [main] DEBUG org.rtklib.java.rtcm.Rtcm -- MSM after sigindex: sig[0] code=40 idx=0
04:09:10.633 [main] DEBUG org.rtklib.java.rtcm.Rtcm -- MSM after sigindex: sig[1] code=42 idx=3
04:09:10.633 [main] DEBUG org.rtklib.java.rtcm.Rtcm -- MSM after sigindex: sig[2] code=58 idx=2
04:09:10.633 [main] DEBUG org.rtklib.java.rtcm.Rtcm -- MSM after sigindex: sig[3] code=2 idx=4
04:09:10.633 [main] DEBUG org.rtklib.java.rtcm.Rtcm -- RTCM3 decoded message type=1042, length=70
04:09:10.633 [main] DEBUG org.rtklib.java.rtcm.Rtcm -- RTCM3 decoded message type=1005, length=25
04:09:10.633 [main] DEBUG org.rtklib.java.rtcm.Rtcm -- RTCM3 decoded message type=1033, length=27
04:09:10.633 [main] DEBUG org.rtklib.java.rtcm.Rtcm -- RTCM3 decoded message type=1124, length=260
04:09:10.633 [main] DEBUG org.rtklib.java.rtcm.Rtcm -- MSM BDS TOW: raw=61654000, tow=61668.0
04:09:10.633 [main] DEBUG org.rtklib.java.rtcm.Rtcm -- MSM BDS after adjweek: time.time=1780852068, time.sec=0.0
04:09:10.633 [main] DEBUG org.rtklib.java.rtcm.Rtcm -- decode_msm_head: sys=32 staid=0 nsat=12 nsig=5 sync=1 iod=0 ncell=33
04:09:10.633 [main] DEBUG org.rtklib.java.rtcm.Rtcm -- MSM sig[0] sigid=2 sigstr=2I code=40 idx=0
04:09:10.633 [main] DEBUG org.rtklib.java.rtcm.Rtcm -- MSM sig[1] sigid=8 sigstr=6I code=42 idx=3
04:09:10.633 [main] DEBUG org.rtklib.java.rtcm.Rtcm -- MSM sig[2] sigid=14 sigstr=7I code=27 idx=1
04:09:10.633 [main] DEBUG org.rtklib.java.rtcm.Rtcm -- MSM sig[3] sigid=23 sigstr=5P code=58 idx=2
04:09:10.633 [main] DEBUG org.rtklib.java.rtcm.Rtcm -- MSM sig[4] sigid=31 sigstr=1P code=2 idx=4
04:09:10.633 [main] DEBUG org.rtklib.java.rtcm.Rtcm -- MSM after sigindex: sig[0] code=40 idx=0
04:09:10.633 [main] DEBUG org.rtklib.java.rtcm.Rtcm -- MSM after sigindex: sig[1] code=42 idx=3
04:09:10.633 [main] DEBUG org.rtklib.java.rtcm.Rtcm -- MSM after sigindex: sig[2] code=27 idx=1
04:09:10.633 [main] DEBUG org.rtklib.java.rtcm.Rtcm -- MSM after sigindex: sig[3] code=58 idx=2
04:09:10.633 [main] DEBUG org.rtklib.java.rtcm.Rtcm -- MSM after sigindex: sig[4] code=2 idx=4
04:09:10.633 [main] DEBUG org.rtklib.java.rtcm.Rtcm -- RTCM3 decoded message type=1124, length=42
04:09:10.633 [main] DEBUG org.rtklib.java.rtcm.Rtcm -- MSM BDS TOW: raw=61654000, tow=61668.0
04:09:10.633 [main] DEBUG org.rtklib.java.rtcm.Rtcm -- MSM BDS after adjweek: time.time=1780852068, time.sec=0.0
04:09:10.633 [main] DEBUG org.rtklib.java.rtcm.Rtcm -- decode_msm_head: sys=32 staid=0 nsat=1 nsig=2 sync=0 iod=0 ncell=2
04:09:10.633 [main] DEBUG org.rtklib.java.rtcm.Rtcm -- MSM sig[0] sigid=8 sigstr=6I code=42 idx=3
04:09:10.633 [main] DEBUG org.rtklib.java.rtcm.Rtcm -- MSM sig[1] sigid=23 sigstr=5P code=58 idx=2
04:09:10.633 [main] DEBUG org.rtklib.java.rtcm.Rtcm -- MSM after sigindex: sig[0] code=42 idx=3
04:09:10.633 [main] DEBUG org.rtklib.java.rtcm.Rtcm -- MSM after sigindex: sig[1] code=58 idx=2
04:09:10.633 [main] DEBUG org.rtklib.java.rtcm.Rtcm -- RTCM3 decoded message type=1042, length=70
04:09:10.634 [main] DEBUG org.rtklib.java.rtcm.Rtcm -- RTCM3 decoded message type=1005, length=25
04:09:10.634 [main] DEBUG org.rtklib.java.rtcm.Rtcm -- RTCM3 decoded message type=1033, length=27
04:09:10.634 [main] DEBUG org.rtklib.java.rtcm.Rtcm -- RTCM3 decoded message type=1124, length=260
04:09:10.634 [main] DEBUG org.rtklib.java.rtcm.Rtcm -- MSM BDS TOW: raw=61669000, tow=61683.0
04:09:10.634 [main] DEBUG org.rtklib.java.rtcm.Rtcm -- MSM BDS after adjweek: time.time=1780852083, time.sec=0.0
04:09:10.634 [main] DEBUG org.rtklib.java.rtcm.Rtcm -- decode_msm_head: sys=32 staid=0 nsat=12 nsig=5 sync=0 iod=0 ncell=33
04:09:10.634 [main] DEBUG org.rtklib.java.rtcm.Rtcm -- MSM sig[0] sigid=2 sigstr=2I code=40 idx=0
04:09:10.634 [main] DEBUG org.rtklib.java.rtcm.Rtcm -- MSM sig[1] sigid=8 sigstr=6I code=42 idx=3
04:09:10.634 [main] DEBUG org.rtklib.java.rtcm.Rtcm -- MSM sig[2] sigid=14 sigstr=7I code=27 idx=1
04:09:10.634 [main] DEBUG org.rtklib.java.rtcm.Rtcm -- MSM sig[3] sigid=23 sigstr=5P code=58 idx=2
04:09:10.634 [main] DEBUG org.rtklib.java.rtcm.Rtcm -- MSM sig[4] sigid=31 sigstr=1P code=2 idx=4
04:09:10.634 [main] DEBUG org.rtklib.java.rtcm.Rtcm -- MSM after sigindex: sig[0] code=40 idx=0
04:09:10.634 [main] DEBUG org.rtklib.java.rtcm.Rtcm -- MSM after sigindex: sig[1] code=42 idx=3
04:09:10.634 [main] DEBUG org.rtklib.java.rtcm.Rtcm -- MSM after sigindex: sig[2] code=27 idx=1
04:09:10.634 [main] DEBUG org.rtklib.java.rtcm.Rtcm -- MSM after sigindex: sig[3] code=58 idx=2
04:09:10.634 [main] DEBUG org.rtklib.java.rtcm.Rtcm -- MSM after sigindex: sig[4] code=2 idx=4
04:09:10.634 [main] DEBUG org.rtklib.java.rtcm.Rtcm -- RTCM3 decoded message type=1042, length=70
04:09:10.634 [main] DEBUG org.rtklib.java.rtcm.Rtcm -- RTCM3 decoded message type=1005, length=25
04:09:10.634 [main] DEBUG org.rtklib.java.rtcm.Rtcm -- RTCM3 decoded message type=1033, length=27
04:09:10.634 [main] DEBUG org.rtklib.java.rtcm.Rtcm -- RTCM3 decoded message type=1124, length=242
04:09:10.634 [main] DEBUG org.rtklib.java.rtcm.Rtcm -- MSM BDS TOW: raw=61684000, tow=61698.0
04:09:10.634 [main] DEBUG org.rtklib.java.rtcm.Rtcm -- MSM BDS after adjweek: time.time=1780852098, time.sec=0.0
04:09:10.634 [main] DEBUG org.rtklib.java.rtcm.Rtcm -- decode_msm_head: sys=32 staid=0 nsat=12 nsig=5 sync=1 iod=0 ncell=30
04:09:10.634 [main] DEBUG org.rtklib.java.rtcm.Rtcm -- MSM sig[0] sigid=2 sigstr=2I code=40 idx=0
04:09:10.634 [main] DEBUG org.rtklib.java.rtcm.Rtcm -- MSM sig[1] sigid=8 sigstr=6I code=42 idx=3
04:09:10.634 [main] DEBUG org.rtklib.java.rtcm.Rtcm -- MSM sig[2] sigid=14 sigstr=7I code=27 idx=1
04:09:10.634 [main] DEBUG org.rtklib.java.rtcm.Rtcm -- MSM sig[3] sigid=23 sigstr=5P code=58 idx=2
04:09:10.634 [main] DEBUG org.rtklib.java.rtcm.Rtcm -- MSM sig[4] sigid=31 sigstr=1P code=2 idx=4
04:09:10.634 [main] DEBUG org.rtklib.java.rtcm.Rtcm -- MSM after sigindex: sig[0] code=40 idx=0
04:09:10.634 [main] DEBUG org.rtklib.java.rtcm.Rtcm -- MSM after sigindex: sig[1] code=42 idx=3
04:09:10.634 [main] DEBUG org.rtklib.java.rtcm.Rtcm -- MSM after sigindex: sig[2] code=27 idx=1
04:09:10.634 [main] DEBUG org.rtklib.java.rtcm.Rtcm -- MSM after sigindex: sig[3] code=58 idx=2
04:09:10.634 [main] DEBUG org.rtklib.java.rtcm.Rtcm -- MSM after sigindex: sig[4] code=2 idx=4
04:09:10.634 [main] DEBUG org.rtklib.java.rtcm.Rtcm -- RTCM3 decoded message type=1124, length=48
04:09:10.634 [main] DEBUG org.rtklib.java.rtcm.Rtcm -- MSM BDS TOW: raw=61684000, tow=61698.0
04:09:10.634 [main] DEBUG org.rtklib.java.rtcm.Rtcm -- MSM BDS after adjweek: time.time=1780852098, time.sec=0.0
04:09:10.634 [main] DEBUG org.rtklib.java.rtcm.Rtcm -- decode_msm_head: sys=32 staid=0 nsat=1 nsig=3 sync=0 iod=0 ncell=3
04:09:10.634 [main] DEBUG org.rtklib.java.rtcm.Rtcm -- MSM sig[0] sigid=2 sigstr=2I code=40 idx=0
04:09:10.634 [main] DEBUG org.rtklib.java.rtcm.Rtcm -- MSM sig[1] sigid=8 sigstr=6I code=42 idx=3
04:09:10.634 [main] DEBUG org.rtklib.java.rtcm.Rtcm -- MSM sig[2] sigid=23 sigstr=5P code=58 idx=2
04:09:10.634 [main] DEBUG org.rtklib.java.rtcm.Rtcm -- MSM after sigindex: sig[0] code=40 idx=0
04:09:10.634 [main] DEBUG org.rtklib.java.rtcm.Rtcm -- MSM after sigindex: sig[1] code=42 idx=3
04:09:10.634 [main] DEBUG org.rtklib.java.rtcm.Rtcm -- MSM after sigindex: sig[2] code=58 idx=2
04:09:10.634 [main] DEBUG org.rtklib.java.rtcm.Rtcm -- RTCM3 decoded message type=1042, length=70
04:09:10.634 [main] DEBUG org.rtklib.java.rtcm.Rtcm -- RTCM3 decoded message type=1005, length=25
04:09:10.634 [main] DEBUG org.rtklib.java.rtcm.Rtcm -- RTCM3 decoded message type=1033, length=27
04:09:10.634 [main] DEBUG org.rtklib.java.rtcm.Rtcm -- RTCM3 decoded message type=1124, length=248
04:09:10.634 [main] DEBUG org.rtklib.java.rtcm.Rtcm -- MSM BDS TOW: raw=61699000, tow=61713.0
04:09:10.634 [main] DEBUG org.rtklib.java.rtcm.Rtcm -- MSM BDS after adjweek: time.time=1780852113, time.sec=0.0
04:09:10.634 [main] DEBUG org.rtklib.java.rtcm.Rtcm -- decode_msm_head: sys=32 staid=0 nsat=12 nsig=5 sync=1 iod=0 ncell=31
04:09:10.634 [main] DEBUG org.rtklib.java.rtcm.Rtcm -- MSM sig[0] sigid=2 sigstr=2I code=40 idx=0
04:09:10.634 [main] DEBUG org.rtklib.java.rtcm.Rtcm -- MSM sig[1] sigid=8 sigstr=6I code=42 idx=3
04:09:10.634 [main] DEBUG org.rtklib.java.rtcm.Rtcm -- MSM sig[2] sigid=14 sigstr=7I code=27 idx=1
04:09:10.634 [main] DEBUG org.rtklib.java.rtcm.Rtcm -- MSM sig[3] sigid=23 sigstr=5P code=58 idx=2
04:09:10.634 [main] DEBUG org.rtklib.java.rtcm.Rtcm -- MSM sig[4] sigid=31 sigstr=1P code=2 idx=4
04:09:10.634 [main] DEBUG org.rtklib.java.rtcm.Rtcm -- MSM after sigindex: sig[0] code=40 idx=0
04:09:10.634 [main] DEBUG org.rtklib.java.rtcm.Rtcm -- MSM after sigindex: sig[1] code=42 idx=3
04:09:10.634 [main] DEBUG org.rtklib.java.rtcm.Rtcm -- MSM after sigindex: sig[2] code=27 idx=1
04:09:10.634 [main] DEBUG org.rtklib.java.rtcm.Rtcm -- MSM after sigindex: sig[3] code=58 idx=2
04:09:10.634 [main] DEBUG org.rtklib.java.rtcm.Rtcm -- MSM after sigindex: sig[4] code=2 idx=4
04:09:10.635 [main] DEBUG org.rtklib.java.rtcm.Rtcm -- RTCM3 decoded message type=1124, length=48
04:09:10.635 [main] DEBUG org.rtklib.java.rtcm.Rtcm -- MSM BDS TOW: raw=61699000, tow=61713.0
04:09:10.635 [main] DEBUG org.rtklib.java.rtcm.Rtcm -- MSM BDS after adjweek: time.time=1780852113, time.sec=0.0
04:09:10.635 [main] DEBUG org.rtklib.java.rtcm.Rtcm -- decode_msm_head: sys=32 staid=0 nsat=1 nsig=3 sync=0 iod=0 ncell=3
04:09:10.635 [main] DEBUG org.rtklib.java.rtcm.Rtcm -- MSM sig[0] sigid=2 sigstr=2I code=40 idx=0
04:09:10.635 [main] DEBUG org.rtklib.java.rtcm.Rtcm -- MSM sig[1] sigid=8 sigstr=6I code=42 idx=3
04:09:10.635 [main] DEBUG org.rtklib.java.rtcm.Rtcm -- MSM sig[2] sigid=23 sigstr=5P code=58 idx=2
04:09:10.635 [main] DEBUG org.rtklib.java.rtcm.Rtcm -- MSM after sigindex: sig[0] code=40 idx=0
04:09:10.635 [main] DEBUG org.rtklib.java.rtcm.Rtcm -- MSM after sigindex: sig[1] code=42 idx=3
04:09:10.635 [main] DEBUG org.rtklib.java.rtcm.Rtcm -- MSM after sigindex: sig[2] code=58 idx=2
04:09:10.635 [main] DEBUG org.rtklib.java.rtcm.Rtcm -- RTCM3 decoded message type=1042, length=70
04:09:10.635 [main] DEBUG org.rtklib.java.rtcm.Rtcm -- RTCM3 decoded message type=1005, length=25
04:09:10.635 [main] DEBUG org.rtklib.java.rtcm.Rtcm -- RTCM3 decoded message type=1033, length=27
04:09:10.635 [main] DEBUG org.rtklib.java.rtcm.Rtcm -- RTCM3 decoded message type=1124, length=254
04:09:10.635 [main] DEBUG org.rtklib.java.rtcm.Rtcm -- MSM BDS TOW: raw=61714000, tow=61728.0
04:09:10.635 [main] DEBUG org.rtklib.java.rtcm.Rtcm -- MSM BDS after adjweek: time.time=1780852128, time.sec=0.0
04:09:10.635 [main] DEBUG org.rtklib.java.rtcm.Rtcm -- decode_msm_head: sys=32 staid=0 nsat=12 nsig=5 sync=1 iod=0 ncell=32
04:09:10.635 [main] DEBUG org.rtklib.java.rtcm.Rtcm -- MSM sig[0] sigid=2 sigstr=2I code=40 idx=0
04:09:10.635 [main] DEBUG org.rtklib.java.rtcm.Rtcm -- MSM sig[1] sigid=8 sigstr=6I code=42 idx=3
04:09:10.635 [main] DEBUG org.rtklib.java.rtcm.Rtcm -- MSM sig[2] sigid=14 sigstr=7I code=27 idx=1
04:09:10.635 [main] DEBUG org.rtklib.java.rtcm.Rtcm -- MSM sig[3] sigid=23 sigstr=5P code=58 idx=2
04:09:10.635 [main] DEBUG org.rtklib.java.rtcm.Rtcm -- MSM sig[4] sigid=31 sigstr=1P code=2 idx=4
04:09:10.636 [main] DEBUG org.rtklib.java.rtcm.Rtcm -- MSM after sigindex: sig[0] code=40 idx=0
04:09:10.636 [main] DEBUG org.rtklib.java.rtcm.Rtcm -- MSM after sigindex: sig[1] code=42 idx=3
04:09:10.636 [main] DEBUG org.rtklib.java.rtcm.Rtcm -- MSM after sigindex: sig[2] code=27 idx=1
04:09:10.636 [main] DEBUG org.rtklib.java.rtcm.Rtcm -- MSM after sigindex: sig[3] code=58 idx=2
04:09:10.636 [main] DEBUG org.rtklib.java.rtcm.Rtcm -- MSM after sigindex: sig[4] code=2 idx=4
04:09:10.636 [main] DEBUG org.rtklib.java.rtcm.Rtcm -- RTCM3 decoded message type=1124, length=48
04:09:10.636 [main] DEBUG org.rtklib.java.rtcm.Rtcm -- MSM BDS TOW: raw=61714000, tow=61728.0
04:09:10.636 [main] DEBUG org.rtklib.java.rtcm.Rtcm -- MSM BDS after adjweek: time.time=1780852128, time.sec=0.0
04:09:10.636 [main] DEBUG org.rtklib.java.rtcm.Rtcm -- decode_msm_head: sys=32 staid=0 nsat=1 nsig=3 sync=0 iod=0 ncell=3
04:09:10.636 [main] DEBUG org.rtklib.java.rtcm.Rtcm -- MSM sig[0] sigid=2 sigstr=2I code=40 idx=0
04:09:10.636 [main] DEBUG org.rtklib.java.rtcm.Rtcm -- MSM sig[1] sigid=8 sigstr=6I code=42 idx=3
04:09:10.636 [main] DEBUG org.rtklib.java.rtcm.Rtcm -- MSM sig[2] sigid=23 sigstr=5P code=58 idx=2
04:09:10.636 [main] DEBUG org.rtklib.java.rtcm.Rtcm -- MSM after sigindex: sig[0] code=40 idx=0
04:09:10.636 [main] DEBUG org.rtklib.java.rtcm.Rtcm -- MSM after sigindex: sig[1] code=42 idx=3
04:09:10.636 [main] DEBUG org.rtklib.java.rtcm.Rtcm -- MSM after sigindex: sig[2] code=58 idx=2
04:09:10.636 [main] DEBUG org.rtklib.java.rtcm.Rtcm -- RTCM3 decoded message type=1042, length=70
04:09:10.636 [main] DEBUG org.rtklib.java.rtcm.Rtcm -- RTCM3 decoded message type=1005, length=25
04:09:10.636 [main] DEBUG org.rtklib.java.rtcm.Rtcm -- RTCM3 decoded message type=1033, length=27
04:09:10.636 [main] DEBUG org.rtklib.java.rtcm.Rtcm -- RTCM3 decoded message type=1124, length=248
04:09:10.636 [main] DEBUG org.rtklib.java.rtcm.Rtcm -- MSM BDS TOW: raw=61729000, tow=61743.0
04:09:10.636 [main] DEBUG org.rtklib.java.rtcm.Rtcm -- MSM BDS after adjweek: time.time=1780852143, time.sec=0.0
04:09:10.636 [main] DEBUG org.rtklib.java.rtcm.Rtcm -- decode_msm_head: sys=32 staid=0 nsat=12 nsig=5 sync=1 iod=0 ncell=31
04:09:10.636 [main] DEBUG org.rtklib.java.rtcm.Rtcm -- MSM sig[0] sigid=2 sigstr=2I code=40 idx=0
04:09:10.636 [main] DEBUG org.rtklib.java.rtcm.Rtcm -- MSM sig[1] sigid=8 sigstr=6I code=42 idx=3
04:09:10.636 [main] DEBUG org.rtklib.java.rtcm.Rtcm -- MSM sig[2] sigid=14 sigstr=7I code=27 idx=1
04:09:10.636 [main] DEBUG org.rtklib.java.rtcm.Rtcm -- MSM sig[3] sigid=23 sigstr=5P code=58 idx=2
04:09:10.636 [main] DEBUG org.rtklib.java.rtcm.Rtcm -- MSM sig[4] sigid=31 sigstr=1P code=2 idx=4
04:09:10.636 [main] DEBUG org.rtklib.java.rtcm.Rtcm -- MSM after sigindex: sig[0] code=40 idx=0
04:09:10.636 [main] DEBUG org.rtklib.java.rtcm.Rtcm -- MSM after sigindex: sig[1] code=42 idx=3
04:09:10.636 [main] DEBUG org.rtklib.java.rtcm.Rtcm -- MSM after sigindex: sig[2] code=27 idx=1
04:09:10.636 [main] DEBUG org.rtklib.java.rtcm.Rtcm -- MSM after sigindex: sig[3] code=58 idx=2
04:09:10.636 [main] DEBUG org.rtklib.java.rtcm.Rtcm -- MSM after sigindex: sig[4] code=2 idx=4
04:09:10.636 [main] DEBUG org.rtklib.java.rtcm.Rtcm -- RTCM3 decoded message type=1124, length=48
04:09:10.636 [main] DEBUG org.rtklib.java.rtcm.Rtcm -- MSM BDS TOW: raw=61729000, tow=61743.0
04:09:10.636 [main] DEBUG org.rtklib.java.rtcm.Rtcm -- MSM BDS after adjweek: time.time=1780852143, time.sec=0.0
04:09:10.636 [main] DEBUG org.rtklib.java.rtcm.Rtcm -- decode_msm_head: sys=32 staid=0 nsat=1 nsig=3 sync=0 iod=0 ncell=3
04:09:10.636 [main] DEBUG org.rtklib.java.rtcm.Rtcm -- MSM sig[0] sigid=2 sigstr=2I code=40 idx=0
04:09:10.636 [main] DEBUG org.rtklib.java.rtcm.Rtcm -- MSM sig[1] sigid=8 sigstr=6I code=42 idx=3
04:09:10.636 [main] DEBUG org.rtklib.java.rtcm.Rtcm -- MSM sig[2] sigid=23 sigstr=5P code=58 idx=2
04:09:10.636 [main] DEBUG org.rtklib.java.rtcm.Rtcm -- MSM after sigindex: sig[0] code=40 idx=0
04:09:10.636 [main] DEBUG org.rtklib.java.rtcm.Rtcm -- MSM after sigindex: sig[1] code=42 idx=3
04:09:10.636 [main] DEBUG org.rtklib.java.rtcm.Rtcm -- MSM after sigindex: sig[2] code=58 idx=2
04:09:10.636 [main] DEBUG org.rtklib.java.rtcm.Rtcm -- RTCM3 decoded message type=1042, length=70
04:09:10.636 [main] DEBUG org.rtklib.java.rtcm.Rtcm -- RTCM3 decoded message type=1005, length=25
04:09:10.636 [main] DEBUG org.rtklib.java.rtcm.Rtcm -- RTCM3 decoded message type=1033, length=27
04:09:10.636 [main] DEBUG org.rtklib.java.rtcm.Rtcm -- RTCM3 decoded message type=1124, length=248
04:09:10.636 [main] DEBUG org.rtklib.java.rtcm.Rtcm -- MSM BDS TOW: raw=61744000, tow=61758.0
04:09:10.636 [main] DEBUG org.rtklib.java.rtcm.Rtcm -- MSM BDS after adjweek: time.time=1780852158, time.sec=0.0
04:09:10.636 [main] DEBUG org.rtklib.java.rtcm.Rtcm -- decode_msm_head: sys=32 staid=0 nsat=12 nsig=5 sync=1 iod=0 ncell=31
04:09:10.636 [main] DEBUG org.rtklib.java.rtcm.Rtcm -- MSM sig[0] sigid=2 sigstr=2I code=40 idx=0
04:09:10.636 [main] DEBUG org.rtklib.java.rtcm.Rtcm -- MSM sig[1] sigid=8 sigstr=6I code=42 idx=3
04:09:10.636 [main] DEBUG org.rtklib.java.rtcm.Rtcm -- MSM sig[2] sigid=14 sigstr=7I code=27 idx=1
04:09:10.636 [main] DEBUG org.rtklib.java.rtcm.Rtcm -- MSM sig[3] sigid=23 sigstr=5P code=58 idx=2
04:09:10.636 [main] DEBUG org.rtklib.java.rtcm.Rtcm -- MSM sig[4] sigid=31 sigstr=1P code=2 idx=4
04:09:10.636 [main] DEBUG org.rtklib.java.rtcm.Rtcm -- MSM after sigindex: sig[0] code=40 idx=0
04:09:10.636 [main] DEBUG org.rtklib.java.rtcm.Rtcm -- MSM after sigindex: sig[1] code=42 idx=3
04:09:10.636 [main] DEBUG org.rtklib.java.rtcm.Rtcm -- MSM after sigindex: sig[2] code=27 idx=1
04:09:10.636 [main] DEBUG org.rtklib.java.rtcm.Rtcm -- MSM after sigindex: sig[3] code=58 idx=2
04:09:10.636 [main] DEBUG org.rtklib.java.rtcm.Rtcm -- MSM after sigindex: sig[4] code=2 idx=4
04:09:10.637 [main] DEBUG org.rtklib.java.rtcm.Rtcm -- RTCM3 decoded message type=1124, length=48
04:09:10.637 [main] DEBUG org.rtklib.java.rtcm.Rtcm -- MSM BDS TOW: raw=61744000, tow=61758.0
04:09:10.637 [main] DEBUG org.rtklib.java.rtcm.Rtcm -- MSM BDS after adjweek: time.time=1780852158, time.sec=0.0
04:09:10.637 [main] DEBUG org.rtklib.java.rtcm.Rtcm -- decode_msm_head: sys=32 staid=0 nsat=1 nsig=3 sync=0 iod=0 ncell=3
04:09:10.637 [main] DEBUG org.rtklib.java.rtcm.Rtcm -- MSM sig[0] sigid=2 sigstr=2I code=40 idx=0
04:09:10.637 [main] DEBUG org.rtklib.java.rtcm.Rtcm -- MSM sig[1] sigid=8 sigstr=6I code=42 idx=3
04:09:10.637 [main] DEBUG org.rtklib.java.rtcm.Rtcm -- MSM sig[2] sigid=23 sigstr=5P code=58 idx=2
04:09:10.637 [main] DEBUG org.rtklib.java.rtcm.Rtcm -- MSM after sigindex: sig[0] code=40 idx=0
04:09:10.637 [main] DEBUG org.rtklib.java.rtcm.Rtcm -- MSM after sigindex: sig[1] code=42 idx=3
04:09:10.637 [main] DEBUG org.rtklib.java.rtcm.Rtcm -- MSM after sigindex: sig[2] code=58 idx=2
04:09:10.637 [main] DEBUG org.rtklib.java.rtcm.Rtcm -- RTCM3 decoded message type=1042, length=70
04:09:10.637 [main] DEBUG org.rtklib.java.rtcm.Rtcm -- RTCM3 decoded message type=1005, length=25
04:09:10.637 [main] DEBUG org.rtklib.java.rtcm.Rtcm -- RTCM3 decoded message type=1033, length=27
04:09:10.637 [main] DEBUG org.rtklib.java.rtcm.Rtcm -- RTCM3 decoded message type=1124, length=254
04:09:10.637 [main] DEBUG org.rtklib.java.rtcm.Rtcm -- MSM BDS TOW: raw=61759000, tow=61773.0
04:09:10.637 [main] DEBUG org.rtklib.java.rtcm.Rtcm -- MSM BDS after adjweek: time.time=1780852173, time.sec=0.0
04:09:10.637 [main] DEBUG org.rtklib.java.rtcm.Rtcm -- decode_msm_head: sys=32 staid=0 nsat=12 nsig=5 sync=1 iod=0 ncell=32
04:09:10.637 [main] DEBUG org.rtklib.java.rtcm.Rtcm -- MSM sig[0] sigid=2 sigstr=2I code=40 idx=0
04:09:10.637 [main] DEBUG org.rtklib.java.rtcm.Rtcm -- MSM sig[1] sigid=8 sigstr=6I code=42 idx=3
04:09:10.637 [main] DEBUG org.rtklib.java.rtcm.Rtcm -- MSM sig[2] sigid=14 sigstr=7I code=27 idx=1
04:09:10.637 [main] DEBUG org.rtklib.java.rtcm.Rtcm -- MSM sig[3] sigid=23 sigstr=5P code=58 idx=2
04:09:10.637 [main] DEBUG org.rtklib.java.rtcm.Rtcm -- MSM sig[4] sigid=31 sigstr=1P code=2 idx=4
04:09:10.637 [main] DEBUG org.rtklib.java.rtcm.Rtcm -- MSM after sigindex: sig[0] code=40 idx=0
04:09:10.637 [main] DEBUG org.rtklib.java.rtcm.Rtcm -- MSM after sigindex: sig[1] code=42 idx=3
04:09:10.637 [main] DEBUG org.rtklib.java.rtcm.Rtcm -- MSM after sigindex: sig[2] code=27 idx=1
04:09:10.637 [main] DEBUG org.rtklib.java.rtcm.Rtcm -- MSM after sigindex: sig[3] code=58 idx=2
04:09:10.637 [main] DEBUG org.rtklib.java.rtcm.Rtcm -- MSM after sigindex: sig[4] code=2 idx=4
04:09:10.637 [main] DEBUG org.rtklib.java.rtcm.Rtcm -- RTCM3 decoded message type=1124, length=48
04:09:10.637 [main] DEBUG org.rtklib.java.rtcm.Rtcm -- MSM BDS TOW: raw=61759000, tow=61773.0
04:09:10.637 [main] DEBUG org.rtklib.java.rtcm.Rtcm -- MSM BDS after adjweek: time.time=1780852173, time.sec=0.0
04:09:10.637 [main] DEBUG org.rtklib.java.rtcm.Rtcm -- decode_msm_head: sys=32 staid=0 nsat=1 nsig=3 sync=0 iod=0 ncell=3
04:09:10.637 [main] DEBUG org.rtklib.java.rtcm.Rtcm -- MSM sig[0] sigid=2 sigstr=2I code=40 idx=0
04:09:10.637 [main] DEBUG org.rtklib.java.rtcm.Rtcm -- MSM sig[1] sigid=8 sigstr=6I code=42 idx=3
04:09:10.637 [main] DEBUG org.rtklib.java.rtcm.Rtcm -- MSM sig[2] sigid=23 sigstr=5P code=58 idx=2
04:09:10.637 [main] DEBUG org.rtklib.java.rtcm.Rtcm -- MSM after sigindex: sig[0] code=40 idx=0
04:09:10.637 [main] DEBUG org.rtklib.java.rtcm.Rtcm -- MSM after sigindex: sig[1] code=42 idx=3
04:09:10.637 [main] DEBUG org.rtklib.java.rtcm.Rtcm -- MSM after sigindex: sig[2] code=58 idx=2
04:09:10.637 [main] DEBUG org.rtklib.java.rtcm.Rtcm -- RTCM3 decoded message type=1042, length=70
04:09:10.637 [main] DEBUG org.rtklib.java.rtcm.Rtcm -- RTCM3 decoded message type=1005, length=25
04:09:10.637 [main] DEBUG org.rtklib.java.rtcm.Rtcm -- RTCM3 decoded message type=1033, length=27
04:09:10.637 [main] DEBUG org.rtklib.java.rtcm.Rtcm -- RTCM3 decoded message type=1124, length=248
04:09:10.638 [main] DEBUG org.rtklib.java.rtcm.Rtcm -- MSM BDS TOW: raw=61774000, tow=61788.0
04:09:10.638 [main] DEBUG org.rtklib.java.rtcm.Rtcm -- MSM BDS after adjweek: time.time=1780852188, time.sec=0.0
04:09:10.638 [main] DEBUG org.rtklib.java.rtcm.Rtcm -- decode_msm_head: sys=32 staid=0 nsat=12 nsig=5 sync=1 iod=0 ncell=31
04:09:10.638 [main] DEBUG org.rtklib.java.rtcm.Rtcm -- MSM sig[0] sigid=2 sigstr=2I code=40 idx=0
04:09:10.638 [main] DEBUG org.rtklib.java.rtcm.Rtcm -- MSM sig[1] sigid=8 sigstr=6I code=42 idx=3
04:09:10.638 [main] DEBUG org.rtklib.java.rtcm.Rtcm -- MSM sig[2] sigid=14 sigstr=7I code=27 idx=1
04:09:10.638 [main] DEBUG org.rtklib.java.rtcm.Rtcm -- MSM sig[3] sigid=23 sigstr=5P code=58 idx=2
04:09:10.638 [main] DEBUG org.rtklib.java.rtcm.Rtcm -- MSM sig[4] sigid=31 sigstr=1P code=2 idx=4
04:09:10.638 [main] DEBUG org.rtklib.java.rtcm.Rtcm -- MSM after sigindex: sig[0] code=40 idx=0
04:09:10.638 [main] DEBUG org.rtklib.java.rtcm.Rtcm -- MSM after sigindex: sig[1] code=42 idx=3
04:09:10.638 [main] DEBUG org.rtklib.java.rtcm.Rtcm -- MSM after sigindex: sig[2] code=27 idx=1
04:09:10.638 [main] DEBUG org.rtklib.java.rtcm.Rtcm -- MSM after sigindex: sig[3] code=58 idx=2
04:09:10.638 [main] DEBUG org.rtklib.java.rtcm.Rtcm -- MSM after sigindex: sig[4] code=2 idx=4
04:09:10.638 [main] DEBUG org.rtklib.java.rtcm.Rtcm -- RTCM3 decoded message type=1124, length=54
04:09:10.638 [main] DEBUG org.rtklib.java.rtcm.Rtcm -- MSM BDS TOW: raw=61774000, tow=61788.0
04:09:10.638 [main] DEBUG org.rtklib.java.rtcm.Rtcm -- MSM BDS after adjweek: time.time=1780852188, time.sec=0.0
04:09:10.638 [main] DEBUG org.rtklib.java.rtcm.Rtcm -- decode_msm_head: sys=32 staid=0 nsat=1 nsig=4 sync=0 iod=0 ncell=4
04:09:10.638 [main] DEBUG org.rtklib.java.rtcm.Rtcm -- MSM sig[0] sigid=2 sigstr=2I code=40 idx=0
04:09:10.638 [main] DEBUG org.rtklib.java.rtcm.Rtcm -- MSM sig[1] sigid=8 sigstr=6I code=42 idx=3
04:09:10.638 [main] DEBUG org.rtklib.java.rtcm.Rtcm -- MSM sig[2] sigid=23 sigstr=5P code=58 idx=2
04:09:10.638 [main] DEBUG org.rtklib.java.rtcm.Rtcm -- MSM sig[3] sigid=31 sigstr=1P code=2 idx=4
04:09:10.638 [main] DEBUG org.rtklib.java.rtcm.Rtcm -- MSM after sigindex: sig[0] code=40 idx=0
04:09:10.638 [main] DEBUG org.rtklib.java.rtcm.Rtcm -- MSM after sigindex: sig[1] code=42 idx=3
04:09:10.638 [main] DEBUG org.rtklib.java.rtcm.Rtcm -- MSM after sigindex: sig[2] code=58 idx=2
04:09:10.638 [main] DEBUG org.rtklib.java.rtcm.Rtcm -- MSM after sigindex: sig[3] code=2 idx=4
04:09:10.638 [main] DEBUG org.rtklib.java.rtcm.Rtcm -- RTCM3 decoded message type=1042, length=70
04:09:10.638 [main] DEBUG org.rtklib.java.rtcm.Rtcm -- RTCM3 decoded message type=1005, length=25
04:09:10.638 [main] DEBUG org.rtklib.java.rtcm.Rtcm -- RTCM3 decoded message type=1033, length=27
04:09:10.638 [main] DEBUG org.rtklib.java.rtcm.Rtcm -- RTCM3 decoded message type=1124, length=248
04:09:10.638 [main] DEBUG org.rtklib.java.rtcm.Rtcm -- MSM BDS TOW: raw=61789000, tow=61803.0
04:09:10.638 [main] DEBUG org.rtklib.java.rtcm.Rtcm -- MSM BDS after adjweek: time.time=1780852203, time.sec=0.0
04:09:10.638 [main] DEBUG org.rtklib.java.rtcm.Rtcm -- decode_msm_head: sys=32 staid=0 nsat=12 nsig=5 sync=1 iod=0 ncell=31
04:09:10.639 [main] DEBUG org.rtklib.java.rtcm.Rtcm -- MSM sig[0] sigid=2 sigstr=2I code=40 idx=0
04:09:10.639 [main] DEBUG org.rtklib.java.rtcm.Rtcm -- MSM sig[1] sigid=8 sigstr=6I code=42 idx=3
04:09:10.639 [main] DEBUG org.rtklib.java.rtcm.Rtcm -- MSM sig[2] sigid=14 sigstr=7I code=27 idx=1
04:09:10.639 [main] DEBUG org.rtklib.java.rtcm.Rtcm -- MSM sig[3] sigid=23 sigstr=5P code=58 idx=2
04:09:10.639 [main] DEBUG org.rtklib.java.rtcm.Rtcm -- MSM sig[4] sigid=31 sigstr=1P code=2 idx=4
04:09:10.639 [main] DEBUG org.rtklib.java.rtcm.Rtcm -- MSM after sigindex: sig[0] code=40 idx=0
04:09:10.639 [main] DEBUG org.rtklib.java.rtcm.Rtcm -- MSM after sigindex: sig[1] code=42 idx=3
04:09:10.639 [main] DEBUG org.rtklib.java.rtcm.Rtcm -- MSM after sigindex: sig[2] code=27 idx=1
04:09:10.639 [main] DEBUG org.rtklib.java.rtcm.Rtcm -- MSM after sigindex: sig[3] code=58 idx=2
04:09:10.639 [main] DEBUG org.rtklib.java.rtcm.Rtcm -- MSM after sigindex: sig[4] code=2 idx=4
04:09:10.639 [main] DEBUG org.rtklib.java.rtcm.Rtcm -- RTCM3 decoded message type=1124, length=54
04:09:10.639 [main] DEBUG org.rtklib.java.rtcm.Rtcm -- MSM BDS TOW: raw=61789000, tow=61803.0
04:09:10.639 [main] DEBUG org.rtklib.java.rtcm.Rtcm -- MSM BDS after adjweek: time.time=1780852203, time.sec=0.0
04:09:10.639 [main] DEBUG org.rtklib.java.rtcm.Rtcm -- decode_msm_head: sys=32 staid=0 nsat=1 nsig=4 sync=0 iod=0 ncell=4
04:09:10.639 [main] DEBUG org.rtklib.java.rtcm.Rtcm -- MSM sig[0] sigid=2 sigstr=2I code=40 idx=0
04:09:10.639 [main] DEBUG org.rtklib.java.rtcm.Rtcm -- MSM sig[1] sigid=8 sigstr=6I code=42 idx=3
04:09:10.639 [main] DEBUG org.rtklib.java.rtcm.Rtcm -- MSM sig[2] sigid=23 sigstr=5P code=58 idx=2
04:09:10.639 [main] DEBUG org.rtklib.java.rtcm.Rtcm -- MSM sig[3] sigid=31 sigstr=1P code=2 idx=4
04:09:10.639 [main] DEBUG org.rtklib.java.rtcm.Rtcm -- MSM after sigindex: sig[0] code=40 idx=0
04:09:10.639 [main] DEBUG org.rtklib.java.rtcm.Rtcm -- MSM after sigindex: sig[1] code=42 idx=3
04:09:10.639 [main] DEBUG org.rtklib.java.rtcm.Rtcm -- MSM after sigindex: sig[2] code=58 idx=2
04:09:10.639 [main] DEBUG org.rtklib.java.rtcm.Rtcm -- MSM after sigindex: sig[3] code=2 idx=4
04:09:10.639 [main] DEBUG org.rtklib.java.rtcm.Rtcm -- RTCM3 decoded message type=1042, length=70
04:09:10.639 [main] DEBUG org.rtklib.java.rtcm.Rtcm -- RTCM3 decoded message type=1005, length=25
04:09:10.639 [main] DEBUG org.rtklib.java.rtcm.Rtcm -- RTCM3 decoded message type=1033, length=27
04:09:10.639 [main] DEBUG org.rtklib.java.rtcm.Rtcm -- RTCM3 decoded message type=1124, length=236
04:09:10.639 [main] DEBUG org.rtklib.java.rtcm.Rtcm -- MSM BDS TOW: raw=61804000, tow=61818.0
04:09:10.639 [main] DEBUG org.rtklib.java.rtcm.Rtcm -- MSM BDS after adjweek: time.time=1780852218, time.sec=0.0
04:09:10.639 [main] DEBUG org.rtklib.java.rtcm.Rtcm -- decode_msm_head: sys=32 staid=0 nsat=12 nsig=5 sync=1 iod=0 ncell=29
04:09:10.639 [main] DEBUG org.rtklib.java.rtcm.Rtcm -- MSM sig[0] sigid=2 sigstr=2I code=40 idx=0
04:09:10.640 [main] DEBUG org.rtklib.java.rtcm.Rtcm -- MSM sig[1] sigid=8 sigstr=6I code=42 idx=3
04:09:10.640 [main] DEBUG org.rtklib.java.rtcm.Rtcm -- MSM sig[2] sigid=14 sigstr=7I code=27 idx=1
04:09:10.640 [main] DEBUG org.rtklib.java.rtcm.Rtcm -- MSM sig[3] sigid=23 sigstr=5P code=58 idx=2
04:09:10.640 [main] DEBUG org.rtklib.java.rtcm.Rtcm -- MSM sig[4] sigid=31 sigstr=1P code=2 idx=4
04:09:10.640 [main] DEBUG org.rtklib.java.rtcm.Rtcm -- MSM after sigindex: sig[0] code=40 idx=0
04:09:10.640 [main] DEBUG org.rtklib.java.rtcm.Rtcm -- MSM after sigindex: sig[1] code=42 idx=3
04:09:10.640 [main] DEBUG org.rtklib.java.rtcm.Rtcm -- MSM after sigindex: sig[2] code=27 idx=1
04:09:10.640 [main] DEBUG org.rtklib.java.rtcm.Rtcm -- MSM after sigindex: sig[3] code=58 idx=2
04:09:10.640 [main] DEBUG org.rtklib.java.rtcm.Rtcm -- MSM after sigindex: sig[4] code=2 idx=4
04:09:10.640 [main] DEBUG org.rtklib.java.rtcm.Rtcm -- RTCM3 decoded message type=1124, length=54
04:09:10.640 [main] DEBUG org.rtklib.java.rtcm.Rtcm -- MSM BDS TOW: raw=61804000, tow=61818.0
04:09:10.640 [main] DEBUG org.rtklib.java.rtcm.Rtcm -- MSM BDS after adjweek: time.time=1780852218, time.sec=0.0
04:09:10.640 [main] DEBUG org.rtklib.java.rtcm.Rtcm -- decode_msm_head: sys=32 staid=0 nsat=1 nsig=4 sync=0 iod=0 ncell=4
04:09:10.640 [main] DEBUG org.rtklib.java.rtcm.Rtcm -- MSM sig[0] sigid=2 sigstr=2I code=40 idx=0
04:09:10.640 [main] DEBUG org.rtklib.java.rtcm.Rtcm -- MSM sig[1] sigid=8 sigstr=6I code=42 idx=3
04:09:10.640 [main] DEBUG org.rtklib.java.rtcm.Rtcm -- MSM sig[2] sigid=23 sigstr=5P code=58 idx=2
04:09:10.640 [main] DEBUG org.rtklib.java.rtcm.Rtcm -- MSM sig[3] sigid=31 sigstr=1P code=2 idx=4
04:09:10.640 [main] DEBUG org.rtklib.java.rtcm.Rtcm -- MSM after sigindex: sig[0] code=40 idx=0
04:09:10.640 [main] DEBUG org.rtklib.java.rtcm.Rtcm -- MSM after sigindex: sig[1] code=42 idx=3
04:09:10.640 [main] DEBUG org.rtklib.java.rtcm.Rtcm -- MSM after sigindex: sig[2] code=58 idx=2
04:09:10.640 [main] DEBUG org.rtklib.java.rtcm.Rtcm -- MSM after sigindex: sig[3] code=2 idx=4
04:09:10.640 [main] DEBUG org.rtklib.java.rtcm.Rtcm -- RTCM3 decoded message type=1042, length=70
04:09:10.640 [main] DEBUG org.rtklib.java.rtcm.Rtcm -- RTCM3 decoded message type=1005, length=25
04:09:10.640 [main] DEBUG org.rtklib.java.rtcm.Rtcm -- RTCM3 decoded message type=1033, length=27
04:09:10.640 [main] DEBUG org.rtklib.java.rtcm.Rtcm -- RTCM3 decoded message type=1124, length=248
04:09:10.640 [main] DEBUG org.rtklib.java.rtcm.Rtcm -- MSM BDS TOW: raw=61819000, tow=61833.0
04:09:10.640 [main] DEBUG org.rtklib.java.rtcm.Rtcm -- MSM BDS after adjweek: time.time=1780852233, time.sec=0.0
04:09:10.640 [main] DEBUG org.rtklib.java.rtcm.Rtcm -- decode_msm_head: sys=32 staid=0 nsat=12 nsig=5 sync=1 iod=0 ncell=31
04:09:10.640 [main] DEBUG org.rtklib.java.rtcm.Rtcm -- MSM sig[0] sigid=2 sigstr=2I code=40 idx=0
04:09:10.640 [main] DEBUG org.rtklib.java.rtcm.Rtcm -- MSM sig[1] sigid=8 sigstr=6I code=42 idx=3
04:09:10.640 [main] DEBUG org.rtklib.java.rtcm.Rtcm -- MSM sig[2] sigid=14 sigstr=7I code=27 idx=1
04:09:10.640 [main] DEBUG org.rtklib.java.rtcm.Rtcm -- MSM sig[3] sigid=23 sigstr=5P code=58 idx=2
04:09:10.640 [main] DEBUG org.rtklib.java.rtcm.Rtcm -- MSM sig[4] sigid=31 sigstr=1P code=2 idx=4
04:09:10.640 [main] DEBUG org.rtklib.java.rtcm.Rtcm -- MSM after sigindex: sig[0] code=40 idx=0
04:09:10.640 [main] DEBUG org.rtklib.java.rtcm.Rtcm -- MSM after sigindex: sig[1] code=42 idx=3
04:09:10.640 [main] DEBUG org.rtklib.java.rtcm.Rtcm -- MSM after sigindex: sig[2] code=27 idx=1
04:09:10.640 [main] DEBUG org.rtklib.java.rtcm.Rtcm -- MSM after sigindex: sig[3] code=58 idx=2
04:09:10.640 [main] DEBUG org.rtklib.java.rtcm.Rtcm -- MSM after sigindex: sig[4] code=2 idx=4
04:09:10.641 [main] DEBUG org.rtklib.java.rtcm.Rtcm -- RTCM3 decoded message type=1124, length=54
04:09:10.641 [main] DEBUG org.rtklib.java.rtcm.Rtcm -- MSM BDS TOW: raw=61819000, tow=61833.0
04:09:10.641 [main] DEBUG org.rtklib.java.rtcm.Rtcm -- MSM BDS after adjweek: time.time=1780852233, time.sec=0.0
04:09:10.641 [main] DEBUG org.rtklib.java.rtcm.Rtcm -- decode_msm_head: sys=32 staid=0 nsat=1 nsig=4 sync=0 iod=0 ncell=4
04:09:10.641 [main] DEBUG org.rtklib.java.rtcm.Rtcm -- MSM sig[0] sigid=2 sigstr=2I code=40 idx=0
04:09:10.641 [main] DEBUG org.rtklib.java.rtcm.Rtcm -- MSM sig[1] sigid=8 sigstr=6I code=42 idx=3
04:09:10.641 [main] DEBUG org.rtklib.java.rtcm.Rtcm -- MSM sig[2] sigid=23 sigstr=5P code=58 idx=2
04:09:10.641 [main] DEBUG org.rtklib.java.rtcm.Rtcm -- MSM sig[3] sigid=31 sigstr=1P code=2 idx=4
04:09:10.641 [main] DEBUG org.rtklib.java.rtcm.Rtcm -- MSM after sigindex: sig[0] code=40 idx=0
04:09:10.641 [main] DEBUG org.rtklib.java.rtcm.Rtcm -- MSM after sigindex: sig[1] code=42 idx=3
04:09:10.641 [main] DEBUG org.rtklib.java.rtcm.Rtcm -- MSM after sigindex: sig[2] code=58 idx=2
04:09:10.641 [main] DEBUG org.rtklib.java.rtcm.Rtcm -- MSM after sigindex: sig[3] code=2 idx=4
04:09:10.641 [main] DEBUG org.rtklib.java.rtcm.Rtcm -- RTCM3 decoded message type=1042, length=70
04:09:10.641 [main] DEBUG org.rtklib.java.rtcm.Rtcm -- RTCM3 decoded message type=1005, length=25
04:09:10.641 [main] DEBUG org.rtklib.java.rtcm.Rtcm -- RTCM3 decoded message type=1033, length=27
04:09:10.641 [main] DEBUG org.rtklib.java.rtcm.Rtcm -- RTCM3 decoded message type=1124, length=254
04:09:10.641 [main] DEBUG org.rtklib.java.rtcm.Rtcm -- MSM BDS TOW: raw=61834000, tow=61848.0
04:09:10.641 [main] DEBUG org.rtklib.java.rtcm.Rtcm -- MSM BDS after adjweek: time.time=1780852248, time.sec=0.0
04:09:10.641 [main] DEBUG org.rtklib.java.rtcm.Rtcm -- decode_msm_head: sys=32 staid=0 nsat=12 nsig=5 sync=1 iod=0 ncell=32
04:09:10.641 [main] DEBUG org.rtklib.java.rtcm.Rtcm -- MSM sig[0] sigid=2 sigstr=2I code=40 idx=0
04:09:10.641 [main] DEBUG org.rtklib.java.rtcm.Rtcm -- MSM sig[1] sigid=8 sigstr=6I code=42 idx=3
04:09:10.641 [main] DEBUG org.rtklib.java.rtcm.Rtcm -- MSM sig[2] sigid=14 sigstr=7I code=27 idx=1
04:09:10.641 [main] DEBUG org.rtklib.java.rtcm.Rtcm -- MSM sig[3] sigid=23 sigstr=5P code=58 idx=2
04:09:10.641 [main] DEBUG org.rtklib.java.rtcm.Rtcm -- MSM sig[4] sigid=31 sigstr=1P code=2 idx=4
04:09:10.641 [main] DEBUG org.rtklib.java.rtcm.Rtcm -- MSM after sigindex: sig[0] code=40 idx=0
04:09:10.641 [main] DEBUG org.rtklib.java.rtcm.Rtcm -- MSM after sigindex: sig[1] code=42 idx=3
04:09:10.641 [main] DEBUG org.rtklib.java.rtcm.Rtcm -- MSM after sigindex: sig[2] code=27 idx=1
04:09:10.641 [main] DEBUG org.rtklib.java.rtcm.Rtcm -- MSM after sigindex: sig[3] code=58 idx=2
04:09:10.641 [main] DEBUG org.rtklib.java.rtcm.Rtcm -- MSM after sigindex: sig[4] code=2 idx=4
04:09:10.642 [main] DEBUG org.rtklib.java.rtcm.Rtcm -- RTCM3 decoded message type=1124, length=81
04:09:10.642 [main] DEBUG org.rtklib.java.rtcm.Rtcm -- MSM BDS TOW: raw=61834000, tow=61848.0
04:09:10.642 [main] DEBUG org.rtklib.java.rtcm.Rtcm -- MSM BDS after adjweek: time.time=1780852248, time.sec=0.0
04:09:10.642 [main] DEBUG org.rtklib.java.rtcm.Rtcm -- decode_msm_head: sys=32 staid=0 nsat=2 nsig=4 sync=0 iod=0 ncell=8
04:09:10.642 [main] DEBUG org.rtklib.java.rtcm.Rtcm -- MSM sig[0] sigid=2 sigstr=2I code=40 idx=0
04:09:10.642 [main] DEBUG org.rtklib.java.rtcm.Rtcm -- MSM sig[1] sigid=8 sigstr=6I code=42 idx=3
04:09:10.642 [main] DEBUG org.rtklib.java.rtcm.Rtcm -- MSM sig[2] sigid=23 sigstr=5P code=58 idx=2
04:09:10.642 [main] DEBUG org.rtklib.java.rtcm.Rtcm -- MSM sig[3] sigid=31 sigstr=1P code=2 idx=4
04:09:10.642 [main] DEBUG org.rtklib.java.rtcm.Rtcm -- MSM after sigindex: sig[0] code=40 idx=0
04:09:10.642 [main] DEBUG org.rtklib.java.rtcm.Rtcm -- MSM after sigindex: sig[1] code=42 idx=3
04:09:10.642 [main] DEBUG org.rtklib.java.rtcm.Rtcm -- MSM after sigindex: sig[2] code=58 idx=2
04:09:10.642 [main] DEBUG org.rtklib.java.rtcm.Rtcm -- MSM after sigindex: sig[3] code=2 idx=4
04:09:10.642 [main] DEBUG org.rtklib.java.rtcm.Rtcm -- RTCM3 decoded message type=1042, length=70
04:09:10.642 [main] DEBUG org.rtklib.java.rtcm.Rtcm -- RTCM3 decoded message type=1005, length=25
04:09:10.642 [main] DEBUG org.rtklib.java.rtcm.Rtcm -- RTCM3 decoded message type=1033, length=27
04:09:10.642 [main] DEBUG org.rtklib.java.rtcm.Rtcm -- RTCM3 decoded message type=1124, length=248
04:09:10.642 [main] DEBUG org.rtklib.java.rtcm.Rtcm -- MSM BDS TOW: raw=61849000, tow=61863.0
04:09:10.642 [main] DEBUG org.rtklib.java.rtcm.Rtcm -- MSM BDS after adjweek: time.time=1780852263, time.sec=0.0
04:09:10.642 [main] DEBUG org.rtklib.java.rtcm.Rtcm -- decode_msm_head: sys=32 staid=0 nsat=12 nsig=5 sync=1 iod=0 ncell=31
04:09:10.642 [main] DEBUG org.rtklib.java.rtcm.Rtcm -- MSM sig[0] sigid=2 sigstr=2I code=40 idx=0
04:09:10.642 [main] DEBUG org.rtklib.java.rtcm.Rtcm -- MSM sig[1] sigid=8 sigstr=6I code=42 idx=3
04:09:10.642 [main] DEBUG org.rtklib.java.rtcm.Rtcm -- MSM sig[2] sigid=14 sigstr=7I code=27 idx=1
04:09:10.642 [main] DEBUG org.rtklib.java.rtcm.Rtcm -- MSM sig[3] sigid=23 sigstr=5P code=58 idx=2
04:09:10.642 [main] DEBUG org.rtklib.java.rtcm.Rtcm -- MSM sig[4] sigid=31 sigstr=1P code=2 idx=4
04:09:10.642 [main] DEBUG org.rtklib.java.rtcm.Rtcm -- MSM after sigindex: sig[0] code=40 idx=0
04:09:10.642 [main] DEBUG org.rtklib.java.rtcm.Rtcm -- MSM after sigindex: sig[1] code=42 idx=3
04:09:10.642 [main] DEBUG org.rtklib.java.rtcm.Rtcm -- MSM after sigindex: sig[2] code=27 idx=1
04:09:10.642 [main] DEBUG org.rtklib.java.rtcm.Rtcm -- MSM after sigindex: sig[3] code=58 idx=2
04:09:10.642 [main] DEBUG org.rtklib.java.rtcm.Rtcm -- MSM after sigindex: sig[4] code=2 idx=4
04:09:10.642 [main] DEBUG org.rtklib.java.rtcm.Rtcm -- RTCM3 decoded message type=1124, length=75
04:09:10.642 [main] DEBUG org.rtklib.java.rtcm.Rtcm -- MSM BDS TOW: raw=61849000, tow=61863.0
04:09:10.642 [main] DEBUG org.rtklib.java.rtcm.Rtcm -- MSM BDS after adjweek: time.time=1780852263, time.sec=0.0
04:09:10.642 [main] DEBUG org.rtklib.java.rtcm.Rtcm -- decode_msm_head: sys=32 staid=0 nsat=2 nsig=4 sync=0 iod=0 ncell=7
04:09:10.642 [main] DEBUG org.rtklib.java.rtcm.Rtcm -- MSM sig[0] sigid=2 sigstr=2I code=40 idx=0
04:09:10.642 [main] DEBUG org.rtklib.java.rtcm.Rtcm -- MSM sig[1] sigid=8 sigstr=6I code=42 idx=3
04:09:10.642 [main] DEBUG org.rtklib.java.rtcm.Rtcm -- MSM sig[2] sigid=23 sigstr=5P code=58 idx=2
04:09:10.642 [main] DEBUG org.rtklib.java.rtcm.Rtcm -- MSM sig[3] sigid=31 sigstr=1P code=2 idx=4
04:09:10.642 [main] DEBUG org.rtklib.java.rtcm.Rtcm -- MSM after sigindex: sig[0] code=40 idx=0
04:09:10.642 [main] DEBUG org.rtklib.java.rtcm.Rtcm -- MSM after sigindex: sig[1] code=42 idx=3
04:09:10.642 [main] DEBUG org.rtklib.java.rtcm.Rtcm -- MSM after sigindex: sig[2] code=58 idx=2
04:09:10.642 [main] DEBUG org.rtklib.java.rtcm.Rtcm -- MSM after sigindex: sig[3] code=2 idx=4
04:09:10.642 [main] DEBUG org.rtklib.java.rtcm.Rtcm -- RTCM3 decoded message type=1042, length=70
04:09:10.642 [main] DEBUG org.rtklib.java.rtcm.Rtcm -- RTCM3 decoded message type=1005, length=25
04:09:10.642 [main] DEBUG org.rtklib.java.rtcm.Rtcm -- RTCM3 decoded message type=1033, length=27
04:09:10.642 [main] DEBUG org.rtklib.java.rtcm.Rtcm -- RTCM3 decoded message type=1124, length=248
04:09:10.642 [main] DEBUG org.rtklib.java.rtcm.Rtcm -- MSM BDS TOW: raw=61864000, tow=61878.0
04:09:10.642 [main] DEBUG org.rtklib.java.rtcm.Rtcm -- MSM BDS after adjweek: time.time=1780852278, time.sec=0.0
04:09:10.642 [main] DEBUG org.rtklib.java.rtcm.Rtcm -- decode_msm_head: sys=32 staid=0 nsat=12 nsig=5 sync=1 iod=0 ncell=31
04:09:10.642 [main] DEBUG org.rtklib.java.rtcm.Rtcm -- MSM sig[0] sigid=2 sigstr=2I code=40 idx=0
04:09:10.642 [main] DEBUG org.rtklib.java.rtcm.Rtcm -- MSM sig[1] sigid=8 sigstr=6I code=42 idx=3
04:09:10.642 [main] DEBUG org.rtklib.java.rtcm.Rtcm -- MSM sig[2] sigid=14 sigstr=7I code=27 idx=1
04:09:10.642 [main] DEBUG org.rtklib.java.rtcm.Rtcm -- MSM sig[3] sigid=23 sigstr=5P code=58 idx=2
04:09:10.642 [main] DEBUG org.rtklib.java.rtcm.Rtcm -- MSM sig[4] sigid=31 sigstr=1P code=2 idx=4
04:09:10.642 [main] DEBUG org.rtklib.java.rtcm.Rtcm -- MSM after sigindex: sig[0] code=40 idx=0
04:09:10.642 [main] DEBUG org.rtklib.java.rtcm.Rtcm -- MSM after sigindex: sig[1] code=42 idx=3
04:09:10.642 [main] DEBUG org.rtklib.java.rtcm.Rtcm -- MSM after sigindex: sig[2] code=27 idx=1
04:09:10.642 [main] DEBUG org.rtklib.java.rtcm.Rtcm -- MSM after sigindex: sig[3] code=58 idx=2
04:09:10.642 [main] DEBUG org.rtklib.java.rtcm.Rtcm -- MSM after sigindex: sig[4] code=2 idx=4
04:09:10.642 [main] DEBUG org.rtklib.java.rtcm.Rtcm -- RTCM3 decoded message type=1124, length=69
04:09:10.642 [main] DEBUG org.rtklib.java.rtcm.Rtcm -- MSM BDS TOW: raw=61864000, tow=61878.0
04:09:10.642 [main] DEBUG org.rtklib.java.rtcm.Rtcm -- MSM BDS after adjweek: time.time=1780852278, time.sec=0.0
04:09:10.642 [main] DEBUG org.rtklib.java.rtcm.Rtcm -- decode_msm_head: sys=32 staid=0 nsat=2 nsig=4 sync=0 iod=0 ncell=6
04:09:10.642 [main] DEBUG org.rtklib.java.rtcm.Rtcm -- MSM sig[0] sigid=2 sigstr=2I code=40 idx=0
04:09:10.642 [main] DEBUG org.rtklib.java.rtcm.Rtcm -- MSM sig[1] sigid=8 sigstr=6I code=42 idx=3
04:09:10.642 [main] DEBUG org.rtklib.java.rtcm.Rtcm -- MSM sig[2] sigid=23 sigstr=5P code=58 idx=2
04:09:10.642 [main] DEBUG org.rtklib.java.rtcm.Rtcm -- MSM sig[3] sigid=31 sigstr=1P code=2 idx=4
04:09:10.642 [main] DEBUG org.rtklib.java.rtcm.Rtcm -- MSM after sigindex: sig[0] code=40 idx=0
04:09:10.642 [main] DEBUG org.rtklib.java.rtcm.Rtcm -- MSM after sigindex: sig[1] code=42 idx=3
04:09:10.642 [main] DEBUG org.rtklib.java.rtcm.Rtcm -- MSM after sigindex: sig[2] code=58 idx=2
04:09:10.642 [main] DEBUG org.rtklib.java.rtcm.Rtcm -- MSM after sigindex: sig[3] code=2 idx=4
04:09:10.642 [main] DEBUG org.rtklib.java.rtcm.Rtcm -- RTCM3 decoded message type=1042, length=70
04:09:10.642 [main] DEBUG org.rtklib.java.rtcm.Rtcm -- RTCM3 decoded message type=1005, length=25
04:09:10.642 [main] DEBUG org.rtklib.java.rtcm.Rtcm -- RTCM3 decoded message type=1033, length=27
04:09:10.642 [main] DEBUG org.rtklib.java.rtcm.Rtcm -- RTCM3 decoded message type=1124, length=236
04:09:10.642 [main] DEBUG org.rtklib.java.rtcm.Rtcm -- MSM BDS TOW: raw=61879000, tow=61893.0
04:09:10.642 [main] DEBUG org.rtklib.java.rtcm.Rtcm -- MSM BDS after adjweek: time.time=1780852293, time.sec=0.0
04:09:10.642 [main] DEBUG org.rtklib.java.rtcm.Rtcm -- decode_msm_head: sys=32 staid=0 nsat=12 nsig=5 sync=1 iod=0 ncell=29
04:09:10.642 [main] DEBUG org.rtklib.java.rtcm.Rtcm -- MSM sig[0] sigid=2 sigstr=2I code=40 idx=0
04:09:10.642 [main] DEBUG org.rtklib.java.rtcm.Rtcm -- MSM sig[1] sigid=8 sigstr=6I code=42 idx=3
04:09:10.642 [main] DEBUG org.rtklib.java.rtcm.Rtcm -- MSM sig[2] sigid=14 sigstr=7I code=27 idx=1
04:09:10.642 [main] DEBUG org.rtklib.java.rtcm.Rtcm -- MSM sig[3] sigid=23 sigstr=5P code=58 idx=2
04:09:10.642 [main] DEBUG org.rtklib.java.rtcm.Rtcm -- MSM sig[4] sigid=31 sigstr=1P code=2 idx=4
04:09:10.642 [main] DEBUG org.rtklib.java.rtcm.Rtcm -- MSM after sigindex: sig[0] code=40 idx=0
04:09:10.642 [main] DEBUG org.rtklib.java.rtcm.Rtcm -- MSM after sigindex: sig[1] code=42 idx=3
04:09:10.642 [main] DEBUG org.rtklib.java.rtcm.Rtcm -- MSM after sigindex: sig[2] code=27 idx=1
04:09:10.642 [main] DEBUG org.rtklib.java.rtcm.Rtcm -- MSM after sigindex: sig[3] code=58 idx=2
04:09:10.642 [main] DEBUG org.rtklib.java.rtcm.Rtcm -- MSM after sigindex: sig[4] code=2 idx=4
04:09:10.642 [main] DEBUG org.rtklib.java.rtcm.Rtcm -- RTCM3 decoded message type=1124, length=108
04:09:10.642 [main] DEBUG org.rtklib.java.rtcm.Rtcm -- MSM BDS TOW: raw=61879000, tow=61893.0
04:09:10.642 [main] DEBUG org.rtklib.java.rtcm.Rtcm -- MSM BDS after adjweek: time.time=1780852293, time.sec=0.0
04:09:10.642 [main] DEBUG org.rtklib.java.rtcm.Rtcm -- decode_msm_head: sys=32 staid=0 nsat=3 nsig=4 sync=0 iod=0 ncell=12
04:09:10.642 [main] DEBUG org.rtklib.java.rtcm.Rtcm -- MSM sig[0] sigid=2 sigstr=2I code=40 idx=0
04:09:10.642 [main] DEBUG org.rtklib.java.rtcm.Rtcm -- MSM sig[1] sigid=8 sigstr=6I code=42 idx=3
04:09:10.642 [main] DEBUG org.rtklib.java.rtcm.Rtcm -- MSM sig[2] sigid=23 sigstr=5P code=58 idx=2
04:09:10.642 [main] DEBUG org.rtklib.java.rtcm.Rtcm -- MSM sig[3] sigid=31 sigstr=1P code=2 idx=4
04:09:10.642 [main] DEBUG org.rtklib.java.rtcm.Rtcm -- MSM after sigindex: sig[0] code=40 idx=0
04:09:10.642 [main] DEBUG org.rtklib.java.rtcm.Rtcm -- MSM after sigindex: sig[1] code=42 idx=3
04:09:10.642 [main] DEBUG org.rtklib.java.rtcm.Rtcm -- MSM after sigindex: sig[2] code=58 idx=2
04:09:10.642 [main] DEBUG org.rtklib.java.rtcm.Rtcm -- MSM after sigindex: sig[3] code=2 idx=4
04:09:10.642 [main] DEBUG org.rtklib.java.rtcm.Rtcm -- RTCM3 decoded message type=1042, length=70
04:09:10.642 [main] INFO org.rtklib.java.rtcm.Rtcm -- RTCM 1042 eph stored: sat=135 prn=30 week=1066 toe=61200.0 A=27906367.4
04:09:10.643 [main] DEBUG org.rtklib.java.rtcm.Rtcm -- RTCM3 decoded message type=1005, length=25
04:09:10.643 [main] DEBUG org.rtklib.java.rtcm.Rtcm -- RTCM3 decoded message type=1033, length=27
04:09:10.643 [main] DEBUG org.rtklib.java.rtcm.Rtcm -- RTCM3 decoded message type=1124, length=260
04:09:10.643 [main] DEBUG org.rtklib.java.rtcm.Rtcm -- MSM BDS TOW: raw=61894000, tow=61908.0
04:09:10.643 [main] DEBUG org.rtklib.java.rtcm.Rtcm -- MSM BDS after adjweek: time.time=1780852308, time.sec=0.0
04:09:10.643 [main] DEBUG org.rtklib.java.rtcm.Rtcm -- decode_msm_head: sys=32 staid=0 nsat=12 nsig=5 sync=1 iod=0 ncell=33
04:09:10.643 [main] DEBUG org.rtklib.java.rtcm.Rtcm -- MSM sig[0] sigid=2 sigstr=2I code=40 idx=0
04:09:10.643 [main] DEBUG org.rtklib.java.rtcm.Rtcm -- MSM sig[1] sigid=8 sigstr=6I code=42 idx=3
04:09:10.643 [main] DEBUG org.rtklib.java.rtcm.Rtcm -- MSM sig[2] sigid=14 sigstr=7I code=27 idx=1
04:09:10.643 [main] DEBUG org.rtklib.java.rtcm.Rtcm -- MSM sig[3] sigid=23 sigstr=5P code=58 idx=2
04:09:10.643 [main] DEBUG org.rtklib.java.rtcm.Rtcm -- MSM sig[4] sigid=31 sigstr=1P code=2 idx=4
04:09:10.643 [main] DEBUG org.rtklib.java.rtcm.Rtcm -- MSM after sigindex: sig[0] code=40 idx=0
04:09:10.643 [main] DEBUG org.rtklib.java.rtcm.Rtcm -- MSM after sigindex: sig[1] code=42 idx=3
04:09:10.643 [main] DEBUG org.rtklib.java.rtcm.Rtcm -- MSM after sigindex: sig[2] code=27 idx=1
04:09:10.643 [main] DEBUG org.rtklib.java.rtcm.Rtcm -- MSM after sigindex: sig[3] code=58 idx=2
04:09:10.643 [main] DEBUG org.rtklib.java.rtcm.Rtcm -- MSM after sigindex: sig[4] code=2 idx=4
04:09:10.643 [main] DEBUG org.rtklib.java.rtcm.Rtcm -- RTCM3 decoded message type=1124, length=75
04:09:10.643 [main] DEBUG org.rtklib.java.rtcm.Rtcm -- MSM BDS TOW: raw=61894000, tow=61908.0
04:09:10.643 [main] DEBUG org.rtklib.java.rtcm.Rtcm -- MSM BDS after adjweek: time.time=1780852308, time.sec=0.0
04:09:10.643 [main] DEBUG org.rtklib.java.rtcm.Rtcm -- decode_msm_head: sys=32 staid=0 nsat=2 nsig=4 sync=0 iod=0 ncell=7
04:09:10.643 [main] DEBUG org.rtklib.java.rtcm.Rtcm -- MSM sig[0] sigid=2 sigstr=2I code=40 idx=0
04:09:10.643 [main] DEBUG org.rtklib.java.rtcm.Rtcm -- MSM sig[1] sigid=8 sigstr=6I code=42 idx=3
04:09:10.643 [main] DEBUG org.rtklib.java.rtcm.Rtcm -- MSM sig[2] sigid=23 sigstr=5P code=58 idx=2
04:09:10.643 [main] DEBUG org.rtklib.java.rtcm.Rtcm -- MSM sig[3] sigid=31 sigstr=1P code=2 idx=4
04:09:10.643 [main] DEBUG org.rtklib.java.rtcm.Rtcm -- MSM after sigindex: sig[0] code=40 idx=0
04:09:10.643 [main] DEBUG org.rtklib.java.rtcm.Rtcm -- MSM after sigindex: sig[1] code=42 idx=3
04:09:10.643 [main] DEBUG org.rtklib.java.rtcm.Rtcm -- MSM after sigindex: sig[2] code=58 idx=2
04:09:10.643 [main] DEBUG org.rtklib.java.rtcm.Rtcm -- MSM after sigindex: sig[3] code=2 idx=4
04:09:10.643 [main] DEBUG org.rtklib.java.rtcm.Rtcm -- RTCM3 decoded message type=1042, length=70
04:09:10.643 [main] DEBUG org.rtklib.java.rtcm.Rtcm -- RTCM3 decoded message type=1005, length=25
04:09:10.643 [main] DEBUG org.rtklib.java.rtcm.Rtcm -- RTCM3 decoded message type=1033, length=27
04:09:10.643 [main] DEBUG org.rtklib.java.rtcm.Rtcm -- RTCM3 decoded message type=1124, length=260
04:09:10.643 [main] DEBUG org.rtklib.java.rtcm.Rtcm -- MSM BDS TOW: raw=61909000, tow=61923.0
04:09:10.643 [main] DEBUG org.rtklib.java.rtcm.Rtcm -- MSM BDS after adjweek: time.time=1780852323, time.sec=0.0
04:09:10.643 [main] DEBUG org.rtklib.java.rtcm.Rtcm -- decode_msm_head: sys=32 staid=0 nsat=12 nsig=5 sync=1 iod=0 ncell=33
04:09:10.643 [main] DEBUG org.rtklib.java.rtcm.Rtcm -- MSM sig[0] sigid=2 sigstr=2I code=40 idx=0
04:09:10.643 [main] DEBUG org.rtklib.java.rtcm.Rtcm -- MSM sig[1] sigid=8 sigstr=6I code=42 idx=3
04:09:10.643 [main] DEBUG org.rtklib.java.rtcm.Rtcm -- MSM sig[2] sigid=14 sigstr=7I code=27 idx=1
04:09:10.643 [main] DEBUG org.rtklib.java.rtcm.Rtcm -- MSM sig[3] sigid=23 sigstr=5P code=58 idx=2
04:09:10.643 [main] DEBUG org.rtklib.java.rtcm.Rtcm -- MSM sig[4] sigid=31 sigstr=1P code=2 idx=4
04:09:10.643 [main] DEBUG org.rtklib.java.rtcm.Rtcm -- MSM after sigindex: sig[0] code=40 idx=0
04:09:10.643 [main] DEBUG org.rtklib.java.rtcm.Rtcm -- MSM after sigindex: sig[1] code=42 idx=3
04:09:10.643 [main] DEBUG org.rtklib.java.rtcm.Rtcm -- MSM after sigindex: sig[2] code=27 idx=1
04:09:10.643 [main] DEBUG org.rtklib.java.rtcm.Rtcm -- MSM after sigindex: sig[3] code=58 idx=2
04:09:10.643 [main] DEBUG org.rtklib.java.rtcm.Rtcm -- MSM after sigindex: sig[4] code=2 idx=4
04:09:10.643 [main] DEBUG org.rtklib.java.rtcm.Rtcm -- RTCM3 decoded message type=1124, length=75
04:09:10.643 [main] DEBUG org.rtklib.java.rtcm.Rtcm -- MSM BDS TOW: raw=61909000, tow=61923.0
04:09:10.643 [main] DEBUG org.rtklib.java.rtcm.Rtcm -- MSM BDS after adjweek: time.time=1780852323, time.sec=0.0
04:09:10.643 [main] DEBUG org.rtklib.java.rtcm.Rtcm -- decode_msm_head: sys=32 staid=0 nsat=2 nsig=4 sync=0 iod=0 ncell=7
04:09:10.643 [main] DEBUG org.rtklib.java.rtcm.Rtcm -- MSM sig[0] sigid=2 sigstr=2I code=40 idx=0
04:09:10.643 [main] DEBUG org.rtklib.java.rtcm.Rtcm -- MSM sig[1] sigid=8 sigstr=6I code=42 idx=3
04:09:10.643 [main] DEBUG org.rtklib.java.rtcm.Rtcm -- MSM sig[2] sigid=23 sigstr=5P code=58 idx=2
04:09:10.643 [main] DEBUG org.rtklib.java.rtcm.Rtcm -- MSM sig[3] sigid=31 sigstr=1P code=2 idx=4
04:09:10.643 [main] DEBUG org.rtklib.java.rtcm.Rtcm -- MSM after sigindex: sig[0] code=40 idx=0
04:09:10.643 [main] DEBUG org.rtklib.java.rtcm.Rtcm -- MSM after sigindex: sig[1] code=42 idx=3
04:09:10.643 [main] DEBUG org.rtklib.java.rtcm.Rtcm -- MSM after sigindex: sig[2] code=58 idx=2
04:09:10.643 [main] DEBUG org.rtklib.java.rtcm.Rtcm -- MSM after sigindex: sig[3] code=2 idx=4
04:09:10.643 [main] DEBUG org.rtklib.java.rtcm.Rtcm -- RTCM3 decoded message type=1042, length=70
04:09:10.643 [main] DEBUG org.rtklib.java.rtcm.Rtcm -- RTCM3 decoded message type=1005, length=25
04:09:10.643 [main] DEBUG org.rtklib.java.rtcm.Rtcm -- RTCM3 decoded message type=1033, length=27
04:09:10.643 [main] DEBUG org.rtklib.java.rtcm.Rtcm -- RTCM3 decoded message type=1124, length=260
04:09:10.643 [main] DEBUG org.rtklib.java.rtcm.Rtcm -- MSM BDS TOW: raw=61924000, tow=61938.0
04:09:10.643 [main] DEBUG org.rtklib.java.rtcm.Rtcm -- MSM BDS after adjweek: time.time=1780852338, time.sec=0.0
04:09:10.643 [main] DEBUG org.rtklib.java.rtcm.Rtcm -- decode_msm_head: sys=32 staid=0 nsat=12 nsig=5 sync=1 iod=0 ncell=33
04:09:10.643 [main] DEBUG org.rtklib.java.rtcm.Rtcm -- MSM sig[0] sigid=2 sigstr=2I code=40 idx=0
04:09:10.643 [main] DEBUG org.rtklib.java.rtcm.Rtcm -- MSM sig[1] sigid=8 sigstr=6I code=42 idx=3
04:09:10.643 [main] DEBUG org.rtklib.java.rtcm.Rtcm -- MSM sig[2] sigid=14 sigstr=7I code=27 idx=1
04:09:10.643 [main] DEBUG org.rtklib.java.rtcm.Rtcm -- MSM sig[3] sigid=23 sigstr=5P code=58 idx=2
04:09:10.643 [main] DEBUG org.rtklib.java.rtcm.Rtcm -- MSM sig[4] sigid=31 sigstr=1P code=2 idx=4
04:09:10.643 [main] DEBUG org.rtklib.java.rtcm.Rtcm -- MSM after sigindex: sig[0] code=40 idx=0
04:09:10.643 [main] DEBUG org.rtklib.java.rtcm.Rtcm -- MSM after sigindex: sig[1] code=42 idx=3
04:09:10.643 [main] DEBUG org.rtklib.java.rtcm.Rtcm -- MSM after sigindex: sig[2] code=27 idx=1
04:09:10.643 [main] DEBUG org.rtklib.java.rtcm.Rtcm -- MSM after sigindex: sig[3] code=58 idx=2
04:09:10.643 [main] DEBUG org.rtklib.java.rtcm.Rtcm -- MSM after sigindex: sig[4] code=2 idx=4
04:09:10.643 [main] DEBUG org.rtklib.java.rtcm.Rtcm -- RTCM3 decoded message type=1124, length=75
04:09:10.643 [main] DEBUG org.rtklib.java.rtcm.Rtcm -- MSM BDS TOW: raw=61924000, tow=61938.0
04:09:10.643 [main] DEBUG org.rtklib.java.rtcm.Rtcm -- MSM BDS after adjweek: time.time=1780852338, time.sec=0.0
04:09:10.643 [main] DEBUG org.rtklib.java.rtcm.Rtcm -- decode_msm_head: sys=32 staid=0 nsat=2 nsig=4 sync=0 iod=0 ncell=7
04:09:10.643 [main] DEBUG org.rtklib.java.rtcm.Rtcm -- MSM sig[0] sigid=2 sigstr=2I code=40 idx=0
04:09:10.643 [main] DEBUG org.rtklib.java.rtcm.Rtcm -- MSM sig[1] sigid=8 sigstr=6I code=42 idx=3
04:09:10.643 [main] DEBUG org.rtklib.java.rtcm.Rtcm -- MSM sig[2] sigid=23 sigstr=5P code=58 idx=2
04:09:10.643 [main] DEBUG org.rtklib.java.rtcm.Rtcm -- MSM sig[3] sigid=31 sigstr=1P code=2 idx=4
04:09:10.643 [main] DEBUG org.rtklib.java.rtcm.Rtcm -- MSM after sigindex: sig[0] code=40 idx=0
04:09:10.643 [main] DEBUG org.rtklib.java.rtcm.Rtcm -- MSM after sigindex: sig[1] code=42 idx=3
04:09:10.643 [main] DEBUG org.rtklib.java.rtcm.Rtcm -- MSM after sigindex: sig[2] code=58 idx=2
04:09:10.645 [main] DEBUG org.rtklib.java.rtcm.Rtcm -- MSM after sigindex: sig[3] code=2 idx=4
04:09:10.645 [main] DEBUG org.rtklib.java.rtcm.Rtcm -- RTCM3 decoded message type=1042, length=70
04:09:10.645 [main] DEBUG org.rtklib.java.rtcm.Rtcm -- RTCM3 decoded message type=1005, length=25
04:09:10.645 [main] DEBUG org.rtklib.java.rtcm.Rtcm -- RTCM3 decoded message type=1033, length=27
04:09:10.645 [main] DEBUG org.rtklib.java.rtcm.Rtcm -- RTCM3 decoded message type=1124, length=254
04:09:10.645 [main] DEBUG org.rtklib.java.rtcm.Rtcm -- MSM BDS TOW: raw=61939000, tow=61953.0
04:09:10.645 [main] DEBUG org.rtklib.java.rtcm.Rtcm -- MSM BDS after adjweek: time.time=1780852353, time.sec=0.0
04:09:10.645 [main] DEBUG org.rtklib.java.rtcm.Rtcm -- decode_msm_head: sys=32 staid=0 nsat=12 nsig=5 sync=1 iod=0 ncell=32
04:09:10.645 [main] DEBUG org.rtklib.java.rtcm.Rtcm -- MSM sig[0] sigid=2 sigstr=2I code=40 idx=0
04:09:10.645 [main] DEBUG org.rtklib.java.rtcm.Rtcm -- MSM sig[1] sigid=8 sigstr=6I code=42 idx=3
04:09:10.645 [main] DEBUG org.rtklib.java.rtcm.Rtcm -- MSM sig[2] sigid=14 sigstr=7I code=27 idx=1
04:09:10.645 [main] DEBUG org.rtklib.java.rtcm.Rtcm -- MSM sig[3] sigid=23 sigstr=5P code=58 idx=2
04:09:10.645 [main] DEBUG org.rtklib.java.rtcm.Rtcm -- MSM sig[4] sigid=31 sigstr=1P code=2 idx=4
04:09:10.645 [main] DEBUG org.rtklib.java.rtcm.Rtcm -- MSM after sigindex: sig[0] code=40 idx=0
04:09:10.645 [main] DEBUG org.rtklib.java.rtcm.Rtcm -- MSM after sigindex: sig[1] code=42 idx=3
04:09:10.645 [main] DEBUG org.rtklib.java.rtcm.Rtcm -- MSM after sigindex: sig[2] code=27 idx=1
04:09:10.645 [main] DEBUG org.rtklib.java.rtcm.Rtcm -- MSM after sigindex: sig[3] code=58 idx=2
04:09:10.645 [main] DEBUG org.rtklib.java.rtcm.Rtcm -- MSM after sigindex: sig[4] code=2 idx=4
04:09:10.645 [main] DEBUG org.rtklib.java.rtcm.Rtcm -- RTCM3 decoded message type=1124, length=75
04:09:10.645 [main] DEBUG org.rtklib.java.rtcm.Rtcm -- MSM BDS TOW: raw=61939000, tow=61953.0
04:09:10.645 [main] DEBUG org.rtklib.java.rtcm.Rtcm -- MSM BDS after adjweek: time.time=1780852353, time.sec=0.0
04:09:10.645 [main] DEBUG org.rtklib.java.rtcm.Rtcm -- decode_msm_head: sys=32 staid=0 nsat=2 nsig=4 sync=0 iod=0 ncell=7
04:09:10.645 [main] DEBUG org.rtklib.java.rtcm.Rtcm -- MSM sig[0] sigid=2 sigstr=2I code=40 idx=0
04:09:10.645 [main] DEBUG org.rtklib.java.rtcm.Rtcm -- MSM sig[1] sigid=8 sigstr=6I code=42 idx=3
04:09:10.645 [main] DEBUG org.rtklib.java.rtcm.Rtcm -- MSM sig[2] sigid=23 sigstr=5P code=58 idx=2
04:09:10.645 [main] DEBUG org.rtklib.java.rtcm.Rtcm -- MSM sig[3] sigid=31 sigstr=1P code=2 idx=4
04:09:10.645 [main] DEBUG org.rtklib.java.rtcm.Rtcm -- MSM after sigindex: sig[0] code=40 idx=0
04:09:10.645 [main] DEBUG org.rtklib.java.rtcm.Rtcm -- MSM after sigindex: sig[1] code=42 idx=3
04:09:10.645 [main] DEBUG org.rtklib.java.rtcm.Rtcm -- MSM after sigindex: sig[2] code=58 idx=2
04:09:10.645 [main] DEBUG org.rtklib.java.rtcm.Rtcm -- MSM after sigindex: sig[3] code=2 idx=4
04:09:10.645 [main] DEBUG org.rtklib.java.rtcm.Rtcm -- RTCM3 decoded message type=1042, length=70
04:09:10.645 [main] DEBUG org.rtklib.java.rtcm.Rtcm -- RTCM3 decoded message type=1005, length=25
04:09:10.645 [main] DEBUG org.rtklib.java.rtcm.Rtcm -- RTCM3 decoded message type=1033, length=27
04:09:10.645 [main] DEBUG org.rtklib.java.rtcm.Rtcm -- RTCM3 decoded message type=1124, length=260
04:09:10.645 [main] DEBUG org.rtklib.java.rtcm.Rtcm -- MSM BDS TOW: raw=61954000, tow=61968.0
04:09:10.645 [main] DEBUG org.rtklib.java.rtcm.Rtcm -- MSM BDS after adjweek: time.time=1780852368, time.sec=0.0
04:09:10.645 [main] DEBUG org.rtklib.java.rtcm.Rtcm -- decode_msm_head: sys=32 staid=0 nsat=12 nsig=5 sync=1 iod=0 ncell=33
04:09:10.645 [main] DEBUG org.rtklib.java.rtcm.Rtcm -- MSM sig[0] sigid=2 sigstr=2I code=40 idx=0
04:09:10.645 [main] DEBUG org.rtklib.java.rtcm.Rtcm -- MSM sig[1] sigid=8 sigstr=6I code=42 idx=3
04:09:10.645 [main] DEBUG org.rtklib.java.rtcm.Rtcm -- MSM sig[2] sigid=14 sigstr=7I code=27 idx=1
04:09:10.645 [main] DEBUG org.rtklib.java.rtcm.Rtcm -- MSM sig[3] sigid=23 sigstr=5P code=58 idx=2
04:09:10.645 [main] DEBUG org.rtklib.java.rtcm.Rtcm -- MSM sig[4] sigid=31 sigstr=1P code=2 idx=4
04:09:10.645 [main] DEBUG org.rtklib.java.rtcm.Rtcm -- MSM after sigindex: sig[0] code=40 idx=0
04:09:10.645 [main] DEBUG org.rtklib.java.rtcm.Rtcm -- MSM after sigindex: sig[1] code=42 idx=3
04:09:10.645 [main] DEBUG org.rtklib.java.rtcm.Rtcm -- MSM after sigindex: sig[2] code=27 idx=1
04:09:10.645 [main] DEBUG org.rtklib.java.rtcm.Rtcm -- MSM after sigindex: sig[3] code=58 idx=2
04:09:10.645 [main] DEBUG org.rtklib.java.rtcm.Rtcm -- MSM after sigindex: sig[4] code=2 idx=4
04:09:10.645 [main] DEBUG org.rtklib.java.rtcm.Rtcm -- RTCM3 decoded message type=1124, length=69
04:09:10.645 [main] DEBUG org.rtklib.java.rtcm.Rtcm -- MSM BDS TOW: raw=61954000, tow=61968.0
04:09:10.645 [main] DEBUG org.rtklib.java.rtcm.Rtcm -- MSM BDS after adjweek: time.time=1780852368, time.sec=0.0
04:09:10.645 [main] DEBUG org.rtklib.java.rtcm.Rtcm -- decode_msm_head: sys=32 staid=0 nsat=2 nsig=4 sync=0 iod=0 ncell=6
04:09:10.645 [main] DEBUG org.rtklib.java.rtcm.Rtcm -- MSM sig[0] sigid=2 sigstr=2I code=40 idx=0
04:09:10.645 [main] DEBUG org.rtklib.java.rtcm.Rtcm -- MSM sig[1] sigid=8 sigstr=6I code=42 idx=3
04:09:10.645 [main] DEBUG org.rtklib.java.rtcm.Rtcm -- MSM sig[2] sigid=23 sigstr=5P code=58 idx=2
04:09:10.645 [main] DEBUG org.rtklib.java.rtcm.Rtcm -- MSM sig[3] sigid=31 sigstr=1P code=2 idx=4
04:09:10.646 [main] DEBUG org.rtklib.java.rtcm.Rtcm -- MSM after sigindex: sig[0] code=40 idx=0
04:09:10.646 [main] DEBUG org.rtklib.java.rtcm.Rtcm -- MSM after sigindex: sig[1] code=42 idx=3
04:09:10.646 [main] DEBUG org.rtklib.java.rtcm.Rtcm -- MSM after sigindex: sig[2] code=58 idx=2
04:09:10.646 [main] DEBUG org.rtklib.java.rtcm.Rtcm -- MSM after sigindex: sig[3] code=2 idx=4
04:09:10.646 [main] DEBUG org.rtklib.java.rtcm.Rtcm -- RTCM3 decoded message type=1042, length=70
04:09:10.646 [main] DEBUG org.rtklib.java.rtcm.Rtcm -- RTCM3 decoded message type=1005, length=25
04:09:10.646 [main] DEBUG org.rtklib.java.rtcm.Rtcm -- RTCM3 decoded message type=1033, length=27
04:09:10.646 [main] DEBUG org.rtklib.java.rtcm.Rtcm -- RTCM3 decoded message type=1124, length=260
04:09:10.646 [main] DEBUG org.rtklib.java.rtcm.Rtcm -- MSM BDS TOW: raw=61969000, tow=61983.0
04:09:10.646 [main] DEBUG org.rtklib.java.rtcm.Rtcm -- MSM BDS after adjweek: time.time=1780852383, time.sec=0.0
04:09:10.646 [main] DEBUG org.rtklib.java.rtcm.Rtcm -- decode_msm_head: sys=32 staid=0 nsat=12 nsig=5 sync=1 iod=0 ncell=33
04:09:10.646 [main] DEBUG org.rtklib.java.rtcm.Rtcm -- MSM sig[0] sigid=2 sigstr=2I code=40 idx=0
04:09:10.646 [main] DEBUG org.rtklib.java.rtcm.Rtcm -- MSM sig[1] sigid=8 sigstr=6I code=42 idx=3
04:09:10.646 [main] DEBUG org.rtklib.java.rtcm.Rtcm -- MSM sig[2] sigid=14 sigstr=7I code=27 idx=1
04:09:10.646 [main] DEBUG org.rtklib.java.rtcm.Rtcm -- MSM sig[3] sigid=23 sigstr=5P code=58 idx=2
04:09:10.646 [main] DEBUG org.rtklib.java.rtcm.Rtcm -- MSM sig[4] sigid=31 sigstr=1P code=2 idx=4
04:09:10.646 [main] DEBUG org.rtklib.java.rtcm.Rtcm -- MSM after sigindex: sig[0] code=40 idx=0
04:09:10.646 [main] DEBUG org.rtklib.java.rtcm.Rtcm -- MSM after sigindex: sig[1] code=42 idx=3
04:09:10.646 [main] DEBUG org.rtklib.java.rtcm.Rtcm -- MSM after sigindex: sig[2] code=27 idx=1
04:09:10.646 [main] DEBUG org.rtklib.java.rtcm.Rtcm -- MSM after sigindex: sig[3] code=58 idx=2
04:09:10.646 [main] DEBUG org.rtklib.java.rtcm.Rtcm -- MSM after sigindex: sig[4] code=2 idx=4
04:09:10.646 [main] DEBUG org.rtklib.java.rtcm.Rtcm -- RTCM3 decoded message type=1124, length=75
04:09:10.646 [main] DEBUG org.rtklib.java.rtcm.Rtcm -- MSM BDS TOW: raw=61969000, tow=61983.0
04:09:10.646 [main] DEBUG org.rtklib.java.rtcm.Rtcm -- MSM BDS after adjweek: time.time=1780852383, time.sec=0.0
04:09:10.646 [main] DEBUG org.rtklib.java.rtcm.Rtcm -- decode_msm_head: sys=32 staid=0 nsat=2 nsig=4 sync=0 iod=0 ncell=7
04:09:10.646 [main] DEBUG org.rtklib.java.rtcm.Rtcm -- MSM sig[0] sigid=2 sigstr=2I code=40 idx=0
04:09:10.646 [main] DEBUG org.rtklib.java.rtcm.Rtcm -- MSM sig[1] sigid=8 sigstr=6I code=42 idx=3
04:09:10.646 [main] DEBUG org.rtklib.java.rtcm.Rtcm -- MSM sig[2] sigid=23 sigstr=5P code=58 idx=2
04:09:10.646 [main] DEBUG org.rtklib.java.rtcm.Rtcm -- MSM sig[3] sigid=31 sigstr=1P code=2 idx=4
04:09:10.646 [main] DEBUG org.rtklib.java.rtcm.Rtcm -- MSM after sigindex: sig[0] code=40 idx=0
04:09:10.646 [main] DEBUG org.rtklib.java.rtcm.Rtcm -- MSM after sigindex: sig[1] code=42 idx=3
04:09:10.646 [main] DEBUG org.rtklib.java.rtcm.Rtcm -- MSM after sigindex: sig[2] code=58 idx=2
04:09:10.646 [main] DEBUG org.rtklib.java.rtcm.Rtcm -- MSM after sigindex: sig[3] code=2 idx=4
04:09:10.646 [main] DEBUG org.rtklib.java.rtcm.Rtcm -- RTCM3 decoded message type=1042, length=70
04:09:10.646 [main] DEBUG org.rtklib.java.rtcm.Rtcm -- RTCM3 decoded message type=1005, length=25
04:09:10.646 [main] DEBUG org.rtklib.java.rtcm.Rtcm -- RTCM3 decoded message type=1033, length=27
04:09:10.646 [main] DEBUG org.rtklib.java.rtcm.Rtcm -- RTCM3 decoded message type=1124, length=260
04:09:10.646 [main] DEBUG org.rtklib.java.rtcm.Rtcm -- MSM BDS TOW: raw=61984000, tow=61998.0
04:09:10.646 [main] DEBUG org.rtklib.java.rtcm.Rtcm -- MSM BDS after adjweek: time.time=1780852398, time.sec=0.0
04:09:10.646 [main] DEBUG org.rtklib.java.rtcm.Rtcm -- decode_msm_head: sys=32 staid=0 nsat=12 nsig=5 sync=1 iod=0 ncell=33
04:09:10.646 [main] DEBUG org.rtklib.java.rtcm.Rtcm -- MSM sig[0] sigid=2 sigstr=2I code=40 idx=0
04:09:10.646 [main] DEBUG org.rtklib.java.rtcm.Rtcm -- MSM sig[1] sigid=8 sigstr=6I code=42 idx=3
04:09:10.646 [main] DEBUG org.rtklib.java.rtcm.Rtcm -- MSM sig[2] sigid=14 sigstr=7I code=27 idx=1
04:09:10.646 [main] DEBUG org.rtklib.java.rtcm.Rtcm -- MSM sig[3] sigid=23 sigstr=5P code=58 idx=2
04:09:10.646 [main] DEBUG org.rtklib.java.rtcm.Rtcm -- MSM sig[4] sigid=31 sigstr=1P code=2 idx=4
04:09:10.646 [main] DEBUG org.rtklib.java.rtcm.Rtcm -- MSM after sigindex: sig[0] code=40 idx=0
04:09:10.646 [main] DEBUG org.rtklib.java.rtcm.Rtcm -- MSM after sigindex: sig[1] code=42 idx=3
04:09:10.646 [main] DEBUG org.rtklib.java.rtcm.Rtcm -- MSM after sigindex: sig[2] code=27 idx=1
04:09:10.647 [main] DEBUG org.rtklib.java.rtcm.Rtcm -- MSM after sigindex: sig[3] code=58 idx=2
04:09:10.647 [main] DEBUG org.rtklib.java.rtcm.Rtcm -- MSM after sigindex: sig[4] code=2 idx=4
04:09:10.647 [main] DEBUG org.rtklib.java.rtcm.Rtcm -- RTCM3 decoded message type=1124, length=75
04:09:10.647 [main] DEBUG org.rtklib.java.rtcm.Rtcm -- MSM BDS TOW: raw=61984000, tow=61998.0
04:09:10.647 [main] DEBUG org.rtklib.java.rtcm.Rtcm -- MSM BDS after adjweek: time.time=1780852398, time.sec=0.0
04:09:10.647 [main] DEBUG org.rtklib.java.rtcm.Rtcm -- decode_msm_head: sys=32 staid=0 nsat=2 nsig=4 sync=0 iod=0 ncell=7
04:09:10.647 [main] DEBUG org.rtklib.java.rtcm.Rtcm -- MSM sig[0] sigid=2 sigstr=2I code=40 idx=0
04:09:10.647 [main] DEBUG org.rtklib.java.rtcm.Rtcm -- MSM sig[1] sigid=8 sigstr=6I code=42 idx=3
04:09:10.647 [main] DEBUG org.rtklib.java.rtcm.Rtcm -- MSM sig[2] sigid=23 sigstr=5P code=58 idx=2
04:09:10.647 [main] DEBUG org.rtklib.java.rtcm.Rtcm -- MSM sig[3] sigid=31 sigstr=1P code=2 idx=4
04:09:10.647 [main] DEBUG org.rtklib.java.rtcm.Rtcm -- MSM after sigindex: sig[0] code=40 idx=0
04:09:10.647 [main] DEBUG org.rtklib.java.rtcm.Rtcm -- MSM after sigindex: sig[1] code=42 idx=3
04:09:10.647 [main] DEBUG org.rtklib.java.rtcm.Rtcm -- MSM after sigindex: sig[2] code=58 idx=2
04:09:10.647 [main] DEBUG org.rtklib.java.rtcm.Rtcm -- MSM after sigindex: sig[3] code=2 idx=4
04:09:10.647 [main] DEBUG org.rtklib.java.rtcm.Rtcm -- RTCM3 decoded message type=1042, length=70
04:09:10.647 [main] DEBUG org.rtklib.java.rtcm.Rtcm -- RTCM3 decoded message type=1005, length=25
04:09:10.647 [main] DEBUG org.rtklib.java.rtcm.Rtcm -- RTCM3 decoded message type=1033, length=27
04:09:10.647 [main] DEBUG org.rtklib.java.rtcm.Rtcm -- RTCM3 decoded message type=1124, length=260
04:09:10.647 [main] DEBUG org.rtklib.java.rtcm.Rtcm -- MSM BDS TOW: raw=61999000, tow=62013.0
04:09:10.647 [main] DEBUG org.rtklib.java.rtcm.Rtcm -- MSM BDS after adjweek: time.time=1780852413, time.sec=0.0
04:09:10.647 [main] DEBUG org.rtklib.java.rtcm.Rtcm -- decode_msm_head: sys=32 staid=0 nsat=12 nsig=5 sync=1 iod=0 ncell=33
04:09:10.647 [main] DEBUG org.rtklib.java.rtcm.Rtcm -- MSM sig[0] sigid=2 sigstr=2I code=40 idx=0
04:09:10.647 [main] DEBUG org.rtklib.java.rtcm.Rtcm -- MSM sig[1] sigid=8 sigstr=6I code=42 idx=3
04:09:10.647 [main] DEBUG org.rtklib.java.rtcm.Rtcm -- MSM sig[2] sigid=14 sigstr=7I code=27 idx=1
04:09:10.647 [main] DEBUG org.rtklib.java.rtcm.Rtcm -- MSM sig[3] sigid=23 sigstr=5P code=58 idx=2
04:09:10.647 [main] DEBUG org.rtklib.java.rtcm.Rtcm -- MSM sig[4] sigid=31 sigstr=1P code=2 idx=4
04:09:10.647 [main] DEBUG org.rtklib.java.rtcm.Rtcm -- MSM after sigindex: sig[0] code=40 idx=0
04:09:10.647 [main] DEBUG org.rtklib.java.rtcm.Rtcm -- MSM after sigindex: sig[1] code=42 idx=3
04:09:10.647 [main] DEBUG org.rtklib.java.rtcm.Rtcm -- MSM after sigindex: sig[2] code=27 idx=1
04:09:10.647 [main] DEBUG org.rtklib.java.rtcm.Rtcm -- MSM after sigindex: sig[3] code=58 idx=2
04:09:10.647 [main] DEBUG org.rtklib.java.rtcm.Rtcm -- MSM after sigindex: sig[4] code=2 idx=4
04:09:10.647 [main] DEBUG org.rtklib.java.rtcm.Rtcm -- RTCM3 decoded message type=1124, length=81
04:09:10.647 [main] DEBUG org.rtklib.java.rtcm.Rtcm -- MSM BDS TOW: raw=61999000, tow=62013.0
04:09:10.647 [main] DEBUG org.rtklib.java.rtcm.Rtcm -- MSM BDS after adjweek: time.time=1780852413, time.sec=0.0
04:09:10.647 [main] DEBUG org.rtklib.java.rtcm.Rtcm -- decode_msm_head: sys=32 staid=0 nsat=2 nsig=4 sync=0 iod=0 ncell=8
04:09:10.647 [main] DEBUG org.rtklib.java.rtcm.Rtcm -- MSM sig[0] sigid=2 sigstr=2I code=40 idx=0
04:09:10.647 [main] DEBUG org.rtklib.java.rtcm.Rtcm -- MSM sig[1] sigid=8 sigstr=6I code=42 idx=3
04:09:10.647 [main] DEBUG org.rtklib.java.rtcm.Rtcm -- MSM sig[2] sigid=23 sigstr=5P code=58 idx=2
04:09:10.647 [main] DEBUG org.rtklib.java.rtcm.Rtcm -- MSM sig[3] sigid=31 sigstr=1P code=2 idx=4
04:09:10.647 [main] DEBUG org.rtklib.java.rtcm.Rtcm -- MSM after sigindex: sig[0] code=40 idx=0
04:09:10.647 [main] DEBUG org.rtklib.java.rtcm.Rtcm -- MSM after sigindex: sig[1] code=42 idx=3
04:09:10.647 [main] DEBUG org.rtklib.java.rtcm.Rtcm -- MSM after sigindex: sig[2] code=58 idx=2
04:09:10.647 [main] DEBUG org.rtklib.java.rtcm.Rtcm -- MSM after sigindex: sig[3] code=2 idx=4
04:09:10.647 [main] DEBUG org.rtklib.java.rtcm.Rtcm -- RTCM3 decoded message type=1042, length=70
04:09:10.647 [main] DEBUG org.rtklib.java.rtcm.Rtcm -- RTCM3 decoded message type=1005, length=25
04:09:10.647 [main] DEBUG org.rtklib.java.rtcm.Rtcm -- RTCM3 decoded message type=1033, length=27
04:09:10.647 [main] DEBUG org.rtklib.java.rtcm.Rtcm -- RTCM3 decoded message type=1124, length=254
04:09:10.648 [main] DEBUG org.rtklib.java.rtcm.Rtcm -- MSM BDS TOW: raw=62014000, tow=62028.0
04:09:10.648 [main] DEBUG org.rtklib.java.rtcm.Rtcm -- MSM BDS after adjweek: time.time=1780852428, time.sec=0.0
04:09:10.648 [main] DEBUG org.rtklib.java.rtcm.Rtcm -- decode_msm_head: sys=32 staid=0 nsat=12 nsig=5 sync=1 iod=0 ncell=32
04:09:10.648 [main] DEBUG org.rtklib.java.rtcm.Rtcm -- MSM sig[0] sigid=2 sigstr=2I code=40 idx=0
04:09:10.648 [main] DEBUG org.rtklib.java.rtcm.Rtcm -- MSM sig[1] sigid=8 sigstr=6I code=42 idx=3
04:09:10.648 [main] DEBUG org.rtklib.java.rtcm.Rtcm -- MSM sig[2] sigid=14 sigstr=7I code=27 idx=1
04:09:10.648 [main] DEBUG org.rtklib.java.rtcm.Rtcm -- MSM sig[3] sigid=23 sigstr=5P code=58 idx=2
04:09:10.648 [main] DEBUG org.rtklib.java.rtcm.Rtcm -- MSM sig[4] sigid=31 sigstr=1P code=2 idx=4
04:09:10.648 [main] DEBUG org.rtklib.java.rtcm.Rtcm -- MSM after sigindex: sig[0] code=40 idx=0
04:09:10.648 [main] DEBUG org.rtklib.java.rtcm.Rtcm -- MSM after sigindex: sig[1] code=42 idx=3
04:09:10.648 [main] DEBUG org.rtklib.java.rtcm.Rtcm -- MSM after sigindex: sig[2] code=27 idx=1
04:09:10.648 [main] DEBUG org.rtklib.java.rtcm.Rtcm -- MSM after sigindex: sig[3] code=58 idx=2
04:09:10.648 [main] DEBUG org.rtklib.java.rtcm.Rtcm -- MSM after sigindex: sig[4] code=2 idx=4
04:09:10.648 [main] DEBUG org.rtklib.java.rtcm.Rtcm -- RTCM3 decoded message type=1124, length=81
04:09:10.648 [main] DEBUG org.rtklib.java.rtcm.Rtcm -- MSM BDS TOW: raw=62014000, tow=62028.0
04:09:10.648 [main] DEBUG org.rtklib.java.rtcm.Rtcm -- MSM BDS after adjweek: time.time=1780852428, time.sec=0.0
04:09:10.648 [main] DEBUG org.rtklib.java.rtcm.Rtcm -- decode_msm_head: sys=32 staid=0 nsat=2 nsig=4 sync=0 iod=0 ncell=8
04:09:10.648 [main] DEBUG org.rtklib.java.rtcm.Rtcm -- MSM sig[0] sigid=2 sigstr=2I code=40 idx=0
04:09:10.648 [main] DEBUG org.rtklib.java.rtcm.Rtcm -- MSM sig[1] sigid=8 sigstr=6I code=42 idx=3
04:09:10.648 [main] DEBUG org.rtklib.java.rtcm.Rtcm -- MSM sig[2] sigid=23 sigstr=5P code=58 idx=2
04:09:10.648 [main] DEBUG org.rtklib.java.rtcm.Rtcm -- MSM sig[3] sigid=31 sigstr=1P code=2 idx=4
04:09:10.648 [main] DEBUG org.rtklib.java.rtcm.Rtcm -- MSM after sigindex: sig[0] code=40 idx=0
04:09:10.648 [main] DEBUG org.rtklib.java.rtcm.Rtcm -- MSM after sigindex: sig[1] code=42 idx=3
04:09:10.648 [main] DEBUG org.rtklib.java.rtcm.Rtcm -- MSM after sigindex: sig[2] code=58 idx=2
04:09:10.648 [main] DEBUG org.rtklib.java.rtcm.Rtcm -- MSM after sigindex: sig[3] code=2 idx=4
04:09:10.648 [main] DEBUG org.rtklib.java.rtcm.Rtcm -- RTCM3 decoded message type=1042, length=70
04:09:10.648 [main] DEBUG org.rtklib.java.rtcm.Rtcm -- RTCM3 decoded message type=1005, length=25
04:09:10.648 [main] DEBUG org.rtklib.java.rtcm.Rtcm -- RTCM3 decoded message type=1033, length=27
04:09:10.648 [main] DEBUG org.rtklib.java.rtcm.Rtcm -- RTCM3 decoded message type=1124, length=254
04:09:10.648 [main] DEBUG org.rtklib.java.rtcm.Rtcm -- MSM BDS TOW: raw=62029000, tow=62043.0
04:09:10.648 [main] DEBUG org.rtklib.java.rtcm.Rtcm -- MSM BDS after adjweek: time.time=1780852443, time.sec=0.0
04:09:10.648 [main] DEBUG org.rtklib.java.rtcm.Rtcm -- decode_msm_head: sys=32 staid=0 nsat=12 nsig=5 sync=1 iod=0 ncell=32
04:09:10.648 [main] DEBUG org.rtklib.java.rtcm.Rtcm -- MSM sig[0] sigid=2 sigstr=2I code=40 idx=0
04:09:10.648 [main] DEBUG org.rtklib.java.rtcm.Rtcm -- MSM sig[1] sigid=8 sigstr=6I code=42 idx=3
04:09:10.648 [main] DEBUG org.rtklib.java.rtcm.Rtcm -- MSM sig[2] sigid=14 sigstr=7I code=27 idx=1
04:09:10.648 [main] DEBUG org.rtklib.java.rtcm.Rtcm -- MSM sig[3] sigid=23 sigstr=5P code=58 idx=2
04:09:10.648 [main] DEBUG org.rtklib.java.rtcm.Rtcm -- MSM sig[4] sigid=31 sigstr=1P code=2 idx=4
04:09:10.648 [main] DEBUG org.rtklib.java.rtcm.Rtcm -- MSM after sigindex: sig[0] code=40 idx=0
04:09:10.648 [main] DEBUG org.rtklib.java.rtcm.Rtcm -- MSM after sigindex: sig[1] code=42 idx=3
04:09:10.648 [main] DEBUG org.rtklib.java.rtcm.Rtcm -- MSM after sigindex: sig[2] code=27 idx=1
04:09:10.648 [main] DEBUG org.rtklib.java.rtcm.Rtcm -- MSM after sigindex: sig[3] code=58 idx=2
04:09:10.648 [main] DEBUG org.rtklib.java.rtcm.Rtcm -- MSM after sigindex: sig[4] code=2 idx=4
04:09:10.648 [main] DEBUG org.rtklib.java.rtcm.Rtcm -- RTCM3 decoded message type=1124, length=75
04:09:10.648 [main] DEBUG org.rtklib.java.rtcm.Rtcm -- MSM BDS TOW: raw=62029000, tow=62043.0
04:09:10.648 [main] DEBUG org.rtklib.java.rtcm.Rtcm -- MSM BDS after adjweek: time.time=1780852443, time.sec=0.0
04:09:10.648 [main] DEBUG org.rtklib.java.rtcm.Rtcm -- decode_msm_head: sys=32 staid=0 nsat=2 nsig=4 sync=0 iod=0 ncell=7
04:09:10.648 [main] DEBUG org.rtklib.java.rtcm.Rtcm -- MSM sig[0] sigid=2 sigstr=2I code=40 idx=0
04:09:10.648 [main] DEBUG org.rtklib.java.rtcm.Rtcm -- MSM sig[1] sigid=8 sigstr=6I code=42 idx=3
04:09:10.648 [main] DEBUG org.rtklib.java.rtcm.Rtcm -- MSM sig[2] sigid=23 sigstr=5P code=58 idx=2
04:09:10.648 [main] DEBUG org.rtklib.java.rtcm.Rtcm -- MSM sig[3] sigid=31 sigstr=1P code=2 idx=4
04:09:10.648 [main] DEBUG org.rtklib.java.rtcm.Rtcm -- MSM after sigindex: sig[0] code=40 idx=0
04:09:10.648 [main] DEBUG org.rtklib.java.rtcm.Rtcm -- MSM after sigindex: sig[1] code=42 idx=3
04:09:10.648 [main] DEBUG org.rtklib.java.rtcm.Rtcm -- MSM after sigindex: sig[2] code=58 idx=2
04:09:10.648 [main] DEBUG org.rtklib.java.rtcm.Rtcm -- MSM after sigindex: sig[3] code=2 idx=4
04:09:10.648 [main] DEBUG org.rtklib.java.rtcm.Rtcm -- RTCM3 decoded message type=1042, length=70
04:09:10.648 [main] DEBUG org.rtklib.java.rtcm.Rtcm -- RTCM3 decoded message type=1005, length=25
04:09:10.648 [main] DEBUG org.rtklib.java.rtcm.Rtcm -- RTCM3 decoded message type=1033, length=27
04:09:10.648 [main] DEBUG org.rtklib.java.rtcm.Rtcm -- RTCM3 decoded message type=1124, length=254
04:09:10.648 [main] DEBUG org.rtklib.java.rtcm.Rtcm -- MSM BDS TOW: raw=62044000, tow=62058.0
04:09:10.648 [main] DEBUG org.rtklib.java.rtcm.Rtcm -- MSM BDS after adjweek: time.time=1780852458, time.sec=0.0
04:09:10.648 [main] DEBUG org.rtklib.java.rtcm.Rtcm -- decode_msm_head: sys=32 staid=0 nsat=12 nsig=5 sync=1 iod=0 ncell=32
04:09:10.648 [main] DEBUG org.rtklib.java.rtcm.Rtcm -- MSM sig[0] sigid=2 sigstr=2I code=40 idx=0
04:09:10.648 [main] DEBUG org.rtklib.java.rtcm.Rtcm -- MSM sig[1] sigid=8 sigstr=6I code=42 idx=3
04:09:10.648 [main] DEBUG org.rtklib.java.rtcm.Rtcm -- MSM sig[2] sigid=14 sigstr=7I code=27 idx=1
04:09:10.648 [main] DEBUG org.rtklib.java.rtcm.Rtcm -- MSM sig[3] sigid=23 sigstr=5P code=58 idx=2
04:09:10.648 [main] DEBUG org.rtklib.java.rtcm.Rtcm -- MSM sig[4] sigid=31 sigstr=1P code=2 idx=4
04:09:10.648 [main] DEBUG org.rtklib.java.rtcm.Rtcm -- MSM after sigindex: sig[0] code=40 idx=0
04:09:10.648 [main] DEBUG org.rtklib.java.rtcm.Rtcm -- MSM after sigindex: sig[1] code=42 idx=3
04:09:10.648 [main] DEBUG org.rtklib.java.rtcm.Rtcm -- MSM after sigindex: sig[2] code=27 idx=1
04:09:10.648 [main] DEBUG org.rtklib.java.rtcm.Rtcm -- MSM after sigindex: sig[3] code=58 idx=2
04:09:10.648 [main] DEBUG org.rtklib.java.rtcm.Rtcm -- MSM after sigindex: sig[4] code=2 idx=4
04:09:10.648 [main] DEBUG org.rtklib.java.rtcm.Rtcm -- RTCM3 decoded message type=1124, length=81
04:09:10.648 [main] DEBUG org.rtklib.java.rtcm.Rtcm -- MSM BDS TOW: raw=62044000, tow=62058.0
04:09:10.648 [main] DEBUG org.rtklib.java.rtcm.Rtcm -- MSM BDS after adjweek: time.time=1780852458, time.sec=0.0
04:09:10.648 [main] DEBUG org.rtklib.java.rtcm.Rtcm -- decode_msm_head: sys=32 staid=0 nsat=2 nsig=4 sync=0 iod=0 ncell=8
04:09:10.648 [main] DEBUG org.rtklib.java.rtcm.Rtcm -- MSM sig[0] sigid=2 sigstr=2I code=40 idx=0
04:09:10.648 [main] DEBUG org.rtklib.java.rtcm.Rtcm -- MSM sig[1] sigid=8 sigstr=6I code=42 idx=3
04:09:10.648 [main] DEBUG org.rtklib.java.rtcm.Rtcm -- MSM sig[2] sigid=23 sigstr=5P code=58 idx=2
04:09:10.648 [main] DEBUG org.rtklib.java.rtcm.Rtcm -- MSM sig[3] sigid=31 sigstr=1P code=2 idx=4
04:09:10.648 [main] DEBUG org.rtklib.java.rtcm.Rtcm -- MSM after sigindex: sig[0] code=40 idx=0
04:09:10.648 [main] DEBUG org.rtklib.java.rtcm.Rtcm -- MSM after sigindex: sig[1] code=42 idx=3
04:09:10.648 [main] DEBUG org.rtklib.java.rtcm.Rtcm -- MSM after sigindex: sig[2] code=58 idx=2
04:09:10.648 [main] DEBUG org.rtklib.java.rtcm.Rtcm -- MSM after sigindex: sig[3] code=2 idx=4
04:09:10.648 [main] DEBUG org.rtklib.java.rtcm.Rtcm -- RTCM3 decoded message type=1042, length=70
04:09:10.648 [main] DEBUG org.rtklib.java.rtcm.Rtcm -- RTCM3 decoded message type=1005, length=25
04:09:10.648 [main] DEBUG org.rtklib.java.rtcm.Rtcm -- RTCM3 decoded message type=1033, length=27
04:09:10.648 [main] DEBUG org.rtklib.java.rtcm.Rtcm -- RTCM3 decoded message type=1124, length=260
04:09:10.648 [main] DEBUG org.rtklib.java.rtcm.Rtcm -- MSM BDS TOW: raw=62059000, tow=62073.0
04:09:10.648 [main] DEBUG org.rtklib.java.rtcm.Rtcm -- MSM BDS after adjweek: time.time=1780852473, time.sec=0.0
04:09:10.648 [main] DEBUG org.rtklib.java.rtcm.Rtcm -- decode_msm_head: sys=32 staid=0 nsat=12 nsig=5 sync=1 iod=0 ncell=33
04:09:10.648 [main] DEBUG org.rtklib.java.rtcm.Rtcm -- MSM sig[0] sigid=2 sigstr=2I code=40 idx=0
04:09:10.648 [main] DEBUG org.rtklib.java.rtcm.Rtcm -- MSM sig[1] sigid=8 sigstr=6I code=42 idx=3
04:09:10.648 [main] DEBUG org.rtklib.java.rtcm.Rtcm -- MSM sig[2] sigid=14 sigstr=7I code=27 idx=1
04:09:10.648 [main] DEBUG org.rtklib.java.rtcm.Rtcm -- MSM sig[3] sigid=23 sigstr=5P code=58 idx=2
04:09:10.648 [main] DEBUG org.rtklib.java.rtcm.Rtcm -- MSM sig[4] sigid=31 sigstr=1P code=2 idx=4
04:09:10.648 [main] DEBUG org.rtklib.java.rtcm.Rtcm -- MSM after sigindex: sig[0] code=40 idx=0
04:09:10.648 [main] DEBUG org.rtklib.java.rtcm.Rtcm -- MSM after sigindex: sig[1] code=42 idx=3
04:09:10.648 [main] DEBUG org.rtklib.java.rtcm.Rtcm -- MSM after sigindex: sig[2] code=27 idx=1
04:09:10.648 [main] DEBUG org.rtklib.java.rtcm.Rtcm -- MSM after sigindex: sig[3] code=58 idx=2
04:09:10.648 [main] DEBUG org.rtklib.java.rtcm.Rtcm -- MSM after sigindex: sig[4] code=2 idx=4
04:09:10.648 [main] DEBUG org.rtklib.java.rtcm.Rtcm -- RTCM3 decoded message type=1124, length=81
04:09:10.648 [main] DEBUG org.rtklib.java.rtcm.Rtcm -- MSM BDS TOW: raw=62059000, tow=62073.0
04:09:10.648 [main] DEBUG org.rtklib.java.rtcm.Rtcm -- MSM BDS after adjweek: time.time=1780852473, time.sec=0.0
04:09:10.648 [main] DEBUG org.rtklib.java.rtcm.Rtcm -- decode_msm_head: sys=32 staid=0 nsat=2 nsig=4 sync=0 iod=0 ncell=8
04:09:10.648 [main] DEBUG org.rtklib.java.rtcm.Rtcm -- MSM sig[0] sigid=2 sigstr=2I code=40 idx=0
04:09:10.650 [main] DEBUG org.rtklib.java.rtcm.Rtcm -- MSM sig[1] sigid=8 sigstr=6I code=42 idx=3
04:09:10.650 [main] DEBUG org.rtklib.java.rtcm.Rtcm -- MSM sig[2] sigid=23 sigstr=5P code=58 idx=2
04:09:10.650 [main] DEBUG org.rtklib.java.rtcm.Rtcm -- MSM sig[3] sigid=31 sigstr=1P code=2 idx=4
04:09:10.650 [main] DEBUG org.rtklib.java.rtcm.Rtcm -- MSM after sigindex: sig[0] code=40 idx=0
04:09:10.650 [main] DEBUG org.rtklib.java.rtcm.Rtcm -- MSM after sigindex: sig[1] code=42 idx=3
04:09:10.650 [main] DEBUG org.rtklib.java.rtcm.Rtcm -- MSM after sigindex: sig[2] code=58 idx=2
04:09:10.650 [main] DEBUG org.rtklib.java.rtcm.Rtcm -- MSM after sigindex: sig[3] code=2 idx=4
04:09:10.650 [main] DEBUG org.rtklib.java.rtcm.Rtcm -- RTCM3 decoded message type=1042, length=70
04:09:10.650 [main] DEBUG org.rtklib.java.rtcm.Rtcm -- RTCM3 decoded message type=1005, length=25
04:09:10.650 [main] DEBUG org.rtklib.java.rtcm.Rtcm -- RTCM3 decoded message type=1033, length=27
04:09:10.650 [main] DEBUG org.rtklib.java.rtcm.Rtcm -- RTCM3 decoded message type=1124, length=260
04:09:10.650 [main] DEBUG org.rtklib.java.rtcm.Rtcm -- MSM BDS TOW: raw=62074000, tow=62088.0
04:09:10.650 [main] DEBUG org.rtklib.java.rtcm.Rtcm -- MSM BDS after adjweek: time.time=1780852488, time.sec=0.0
04:09:10.650 [main] DEBUG org.rtklib.java.rtcm.Rtcm -- decode_msm_head: sys=32 staid=0 nsat=12 nsig=5 sync=1 iod=0 ncell=33
04:09:10.650 [main] DEBUG org.rtklib.java.rtcm.Rtcm -- MSM sig[0] sigid=2 sigstr=2I code=40 idx=0
04:09:10.650 [main] DEBUG org.rtklib.java.rtcm.Rtcm -- MSM sig[1] sigid=8 sigstr=6I code=42 idx=3
04:09:10.650 [main] DEBUG org.rtklib.java.rtcm.Rtcm -- MSM sig[2] sigid=14 sigstr=7I code=27 idx=1
04:09:10.650 [main] DEBUG org.rtklib.java.rtcm.Rtcm -- MSM sig[3] sigid=23 sigstr=5P code=58 idx=2
04:09:10.650 [main] DEBUG org.rtklib.java.rtcm.Rtcm -- MSM sig[4] sigid=31 sigstr=1P code=2 idx=4
04:09:10.650 [main] DEBUG org.rtklib.java.rtcm.Rtcm -- MSM after sigindex: sig[0] code=40 idx=0
04:09:10.650 [main] DEBUG org.rtklib.java.rtcm.Rtcm -- MSM after sigindex: sig[1] code=42 idx=3
04:09:10.650 [main] DEBUG org.rtklib.java.rtcm.Rtcm -- MSM after sigindex: sig[2] code=27 idx=1
04:09:10.650 [main] DEBUG org.rtklib.java.rtcm.Rtcm -- MSM after sigindex: sig[3] code=58 idx=2
04:09:10.650 [main] DEBUG org.rtklib.java.rtcm.Rtcm -- MSM after sigindex: sig[4] code=2 idx=4
04:09:10.650 [main] DEBUG org.rtklib.java.rtcm.Rtcm -- RTCM3 decoded message type=1124, length=81
04:09:10.650 [main] DEBUG org.rtklib.java.rtcm.Rtcm -- MSM BDS TOW: raw=62074000, tow=62088.0
04:09:10.650 [main] DEBUG org.rtklib.java.rtcm.Rtcm -- MSM BDS after adjweek: time.time=1780852488, time.sec=0.0
04:09:10.650 [main] DEBUG org.rtklib.java.rtcm.Rtcm -- decode_msm_head: sys=32 staid=0 nsat=2 nsig=4 sync=0 iod=0 ncell=8
04:09:10.650 [main] DEBUG org.rtklib.java.rtcm.Rtcm -- MSM sig[0] sigid=2 sigstr=2I code=40 idx=0
04:09:10.650 [main] DEBUG org.rtklib.java.rtcm.Rtcm -- MSM sig[1] sigid=8 sigstr=6I code=42 idx=3
04:09:10.650 [main] DEBUG org.rtklib.java.rtcm.Rtcm -- MSM sig[2] sigid=23 sigstr=5P code=58 idx=2
04:09:10.650 [main] DEBUG org.rtklib.java.rtcm.Rtcm -- MSM sig[3] sigid=31 sigstr=1P code=2 idx=4
04:09:10.650 [main] DEBUG org.rtklib.java.rtcm.Rtcm -- MSM after sigindex: sig[0] code=40 idx=0
04:09:10.650 [main] DEBUG org.rtklib.java.rtcm.Rtcm -- MSM after sigindex: sig[1] code=42 idx=3
04:09:10.650 [main] DEBUG org.rtklib.java.rtcm.Rtcm -- MSM after sigindex: sig[2] code=58 idx=2
04:09:10.650 [main] DEBUG org.rtklib.java.rtcm.Rtcm -- MSM after sigindex: sig[3] code=2 idx=4
04:09:10.650 [main] DEBUG org.rtklib.java.rtcm.Rtcm -- RTCM3 decoded message type=1042, length=70
04:09:10.650 [main] DEBUG org.rtklib.java.rtcm.Rtcm -- RTCM3 decoded message type=1005, length=25
04:09:10.650 [main] DEBUG org.rtklib.java.rtcm.Rtcm -- RTCM3 decoded message type=1033, length=27
04:09:10.650 [main] DEBUG org.rtklib.java.rtcm.Rtcm -- RTCM3 decoded message type=1124, length=260
04:09:10.650 [main] DEBUG org.rtklib.java.rtcm.Rtcm -- MSM BDS TOW: raw=62089000, tow=62103.0
04:09:10.650 [main] DEBUG org.rtklib.java.rtcm.Rtcm -- MSM BDS after adjweek: time.time=1780852503, time.sec=0.0
04:09:10.650 [main] DEBUG org.rtklib.java.rtcm.Rtcm -- decode_msm_head: sys=32 staid=0 nsat=12 nsig=5 sync=1 iod=0 ncell=33
04:09:10.650 [main] DEBUG org.rtklib.java.rtcm.Rtcm -- MSM sig[0] sigid=2 sigstr=2I code=40 idx=0
04:09:10.650 [main] DEBUG org.rtklib.java.rtcm.Rtcm -- MSM sig[1] sigid=8 sigstr=6I code=42 idx=3
04:09:10.650 [main] DEBUG org.rtklib.java.rtcm.Rtcm -- MSM sig[2] sigid=14 sigstr=7I code=27 idx=1
04:09:10.650 [main] DEBUG org.rtklib.java.rtcm.Rtcm -- MSM sig[3] sigid=23 sigstr=5P code=58 idx=2
04:09:10.650 [main] DEBUG org.rtklib.java.rtcm.Rtcm -- MSM sig[4] sigid=31 sigstr=1P code=2 idx=4
04:09:10.650 [main] DEBUG org.rtklib.java.rtcm.Rtcm -- MSM after sigindex: sig[0] code=40 idx=0
04:09:10.650 [main] DEBUG org.rtklib.java.rtcm.Rtcm -- MSM after sigindex: sig[1] code=42 idx=3
04:09:10.650 [main] DEBUG org.rtklib.java.rtcm.Rtcm -- MSM after sigindex: sig[2] code=27 idx=1
04:09:10.650 [main] DEBUG org.rtklib.java.rtcm.Rtcm -- MSM after sigindex: sig[3] code=58 idx=2
04:09:10.650 [main] DEBUG org.rtklib.java.rtcm.Rtcm -- MSM after sigindex: sig[4] code=2 idx=4
04:09:10.650 [main] DEBUG org.rtklib.java.rtcm.Rtcm -- RTCM3 decoded message type=1124, length=81
04:09:10.650 [main] DEBUG org.rtklib.java.rtcm.Rtcm -- MSM BDS TOW: raw=62089000, tow=62103.0
04:09:10.650 [main] DEBUG org.rtklib.java.rtcm.Rtcm -- MSM BDS after adjweek: time.time=1780852503, time.sec=0.0
04:09:10.650 [main] DEBUG org.rtklib.java.rtcm.Rtcm -- decode_msm_head: sys=32 staid=0 nsat=2 nsig=4 sync=0 iod=0 ncell=8
04:09:10.650 [main] DEBUG org.rtklib.java.rtcm.Rtcm -- MSM sig[0] sigid=2 sigstr=2I code=40 idx=0
04:09:10.650 [main] DEBUG org.rtklib.java.rtcm.Rtcm -- MSM sig[1] sigid=8 sigstr=6I code=42 idx=3
04:09:10.650 [main] DEBUG org.rtklib.java.rtcm.Rtcm -- MSM sig[2] sigid=23 sigstr=5P code=58 idx=2
04:09:10.650 [main] DEBUG org.rtklib.java.rtcm.Rtcm -- MSM sig[3] sigid=31 sigstr=1P code=2 idx=4
04:09:10.650 [main] DEBUG org.rtklib.java.rtcm.Rtcm -- MSM after sigindex: sig[0] code=40 idx=0
04:09:10.650 [main] DEBUG org.rtklib.java.rtcm.Rtcm -- MSM after sigindex: sig[1] code=42 idx=3
04:09:10.650 [main] DEBUG org.rtklib.java.rtcm.Rtcm -- MSM after sigindex: sig[2] code=58 idx=2
04:09:10.650 [main] DEBUG org.rtklib.java.rtcm.Rtcm -- MSM after sigindex: sig[3] code=2 idx=4
04:09:10.650 [main] DEBUG org.rtklib.java.rtcm.Rtcm -- RTCM3 decoded message type=1042, length=70
04:09:10.650 [main] DEBUG org.rtklib.java.rtcm.Rtcm -- RTCM3 decoded message type=1005, length=25
04:09:10.650 [main] DEBUG org.rtklib.java.rtcm.Rtcm -- RTCM3 decoded message type=1033, length=27
04:09:10.650 [main] DEBUG org.rtklib.java.rtcm.Rtcm -- RTCM3 decoded message type=1124, length=260
04:09:10.650 [main] DEBUG org.rtklib.java.rtcm.Rtcm -- MSM BDS TOW: raw=62104000, tow=62118.0
04:09:10.650 [main] DEBUG org.rtklib.java.rtcm.Rtcm -- MSM BDS after adjweek: time.time=1780852518, time.sec=0.0
04:09:10.650 [main] DEBUG org.rtklib.java.rtcm.Rtcm -- decode_msm_head: sys=32 staid=0 nsat=12 nsig=5 sync=1 iod=0 ncell=33
04:09:10.650 [main] DEBUG org.rtklib.java.rtcm.Rtcm -- MSM sig[0] sigid=2 sigstr=2I code=40 idx=0
04:09:10.650 [main] DEBUG org.rtklib.java.rtcm.Rtcm -- MSM sig[1] sigid=8 sigstr=6I code=42 idx=3
04:09:10.650 [main] DEBUG org.rtklib.java.rtcm.Rtcm -- MSM sig[2] sigid=14 sigstr=7I code=27 idx=1
04:09:10.650 [main] DEBUG org.rtklib.java.rtcm.Rtcm -- MSM sig[3] sigid=23 sigstr=5P code=58 idx=2
04:09:10.650 [main] DEBUG org.rtklib.java.rtcm.Rtcm -- MSM sig[4] sigid=31 sigstr=1P code=2 idx=4
04:09:10.650 [main] DEBUG org.rtklib.java.rtcm.Rtcm -- MSM after sigindex: sig[0] code=40 idx=0
04:09:10.650 [main] DEBUG org.rtklib.java.rtcm.Rtcm -- MSM after sigindex: sig[1] code=42 idx=3
04:09:10.650 [main] DEBUG org.rtklib.java.rtcm.Rtcm -- MSM after sigindex: sig[2] code=27 idx=1
04:09:10.650 [main] DEBUG org.rtklib.java.rtcm.Rtcm -- MSM after sigindex: sig[3] code=58 idx=2
04:09:10.650 [main] DEBUG org.rtklib.java.rtcm.Rtcm -- MSM after sigindex: sig[4] code=2 idx=4
04:09:10.651 [main] DEBUG org.rtklib.java.rtcm.Rtcm -- RTCM3 decoded message type=1124, length=81
04:09:10.651 [main] DEBUG org.rtklib.java.rtcm.Rtcm -- MSM BDS TOW: raw=62104000, tow=62118.0
04:09:10.651 [main] DEBUG org.rtklib.java.rtcm.Rtcm -- MSM BDS after adjweek: time.time=1780852518, time.sec=0.0
04:09:10.651 [main] DEBUG org.rtklib.java.rtcm.Rtcm -- decode_msm_head: sys=32 staid=0 nsat=2 nsig=4 sync=0 iod=0 ncell=8
04:09:10.651 [main] DEBUG org.rtklib.java.rtcm.Rtcm -- MSM sig[0] sigid=2 sigstr=2I code=40 idx=0
04:09:10.651 [main] DEBUG org.rtklib.java.rtcm.Rtcm -- MSM sig[1] sigid=8 sigstr=6I code=42 idx=3
04:09:10.651 [main] DEBUG org.rtklib.java.rtcm.Rtcm -- MSM sig[2] sigid=23 sigstr=5P code=58 idx=2
04:09:10.651 [main] DEBUG org.rtklib.java.rtcm.Rtcm -- MSM sig[3] sigid=31 sigstr=1P code=2 idx=4
04:09:10.651 [main] DEBUG org.rtklib.java.rtcm.Rtcm -- MSM after sigindex: sig[0] code=40 idx=0
04:09:10.651 [main] DEBUG org.rtklib.java.rtcm.Rtcm -- MSM after sigindex: sig[1] code=42 idx=3
04:09:10.651 [main] DEBUG org.rtklib.java.rtcm.Rtcm -- MSM after sigindex: sig[2] code=58 idx=2
04:09:10.651 [main] DEBUG org.rtklib.java.rtcm.Rtcm -- MSM after sigindex: sig[3] code=2 idx=4
04:09:10.651 [main] DEBUG org.rtklib.java.rtcm.Rtcm -- RTCM3 decoded message type=1042, length=70
04:09:10.651 [main] DEBUG org.rtklib.java.rtcm.Rtcm -- RTCM3 decoded message type=1005, length=25
04:09:10.651 [main] DEBUG org.rtklib.java.rtcm.Rtcm -- RTCM3 decoded message type=1033, length=27
04:09:10.651 [main] DEBUG org.rtklib.java.rtcm.Rtcm -- RTCM3 decoded message type=1124, length=266
04:09:10.651 [main] DEBUG org.rtklib.java.rtcm.Rtcm -- MSM BDS TOW: raw=62119000, tow=62133.0
04:09:10.651 [main] DEBUG org.rtklib.java.rtcm.Rtcm -- MSM BDS after adjweek: time.time=1780852533, time.sec=0.0
04:09:10.651 [main] DEBUG org.rtklib.java.rtcm.Rtcm -- decode_msm_head: sys=32 staid=0 nsat=12 nsig=5 sync=1 iod=0 ncell=34
04:09:10.651 [main] DEBUG org.rtklib.java.rtcm.Rtcm -- MSM sig[0] sigid=2 sigstr=2I code=40 idx=0
04:09:10.651 [main] DEBUG org.rtklib.java.rtcm.Rtcm -- MSM sig[1] sigid=8 sigstr=6I code=42 idx=3
04:09:10.651 [main] DEBUG org.rtklib.java.rtcm.Rtcm -- MSM sig[2] sigid=14 sigstr=7I code=27 idx=1
04:09:10.651 [main] DEBUG org.rtklib.java.rtcm.Rtcm -- MSM sig[3] sigid=23 sigstr=5P code=58 idx=2
04:09:10.651 [main] DEBUG org.rtklib.java.rtcm.Rtcm -- MSM sig[4] sigid=31 sigstr=1P code=2 idx=4
04:09:10.651 [main] DEBUG org.rtklib.java.rtcm.Rtcm -- MSM after sigindex: sig[0] code=40 idx=0
04:09:10.651 [main] DEBUG org.rtklib.java.rtcm.Rtcm -- MSM after sigindex: sig[1] code=42 idx=3
04:09:10.651 [main] DEBUG org.rtklib.java.rtcm.Rtcm -- MSM after sigindex: sig[2] code=27 idx=1
04:09:10.651 [main] DEBUG org.rtklib.java.rtcm.Rtcm -- MSM after sigindex: sig[3] code=58 idx=2
04:09:10.651 [main] DEBUG org.rtklib.java.rtcm.Rtcm -- MSM after sigindex: sig[4] code=2 idx=4
04:09:10.651 [main] DEBUG org.rtklib.java.rtcm.Rtcm -- RTCM3 decoded message type=1124, length=81
04:09:10.651 [main] DEBUG org.rtklib.java.rtcm.Rtcm -- MSM BDS TOW: raw=62119000, tow=62133.0
04:09:10.651 [main] DEBUG org.rtklib.java.rtcm.Rtcm -- MSM BDS after adjweek: time.time=1780852533, time.sec=0.0
04:09:10.651 [main] DEBUG org.rtklib.java.rtcm.Rtcm -- decode_msm_head: sys=32 staid=0 nsat=2 nsig=4 sync=0 iod=0 ncell=8
04:09:10.651 [main] DEBUG org.rtklib.java.rtcm.Rtcm -- MSM sig[0] sigid=2 sigstr=2I code=40 idx=0
04:09:10.651 [main] DEBUG org.rtklib.java.rtcm.Rtcm -- MSM sig[1] sigid=8 sigstr=6I code=42 idx=3
04:09:10.651 [main] DEBUG org.rtklib.java.rtcm.Rtcm -- MSM sig[2] sigid=23 sigstr=5P code=58 idx=2
04:09:10.651 [main] DEBUG org.rtklib.java.rtcm.Rtcm -- MSM sig[3] sigid=31 sigstr=1P code=2 idx=4
04:09:10.651 [main] DEBUG org.rtklib.java.rtcm.Rtcm -- MSM after sigindex: sig[0] code=40 idx=0
04:09:10.651 [main] DEBUG org.rtklib.java.rtcm.Rtcm -- MSM after sigindex: sig[1] code=42 idx=3
04:09:10.651 [main] DEBUG org.rtklib.java.rtcm.Rtcm -- MSM after sigindex: sig[2] code=58 idx=2
04:09:10.651 [main] DEBUG org.rtklib.java.rtcm.Rtcm -- MSM after sigindex: sig[3] code=2 idx=4
04:09:10.651 [main] DEBUG org.rtklib.java.rtcm.Rtcm -- RTCM3 decoded message type=1042, length=70
04:09:10.651 [main] DEBUG org.rtklib.java.rtcm.Rtcm -- RTCM3 decoded message type=1005, length=25
04:09:10.651 [main] DEBUG org.rtklib.java.rtcm.Rtcm -- RTCM3 decoded message type=1033, length=27
04:09:10.651 [main] DEBUG org.rtklib.java.rtcm.Rtcm -- RTCM3 decoded message type=1124, length=266
04:09:10.651 [main] DEBUG org.rtklib.java.rtcm.Rtcm -- MSM BDS TOW: raw=62134000, tow=62148.0
04:09:10.651 [main] DEBUG org.rtklib.java.rtcm.Rtcm -- MSM BDS after adjweek: time.time=1780852548, time.sec=0.0
04:09:10.651 [main] DEBUG org.rtklib.java.rtcm.Rtcm -- decode_msm_head: sys=32 staid=0 nsat=12 nsig=5 sync=1 iod=0 ncell=34
04:09:10.651 [main] DEBUG org.rtklib.java.rtcm.Rtcm -- MSM sig[0] sigid=2 sigstr=2I code=40 idx=0
04:09:10.651 [main] DEBUG org.rtklib.java.rtcm.Rtcm -- MSM sig[1] sigid=8 sigstr=6I code=42 idx=3
04:09:10.651 [main] DEBUG org.rtklib.java.rtcm.Rtcm -- MSM sig[2] sigid=14 sigstr=7I code=27 idx=1
04:09:10.651 [main] DEBUG org.rtklib.java.rtcm.Rtcm -- MSM sig[3] sigid=23 sigstr=5P code=58 idx=2
04:09:10.651 [main] DEBUG org.rtklib.java.rtcm.Rtcm -- MSM sig[4] sigid=31 sigstr=1P code=2 idx=4
04:09:10.651 [main] DEBUG org.rtklib.java.rtcm.Rtcm -- MSM after sigindex: sig[0] code=40 idx=0
04:09:10.651 [main] DEBUG org.rtklib.java.rtcm.Rtcm -- MSM after sigindex: sig[1] code=42 idx=3
04:09:10.651 [main] DEBUG org.rtklib.java.rtcm.Rtcm -- MSM after sigindex: sig[2] code=27 idx=1
04:09:10.651 [main] DEBUG org.rtklib.java.rtcm.Rtcm -- MSM after sigindex: sig[3] code=58 idx=2
04:09:10.651 [main] DEBUG org.rtklib.java.rtcm.Rtcm -- MSM after sigindex: sig[4] code=2 idx=4
04:09:10.651 [main] DEBUG org.rtklib.java.rtcm.Rtcm -- RTCM3 decoded message type=1124, length=81
04:09:10.651 [main] DEBUG org.rtklib.java.rtcm.Rtcm -- MSM BDS TOW: raw=62134000, tow=62148.0
04:09:10.652 [main] DEBUG org.rtklib.java.rtcm.Rtcm -- MSM BDS after adjweek: time.time=1780852548, time.sec=0.0
04:09:10.652 [main] DEBUG org.rtklib.java.rtcm.Rtcm -- decode_msm_head: sys=32 staid=0 nsat=2 nsig=4 sync=0 iod=0 ncell=8
04:09:10.652 [main] DEBUG org.rtklib.java.rtcm.Rtcm -- MSM sig[0] sigid=2 sigstr=2I code=40 idx=0
04:09:10.652 [main] DEBUG org.rtklib.java.rtcm.Rtcm -- MSM sig[1] sigid=8 sigstr=6I code=42 idx=3
04:09:10.652 [main] DEBUG org.rtklib.java.rtcm.Rtcm -- MSM sig[2] sigid=23 sigstr=5P code=58 idx=2
04:09:10.652 [main] DEBUG org.rtklib.java.rtcm.Rtcm -- MSM sig[3] sigid=31 sigstr=1P code=2 idx=4
04:09:10.652 [main] DEBUG org.rtklib.java.rtcm.Rtcm -- MSM after sigindex: sig[0] code=40 idx=0
04:09:10.652 [main] DEBUG org.rtklib.java.rtcm.Rtcm -- MSM after sigindex: sig[1] code=42 idx=3
04:09:10.652 [main] DEBUG org.rtklib.java.rtcm.Rtcm -- MSM after sigindex: sig[2] code=58 idx=2
04:09:10.652 [main] DEBUG org.rtklib.java.rtcm.Rtcm -- MSM after sigindex: sig[3] code=2 idx=4
04:09:10.652 [main] DEBUG org.rtklib.java.rtcm.Rtcm -- RTCM3 decoded message type=1042, length=70
04:09:10.652 [main] DEBUG org.rtklib.java.rtcm.Rtcm -- RTCM3 decoded message type=1005, length=25
04:09:10.652 [main] DEBUG org.rtklib.java.rtcm.Rtcm -- RTCM3 decoded message type=1033, length=27
04:09:10.652 [main] DEBUG org.rtklib.java.rtcm.Rtcm -- RTCM3 decoded message type=1124, length=266
04:09:10.652 [main] DEBUG org.rtklib.java.rtcm.Rtcm -- MSM BDS TOW: raw=62149000, tow=62163.0
04:09:10.652 [main] DEBUG org.rtklib.java.rtcm.Rtcm -- MSM BDS after adjweek: time.time=1780852563, time.sec=0.0
04:09:10.652 [main] DEBUG org.rtklib.java.rtcm.Rtcm -- decode_msm_head: sys=32 staid=0 nsat=12 nsig=5 sync=1 iod=0 ncell=34
04:09:10.652 [main] DEBUG org.rtklib.java.rtcm.Rtcm -- MSM sig[0] sigid=2 sigstr=2I code=40 idx=0
04:09:10.652 [main] DEBUG org.rtklib.java.rtcm.Rtcm -- MSM sig[1] sigid=8 sigstr=6I code=42 idx=3
04:09:10.652 [main] DEBUG org.rtklib.java.rtcm.Rtcm -- MSM sig[2] sigid=14 sigstr=7I code=27 idx=1
04:09:10.652 [main] DEBUG org.rtklib.java.rtcm.Rtcm -- MSM sig[3] sigid=23 sigstr=5P code=58 idx=2
04:09:10.652 [main] DEBUG org.rtklib.java.rtcm.Rtcm -- MSM sig[4] sigid=31 sigstr=1P code=2 idx=4
04:09:10.652 [main] DEBUG org.rtklib.java.rtcm.Rtcm -- MSM after sigindex: sig[0] code=40 idx=0
04:09:10.652 [main] DEBUG org.rtklib.java.rtcm.Rtcm -- MSM after sigindex: sig[1] code=42 idx=3
04:09:10.652 [main] DEBUG org.rtklib.java.rtcm.Rtcm -- MSM after sigindex: sig[2] code=27 idx=1
04:09:10.652 [main] DEBUG org.rtklib.java.rtcm.Rtcm -- MSM after sigindex: sig[3] code=58 idx=2
04:09:10.652 [main] DEBUG org.rtklib.java.rtcm.Rtcm -- MSM after sigindex: sig[4] code=2 idx=4
04:09:10.652 [main] DEBUG org.rtklib.java.rtcm.Rtcm -- RTCM3 decoded message type=1124, length=81
04:09:10.652 [main] DEBUG org.rtklib.java.rtcm.Rtcm -- MSM BDS TOW: raw=62149000, tow=62163.0
04:09:10.652 [main] DEBUG org.rtklib.java.rtcm.Rtcm -- MSM BDS after adjweek: time.time=1780852563, time.sec=0.0
04:09:10.652 [main] DEBUG org.rtklib.java.rtcm.Rtcm -- decode_msm_head: sys=32 staid=0 nsat=2 nsig=4 sync=0 iod=0 ncell=8
04:09:10.652 [main] DEBUG org.rtklib.java.rtcm.Rtcm -- MSM sig[0] sigid=2 sigstr=2I code=40 idx=0
04:09:10.652 [main] DEBUG org.rtklib.java.rtcm.Rtcm -- MSM sig[1] sigid=8 sigstr=6I code=42 idx=3
04:09:10.652 [main] DEBUG org.rtklib.java.rtcm.Rtcm -- MSM sig[2] sigid=23 sigstr=5P code=58 idx=2
04:09:10.652 [main] DEBUG org.rtklib.java.rtcm.Rtcm -- MSM sig[3] sigid=31 sigstr=1P code=2 idx=4
04:09:10.652 [main] DEBUG org.rtklib.java.rtcm.Rtcm -- MSM after sigindex: sig[0] code=40 idx=0
04:09:10.652 [main] DEBUG org.rtklib.java.rtcm.Rtcm -- MSM after sigindex: sig[1] code=42 idx=3
04:09:10.652 [main] DEBUG org.rtklib.java.rtcm.Rtcm -- MSM after sigindex: sig[2] code=58 idx=2
04:09:10.652 [main] DEBUG org.rtklib.java.rtcm.Rtcm -- MSM after sigindex: sig[3] code=2 idx=4
04:09:10.652 [main] DEBUG org.rtklib.java.rtcm.Rtcm -- RTCM3 decoded message type=1042, length=70
04:09:10.652 [main] DEBUG org.rtklib.java.rtcm.Rtcm -- RTCM3 decoded message type=1005, length=25
04:09:10.652 [main] DEBUG org.rtklib.java.rtcm.Rtcm -- RTCM3 decoded message type=1033, length=27
04:09:10.652 [main] DEBUG org.rtklib.java.rtcm.Rtcm -- RTCM3 decoded message type=1124, length=266
04:09:10.652 [main] DEBUG org.rtklib.java.rtcm.Rtcm -- MSM BDS TOW: raw=62164000, tow=62178.0
04:09:10.652 [main] DEBUG org.rtklib.java.rtcm.Rtcm -- MSM BDS after adjweek: time.time=1780852578, time.sec=0.0
04:09:10.653 [main] DEBUG org.rtklib.java.rtcm.Rtcm -- decode_msm_head: sys=32 staid=0 nsat=12 nsig=5 sync=1 iod=0 ncell=34
04:09:10.653 [main] DEBUG org.rtklib.java.rtcm.Rtcm -- MSM sig[0] sigid=2 sigstr=2I code=40 idx=0
04:09:10.653 [main] DEBUG org.rtklib.java.rtcm.Rtcm -- MSM sig[1] sigid=8 sigstr=6I code=42 idx=3
04:09:10.653 [main] DEBUG org.rtklib.java.rtcm.Rtcm -- MSM sig[2] sigid=14 sigstr=7I code=27 idx=1
04:09:10.653 [main] DEBUG org.rtklib.java.rtcm.Rtcm -- MSM sig[3] sigid=23 sigstr=5P code=58 idx=2
04:09:10.653 [main] DEBUG org.rtklib.java.rtcm.Rtcm -- MSM sig[4] sigid=31 sigstr=1P code=2 idx=4
04:09:10.653 [main] DEBUG org.rtklib.java.rtcm.Rtcm -- MSM after sigindex: sig[0] code=40 idx=0
04:09:10.653 [main] DEBUG org.rtklib.java.rtcm.Rtcm -- MSM after sigindex: sig[1] code=42 idx=3
04:09:10.653 [main] DEBUG org.rtklib.java.rtcm.Rtcm -- MSM after sigindex: sig[2] code=27 idx=1
04:09:10.653 [main] DEBUG org.rtklib.java.rtcm.Rtcm -- MSM after sigindex: sig[3] code=58 idx=2
04:09:10.653 [main] DEBUG org.rtklib.java.rtcm.Rtcm -- MSM after sigindex: sig[4] code=2 idx=4
04:09:10.653 [main] DEBUG org.rtklib.java.rtcm.Rtcm -- RTCM3 decoded message type=1124, length=81
04:09:10.653 [main] DEBUG org.rtklib.java.rtcm.Rtcm -- MSM BDS TOW: raw=62164000, tow=62178.0
04:09:10.653 [main] DEBUG org.rtklib.java.rtcm.Rtcm -- MSM BDS after adjweek: time.time=1780852578, time.sec=0.0
04:09:10.653 [main] DEBUG org.rtklib.java.rtcm.Rtcm -- decode_msm_head: sys=32 staid=0 nsat=2 nsig=4 sync=0 iod=0 ncell=8
04:09:10.653 [main] DEBUG org.rtklib.java.rtcm.Rtcm -- MSM sig[0] sigid=2 sigstr=2I code=40 idx=0
04:09:10.653 [main] DEBUG org.rtklib.java.rtcm.Rtcm -- MSM sig[1] sigid=8 sigstr=6I code=42 idx=3
04:09:10.653 [main] DEBUG org.rtklib.java.rtcm.Rtcm -- MSM sig[2] sigid=23 sigstr=5P code=58 idx=2
04:09:10.653 [main] DEBUG org.rtklib.java.rtcm.Rtcm -- MSM sig[3] sigid=31 sigstr=1P code=2 idx=4
04:09:10.653 [main] DEBUG org.rtklib.java.rtcm.Rtcm -- MSM after sigindex: sig[0] code=40 idx=0
04:09:10.653 [main] DEBUG org.rtklib.java.rtcm.Rtcm -- MSM after sigindex: sig[1] code=42 idx=3
04:09:10.653 [main] DEBUG org.rtklib.java.rtcm.Rtcm -- MSM after sigindex: sig[2] code=58 idx=2
04:09:10.653 [main] DEBUG org.rtklib.java.rtcm.Rtcm -- MSM after sigindex: sig[3] code=2 idx=4
04:09:10.653 [main] DEBUG org.rtklib.java.rtcm.Rtcm -- RTCM3 decoded message type=1042, length=70
04:09:10.653 [main] DEBUG org.rtklib.java.rtcm.Rtcm -- RTCM3 decoded message type=1005, length=25
04:09:10.653 [main] DEBUG org.rtklib.java.rtcm.Rtcm -- RTCM3 decoded message type=1033, length=27
04:09:10.653 [main] DEBUG org.rtklib.java.rtcm.Rtcm -- RTCM3 decoded message type=1124, length=266
04:09:10.653 [main] DEBUG org.rtklib.java.rtcm.Rtcm -- MSM BDS TOW: raw=62179000, tow=62193.0
04:09:10.653 [main] DEBUG org.rtklib.java.rtcm.Rtcm -- MSM BDS after adjweek: time.time=1780852593, time.sec=0.0
04:09:10.653 [main] DEBUG org.rtklib.java.rtcm.Rtcm -- decode_msm_head: sys=32 staid=0 nsat=12 nsig=5 sync=1 iod=0 ncell=34
04:09:10.653 [main] DEBUG org.rtklib.java.rtcm.Rtcm -- MSM sig[0] sigid=2 sigstr=2I code=40 idx=0
04:09:10.653 [main] DEBUG org.rtklib.java.rtcm.Rtcm -- MSM sig[1] sigid=8 sigstr=6I code=42 idx=3
04:09:10.653 [main] DEBUG org.rtklib.java.rtcm.Rtcm -- MSM sig[2] sigid=14 sigstr=7I code=27 idx=1
04:09:10.653 [main] DEBUG org.rtklib.java.rtcm.Rtcm -- MSM sig[3] sigid=23 sigstr=5P code=58 idx=2
04:09:10.653 [main] DEBUG org.rtklib.java.rtcm.Rtcm -- MSM sig[4] sigid=31 sigstr=1P code=2 idx=4
04:09:10.653 [main] DEBUG org.rtklib.java.rtcm.Rtcm -- MSM after sigindex: sig[0] code=40 idx=0
04:09:10.653 [main] DEBUG org.rtklib.java.rtcm.Rtcm -- MSM after sigindex: sig[1] code=42 idx=3
04:09:10.653 [main] DEBUG org.rtklib.java.rtcm.Rtcm -- MSM after sigindex: sig[2] code=27 idx=1
04:09:10.653 [main] DEBUG org.rtklib.java.rtcm.Rtcm -- MSM after sigindex: sig[3] code=58 idx=2
04:09:10.653 [main] DEBUG org.rtklib.java.rtcm.Rtcm -- MSM after sigindex: sig[4] code=2 idx=4
04:09:10.653 [main] DEBUG org.rtklib.java.rtcm.Rtcm -- RTCM3 decoded message type=1124, length=81
04:09:10.653 [main] DEBUG org.rtklib.java.rtcm.Rtcm -- MSM BDS TOW: raw=62179000, tow=62193.0
04:09:10.653 [main] DEBUG org.rtklib.java.rtcm.Rtcm -- MSM BDS after adjweek: time.time=1780852593, time.sec=0.0
04:09:10.653 [main] DEBUG org.rtklib.java.rtcm.Rtcm -- decode_msm_head: sys=32 staid=0 nsat=2 nsig=4 sync=0 iod=0 ncell=8
04:09:10.653 [main] DEBUG org.rtklib.java.rtcm.Rtcm -- MSM sig[0] sigid=2 sigstr=2I code=40 idx=0
04:09:10.653 [main] DEBUG org.rtklib.java.rtcm.Rtcm -- MSM sig[1] sigid=8 sigstr=6I code=42 idx=3
04:09:10.654 [main] DEBUG org.rtklib.java.rtcm.Rtcm -- MSM sig[2] sigid=23 sigstr=5P code=58 idx=2
04:09:10.654 [main] DEBUG org.rtklib.java.rtcm.Rtcm -- MSM sig[3] sigid=31 sigstr=1P code=2 idx=4
04:09:10.654 [main] DEBUG org.rtklib.java.rtcm.Rtcm -- MSM after sigindex: sig[0] code=40 idx=0
04:09:10.654 [main] DEBUG org.rtklib.java.rtcm.Rtcm -- MSM after sigindex: sig[1] code=42 idx=3
04:09:10.654 [main] DEBUG org.rtklib.java.rtcm.Rtcm -- MSM after sigindex: sig[2] code=58 idx=2
04:09:10.654 [main] DEBUG org.rtklib.java.rtcm.Rtcm -- MSM after sigindex: sig[3] code=2 idx=4
04:09:10.654 [main] DEBUG org.rtklib.java.rtcm.Rtcm -- RTCM3 decoded message type=1042, length=70
04:09:10.654 [main] DEBUG org.rtklib.java.rtcm.Rtcm -- RTCM3 decoded message type=1005, length=25
04:09:10.654 [main] DEBUG org.rtklib.java.rtcm.Rtcm -- RTCM3 decoded message type=1033, length=27
04:09:10.654 [main] DEBUG org.rtklib.java.rtcm.Rtcm -- RTCM3 decoded message type=1124, length=260
04:09:10.654 [main] DEBUG org.rtklib.java.rtcm.Rtcm -- MSM BDS TOW: raw=62194000, tow=62208.0
04:09:10.654 [main] DEBUG org.rtklib.java.rtcm.Rtcm -- MSM BDS after adjweek: time.time=1780852608, time.sec=0.0
04:09:10.654 [main] DEBUG org.rtklib.java.rtcm.Rtcm -- decode_msm_head: sys=32 staid=0 nsat=12 nsig=5 sync=1 iod=0 ncell=33
04:09:10.654 [main] DEBUG org.rtklib.java.rtcm.Rtcm -- MSM sig[0] sigid=2 sigstr=2I code=40 idx=0
04:09:10.654 [main] DEBUG org.rtklib.java.rtcm.Rtcm -- MSM sig[1] sigid=8 sigstr=6I code=42 idx=3
04:09:10.654 [main] DEBUG org.rtklib.java.rtcm.Rtcm -- MSM sig[2] sigid=14 sigstr=7I code=27 idx=1
04:09:10.654 [main] DEBUG org.rtklib.java.rtcm.Rtcm -- MSM sig[3] sigid=23 sigstr=5P code=58 idx=2
04:09:10.654 [main] DEBUG org.rtklib.java.rtcm.Rtcm -- MSM sig[4] sigid=31 sigstr=1P code=2 idx=4
04:09:10.654 [main] DEBUG org.rtklib.java.rtcm.Rtcm -- MSM after sigindex: sig[0] code=40 idx=0
04:09:10.654 [main] DEBUG org.rtklib.java.rtcm.Rtcm -- MSM after sigindex: sig[1] code=42 idx=3
04:09:10.654 [main] DEBUG org.rtklib.java.rtcm.Rtcm -- MSM after sigindex: sig[2] code=27 idx=1
04:09:10.654 [main] DEBUG org.rtklib.java.rtcm.Rtcm -- MSM after sigindex: sig[3] code=58 idx=2
04:09:10.654 [main] DEBUG org.rtklib.java.rtcm.Rtcm -- MSM after sigindex: sig[4] code=2 idx=4
04:09:10.654 [main] DEBUG org.rtklib.java.rtcm.Rtcm -- RTCM3 decoded message type=1124, length=81
04:09:10.654 [main] DEBUG org.rtklib.java.rtcm.Rtcm -- MSM BDS TOW: raw=62194000, tow=62208.0
04:09:10.654 [main] DEBUG org.rtklib.java.rtcm.Rtcm -- MSM BDS after adjweek: time.time=1780852608, time.sec=0.0
04:09:10.654 [main] DEBUG org.rtklib.java.rtcm.Rtcm -- decode_msm_head: sys=32 staid=0 nsat=2 nsig=4 sync=0 iod=0 ncell=8
04:09:10.654 [main] DEBUG org.rtklib.java.rtcm.Rtcm -- MSM sig[0] sigid=2 sigstr=2I code=40 idx=0
04:09:10.654 [main] DEBUG org.rtklib.java.rtcm.Rtcm -- MSM sig[1] sigid=8 sigstr=6I code=42 idx=3
04:09:10.654 [main] DEBUG org.rtklib.java.rtcm.Rtcm -- MSM sig[2] sigid=23 sigstr=5P code=58 idx=2
04:09:10.654 [main] DEBUG org.rtklib.java.rtcm.Rtcm -- MSM sig[3] sigid=31 sigstr=1P code=2 idx=4
04:09:10.654 [main] DEBUG org.rtklib.java.rtcm.Rtcm -- MSM after sigindex: sig[0] code=40 idx=0
04:09:10.654 [main] DEBUG org.rtklib.java.rtcm.Rtcm -- MSM after sigindex: sig[1] code=42 idx=3
04:09:10.654 [main] DEBUG org.rtklib.java.rtcm.Rtcm -- MSM after sigindex: sig[2] code=58 idx=2
04:09:10.654 [main] DEBUG org.rtklib.java.rtcm.Rtcm -- MSM after sigindex: sig[3] code=2 idx=4
04:09:10.654 [main] DEBUG org.rtklib.java.rtcm.Rtcm -- RTCM3 decoded message type=1042, length=70
04:09:10.654 [main] DEBUG org.rtklib.java.rtcm.Rtcm -- RTCM3 decoded message type=1005, length=25
04:09:10.654 [main] DEBUG org.rtklib.java.rtcm.Rtcm -- RTCM3 decoded message type=1033, length=27
04:09:10.654 [main] DEBUG org.rtklib.java.rtcm.Rtcm -- RTCM3 decoded message type=1124, length=248
04:09:10.654 [main] DEBUG org.rtklib.java.rtcm.Rtcm -- MSM BDS TOW: raw=62209000, tow=62223.0
04:09:10.654 [main] DEBUG org.rtklib.java.rtcm.Rtcm -- MSM BDS after adjweek: time.time=1780852623, time.sec=0.0
04:09:10.654 [main] DEBUG org.rtklib.java.rtcm.Rtcm -- decode_msm_head: sys=32 staid=0 nsat=12 nsig=5 sync=1 iod=0 ncell=31
04:09:10.654 [main] DEBUG org.rtklib.java.rtcm.Rtcm -- MSM sig[0] sigid=2 sigstr=2I code=40 idx=0
04:09:10.654 [main] DEBUG org.rtklib.java.rtcm.Rtcm -- MSM sig[1] sigid=8 sigstr=6I code=42 idx=3
04:09:10.655 [main] DEBUG org.rtklib.java.rtcm.Rtcm -- MSM sig[2] sigid=14 sigstr=7I code=27 idx=1
04:09:10.655 [main] DEBUG org.rtklib.java.rtcm.Rtcm -- MSM sig[3] sigid=23 sigstr=5P code=58 idx=2
04:09:10.655 [main] DEBUG org.rtklib.java.rtcm.Rtcm -- MSM sig[4] sigid=31 sigstr=1P code=2 idx=4
04:09:10.655 [main] DEBUG org.rtklib.java.rtcm.Rtcm -- MSM after sigindex: sig[0] code=40 idx=0
04:09:10.655 [main] DEBUG org.rtklib.java.rtcm.Rtcm -- MSM after sigindex: sig[1] code=42 idx=3
04:09:10.655 [main] DEBUG org.rtklib.java.rtcm.Rtcm -- MSM after sigindex: sig[2] code=27 idx=1
04:09:10.655 [main] DEBUG org.rtklib.java.rtcm.Rtcm -- MSM after sigindex: sig[3] code=58 idx=2
04:09:10.655 [main] DEBUG org.rtklib.java.rtcm.Rtcm -- MSM after sigindex: sig[4] code=2 idx=4
04:09:10.655 [main] DEBUG org.rtklib.java.rtcm.Rtcm -- RTCM3 decoded message type=1124, length=81
04:09:10.655 [main] DEBUG org.rtklib.java.rtcm.Rtcm -- MSM BDS TOW: raw=62209000, tow=62223.0
04:09:10.655 [main] DEBUG org.rtklib.java.rtcm.Rtcm -- MSM BDS after adjweek: time.time=1780852623, time.sec=0.0
04:09:10.655 [main] DEBUG org.rtklib.java.rtcm.Rtcm -- decode_msm_head: sys=32 staid=0 nsat=2 nsig=4 sync=0 iod=0 ncell=8
04:09:10.655 [main] DEBUG org.rtklib.java.rtcm.Rtcm -- MSM sig[0] sigid=2 sigstr=2I code=40 idx=0
04:09:10.655 [main] DEBUG org.rtklib.java.rtcm.Rtcm -- MSM sig[1] sigid=8 sigstr=6I code=42 idx=3
04:09:10.655 [main] DEBUG org.rtklib.java.rtcm.Rtcm -- MSM sig[2] sigid=23 sigstr=5P code=58 idx=2
04:09:10.655 [main] DEBUG org.rtklib.java.rtcm.Rtcm -- MSM sig[3] sigid=31 sigstr=1P code=2 idx=4
04:09:10.655 [main] DEBUG org.rtklib.java.rtcm.Rtcm -- MSM after sigindex: sig[0] code=40 idx=0
04:09:10.655 [main] DEBUG org.rtklib.java.rtcm.Rtcm -- MSM after sigindex: sig[1] code=42 idx=3
04:09:10.655 [main] DEBUG org.rtklib.java.rtcm.Rtcm -- MSM after sigindex: sig[2] code=58 idx=2
04:09:10.655 [main] DEBUG org.rtklib.java.rtcm.Rtcm -- MSM after sigindex: sig[3] code=2 idx=4
04:09:10.655 [main] DEBUG org.rtklib.java.rtcm.Rtcm -- RTCM3 decoded message type=1042, length=70
04:09:10.655 [main] DEBUG org.rtklib.java.rtcm.Rtcm -- RTCM3 decoded message type=1005, length=25
04:09:10.655 [main] DEBUG org.rtklib.java.rtcm.Rtcm -- RTCM3 decoded message type=1033, length=27
04:09:10.655 [main] DEBUG org.rtklib.java.rtcm.Rtcm -- RTCM3 decoded message type=1124, length=260
04:09:10.655 [main] DEBUG org.rtklib.java.rtcm.Rtcm -- MSM BDS TOW: raw=62224000, tow=62238.0
04:09:10.655 [main] DEBUG org.rtklib.java.rtcm.Rtcm -- MSM BDS after adjweek: time.time=1780852638, time.sec=0.0
04:09:10.655 [main] DEBUG org.rtklib.java.rtcm.Rtcm -- decode_msm_head: sys=32 staid=0 nsat=12 nsig=5 sync=1 iod=0 ncell=33
04:09:10.655 [main] DEBUG org.rtklib.java.rtcm.Rtcm -- MSM sig[0] sigid=2 sigstr=2I code=40 idx=0
04:09:10.655 [main] DEBUG org.rtklib.java.rtcm.Rtcm -- MSM sig[1] sigid=8 sigstr=6I code=42 idx=3
04:09:10.655 [main] DEBUG org.rtklib.java.rtcm.Rtcm -- MSM sig[2] sigid=14 sigstr=7I code=27 idx=1
04:09:10.655 [main] DEBUG org.rtklib.java.rtcm.Rtcm -- MSM sig[3] sigid=23 sigstr=5P code=58 idx=2
04:09:10.655 [main] DEBUG org.rtklib.java.rtcm.Rtcm -- MSM sig[4] sigid=31 sigstr=1P code=2 idx=4
04:09:10.655 [main] DEBUG org.rtklib.java.rtcm.Rtcm -- MSM after sigindex: sig[0] code=40 idx=0
04:09:10.655 [main] DEBUG org.rtklib.java.rtcm.Rtcm -- MSM after sigindex: sig[1] code=42 idx=3
04:09:10.655 [main] DEBUG org.rtklib.java.rtcm.Rtcm -- MSM after sigindex: sig[2] code=27 idx=1
04:09:10.655 [main] DEBUG org.rtklib.java.rtcm.Rtcm -- MSM after sigindex: sig[3] code=58 idx=2
04:09:10.655 [main] DEBUG org.rtklib.java.rtcm.Rtcm -- MSM after sigindex: sig[4] code=2 idx=4
04:09:10.655 [main] DEBUG org.rtklib.java.rtcm.Rtcm -- RTCM3 decoded message type=1124, length=75
04:09:10.655 [main] DEBUG org.rtklib.java.rtcm.Rtcm -- MSM BDS TOW: raw=62224000, tow=62238.0
04:09:10.655 [main] DEBUG org.rtklib.java.rtcm.Rtcm -- MSM BDS after adjweek: time.time=1780852638, time.sec=0.0
04:09:10.655 [main] DEBUG org.rtklib.java.rtcm.Rtcm -- decode_msm_head: sys=32 staid=0 nsat=2 nsig=4 sync=0 iod=0 ncell=7
04:09:10.655 [main] DEBUG org.rtklib.java.rtcm.Rtcm -- MSM sig[0] sigid=2 sigstr=2I code=40 idx=0
04:09:10.655 [main] DEBUG org.rtklib.java.rtcm.Rtcm -- MSM sig[1] sigid=8 sigstr=6I code=42 idx=3
04:09:10.655 [main] DEBUG org.rtklib.java.rtcm.Rtcm -- MSM sig[2] sigid=23 sigstr=5P code=58 idx=2
04:09:10.655 [main] DEBUG org.rtklib.java.rtcm.Rtcm -- MSM sig[3] sigid=31 sigstr=1P code=2 idx=4
04:09:10.655 [main] DEBUG org.rtklib.java.rtcm.Rtcm -- MSM after sigindex: sig[0] code=40 idx=0
04:09:10.655 [main] DEBUG org.rtklib.java.rtcm.Rtcm -- MSM after sigindex: sig[1] code=42 idx=3
04:09:10.655 [main] DEBUG org.rtklib.java.rtcm.Rtcm -- MSM after sigindex: sig[2] code=58 idx=2
04:09:10.655 [main] DEBUG org.rtklib.java.rtcm.Rtcm -- MSM after sigindex: sig[3] code=2 idx=4
04:09:10.655 [main] DEBUG org.rtklib.java.rtcm.Rtcm -- RTCM3 decoded message type=1042, length=70
04:09:10.655 [main] DEBUG org.rtklib.java.rtcm.Rtcm -- RTCM3 decoded message type=1005, length=25
04:09:10.655 [main] DEBUG org.rtklib.java.rtcm.Rtcm -- RTCM3 decoded message type=1033, length=27
04:09:10.655 [main] DEBUG org.rtklib.java.rtcm.Rtcm -- RTCM3 decoded message type=1124, length=260
04:09:10.655 [main] DEBUG org.rtklib.java.rtcm.Rtcm -- MSM BDS TOW: raw=62239000, tow=62253.0
04:09:10.655 [main] DEBUG org.rtklib.java.rtcm.Rtcm -- MSM BDS after adjweek: time.time=1780852653, time.sec=0.0
04:09:10.655 [main] DEBUG org.rtklib.java.rtcm.Rtcm -- decode_msm_head: sys=32 staid=0 nsat=12 nsig=5 sync=1 iod=0 ncell=33
04:09:10.655 [main] DEBUG org.rtklib.java.rtcm.Rtcm -- MSM sig[0] sigid=2 sigstr=2I code=40 idx=0
04:09:10.655 [main] DEBUG org.rtklib.java.rtcm.Rtcm -- MSM sig[1] sigid=8 sigstr=6I code=42 idx=3
04:09:10.655 [main] DEBUG org.rtklib.java.rtcm.Rtcm -- MSM sig[2] sigid=14 sigstr=7I code=27 idx=1
04:09:10.655 [main] DEBUG org.rtklib.java.rtcm.Rtcm -- MSM sig[3] sigid=23 sigstr=5P code=58 idx=2
04:09:10.655 [main] DEBUG org.rtklib.java.rtcm.Rtcm -- MSM sig[4] sigid=31 sigstr=1P code=2 idx=4
04:09:10.655 [main] DEBUG org.rtklib.java.rtcm.Rtcm -- MSM after sigindex: sig[0] code=40 idx=0
04:09:10.655 [main] DEBUG org.rtklib.java.rtcm.Rtcm -- MSM after sigindex: sig[1] code=42 idx=3
04:09:10.655 [main] DEBUG org.rtklib.java.rtcm.Rtcm -- MSM after sigindex: sig[2] code=27 idx=1
04:09:10.655 [main] DEBUG org.rtklib.java.rtcm.Rtcm -- MSM after sigindex: sig[3] code=58 idx=2
04:09:10.655 [main] DEBUG org.rtklib.java.rtcm.Rtcm -- MSM after sigindex: sig[4] code=2 idx=4
04:09:10.655 [main] DEBUG org.rtklib.java.rtcm.Rtcm -- RTCM3 decoded message type=1124, length=69
04:09:10.655 [main] DEBUG org.rtklib.java.rtcm.Rtcm -- MSM BDS TOW: raw=62239000, tow=62253.0
04:09:10.655 [main] DEBUG org.rtklib.java.rtcm.Rtcm -- MSM BDS after adjweek: time.time=1780852653, time.sec=0.0
04:09:10.655 [main] DEBUG org.rtklib.java.rtcm.Rtcm -- decode_msm_head: sys=32 staid=0 nsat=2 nsig=4 sync=0 iod=0 ncell=6
04:09:10.655 [main] DEBUG org.rtklib.java.rtcm.Rtcm -- MSM sig[0] sigid=2 sigstr=2I code=40 idx=0
04:09:10.655 [main] DEBUG org.rtklib.java.rtcm.Rtcm -- MSM sig[1] sigid=8 sigstr=6I code=42 idx=3
04:09:10.655 [main] DEBUG org.rtklib.java.rtcm.Rtcm -- MSM sig[2] sigid=23 sigstr=5P code=58 idx=2
04:09:10.655 [main] DEBUG org.rtklib.java.rtcm.Rtcm -- MSM sig[3] sigid=31 sigstr=1P code=2 idx=4
04:09:10.655 [main] DEBUG org.rtklib.java.rtcm.Rtcm -- MSM after sigindex: sig[0] code=40 idx=0
04:09:10.655 [main] DEBUG org.rtklib.java.rtcm.Rtcm -- MSM after sigindex: sig[1] code=42 idx=3
04:09:10.655 [main] DEBUG org.rtklib.java.rtcm.Rtcm -- MSM after sigindex: sig[2] code=58 idx=2
04:09:10.655 [main] DEBUG org.rtklib.java.rtcm.Rtcm -- MSM after sigindex: sig[3] code=2 idx=4
04:09:10.655 [main] DEBUG org.rtklib.java.rtcm.Rtcm -- RTCM3 decoded message type=1042, length=70
04:09:10.655 [main] DEBUG org.rtklib.java.rtcm.Rtcm -- RTCM3 decoded message type=1005, length=25
04:09:10.655 [main] DEBUG org.rtklib.java.rtcm.Rtcm -- RTCM3 decoded message type=1033, length=27
04:09:10.655 [main] DEBUG org.rtklib.java.rtcm.Rtcm -- RTCM3 decoded message type=1124, length=260
04:09:10.655 [main] DEBUG org.rtklib.java.rtcm.Rtcm -- MSM BDS TOW: raw=62254000, tow=62268.0
04:09:10.655 [main] DEBUG org.rtklib.java.rtcm.Rtcm -- MSM BDS after adjweek: time.time=1780852668, time.sec=0.0
04:09:10.655 [main] DEBUG org.rtklib.java.rtcm.Rtcm -- decode_msm_head: sys=32 staid=0 nsat=12 nsig=5 sync=1 iod=0 ncell=33
04:09:10.655 [main] DEBUG org.rtklib.java.rtcm.Rtcm -- MSM sig[0] sigid=2 sigstr=2I code=40 idx=0
04:09:10.655 [main] DEBUG org.rtklib.java.rtcm.Rtcm -- MSM sig[1] sigid=8 sigstr=6I code=42 idx=3
04:09:10.655 [main] DEBUG org.rtklib.java.rtcm.Rtcm -- MSM sig[2] sigid=14 sigstr=7I code=27 idx=1
04:09:10.656 [main] DEBUG org.rtklib.java.rtcm.Rtcm -- MSM sig[3] sigid=23 sigstr=5P code=58 idx=2
04:09:10.656 [main] DEBUG org.rtklib.java.rtcm.Rtcm -- MSM sig[4] sigid=31 sigstr=1P code=2 idx=4
04:09:10.656 [main] DEBUG org.rtklib.java.rtcm.Rtcm -- MSM after sigindex: sig[0] code=40 idx=0
04:09:10.656 [main] DEBUG org.rtklib.java.rtcm.Rtcm -- MSM after sigindex: sig[1] code=42 idx=3
04:09:10.656 [main] DEBUG org.rtklib.java.rtcm.Rtcm -- MSM after sigindex: sig[2] code=27 idx=1
04:09:10.656 [main] DEBUG org.rtklib.java.rtcm.Rtcm -- MSM after sigindex: sig[3] code=58 idx=2
04:09:10.656 [main] DEBUG org.rtklib.java.rtcm.Rtcm -- MSM after sigindex: sig[4] code=2 idx=4
04:09:10.656 [main] DEBUG org.rtklib.java.rtcm.Rtcm -- RTCM3 decoded message type=1124, length=69
04:09:10.656 [main] DEBUG org.rtklib.java.rtcm.Rtcm -- MSM BDS TOW: raw=62254000, tow=62268.0
04:09:10.656 [main] DEBUG org.rtklib.java.rtcm.Rtcm -- MSM BDS after adjweek: time.time=1780852668, time.sec=0.0
04:09:10.656 [main] DEBUG org.rtklib.java.rtcm.Rtcm -- decode_msm_head: sys=32 staid=0 nsat=2 nsig=4 sync=0 iod=0 ncell=6
04:09:10.656 [main] DEBUG org.rtklib.java.rtcm.Rtcm -- MSM sig[0] sigid=2 sigstr=2I code=40 idx=0
04:09:10.656 [main] DEBUG org.rtklib.java.rtcm.Rtcm -- MSM sig[1] sigid=8 sigstr=6I code=42 idx=3
04:09:10.656 [main] DEBUG org.rtklib.java.rtcm.Rtcm -- MSM sig[2] sigid=23 sigstr=5P code=58 idx=2
04:09:10.656 [main] DEBUG org.rtklib.java.rtcm.Rtcm -- MSM sig[3] sigid=31 sigstr=1P code=2 idx=4
04:09:10.656 [main] DEBUG org.rtklib.java.rtcm.Rtcm -- MSM after sigindex: sig[0] code=40 idx=0
04:09:10.656 [main] DEBUG org.rtklib.java.rtcm.Rtcm -- MSM after sigindex: sig[1] code=42 idx=3
04:09:10.656 [main] DEBUG org.rtklib.java.rtcm.Rtcm -- MSM after sigindex: sig[2] code=58 idx=2
04:09:10.656 [main] DEBUG org.rtklib.java.rtcm.Rtcm -- MSM after sigindex: sig[3] code=2 idx=4
04:09:10.656 [main] DEBUG org.rtklib.java.rtcm.Rtcm -- RTCM3 decoded message type=1042, length=70
04:09:10.656 [main] DEBUG org.rtklib.java.rtcm.Rtcm -- RTCM3 decoded message type=1005, length=25
04:09:10.656 [main] DEBUG org.rtklib.java.rtcm.Rtcm -- RTCM3 decoded message type=1033, length=27
04:09:10.656 [main] DEBUG org.rtklib.java.rtcm.Rtcm -- RTCM3 decoded message type=1124, length=266
04:09:10.656 [main] DEBUG org.rtklib.java.rtcm.Rtcm -- MSM BDS TOW: raw=62269000, tow=62283.0
04:09:10.656 [main] DEBUG org.rtklib.java.rtcm.Rtcm -- MSM BDS after adjweek: time.time=1780852683, time.sec=0.0
04:09:10.656 [main] DEBUG org.rtklib.java.rtcm.Rtcm -- decode_msm_head: sys=32 staid=0 nsat=12 nsig=5 sync=1 iod=0 ncell=34
04:09:10.656 [main] DEBUG org.rtklib.java.rtcm.Rtcm -- MSM sig[0] sigid=2 sigstr=2I code=40 idx=0
04:09:10.656 [main] DEBUG org.rtklib.java.rtcm.Rtcm -- MSM sig[1] sigid=8 sigstr=6I code=42 idx=3
04:09:10.656 [main] DEBUG org.rtklib.java.rtcm.Rtcm -- MSM sig[2] sigid=14 sigstr=7I code=27 idx=1
04:09:10.656 [main] DEBUG org.rtklib.java.rtcm.Rtcm -- MSM sig[3] sigid=23 sigstr=5P code=58 idx=2
04:09:10.656 [main] DEBUG org.rtklib.java.rtcm.Rtcm -- MSM sig[4] sigid=31 sigstr=1P code=2 idx=4
04:09:10.656 [main] DEBUG org.rtklib.java.rtcm.Rtcm -- MSM after sigindex: sig[0] code=40 idx=0
04:09:10.656 [main] DEBUG org.rtklib.java.rtcm.Rtcm -- MSM after sigindex: sig[1] code=42 idx=3
04:09:10.656 [main] DEBUG org.rtklib.java.rtcm.Rtcm -- MSM after sigindex: sig[2] code=27 idx=1
04:09:10.656 [main] DEBUG org.rtklib.java.rtcm.Rtcm -- MSM after sigindex: sig[3] code=58 idx=2
04:09:10.656 [main] DEBUG org.rtklib.java.rtcm.Rtcm -- MSM after sigindex: sig[4] code=2 idx=4
04:09:10.656 [main] DEBUG org.rtklib.java.rtcm.Rtcm -- RTCM3 decoded message type=1124, length=81
04:09:10.656 [main] DEBUG org.rtklib.java.rtcm.Rtcm -- MSM BDS TOW: raw=62269000, tow=62283.0
04:09:10.656 [main] DEBUG org.rtklib.java.rtcm.Rtcm -- MSM BDS after adjweek: time.time=1780852683, time.sec=0.0
04:09:10.656 [main] DEBUG org.rtklib.java.rtcm.Rtcm -- decode_msm_head: sys=32 staid=0 nsat=2 nsig=4 sync=0 iod=0 ncell=8
04:09:10.656 [main] DEBUG org.rtklib.java.rtcm.Rtcm -- MSM sig[0] sigid=2 sigstr=2I code=40 idx=0
04:09:10.656 [main] DEBUG org.rtklib.java.rtcm.Rtcm -- MSM sig[1] sigid=8 sigstr=6I code=42 idx=3
04:09:10.656 [main] DEBUG org.rtklib.java.rtcm.Rtcm -- MSM sig[2] sigid=23 sigstr=5P code=58 idx=2
04:09:10.656 [main] DEBUG org.rtklib.java.rtcm.Rtcm -- MSM sig[3] sigid=31 sigstr=1P code=2 idx=4
04:09:10.656 [main] DEBUG org.rtklib.java.rtcm.Rtcm -- MSM after sigindex: sig[0] code=40 idx=0
04:09:10.656 [main] DEBUG org.rtklib.java.rtcm.Rtcm -- MSM after sigindex: sig[1] code=42 idx=3
04:09:10.656 [main] DEBUG org.rtklib.java.rtcm.Rtcm -- MSM after sigindex: sig[2] code=58 idx=2
04:09:10.656 [main] DEBUG org.rtklib.java.rtcm.Rtcm -- MSM after sigindex: sig[3] code=2 idx=4
04:09:10.656 [main] DEBUG org.rtklib.java.rtcm.Rtcm -- RTCM3 decoded message type=1042, length=70
04:09:10.656 [main] DEBUG org.rtklib.java.rtcm.Rtcm -- RTCM3 decoded message type=1005, length=25
04:09:10.656 [main] DEBUG org.rtklib.java.rtcm.Rtcm -- RTCM3 decoded message type=1033, length=27
04:09:10.656 [main] DEBUG org.rtklib.java.rtcm.Rtcm -- RTCM3 decoded message type=1124, length=266
04:09:10.656 [main] DEBUG org.rtklib.java.rtcm.Rtcm -- MSM BDS TOW: raw=62284000, tow=62298.0
04:09:10.656 [main] DEBUG org.rtklib.java.rtcm.Rtcm -- MSM BDS after adjweek: time.time=1780852698, time.sec=0.0
04:09:10.657 [main] DEBUG org.rtklib.java.rtcm.Rtcm -- decode_msm_head: sys=32 staid=0 nsat=12 nsig=5 sync=1 iod=0 ncell=34
04:09:10.657 [main] DEBUG org.rtklib.java.rtcm.Rtcm -- MSM sig[0] sigid=2 sigstr=2I code=40 idx=0
04:09:10.657 [main] DEBUG org.rtklib.java.rtcm.Rtcm -- MSM sig[1] sigid=8 sigstr=6I code=42 idx=3
04:09:10.657 [main] DEBUG org.rtklib.java.rtcm.Rtcm -- MSM sig[2] sigid=14 sigstr=7I code=27 idx=1
04:09:10.657 [main] DEBUG org.rtklib.java.rtcm.Rtcm -- MSM sig[3] sigid=23 sigstr=5P code=58 idx=2
04:09:10.657 [main] DEBUG org.rtklib.java.rtcm.Rtcm -- MSM sig[4] sigid=31 sigstr=1P code=2 idx=4
04:09:10.657 [main] DEBUG org.rtklib.java.rtcm.Rtcm -- MSM after sigindex: sig[0] code=40 idx=0
04:09:10.657 [main] DEBUG org.rtklib.java.rtcm.Rtcm -- MSM after sigindex: sig[1] code=42 idx=3
04:09:10.657 [main] DEBUG org.rtklib.java.rtcm.Rtcm -- MSM after sigindex: sig[2] code=27 idx=1
04:09:10.657 [main] DEBUG org.rtklib.java.rtcm.Rtcm -- MSM after sigindex: sig[3] code=58 idx=2
04:09:10.657 [main] DEBUG org.rtklib.java.rtcm.Rtcm -- MSM after sigindex: sig[4] code=2 idx=4
04:09:10.657 [main] DEBUG org.rtklib.java.rtcm.Rtcm -- RTCM3 decoded message type=1124, length=75
04:09:10.657 [main] DEBUG org.rtklib.java.rtcm.Rtcm -- MSM BDS TOW: raw=62284000, tow=62298.0
04:09:10.657 [main] DEBUG org.rtklib.java.rtcm.Rtcm -- MSM BDS after adjweek: time.time=1780852698, time.sec=0.0
04:09:10.657 [main] DEBUG org.rtklib.java.rtcm.Rtcm -- decode_msm_head: sys=32 staid=0 nsat=2 nsig=4 sync=0 iod=0 ncell=7
04:09:10.657 [main] DEBUG org.rtklib.java.rtcm.Rtcm -- MSM sig[0] sigid=2 sigstr=2I code=40 idx=0
04:09:10.657 [main] DEBUG org.rtklib.java.rtcm.Rtcm -- MSM sig[1] sigid=8 sigstr=6I code=42 idx=3
04:09:10.657 [main] DEBUG org.rtklib.java.rtcm.Rtcm -- MSM sig[2] sigid=23 sigstr=5P code=58 idx=2
04:09:10.657 [main] DEBUG org.rtklib.java.rtcm.Rtcm -- MSM sig[3] sigid=31 sigstr=1P code=2 idx=4
04:09:10.657 [main] DEBUG org.rtklib.java.rtcm.Rtcm -- MSM after sigindex: sig[0] code=40 idx=0
04:09:10.657 [main] DEBUG org.rtklib.java.rtcm.Rtcm -- MSM after sigindex: sig[1] code=42 idx=3
04:09:10.657 [main] DEBUG org.rtklib.java.rtcm.Rtcm -- MSM after sigindex: sig[2] code=58 idx=2
04:09:10.657 [main] DEBUG org.rtklib.java.rtcm.Rtcm -- MSM after sigindex: sig[3] code=2 idx=4
04:09:10.657 [main] DEBUG org.rtklib.java.rtcm.Rtcm -- RTCM3 decoded message type=1042, length=70
04:09:10.657 [main] DEBUG org.rtklib.java.rtcm.Rtcm -- RTCM3 decoded message type=1005, length=25
04:09:10.657 [main] DEBUG org.rtklib.java.rtcm.Rtcm -- RTCM3 decoded message type=1033, length=27
04:09:10.657 [main] DEBUG org.rtklib.java.rtcm.Rtcm -- RTCM3 decoded message type=1124, length=266
04:09:10.657 [main] DEBUG org.rtklib.java.rtcm.Rtcm -- MSM BDS TOW: raw=62299000, tow=62313.0
04:09:10.657 [main] DEBUG org.rtklib.java.rtcm.Rtcm -- MSM BDS after adjweek: time.time=1780852713, time.sec=0.0
04:09:10.657 [main] DEBUG org.rtklib.java.rtcm.Rtcm -- decode_msm_head: sys=32 staid=0 nsat=12 nsig=5 sync=1 iod=0 ncell=34
04:09:10.657 [main] DEBUG org.rtklib.java.rtcm.Rtcm -- MSM sig[0] sigid=2 sigstr=2I code=40 idx=0
04:09:10.657 [main] DEBUG org.rtklib.java.rtcm.Rtcm -- MSM sig[1] sigid=8 sigstr=6I code=42 idx=3
04:09:10.657 [main] DEBUG org.rtklib.java.rtcm.Rtcm -- MSM sig[2] sigid=14 sigstr=7I code=27 idx=1
04:09:10.657 [main] DEBUG org.rtklib.java.rtcm.Rtcm -- MSM sig[3] sigid=23 sigstr=5P code=58 idx=2
04:09:10.657 [main] DEBUG org.rtklib.java.rtcm.Rtcm -- MSM sig[4] sigid=31 sigstr=1P code=2 idx=4
04:09:10.657 [main] DEBUG org.rtklib.java.rtcm.Rtcm -- MSM after sigindex: sig[0] code=40 idx=0
04:09:10.657 [main] DEBUG org.rtklib.java.rtcm.Rtcm -- MSM after sigindex: sig[1] code=42 idx=3
04:09:10.657 [main] DEBUG org.rtklib.java.rtcm.Rtcm -- MSM after sigindex: sig[2] code=27 idx=1
04:09:10.657 [main] DEBUG org.rtklib.java.rtcm.Rtcm -- MSM after sigindex: sig[3] code=58 idx=2
04:09:10.657 [main] DEBUG org.rtklib.java.rtcm.Rtcm -- MSM after sigindex: sig[4] code=2 idx=4
04:09:10.657 [main] DEBUG org.rtklib.java.rtcm.Rtcm -- RTCM3 decoded message type=1124, length=75
04:09:10.657 [main] DEBUG org.rtklib.java.rtcm.Rtcm -- MSM BDS TOW: raw=62299000, tow=62313.0
04:09:10.657 [main] DEBUG org.rtklib.java.rtcm.Rtcm -- MSM BDS after adjweek: time.time=1780852713, time.sec=0.0
04:09:10.657 [main] DEBUG org.rtklib.java.rtcm.Rtcm -- decode_msm_head: sys=32 staid=0 nsat=2 nsig=4 sync=0 iod=0 ncell=7
04:09:10.657 [main] DEBUG org.rtklib.java.rtcm.Rtcm -- MSM sig[0] sigid=2 sigstr=2I code=40 idx=0
04:09:10.657 [main] DEBUG org.rtklib.java.rtcm.Rtcm -- MSM sig[1] sigid=8 sigstr=6I code=42 idx=3
04:09:10.657 [main] DEBUG org.rtklib.java.rtcm.Rtcm -- MSM sig[2] sigid=23 sigstr=5P code=58 idx=2
04:09:10.657 [main] DEBUG org.rtklib.java.rtcm.Rtcm -- MSM sig[3] sigid=31 sigstr=1P code=2 idx=4
04:09:10.657 [main] DEBUG org.rtklib.java.rtcm.Rtcm -- MSM after sigindex: sig[0] code=40 idx=0
04:09:10.657 [main] DEBUG org.rtklib.java.rtcm.Rtcm -- MSM after sigindex: sig[1] code=42 idx=3
04:09:10.657 [main] DEBUG org.rtklib.java.rtcm.Rtcm -- MSM after sigindex: sig[2] code=58 idx=2
04:09:10.657 [main] DEBUG org.rtklib.java.rtcm.Rtcm -- MSM after sigindex: sig[3] code=2 idx=4
04:09:10.657 [main] DEBUG org.rtklib.java.rtcm.Rtcm -- RTCM3 decoded message type=1042, length=70
04:09:10.657 [main] DEBUG org.rtklib.java.rtcm.Rtcm -- RTCM3 decoded message type=1005, length=25
04:09:10.657 [main] DEBUG org.rtklib.java.rtcm.Rtcm -- RTCM3 decoded message type=1033, length=27
04:09:10.657 [main] DEBUG org.rtklib.java.rtcm.Rtcm -- RTCM3 decoded message type=1124, length=260
04:09:10.657 [main] DEBUG org.rtklib.java.rtcm.Rtcm -- MSM BDS TOW: raw=62314000, tow=62328.0
04:09:10.657 [main] DEBUG org.rtklib.java.rtcm.Rtcm -- MSM BDS after adjweek: time.time=1780852728, time.sec=0.0
04:09:10.657 [main] DEBUG org.rtklib.java.rtcm.Rtcm -- decode_msm_head: sys=32 staid=0 nsat=12 nsig=5 sync=1 iod=0 ncell=33
04:09:10.657 [main] DEBUG org.rtklib.java.rtcm.Rtcm -- MSM sig[0] sigid=2 sigstr=2I code=40 idx=0
04:09:10.657 [main] DEBUG org.rtklib.java.rtcm.Rtcm -- MSM sig[1] sigid=8 sigstr=6I code=42 idx=3
04:09:10.657 [main] DEBUG org.rtklib.java.rtcm.Rtcm -- MSM sig[2] sigid=14 sigstr=7I code=27 idx=1
04:09:10.657 [main] DEBUG org.rtklib.java.rtcm.Rtcm -- MSM sig[3] sigid=23 sigstr=5P code=58 idx=2
04:09:10.657 [main] DEBUG org.rtklib.java.rtcm.Rtcm -- MSM sig[4] sigid=31 sigstr=1P code=2 idx=4
04:09:10.657 [main] DEBUG org.rtklib.java.rtcm.Rtcm -- MSM after sigindex: sig[0] code=40 idx=0
04:09:10.657 [main] DEBUG org.rtklib.java.rtcm.Rtcm -- MSM after sigindex: sig[1] code=42 idx=3
04:09:10.657 [main] DEBUG org.rtklib.java.rtcm.Rtcm -- MSM after sigindex: sig[2] code=27 idx=1
04:09:10.657 [main] DEBUG org.rtklib.java.rtcm.Rtcm -- MSM after sigindex: sig[3] code=58 idx=2
04:09:10.657 [main] DEBUG org.rtklib.java.rtcm.Rtcm -- MSM after sigindex: sig[4] code=2 idx=4
04:09:10.657 [main] DEBUG org.rtklib.java.rtcm.Rtcm -- RTCM3 decoded message type=1124, length=75
04:09:10.657 [main] DEBUG org.rtklib.java.rtcm.Rtcm -- MSM BDS TOW: raw=62314000, tow=62328.0
04:09:10.657 [main] DEBUG org.rtklib.java.rtcm.Rtcm -- MSM BDS after adjweek: time.time=1780852728, time.sec=0.0
04:09:10.657 [main] DEBUG org.rtklib.java.rtcm.Rtcm -- decode_msm_head: sys=32 staid=0 nsat=2 nsig=4 sync=0 iod=0 ncell=7
04:09:10.657 [main] DEBUG org.rtklib.java.rtcm.Rtcm -- MSM sig[0] sigid=2 sigstr=2I code=40 idx=0
04:09:10.657 [main] DEBUG org.rtklib.java.rtcm.Rtcm -- MSM sig[1] sigid=8 sigstr=6I code=42 idx=3
04:09:10.657 [main] DEBUG org.rtklib.java.rtcm.Rtcm -- MSM sig[2] sigid=23 sigstr=5P code=58 idx=2
04:09:10.657 [main] DEBUG org.rtklib.java.rtcm.Rtcm -- MSM sig[3] sigid=31 sigstr=1P code=2 idx=4
04:09:10.657 [main] DEBUG org.rtklib.java.rtcm.Rtcm -- MSM after sigindex: sig[0] code=40 idx=0
04:09:10.657 [main] DEBUG org.rtklib.java.rtcm.Rtcm -- MSM after sigindex: sig[1] code=42 idx=3
04:09:10.657 [main] DEBUG org.rtklib.java.rtcm.Rtcm -- MSM after sigindex: sig[2] code=58 idx=2
04:09:10.657 [main] DEBUG org.rtklib.java.rtcm.Rtcm -- MSM after sigindex: sig[3] code=2 idx=4
04:09:10.657 [main] DEBUG org.rtklib.java.rtcm.Rtcm -- RTCM3 decoded message type=1042, length=70
04:09:10.657 [main] DEBUG org.rtklib.java.rtcm.Rtcm -- RTCM3 decoded message type=1005, length=25
04:09:10.657 [main] DEBUG org.rtklib.java.rtcm.Rtcm -- RTCM3 decoded message type=1033, length=27
04:09:10.657 [main] DEBUG org.rtklib.java.rtcm.Rtcm -- RTCM3 decoded message type=1124, length=266
04:09:10.657 [main] DEBUG org.rtklib.java.rtcm.Rtcm -- MSM BDS TOW: raw=62329000, tow=62343.0
04:09:10.657 [main] DEBUG org.rtklib.java.rtcm.Rtcm -- MSM BDS after adjweek: time.time=1780852743, time.sec=0.0
04:09:10.657 [main] DEBUG org.rtklib.java.rtcm.Rtcm -- decode_msm_head: sys=32 staid=0 nsat=12 nsig=5 sync=1 iod=0 ncell=34
04:09:10.657 [main] DEBUG org.rtklib.java.rtcm.Rtcm -- MSM sig[0] sigid=2 sigstr=2I code=40 idx=0
04:09:10.657 [main] DEBUG org.rtklib.java.rtcm.Rtcm -- MSM sig[1] sigid=8 sigstr=6I code=42 idx=3
04:09:10.657 [main] DEBUG org.rtklib.java.rtcm.Rtcm -- MSM sig[2] sigid=14 sigstr=7I code=27 idx=1
04:09:10.657 [main] DEBUG org.rtklib.java.rtcm.Rtcm -- MSM sig[3] sigid=23 sigstr=5P code=58 idx=2
04:09:10.657 [main] DEBUG org.rtklib.java.rtcm.Rtcm -- MSM sig[4] sigid=31 sigstr=1P code=2 idx=4
04:09:10.657 [main] DEBUG org.rtklib.java.rtcm.Rtcm -- MSM after sigindex: sig[0] code=40 idx=0
04:09:10.657 [main] DEBUG org.rtklib.java.rtcm.Rtcm -- MSM after sigindex: sig[1] code=42 idx=3
04:09:10.657 [main] DEBUG org.rtklib.java.rtcm.Rtcm -- MSM after sigindex: sig[2] code=27 idx=1
04:09:10.657 [main] DEBUG org.rtklib.java.rtcm.Rtcm -- MSM after sigindex: sig[3] code=58 idx=2
04:09:10.657 [main] DEBUG org.rtklib.java.rtcm.Rtcm -- MSM after sigindex: sig[4] code=2 idx=4
04:09:10.657 [main] DEBUG org.rtklib.java.rtcm.Rtcm -- RTCM3 decoded message type=1124, length=75
04:09:10.657 [main] DEBUG org.rtklib.java.rtcm.Rtcm -- MSM BDS TOW: raw=62329000, tow=62343.0
04:09:10.657 [main] DEBUG org.rtklib.java.rtcm.Rtcm -- MSM BDS after adjweek: time.time=1780852743, time.sec=0.0
04:09:10.657 [main] DEBUG org.rtklib.java.rtcm.Rtcm -- decode_msm_head: sys=32 staid=0 nsat=2 nsig=4 sync=0 iod=0 ncell=7
04:09:10.657 [main] DEBUG org.rtklib.java.rtcm.Rtcm -- MSM sig[0] sigid=2 sigstr=2I code=40 idx=0
04:09:10.657 [main] DEBUG org.rtklib.java.rtcm.Rtcm -- MSM sig[1] sigid=8 sigstr=6I code=42 idx=3
04:09:10.658 [main] DEBUG org.rtklib.java.rtcm.Rtcm -- MSM sig[2] sigid=23 sigstr=5P code=58 idx=2
04:09:10.658 [main] DEBUG org.rtklib.java.rtcm.Rtcm -- MSM sig[3] sigid=31 sigstr=1P code=2 idx=4
04:09:10.658 [main] DEBUG org.rtklib.java.rtcm.Rtcm -- MSM after sigindex: sig[0] code=40 idx=0
04:09:10.658 [main] DEBUG org.rtklib.java.rtcm.Rtcm -- MSM after sigindex: sig[1] code=42 idx=3
04:09:10.658 [main] DEBUG org.rtklib.java.rtcm.Rtcm -- MSM after sigindex: sig[2] code=58 idx=2
04:09:10.658 [main] DEBUG org.rtklib.java.rtcm.Rtcm -- MSM after sigindex: sig[3] code=2 idx=4
04:09:10.658 [main] DEBUG org.rtklib.java.rtcm.Rtcm -- RTCM3 decoded message type=1042, length=70
04:09:10.658 [main] DEBUG org.rtklib.java.rtcm.Rtcm -- RTCM3 decoded message type=1005, length=25
04:09:10.658 [main] DEBUG org.rtklib.java.rtcm.Rtcm -- RTCM3 decoded message type=1033, length=27
04:09:10.658 [main] DEBUG org.rtklib.java.rtcm.Rtcm -- RTCM3 decoded message type=1124, length=266
04:09:10.658 [main] DEBUG org.rtklib.java.rtcm.Rtcm -- MSM BDS TOW: raw=62344000, tow=62358.0
04:09:10.658 [main] DEBUG org.rtklib.java.rtcm.Rtcm -- MSM BDS after adjweek: time.time=1780852758, time.sec=0.0
04:09:10.658 [main] DEBUG org.rtklib.java.rtcm.Rtcm -- decode_msm_head: sys=32 staid=0 nsat=12 nsig=5 sync=1 iod=0 ncell=34
04:09:10.658 [main] DEBUG org.rtklib.java.rtcm.Rtcm -- MSM sig[0] sigid=2 sigstr=2I code=40 idx=0
04:09:10.658 [main] DEBUG org.rtklib.java.rtcm.Rtcm -- MSM sig[1] sigid=8 sigstr=6I code=42 idx=3
04:09:10.658 [main] DEBUG org.rtklib.java.rtcm.Rtcm -- MSM sig[2] sigid=14 sigstr=7I code=27 idx=1
04:09:10.658 [main] DEBUG org.rtklib.java.rtcm.Rtcm -- MSM sig[3] sigid=23 sigstr=5P code=58 idx=2
04:09:10.658 [main] DEBUG org.rtklib.java.rtcm.Rtcm -- MSM sig[4] sigid=31 sigstr=1P code=2 idx=4
04:09:10.658 [main] DEBUG org.rtklib.java.rtcm.Rtcm -- MSM after sigindex: sig[0] code=40 idx=0
04:09:10.658 [main] DEBUG org.rtklib.java.rtcm.Rtcm -- MSM after sigindex: sig[1] code=42 idx=3
04:09:10.658 [main] DEBUG org.rtklib.java.rtcm.Rtcm -- MSM after sigindex: sig[2] code=27 idx=1
04:09:10.658 [main] DEBUG org.rtklib.java.rtcm.Rtcm -- MSM after sigindex: sig[3] code=58 idx=2
04:09:10.658 [main] DEBUG org.rtklib.java.rtcm.Rtcm -- MSM after sigindex: sig[4] code=2 idx=4
04:09:10.658 [main] DEBUG org.rtklib.java.rtcm.Rtcm -- RTCM3 decoded message type=1124, length=81
04:09:10.658 [main] DEBUG org.rtklib.java.rtcm.Rtcm -- MSM BDS TOW: raw=62344000, tow=62358.0
04:09:10.658 [main] DEBUG org.rtklib.java.rtcm.Rtcm -- MSM BDS after adjweek: time.time=1780852758, time.sec=0.0
04:09:10.658 [main] DEBUG org.rtklib.java.rtcm.Rtcm -- decode_msm_head: sys=32 staid=0 nsat=2 nsig=4 sync=0 iod=0 ncell=8
04:09:10.658 [main] DEBUG org.rtklib.java.rtcm.Rtcm -- MSM sig[0] sigid=2 sigstr=2I code=40 idx=0
04:09:10.658 [main] DEBUG org.rtklib.java.rtcm.Rtcm -- MSM sig[1] sigid=8 sigstr=6I code=42 idx=3
04:09:10.658 [main] DEBUG org.rtklib.java.rtcm.Rtcm -- MSM sig[2] sigid=23 sigstr=5P code=58 idx=2
04:09:10.658 [main] DEBUG org.rtklib.java.rtcm.Rtcm -- MSM sig[3] sigid=31 sigstr=1P code=2 idx=4
04:09:10.658 [main] DEBUG org.rtklib.java.rtcm.Rtcm -- MSM after sigindex: sig[0] code=40 idx=0
04:09:10.658 [main] DEBUG org.rtklib.java.rtcm.Rtcm -- MSM after sigindex: sig[1] code=42 idx=3
04:09:10.658 [main] DEBUG org.rtklib.java.rtcm.Rtcm -- MSM after sigindex: sig[2] code=58 idx=2
04:09:10.658 [main] DEBUG org.rtklib.java.rtcm.Rtcm -- MSM after sigindex: sig[3] code=2 idx=4
04:09:10.658 [main] DEBUG org.rtklib.java.rtcm.Rtcm -- RTCM3 decoded message type=1042, length=70
04:09:10.658 [main] DEBUG org.rtklib.java.rtcm.Rtcm -- RTCM3 decoded message type=1005, length=25
04:09:10.658 [main] DEBUG org.rtklib.java.rtcm.Rtcm -- RTCM3 decoded message type=1033, length=27
04:09:10.658 [main] DEBUG org.rtklib.java.rtcm.Rtcm -- RTCM3 decoded message type=1124, length=266
04:09:10.658 [main] DEBUG org.rtklib.java.rtcm.Rtcm -- MSM BDS TOW: raw=62359000, tow=62373.0
04:09:10.658 [main] DEBUG org.rtklib.java.rtcm.Rtcm -- MSM BDS after adjweek: time.time=1780852773, time.sec=0.0
04:09:10.658 [main] DEBUG org.rtklib.java.rtcm.Rtcm -- decode_msm_head: sys=32 staid=0 nsat=12 nsig=5 sync=1 iod=0 ncell=34
04:09:10.658 [main] DEBUG org.rtklib.java.rtcm.Rtcm -- MSM sig[0] sigid=2 sigstr=2I code=40 idx=0
04:09:10.658 [main] DEBUG org.rtklib.java.rtcm.Rtcm -- MSM sig[1] sigid=8 sigstr=6I code=42 idx=3
04:09:10.658 [main] DEBUG org.rtklib.java.rtcm.Rtcm -- MSM sig[2] sigid=14 sigstr=7I code=27 idx=1
04:09:10.658 [main] DEBUG org.rtklib.java.rtcm.Rtcm -- MSM sig[3] sigid=23 sigstr=5P code=58 idx=2
04:09:10.658 [main] DEBUG org.rtklib.java.rtcm.Rtcm -- MSM sig[4] sigid=31 sigstr=1P code=2 idx=4
04:09:10.658 [main] DEBUG org.rtklib.java.rtcm.Rtcm -- MSM after sigindex: sig[0] code=40 idx=0
04:09:10.658 [main] DEBUG org.rtklib.java.rtcm.Rtcm -- MSM after sigindex: sig[1] code=42 idx=3
04:09:10.658 [main] DEBUG org.rtklib.java.rtcm.Rtcm -- MSM after sigindex: sig[2] code=27 idx=1
04:09:10.658 [main] DEBUG org.rtklib.java.rtcm.Rtcm -- MSM after sigindex: sig[3] code=58 idx=2
04:09:10.658 [main] DEBUG org.rtklib.java.rtcm.Rtcm -- MSM after sigindex: sig[4] code=2 idx=4
04:09:10.658 [main] DEBUG org.rtklib.java.rtcm.Rtcm -- RTCM3 decoded message type=1124, length=69
04:09:10.658 [main] DEBUG org.rtklib.java.rtcm.Rtcm -- MSM BDS TOW: raw=62359000, tow=62373.0
04:09:10.658 [main] DEBUG org.rtklib.java.rtcm.Rtcm -- MSM BDS after adjweek: time.time=1780852773, time.sec=0.0
04:09:10.658 [main] DEBUG org.rtklib.java.rtcm.Rtcm -- decode_msm_head: sys=32 staid=0 nsat=2 nsig=4 sync=0 iod=0 ncell=6
04:09:10.658 [main] DEBUG org.rtklib.java.rtcm.Rtcm -- MSM sig[0] sigid=2 sigstr=2I code=40 idx=0
04:09:10.658 [main] DEBUG org.rtklib.java.rtcm.Rtcm -- MSM sig[1] sigid=8 sigstr=6I code=42 idx=3
04:09:10.658 [main] DEBUG org.rtklib.java.rtcm.Rtcm -- MSM sig[2] sigid=23 sigstr=5P code=58 idx=2
04:09:10.658 [main] DEBUG org.rtklib.java.rtcm.Rtcm -- MSM sig[3] sigid=31 sigstr=1P code=2 idx=4
04:09:10.658 [main] DEBUG org.rtklib.java.rtcm.Rtcm -- MSM after sigindex: sig[0] code=40 idx=0
04:09:10.658 [main] DEBUG org.rtklib.java.rtcm.Rtcm -- MSM after sigindex: sig[1] code=42 idx=3
04:09:10.658 [main] DEBUG org.rtklib.java.rtcm.Rtcm -- MSM after sigindex: sig[2] code=58 idx=2
04:09:10.658 [main] DEBUG org.rtklib.java.rtcm.Rtcm -- MSM after sigindex: sig[3] code=2 idx=4
04:09:10.658 [main] DEBUG org.rtklib.java.rtcm.Rtcm -- RTCM3 decoded message type=1042, length=70
04:09:10.658 [main] DEBUG org.rtklib.java.rtcm.Rtcm -- RTCM3 decoded message type=1005, length=25
04:09:10.658 [main] DEBUG org.rtklib.java.rtcm.Rtcm -- RTCM3 decoded message type=1033, length=27
04:09:10.658 [main] DEBUG org.rtklib.java.rtcm.Rtcm -- RTCM3 decoded message type=1124, length=266
04:09:10.658 [main] DEBUG org.rtklib.java.rtcm.Rtcm -- MSM BDS TOW: raw=62374000, tow=62388.0
04:09:10.658 [main] DEBUG org.rtklib.java.rtcm.Rtcm -- MSM BDS after adjweek: time.time=1780852788, time.sec=0.0
04:09:10.658 [main] DEBUG org.rtklib.java.rtcm.Rtcm -- decode_msm_head: sys=32 staid=0 nsat=12 nsig=5 sync=1 iod=0 ncell=34
04:09:10.659 [main] DEBUG org.rtklib.java.rtcm.Rtcm -- MSM sig[0] sigid=2 sigstr=2I code=40 idx=0
04:09:10.659 [main] DEBUG org.rtklib.java.rtcm.Rtcm -- MSM sig[1] sigid=8 sigstr=6I code=42 idx=3
04:09:10.659 [main] DEBUG org.rtklib.java.rtcm.Rtcm -- MSM sig[2] sigid=14 sigstr=7I code=27 idx=1
04:09:10.659 [main] DEBUG org.rtklib.java.rtcm.Rtcm -- MSM sig[3] sigid=23 sigstr=5P code=58 idx=2
04:09:10.659 [main] DEBUG org.rtklib.java.rtcm.Rtcm -- MSM sig[4] sigid=31 sigstr=1P code=2 idx=4
04:09:10.659 [main] DEBUG org.rtklib.java.rtcm.Rtcm -- MSM after sigindex: sig[0] code=40 idx=0
04:09:10.659 [main] DEBUG org.rtklib.java.rtcm.Rtcm -- MSM after sigindex: sig[1] code=42 idx=3
04:09:10.659 [main] DEBUG org.rtklib.java.rtcm.Rtcm -- MSM after sigindex: sig[2] code=27 idx=1
04:09:10.659 [main] DEBUG org.rtklib.java.rtcm.Rtcm -- MSM after sigindex: sig[3] code=58 idx=2
04:09:10.659 [main] DEBUG org.rtklib.java.rtcm.Rtcm -- MSM after sigindex: sig[4] code=2 idx=4
04:09:10.659 [main] DEBUG org.rtklib.java.rtcm.Rtcm -- RTCM3 decoded message type=1124, length=69
04:09:10.659 [main] DEBUG org.rtklib.java.rtcm.Rtcm -- MSM BDS TOW: raw=62374000, tow=62388.0
04:09:10.659 [main] DEBUG org.rtklib.java.rtcm.Rtcm -- MSM BDS after adjweek: time.time=1780852788, time.sec=0.0
04:09:10.659 [main] DEBUG org.rtklib.java.rtcm.Rtcm -- decode_msm_head: sys=32 staid=0 nsat=2 nsig=4 sync=0 iod=0 ncell=6
04:09:10.659 [main] DEBUG org.rtklib.java.rtcm.Rtcm -- MSM sig[0] sigid=2 sigstr=2I code=40 idx=0
04:09:10.659 [main] DEBUG org.rtklib.java.rtcm.Rtcm -- MSM sig[1] sigid=8 sigstr=6I code=42 idx=3
04:09:10.659 [main] DEBUG org.rtklib.java.rtcm.Rtcm -- MSM sig[2] sigid=23 sigstr=5P code=58 idx=2
04:09:10.659 [main] DEBUG org.rtklib.java.rtcm.Rtcm -- MSM sig[3] sigid=31 sigstr=1P code=2 idx=4
04:09:10.659 [main] DEBUG org.rtklib.java.rtcm.Rtcm -- MSM after sigindex: sig[0] code=40 idx=0
04:09:10.659 [main] DEBUG org.rtklib.java.rtcm.Rtcm -- MSM after sigindex: sig[1] code=42 idx=3
04:09:10.659 [main] DEBUG org.rtklib.java.rtcm.Rtcm -- MSM after sigindex: sig[2] code=58 idx=2
04:09:10.659 [main] DEBUG org.rtklib.java.rtcm.Rtcm -- MSM after sigindex: sig[3] code=2 idx=4
04:09:10.659 [main] DEBUG org.rtklib.java.rtcm.Rtcm -- RTCM3 decoded message type=1042, length=70
04:09:10.659 [main] DEBUG org.rtklib.java.rtcm.Rtcm -- RTCM3 decoded message type=1005, length=25
04:09:10.659 [main] DEBUG org.rtklib.java.rtcm.Rtcm -- RTCM3 decoded message type=1033, length=27
04:09:10.659 [main] DEBUG org.rtklib.java.rtcm.Rtcm -- RTCM3 decoded message type=1124, length=254
04:09:10.659 [main] DEBUG org.rtklib.java.rtcm.Rtcm -- MSM BDS TOW: raw=62389000, tow=62403.0
04:09:10.659 [main] DEBUG org.rtklib.java.rtcm.Rtcm -- MSM BDS after adjweek: time.time=1780852803, time.sec=0.0
04:09:10.659 [main] DEBUG org.rtklib.java.rtcm.Rtcm -- decode_msm_head: sys=32 staid=0 nsat=12 nsig=5 sync=1 iod=0 ncell=32
04:09:10.659 [main] DEBUG org.rtklib.java.rtcm.Rtcm -- MSM sig[0] sigid=2 sigstr=2I code=40 idx=0
04:09:10.659 [main] DEBUG org.rtklib.java.rtcm.Rtcm -- MSM sig[1] sigid=8 sigstr=6I code=42 idx=3
04:09:10.659 [main] DEBUG org.rtklib.java.rtcm.Rtcm -- MSM sig[2] sigid=14 sigstr=7I code=27 idx=1
04:09:10.659 [main] DEBUG org.rtklib.java.rtcm.Rtcm -- MSM sig[3] sigid=23 sigstr=5P code=58 idx=2
04:09:10.659 [main] DEBUG org.rtklib.java.rtcm.Rtcm -- MSM sig[4] sigid=31 sigstr=1P code=2 idx=4
04:09:10.659 [main] DEBUG org.rtklib.java.rtcm.Rtcm -- MSM after sigindex: sig[0] code=40 idx=0
04:09:10.659 [main] DEBUG org.rtklib.java.rtcm.Rtcm -- MSM after sigindex: sig[1] code=42 idx=3
04:09:10.659 [main] DEBUG org.rtklib.java.rtcm.Rtcm -- MSM after sigindex: sig[2] code=27 idx=1
04:09:10.659 [main] DEBUG org.rtklib.java.rtcm.Rtcm -- MSM after sigindex: sig[3] code=58 idx=2
04:09:10.659 [main] DEBUG org.rtklib.java.rtcm.Rtcm -- MSM after sigindex: sig[4] code=2 idx=4
04:09:10.659 [main] DEBUG org.rtklib.java.rtcm.Rtcm -- RTCM3 decoded message type=1124, length=75
04:09:10.659 [main] DEBUG org.rtklib.java.rtcm.Rtcm -- MSM BDS TOW: raw=62389000, tow=62403.0
04:09:10.659 [main] DEBUG org.rtklib.java.rtcm.Rtcm -- MSM BDS after adjweek: time.time=1780852803, time.sec=0.0
04:09:10.659 [main] DEBUG org.rtklib.java.rtcm.Rtcm -- decode_msm_head: sys=32 staid=0 nsat=2 nsig=4 sync=0 iod=0 ncell=7
04:09:10.659 [main] DEBUG org.rtklib.java.rtcm.Rtcm -- MSM sig[0] sigid=2 sigstr=2I code=40 idx=0
04:09:10.659 [main] DEBUG org.rtklib.java.rtcm.Rtcm -- MSM sig[1] sigid=8 sigstr=6I code=42 idx=3
04:09:10.659 [main] DEBUG org.rtklib.java.rtcm.Rtcm -- MSM sig[2] sigid=23 sigstr=5P code=58 idx=2
04:09:10.659 [main] DEBUG org.rtklib.java.rtcm.Rtcm -- MSM sig[3] sigid=31 sigstr=1P code=2 idx=4
04:09:10.659 [main] DEBUG org.rtklib.java.rtcm.Rtcm -- MSM after sigindex: sig[0] code=40 idx=0
04:09:10.659 [main] DEBUG org.rtklib.java.rtcm.Rtcm -- MSM after sigindex: sig[1] code=42 idx=3
04:09:10.659 [main] DEBUG org.rtklib.java.rtcm.Rtcm -- MSM after sigindex: sig[2] code=58 idx=2
04:09:10.659 [main] DEBUG org.rtklib.java.rtcm.Rtcm -- MSM after sigindex: sig[3] code=2 idx=4
04:09:10.659 [main] DEBUG org.rtklib.java.rtcm.Rtcm -- RTCM3 decoded message type=1042, length=70
04:09:10.659 [main] DEBUG org.rtklib.java.rtcm.Rtcm -- RTCM3 decoded message type=1005, length=25
04:09:10.659 [main] DEBUG org.rtklib.java.rtcm.Rtcm -- RTCM3 decoded message type=1033, length=27
04:09:10.659 [main] DEBUG org.rtklib.java.rtcm.Rtcm -- RTCM3 decoded message type=1124, length=266
04:09:10.659 [main] DEBUG org.rtklib.java.rtcm.Rtcm -- MSM BDS TOW: raw=62404000, tow=62418.0
04:09:10.659 [main] DEBUG org.rtklib.java.rtcm.Rtcm -- MSM BDS after adjweek: time.time=1780852818, time.sec=0.0
04:09:10.659 [main] DEBUG org.rtklib.java.rtcm.Rtcm -- decode_msm_head: sys=32 staid=0 nsat=12 nsig=5 sync=1 iod=0 ncell=34
04:09:10.659 [main] DEBUG org.rtklib.java.rtcm.Rtcm -- MSM sig[0] sigid=2 sigstr=2I code=40 idx=0
04:09:10.659 [main] DEBUG org.rtklib.java.rtcm.Rtcm -- MSM sig[1] sigid=8 sigstr=6I code=42 idx=3
04:09:10.659 [main] DEBUG org.rtklib.java.rtcm.Rtcm -- MSM sig[2] sigid=14 sigstr=7I code=27 idx=1
04:09:10.659 [main] DEBUG org.rtklib.java.rtcm.Rtcm -- MSM sig[3] sigid=23 sigstr=5P code=58 idx=2
04:09:10.659 [main] DEBUG org.rtklib.java.rtcm.Rtcm -- MSM sig[4] sigid=31 sigstr=1P code=2 idx=4
04:09:10.659 [main] DEBUG org.rtklib.java.rtcm.Rtcm -- MSM after sigindex: sig[0] code=40 idx=0
04:09:10.659 [main] DEBUG org.rtklib.java.rtcm.Rtcm -- MSM after sigindex: sig[1] code=42 idx=3
04:09:10.659 [main] DEBUG org.rtklib.java.rtcm.Rtcm -- MSM after sigindex: sig[2] code=27 idx=1
04:09:10.659 [main] DEBUG org.rtklib.java.rtcm.Rtcm -- MSM after sigindex: sig[3] code=58 idx=2
04:09:10.659 [main] DEBUG org.rtklib.java.rtcm.Rtcm -- MSM after sigindex: sig[4] code=2 idx=4
04:09:10.659 [main] DEBUG org.rtklib.java.rtcm.Rtcm -- RTCM3 decoded message type=1124, length=75
04:09:10.659 [main] DEBUG org.rtklib.java.rtcm.Rtcm -- MSM BDS TOW: raw=62404000, tow=62418.0
04:09:10.659 [main] DEBUG org.rtklib.java.rtcm.Rtcm -- MSM BDS after adjweek: time.time=1780852818, time.sec=0.0
04:09:10.659 [main] DEBUG org.rtklib.java.rtcm.Rtcm -- decode_msm_head: sys=32 staid=0 nsat=2 nsig=4 sync=0 iod=0 ncell=7
04:09:10.659 [main] DEBUG org.rtklib.java.rtcm.Rtcm -- MSM sig[0] sigid=2 sigstr=2I code=40 idx=0
04:09:10.659 [main] DEBUG org.rtklib.java.rtcm.Rtcm -- MSM sig[1] sigid=8 sigstr=6I code=42 idx=3
04:09:10.659 [main] DEBUG org.rtklib.java.rtcm.Rtcm -- MSM sig[2] sigid=23 sigstr=5P code=58 idx=2
04:09:10.659 [main] DEBUG org.rtklib.java.rtcm.Rtcm -- MSM sig[3] sigid=31 sigstr=1P code=2 idx=4
04:09:10.659 [main] DEBUG org.rtklib.java.rtcm.Rtcm -- MSM after sigindex: sig[0] code=40 idx=0
04:09:10.659 [main] DEBUG org.rtklib.java.rtcm.Rtcm -- MSM after sigindex: sig[1] code=42 idx=3
04:09:10.659 [main] DEBUG org.rtklib.java.rtcm.Rtcm -- MSM after sigindex: sig[2] code=58 idx=2
04:09:10.659 [main] DEBUG org.rtklib.java.rtcm.Rtcm -- MSM after sigindex: sig[3] code=2 idx=4
04:09:10.659 [main] DEBUG org.rtklib.java.rtcm.Rtcm -- RTCM3 decoded message type=1042, length=70
04:09:10.659 [main] DEBUG org.rtklib.java.rtcm.Rtcm -- RTCM3 decoded message type=1005, length=25
04:09:10.659 [main] DEBUG org.rtklib.java.rtcm.Rtcm -- RTCM3 decoded message type=1033, length=27
04:09:10.659 [main] DEBUG org.rtklib.java.rtcm.Rtcm -- RTCM3 decoded message type=1124, length=266
04:09:10.659 [main] DEBUG org.rtklib.java.rtcm.Rtcm -- MSM BDS TOW: raw=62419000, tow=62433.0
04:09:10.659 [main] DEBUG org.rtklib.java.rtcm.Rtcm -- MSM BDS after adjweek: time.time=1780852833, time.sec=0.0
04:09:10.659 [main] DEBUG org.rtklib.java.rtcm.Rtcm -- decode_msm_head: sys=32 staid=0 nsat=12 nsig=5 sync=1 iod=0 ncell=34
04:09:10.659 [main] DEBUG org.rtklib.java.rtcm.Rtcm -- MSM sig[0] sigid=2 sigstr=2I code=40 idx=0
04:09:10.659 [main] DEBUG org.rtklib.java.rtcm.Rtcm -- MSM sig[1] sigid=8 sigstr=6I code=42 idx=3
04:09:10.659 [main] DEBUG org.rtklib.java.rtcm.Rtcm -- MSM sig[2] sigid=14 sigstr=7I code=27 idx=1
04:09:10.659 [main] DEBUG org.rtklib.java.rtcm.Rtcm -- MSM sig[3] sigid=23 sigstr=5P code=58 idx=2
04:09:10.659 [main] DEBUG org.rtklib.java.rtcm.Rtcm -- MSM sig[4] sigid=31 sigstr=1P code=2 idx=4
04:09:10.659 [main] DEBUG org.rtklib.java.rtcm.Rtcm -- MSM after sigindex: sig[0] code=40 idx=0
04:09:10.659 [main] DEBUG org.rtklib.java.rtcm.Rtcm -- MSM after sigindex: sig[1] code=42 idx=3
04:09:10.659 [main] DEBUG org.rtklib.java.rtcm.Rtcm -- MSM after sigindex: sig[2] code=27 idx=1
04:09:10.659 [main] DEBUG org.rtklib.java.rtcm.Rtcm -- MSM after sigindex: sig[3] code=58 idx=2
04:09:10.659 [main] DEBUG org.rtklib.java.rtcm.Rtcm -- MSM after sigindex: sig[4] code=2 idx=4
04:09:10.659 [main] DEBUG org.rtklib.java.rtcm.Rtcm -- RTCM3 decoded message type=1124, length=75
04:09:10.659 [main] DEBUG org.rtklib.java.rtcm.Rtcm -- MSM BDS TOW: raw=62419000, tow=62433.0
04:09:10.659 [main] DEBUG org.rtklib.java.rtcm.Rtcm -- MSM BDS after adjweek: time.time=1780852833, time.sec=0.0
04:09:10.659 [main] DEBUG org.rtklib.java.rtcm.Rtcm -- decode_msm_head: sys=32 staid=0 nsat=2 nsig=4 sync=0 iod=0 ncell=7
04:09:10.659 [main] DEBUG org.rtklib.java.rtcm.Rtcm -- MSM sig[0] sigid=2 sigstr=2I code=40 idx=0
04:09:10.659 [main] DEBUG org.rtklib.java.rtcm.Rtcm -- MSM sig[1] sigid=8 sigstr=6I code=42 idx=3
04:09:10.659 [main] DEBUG org.rtklib.java.rtcm.Rtcm -- MSM sig[2] sigid=23 sigstr=5P code=58 idx=2
04:09:10.659 [main] DEBUG org.rtklib.java.rtcm.Rtcm -- MSM sig[3] sigid=31 sigstr=1P code=2 idx=4
04:09:10.659 [main] DEBUG org.rtklib.java.rtcm.Rtcm -- MSM after sigindex: sig[0] code=40 idx=0
04:09:10.659 [main] DEBUG org.rtklib.java.rtcm.Rtcm -- MSM after sigindex: sig[1] code=42 idx=3
04:09:10.659 [main] DEBUG org.rtklib.java.rtcm.Rtcm -- MSM after sigindex: sig[2] code=58 idx=2
04:09:10.659 [main] DEBUG org.rtklib.java.rtcm.Rtcm -- MSM after sigindex: sig[3] code=2 idx=4
04:09:10.659 [main] DEBUG org.rtklib.java.rtcm.Rtcm -- RTCM3 decoded message type=1042, length=70
04:09:10.659 [main] DEBUG org.rtklib.java.rtcm.Rtcm -- RTCM3 decoded message type=1005, length=25
04:09:10.659 [main] DEBUG org.rtklib.java.rtcm.Rtcm -- RTCM3 decoded message type=1033, length=27
04:09:10.659 [main] DEBUG org.rtklib.java.rtcm.Rtcm -- RTCM3 decoded message type=1124, length=254
04:09:10.659 [main] DEBUG org.rtklib.java.rtcm.Rtcm -- MSM BDS TOW: raw=62434000, tow=62448.0
04:09:10.659 [main] DEBUG org.rtklib.java.rtcm.Rtcm -- MSM BDS after adjweek: time.time=1780852848, time.sec=0.0
04:09:10.659 [main] DEBUG org.rtklib.java.rtcm.Rtcm -- decode_msm_head: sys=32 staid=0 nsat=12 nsig=5 sync=1 iod=0 ncell=32
04:09:10.659 [main] DEBUG org.rtklib.java.rtcm.Rtcm -- MSM sig[0] sigid=2 sigstr=2I code=40 idx=0
04:09:10.659 [main] DEBUG org.rtklib.java.rtcm.Rtcm -- MSM sig[1] sigid=8 sigstr=6I code=42 idx=3
04:09:10.659 [main] DEBUG org.rtklib.java.rtcm.Rtcm -- MSM sig[2] sigid=14 sigstr=7I code=27 idx=1
04:09:10.659 [main] DEBUG org.rtklib.java.rtcm.Rtcm -- MSM sig[3] sigid=23 sigstr=5P code=58 idx=2
04:09:10.659 [main] DEBUG org.rtklib.java.rtcm.Rtcm -- MSM sig[4] sigid=31 sigstr=1P code=2 idx=4
04:09:10.659 [main] DEBUG org.rtklib.java.rtcm.Rtcm -- MSM after sigindex: sig[0] code=40 idx=0
04:09:10.659 [main] DEBUG org.rtklib.java.rtcm.Rtcm -- MSM after sigindex: sig[1] code=42 idx=3
04:09:10.659 [main] DEBUG org.rtklib.java.rtcm.Rtcm -- MSM after sigindex: sig[2] code=27 idx=1
04:09:10.659 [main] DEBUG org.rtklib.java.rtcm.Rtcm -- MSM after sigindex: sig[3] code=58 idx=2
04:09:10.659 [main] DEBUG org.rtklib.java.rtcm.Rtcm -- MSM after sigindex: sig[4] code=2 idx=4
04:09:10.659 [main] DEBUG org.rtklib.java.rtcm.Rtcm -- RTCM3 decoded message type=1124, length=81
04:09:10.659 [main] DEBUG org.rtklib.java.rtcm.Rtcm -- MSM BDS TOW: raw=62434000, tow=62448.0
04:09:10.659 [main] DEBUG org.rtklib.java.rtcm.Rtcm -- MSM BDS after adjweek: time.time=1780852848, time.sec=0.0
04:09:10.659 [main] DEBUG org.rtklib.java.rtcm.Rtcm -- decode_msm_head: sys=32 staid=0 nsat=2 nsig=4 sync=0 iod=0 ncell=8
04:09:10.659 [main] DEBUG org.rtklib.java.rtcm.Rtcm -- MSM sig[0] sigid=2 sigstr=2I code=40 idx=0
04:09:10.659 [main] DEBUG org.rtklib.java.rtcm.Rtcm -- MSM sig[1] sigid=8 sigstr=6I code=42 idx=3
04:09:10.659 [main] DEBUG org.rtklib.java.rtcm.Rtcm -- MSM sig[2] sigid=23 sigstr=5P code=58 idx=2
04:09:10.659 [main] DEBUG org.rtklib.java.rtcm.Rtcm -- MSM sig[3] sigid=31 sigstr=1P code=2 idx=4
04:09:10.659 [main] DEBUG org.rtklib.java.rtcm.Rtcm -- MSM after sigindex: sig[0] code=40 idx=0
04:09:10.659 [main] DEBUG org.rtklib.java.rtcm.Rtcm -- MSM after sigindex: sig[1] code=42 idx=3
04:09:10.659 [main] DEBUG org.rtklib.java.rtcm.Rtcm -- MSM after sigindex: sig[2] code=58 idx=2
04:09:10.659 [main] DEBUG org.rtklib.java.rtcm.Rtcm -- MSM after sigindex: sig[3] code=2 idx=4
04:09:10.659 [main] DEBUG org.rtklib.java.rtcm.Rtcm -- RTCM3 decoded message type=1042, length=70
04:09:10.659 [main] DEBUG org.rtklib.java.rtcm.Rtcm -- RTCM3 decoded message type=1005, length=25
04:09:10.659 [main] DEBUG org.rtklib.java.rtcm.Rtcm -- RTCM3 decoded message type=1033, length=27
04:09:10.659 [main] DEBUG org.rtklib.java.rtcm.Rtcm -- RTCM3 decoded message type=1124, length=266
04:09:10.659 [main] DEBUG org.rtklib.java.rtcm.Rtcm -- MSM BDS TOW: raw=62449000, tow=62463.0
04:09:10.659 [main] DEBUG org.rtklib.java.rtcm.Rtcm -- MSM BDS after adjweek: time.time=1780852863, time.sec=0.0
04:09:10.659 [main] DEBUG org.rtklib.java.rtcm.Rtcm -- decode_msm_head: sys=32 staid=0 nsat=12 nsig=5 sync=1 iod=0 ncell=34
04:09:10.659 [main] DEBUG org.rtklib.java.rtcm.Rtcm -- MSM sig[0] sigid=2 sigstr=2I code=40 idx=0
04:09:10.659 [main] DEBUG org.rtklib.java.rtcm.Rtcm -- MSM sig[1] sigid=8 sigstr=6I code=42 idx=3
04:09:10.659 [main] DEBUG org.rtklib.java.rtcm.Rtcm -- MSM sig[2] sigid=14 sigstr=7I code=27 idx=1
04:09:10.659 [main] DEBUG org.rtklib.java.rtcm.Rtcm -- MSM sig[3] sigid=23 sigstr=5P code=58 idx=2
04:09:10.659 [main] DEBUG org.rtklib.java.rtcm.Rtcm -- MSM sig[4] sigid=31 sigstr=1P code=2 idx=4
04:09:10.659 [main] DEBUG org.rtklib.java.rtcm.Rtcm -- MSM after sigindex: sig[0] code=40 idx=0
04:09:10.659 [main] DEBUG org.rtklib.java.rtcm.Rtcm -- MSM after sigindex: sig[1] code=42 idx=3
04:09:10.659 [main] DEBUG org.rtklib.java.rtcm.Rtcm -- MSM after sigindex: sig[2] code=27 idx=1
04:09:10.659 [main] DEBUG org.rtklib.java.rtcm.Rtcm -- MSM after sigindex: sig[3] code=58 idx=2
04:09:10.659 [main] DEBUG org.rtklib.java.rtcm.Rtcm -- MSM after sigindex: sig[4] code=2 idx=4
04:09:10.659 [main] DEBUG org.rtklib.java.rtcm.Rtcm -- RTCM3 decoded message type=1124, length=75
04:09:10.659 [main] DEBUG org.rtklib.java.rtcm.Rtcm -- MSM BDS TOW: raw=62449000, tow=62463.0
04:09:10.659 [main] DEBUG org.rtklib.java.rtcm.Rtcm -- MSM BDS after adjweek: time.time=1780852863, time.sec=0.0
04:09:10.659 [main] DEBUG org.rtklib.java.rtcm.Rtcm -- decode_msm_head: sys=32 staid=0 nsat=2 nsig=4 sync=0 iod=0 ncell=7
04:09:10.659 [main] DEBUG org.rtklib.java.rtcm.Rtcm -- MSM sig[0] sigid=2 sigstr=2I code=40 idx=0
04:09:10.659 [main] DEBUG org.rtklib.java.rtcm.Rtcm -- MSM sig[1] sigid=8 sigstr=6I code=42 idx=3
04:09:10.659 [main] DEBUG org.rtklib.java.rtcm.Rtcm -- MSM sig[2] sigid=23 sigstr=5P code=58 idx=2
04:09:10.659 [main] DEBUG org.rtklib.java.rtcm.Rtcm -- MSM sig[3] sigid=31 sigstr=1P code=2 idx=4
04:09:10.659 [main] DEBUG org.rtklib.java.rtcm.Rtcm -- MSM after sigindex: sig[0] code=40 idx=0
04:09:10.659 [main] DEBUG org.rtklib.java.rtcm.Rtcm -- MSM after sigindex: sig[1] code=42 idx=3
04:09:10.659 [main] DEBUG org.rtklib.java.rtcm.Rtcm -- MSM after sigindex: sig[2] code=58 idx=2
04:09:10.659 [main] DEBUG org.rtklib.java.rtcm.Rtcm -- MSM after sigindex: sig[3] code=2 idx=4
04:09:10.660 [main] DEBUG org.rtklib.java.rtcm.Rtcm -- RTCM3 decoded message type=1042, length=70
04:09:10.660 [main] DEBUG org.rtklib.java.rtcm.Rtcm -- RTCM3 decoded message type=1005, length=25
04:09:10.660 [main] DEBUG org.rtklib.java.rtcm.Rtcm -- RTCM3 decoded message type=1033, length=27
04:09:10.660 [main] DEBUG org.rtklib.java.rtcm.Rtcm -- RTCM3 decoded message type=1124, length=260
04:09:10.660 [main] DEBUG org.rtklib.java.rtcm.Rtcm -- MSM BDS TOW: raw=62464000, tow=62478.0
04:09:10.660 [main] DEBUG org.rtklib.java.rtcm.Rtcm -- MSM BDS after adjweek: time.time=1780852878, time.sec=0.0
04:09:10.660 [main] DEBUG org.rtklib.java.rtcm.Rtcm -- decode_msm_head: sys=32 staid=0 nsat=12 nsig=5 sync=1 iod=0 ncell=33
04:09:10.660 [main] DEBUG org.rtklib.java.rtcm.Rtcm -- MSM sig[0] sigid=2 sigstr=2I code=40 idx=0
04:09:10.660 [main] DEBUG org.rtklib.java.rtcm.Rtcm -- MSM sig[1] sigid=8 sigstr=6I code=42 idx=3
04:09:10.660 [main] DEBUG org.rtklib.java.rtcm.Rtcm -- MSM sig[2] sigid=14 sigstr=7I code=27 idx=1
04:09:10.660 [main] DEBUG org.rtklib.java.rtcm.Rtcm -- MSM sig[3] sigid=23 sigstr=5P code=58 idx=2
04:09:10.660 [main] DEBUG org.rtklib.java.rtcm.Rtcm -- MSM sig[4] sigid=31 sigstr=1P code=2 idx=4
04:09:10.660 [main] DEBUG org.rtklib.java.rtcm.Rtcm -- MSM after sigindex: sig[0] code=40 idx=0
04:09:10.660 [main] DEBUG org.rtklib.java.rtcm.Rtcm -- MSM after sigindex: sig[1] code=42 idx=3
04:09:10.660 [main] DEBUG org.rtklib.java.rtcm.Rtcm -- MSM after sigindex: sig[2] code=27 idx=1
04:09:10.660 [main] DEBUG org.rtklib.java.rtcm.Rtcm -- MSM after sigindex: sig[3] code=58 idx=2
04:09:10.660 [main] DEBUG org.rtklib.java.rtcm.Rtcm -- MSM after sigindex: sig[4] code=2 idx=4
04:09:10.660 [main] DEBUG org.rtklib.java.rtcm.Rtcm -- RTCM3 decoded message type=1124, length=75
04:09:10.660 [main] DEBUG org.rtklib.java.rtcm.Rtcm -- MSM BDS TOW: raw=62464000, tow=62478.0
04:09:10.660 [main] DEBUG org.rtklib.java.rtcm.Rtcm -- MSM BDS after adjweek: time.time=1780852878, time.sec=0.0
04:09:10.660 [main] DEBUG org.rtklib.java.rtcm.Rtcm -- decode_msm_head: sys=32 staid=0 nsat=2 nsig=4 sync=0 iod=0 ncell=7
04:09:10.660 [main] DEBUG org.rtklib.java.rtcm.Rtcm -- MSM sig[0] sigid=2 sigstr=2I code=40 idx=0
04:09:10.660 [main] DEBUG org.rtklib.java.rtcm.Rtcm -- MSM sig[1] sigid=8 sigstr=6I code=42 idx=3
04:09:10.660 [main] DEBUG org.rtklib.java.rtcm.Rtcm -- MSM sig[2] sigid=23 sigstr=5P code=58 idx=2
04:09:10.660 [main] DEBUG org.rtklib.java.rtcm.Rtcm -- MSM sig[3] sigid=31 sigstr=1P code=2 idx=4
04:09:10.660 [main] DEBUG org.rtklib.java.rtcm.Rtcm -- MSM after sigindex: sig[0] code=40 idx=0
04:09:10.660 [main] DEBUG org.rtklib.java.rtcm.Rtcm -- MSM after sigindex: sig[1] code=42 idx=3
04:09:10.660 [main] DEBUG org.rtklib.java.rtcm.Rtcm -- MSM after sigindex: sig[2] code=58 idx=2
04:09:10.660 [main] DEBUG org.rtklib.java.rtcm.Rtcm -- MSM after sigindex: sig[3] code=2 idx=4
04:09:10.660 [main] DEBUG org.rtklib.java.rtcm.Rtcm -- RTCM3 decoded message type=1042, length=70
04:09:10.660 [main] DEBUG org.rtklib.java.rtcm.Rtcm -- RTCM3 decoded message type=1005, length=25
04:09:10.660 [main] DEBUG org.rtklib.java.rtcm.Rtcm -- RTCM3 decoded message type=1033, length=27
04:09:10.660 [main] DEBUG org.rtklib.java.rtcm.Rtcm -- RTCM3 decoded message type=1124, length=260
04:09:10.660 [main] DEBUG org.rtklib.java.rtcm.Rtcm -- MSM BDS TOW: raw=62479000, tow=62493.0
04:09:10.660 [main] DEBUG org.rtklib.java.rtcm.Rtcm -- MSM BDS after adjweek: time.time=1780852893, time.sec=0.0
04:09:10.660 [main] DEBUG org.rtklib.java.rtcm.Rtcm -- decode_msm_head: sys=32 staid=0 nsat=12 nsig=5 sync=1 iod=0 ncell=33
04:09:10.660 [main] DEBUG org.rtklib.java.rtcm.Rtcm -- MSM sig[0] sigid=2 sigstr=2I code=40 idx=0
04:09:10.660 [main] DEBUG org.rtklib.java.rtcm.Rtcm -- MSM sig[1] sigid=8 sigstr=6I code=42 idx=3
04:09:10.660 [main] DEBUG org.rtklib.java.rtcm.Rtcm -- MSM sig[2] sigid=14 sigstr=7I code=27 idx=1
04:09:10.660 [main] DEBUG org.rtklib.java.rtcm.Rtcm -- MSM sig[3] sigid=23 sigstr=5P code=58 idx=2
04:09:10.660 [main] DEBUG org.rtklib.java.rtcm.Rtcm -- MSM sig[4] sigid=31 sigstr=1P code=2 idx=4
04:09:10.660 [main] DEBUG org.rtklib.java.rtcm.Rtcm -- MSM after sigindex: sig[0] code=40 idx=0
04:09:10.660 [main] DEBUG org.rtklib.java.rtcm.Rtcm -- MSM after sigindex: sig[1] code=42 idx=3
04:09:10.660 [main] DEBUG org.rtklib.java.rtcm.Rtcm -- MSM after sigindex: sig[2] code=27 idx=1
04:09:10.660 [main] DEBUG org.rtklib.java.rtcm.Rtcm -- MSM after sigindex: sig[3] code=58 idx=2
04:09:10.660 [main] DEBUG org.rtklib.java.rtcm.Rtcm -- MSM after sigindex: sig[4] code=2 idx=4
04:09:10.660 [main] DEBUG org.rtklib.java.rtcm.Rtcm -- RTCM3 decoded message type=1124, length=81
04:09:10.660 [main] DEBUG org.rtklib.java.rtcm.Rtcm -- MSM BDS TOW: raw=62479000, tow=62493.0
04:09:10.660 [main] DEBUG org.rtklib.java.rtcm.Rtcm -- MSM BDS after adjweek: time.time=1780852893, time.sec=0.0
04:09:10.660 [main] DEBUG org.rtklib.java.rtcm.Rtcm -- decode_msm_head: sys=32 staid=0 nsat=2 nsig=4 sync=0 iod=0 ncell=8
04:09:10.660 [main] DEBUG org.rtklib.java.rtcm.Rtcm -- MSM sig[0] sigid=2 sigstr=2I code=40 idx=0
04:09:10.660 [main] DEBUG org.rtklib.java.rtcm.Rtcm -- MSM sig[1] sigid=8 sigstr=6I code=42 idx=3
04:09:10.660 [main] DEBUG org.rtklib.java.rtcm.Rtcm -- MSM sig[2] sigid=23 sigstr=5P code=58 idx=2
04:09:10.660 [main] DEBUG org.rtklib.java.rtcm.Rtcm -- MSM sig[3] sigid=31 sigstr=1P code=2 idx=4
04:09:10.660 [main] DEBUG org.rtklib.java.rtcm.Rtcm -- MSM after sigindex: sig[0] code=40 idx=0
04:09:10.660 [main] DEBUG org.rtklib.java.rtcm.Rtcm -- MSM after sigindex: sig[1] code=42 idx=3
04:09:10.660 [main] DEBUG org.rtklib.java.rtcm.Rtcm -- MSM after sigindex: sig[2] code=58 idx=2
04:09:10.660 [main] DEBUG org.rtklib.java.rtcm.Rtcm -- MSM after sigindex: sig[3] code=2 idx=4
04:09:10.660 [main] DEBUG org.rtklib.java.rtcm.Rtcm -- RTCM3 decoded message type=1042, length=70
04:09:10.660 [main] DEBUG org.rtklib.java.rtcm.Rtcm -- RTCM3 decoded message type=1005, length=25
04:09:10.660 [main] DEBUG org.rtklib.java.rtcm.Rtcm -- RTCM3 decoded message type=1033, length=27
04:09:10.660 [main] DEBUG org.rtklib.java.rtcm.Rtcm -- RTCM3 decoded message type=1124, length=266
04:09:10.660 [main] DEBUG org.rtklib.java.rtcm.Rtcm -- MSM BDS TOW: raw=62494000, tow=62508.0
04:09:10.660 [main] DEBUG org.rtklib.java.rtcm.Rtcm -- MSM BDS after adjweek: time.time=1780852908, time.sec=0.0
04:09:10.660 [main] DEBUG org.rtklib.java.rtcm.Rtcm -- decode_msm_head: sys=32 staid=0 nsat=12 nsig=5 sync=1 iod=0 ncell=34
04:09:10.660 [main] DEBUG org.rtklib.java.rtcm.Rtcm -- MSM sig[0] sigid=2 sigstr=2I code=40 idx=0
04:09:10.660 [main] DEBUG org.rtklib.java.rtcm.Rtcm -- MSM sig[1] sigid=8 sigstr=6I code=42 idx=3
04:09:10.660 [main] DEBUG org.rtklib.java.rtcm.Rtcm -- MSM sig[2] sigid=14 sigstr=7I code=27 idx=1
04:09:10.660 [main] DEBUG org.rtklib.java.rtcm.Rtcm -- MSM sig[3] sigid=23 sigstr=5P code=58 idx=2
04:09:10.660 [main] DEBUG org.rtklib.java.rtcm.Rtcm -- MSM sig[4] sigid=31 sigstr=1P code=2 idx=4
04:09:10.660 [main] DEBUG org.rtklib.java.rtcm.Rtcm -- MSM after sigindex: sig[0] code=40 idx=0
04:09:10.660 [main] DEBUG org.rtklib.java.rtcm.Rtcm -- MSM after sigindex: sig[1] code=42 idx=3
04:09:10.660 [main] DEBUG org.rtklib.java.rtcm.Rtcm -- MSM after sigindex: sig[2] code=27 idx=1
04:09:10.660 [main] DEBUG org.rtklib.java.rtcm.Rtcm -- MSM after sigindex: sig[3] code=58 idx=2
04:09:10.660 [main] DEBUG org.rtklib.java.rtcm.Rtcm -- MSM after sigindex: sig[4] code=2 idx=4
04:09:10.660 [main] DEBUG org.rtklib.java.rtcm.Rtcm -- RTCM3 decoded message type=1124, length=75
04:09:10.660 [main] DEBUG org.rtklib.java.rtcm.Rtcm -- MSM BDS TOW: raw=62494000, tow=62508.0
04:09:10.660 [main] DEBUG org.rtklib.java.rtcm.Rtcm -- MSM BDS after adjweek: time.time=1780852908, time.sec=0.0
04:09:10.660 [main] DEBUG org.rtklib.java.rtcm.Rtcm -- decode_msm_head: sys=32 staid=0 nsat=2 nsig=4 sync=0 iod=0 ncell=7
04:09:10.660 [main] DEBUG org.rtklib.java.rtcm.Rtcm -- MSM sig[0] sigid=2 sigstr=2I code=40 idx=0
04:09:10.660 [main] DEBUG org.rtklib.java.rtcm.Rtcm -- MSM sig[1] sigid=8 sigstr=6I code=42 idx=3
04:09:10.660 [main] DEBUG org.rtklib.java.rtcm.Rtcm -- MSM sig[2] sigid=23 sigstr=5P code=58 idx=2
04:09:10.660 [main] DEBUG org.rtklib.java.rtcm.Rtcm -- MSM sig[3] sigid=31 sigstr=1P code=2 idx=4
04:09:10.660 [main] DEBUG org.rtklib.java.rtcm.Rtcm -- MSM after sigindex: sig[0] code=40 idx=0
04:09:10.660 [main] DEBUG org.rtklib.java.rtcm.Rtcm -- MSM after sigindex: sig[1] code=42 idx=3
04:09:10.660 [main] DEBUG org.rtklib.java.rtcm.Rtcm -- MSM after sigindex: sig[2] code=58 idx=2
04:09:10.660 [main] DEBUG org.rtklib.java.rtcm.Rtcm -- MSM after sigindex: sig[3] code=2 idx=4
04:09:10.660 [main] DEBUG org.rtklib.java.rtcm.Rtcm -- RTCM3 decoded message type=1042, length=70
04:09:10.660 [main] DEBUG org.rtklib.java.rtcm.Rtcm -- RTCM3 decoded message type=1005, length=25
04:09:10.660 [main] DEBUG org.rtklib.java.rtcm.Rtcm -- RTCM3 decoded message type=1033, length=27
04:09:10.660 [main] DEBUG org.rtklib.java.rtcm.Rtcm -- RTCM3 decoded message type=1124, length=266
04:09:10.660 [main] DEBUG org.rtklib.java.rtcm.Rtcm -- MSM BDS TOW: raw=62509000, tow=62523.0
04:09:10.660 [main] DEBUG org.rtklib.java.rtcm.Rtcm -- MSM BDS after adjweek: time.time=1780852923, time.sec=0.0
04:09:10.660 [main] DEBUG org.rtklib.java.rtcm.Rtcm -- decode_msm_head: sys=32 staid=0 nsat=12 nsig=5 sync=1 iod=0 ncell=34
04:09:10.660 [main] DEBUG org.rtklib.java.rtcm.Rtcm -- MSM sig[0] sigid=2 sigstr=2I code=40 idx=0
04:09:10.660 [main] DEBUG org.rtklib.java.rtcm.Rtcm -- MSM sig[1] sigid=8 sigstr=6I code=42 idx=3
04:09:10.660 [main] DEBUG org.rtklib.java.rtcm.Rtcm -- MSM sig[2] sigid=14 sigstr=7I code=27 idx=1
04:09:10.660 [main] DEBUG org.rtklib.java.rtcm.Rtcm -- MSM sig[3] sigid=23 sigstr=5P code=58 idx=2
04:09:10.660 [main] DEBUG org.rtklib.java.rtcm.Rtcm -- MSM sig[4] sigid=31 sigstr=1P code=2 idx=4
04:09:10.660 [main] DEBUG org.rtklib.java.rtcm.Rtcm -- MSM after sigindex: sig[0] code=40 idx=0
04:09:10.660 [main] DEBUG org.rtklib.java.rtcm.Rtcm -- MSM after sigindex: sig[1] code=42 idx=3
04:09:10.660 [main] DEBUG org.rtklib.java.rtcm.Rtcm -- MSM after sigindex: sig[2] code=27 idx=1
04:09:10.660 [main] DEBUG org.rtklib.java.rtcm.Rtcm -- MSM after sigindex: sig[3] code=58 idx=2
04:09:10.660 [main] DEBUG org.rtklib.java.rtcm.Rtcm -- MSM after sigindex: sig[4] code=2 idx=4
04:09:10.661 [main] DEBUG org.rtklib.java.rtcm.Rtcm -- RTCM3 decoded message type=1124, length=81
04:09:10.661 [main] DEBUG org.rtklib.java.rtcm.Rtcm -- MSM BDS TOW: raw=62509000, tow=62523.0
04:09:10.661 [main] DEBUG org.rtklib.java.rtcm.Rtcm -- MSM BDS after adjweek: time.time=1780852923, time.sec=0.0
04:09:10.661 [main] DEBUG org.rtklib.java.rtcm.Rtcm -- decode_msm_head: sys=32 staid=0 nsat=2 nsig=4 sync=0 iod=0 ncell=8
04:09:10.661 [main] DEBUG org.rtklib.java.rtcm.Rtcm -- MSM sig[0] sigid=2 sigstr=2I code=40 idx=0
04:09:10.661 [main] DEBUG org.rtklib.java.rtcm.Rtcm -- MSM sig[1] sigid=8 sigstr=6I code=42 idx=3
04:09:10.661 [main] DEBUG org.rtklib.java.rtcm.Rtcm -- MSM sig[2] sigid=23 sigstr=5P code=58 idx=2
04:09:10.661 [main] DEBUG org.rtklib.java.rtcm.Rtcm -- MSM sig[3] sigid=31 sigstr=1P code=2 idx=4
04:09:10.661 [main] DEBUG org.rtklib.java.rtcm.Rtcm -- MSM after sigindex: sig[0] code=40 idx=0
04:09:10.661 [main] DEBUG org.rtklib.java.rtcm.Rtcm -- MSM after sigindex: sig[1] code=42 idx=3
04:09:10.661 [main] DEBUG org.rtklib.java.rtcm.Rtcm -- MSM after sigindex: sig[2] code=58 idx=2
04:09:10.661 [main] DEBUG org.rtklib.java.rtcm.Rtcm -- MSM after sigindex: sig[3] code=2 idx=4
04:09:10.661 [main] DEBUG org.rtklib.java.rtcm.Rtcm -- RTCM3 decoded message type=1042, length=70
04:09:10.661 [main] DEBUG org.rtklib.java.rtcm.Rtcm -- RTCM3 decoded message type=1005, length=25
04:09:10.661 [main] DEBUG org.rtklib.java.rtcm.Rtcm -- RTCM3 decoded message type=1033, length=27
04:09:10.661 [main] DEBUG org.rtklib.java.rtcm.Rtcm -- RTCM3 decoded message type=1124, length=266
04:09:10.661 [main] DEBUG org.rtklib.java.rtcm.Rtcm -- MSM BDS TOW: raw=62524000, tow=62538.0
04:09:10.661 [main] DEBUG org.rtklib.java.rtcm.Rtcm -- MSM BDS after adjweek: time.time=1780852938, time.sec=0.0
04:09:10.661 [main] DEBUG org.rtklib.java.rtcm.Rtcm -- decode_msm_head: sys=32 staid=0 nsat=12 nsig=5 sync=1 iod=0 ncell=34
04:09:10.661 [main] DEBUG org.rtklib.java.rtcm.Rtcm -- MSM sig[0] sigid=2 sigstr=2I code=40 idx=0
04:09:10.661 [main] DEBUG org.rtklib.java.rtcm.Rtcm -- MSM sig[1] sigid=8 sigstr=6I code=42 idx=3
04:09:10.661 [main] DEBUG org.rtklib.java.rtcm.Rtcm -- MSM sig[2] sigid=14 sigstr=7I code=27 idx=1
04:09:10.661 [main] DEBUG org.rtklib.java.rtcm.Rtcm -- MSM sig[3] sigid=23 sigstr=5P code=58 idx=2
04:09:10.661 [main] DEBUG org.rtklib.java.rtcm.Rtcm -- MSM sig[4] sigid=31 sigstr=1P code=2 idx=4
04:09:10.661 [main] DEBUG org.rtklib.java.rtcm.Rtcm -- MSM after sigindex: sig[0] code=40 idx=0
04:09:10.661 [main] DEBUG org.rtklib.java.rtcm.Rtcm -- MSM after sigindex: sig[1] code=42 idx=3
04:09:10.661 [main] DEBUG org.rtklib.java.rtcm.Rtcm -- MSM after sigindex: sig[2] code=27 idx=1
04:09:10.661 [main] DEBUG org.rtklib.java.rtcm.Rtcm -- MSM after sigindex: sig[3] code=58 idx=2
04:09:10.661 [main] DEBUG org.rtklib.java.rtcm.Rtcm -- MSM after sigindex: sig[4] code=2 idx=4
04:09:10.661 [main] DEBUG org.rtklib.java.rtcm.Rtcm -- RTCM3 decoded message type=1124, length=81
04:09:10.661 [main] DEBUG org.rtklib.java.rtcm.Rtcm -- MSM BDS TOW: raw=62524000, tow=62538.0
04:09:10.661 [main] DEBUG org.rtklib.java.rtcm.Rtcm -- MSM BDS after adjweek: time.time=1780852938, time.sec=0.0
04:09:10.661 [main] DEBUG org.rtklib.java.rtcm.Rtcm -- decode_msm_head: sys=32 staid=0 nsat=2 nsig=4 sync=0 iod=0 ncell=8
04:09:10.661 [main] DEBUG org.rtklib.java.rtcm.Rtcm -- MSM sig[0] sigid=2 sigstr=2I code=40 idx=0
04:09:10.661 [main] DEBUG org.rtklib.java.rtcm.Rtcm -- MSM sig[1] sigid=8 sigstr=6I code=42 idx=3
04:09:10.661 [main] DEBUG org.rtklib.java.rtcm.Rtcm -- MSM sig[2] sigid=23 sigstr=5P code=58 idx=2
04:09:10.661 [main] DEBUG org.rtklib.java.rtcm.Rtcm -- MSM sig[3] sigid=31 sigstr=1P code=2 idx=4
04:09:10.661 [main] DEBUG org.rtklib.java.rtcm.Rtcm -- MSM after sigindex: sig[0] code=40 idx=0
04:09:10.661 [main] DEBUG org.rtklib.java.rtcm.Rtcm -- MSM after sigindex: sig[1] code=42 idx=3
04:09:10.661 [main] DEBUG org.rtklib.java.rtcm.Rtcm -- MSM after sigindex: sig[2] code=58 idx=2
04:09:10.661 [main] DEBUG org.rtklib.java.rtcm.Rtcm -- MSM after sigindex: sig[3] code=2 idx=4
04:09:10.661 [main] DEBUG org.rtklib.java.rtcm.Rtcm -- RTCM3 decoded message type=1042, length=70
04:09:10.661 [main] DEBUG org.rtklib.java.rtcm.Rtcm -- RTCM3 decoded message type=1005, length=25
04:09:10.661 [main] DEBUG org.rtklib.java.rtcm.Rtcm -- RTCM3 decoded message type=1033, length=27
04:09:10.661 [main] DEBUG org.rtklib.java.rtcm.Rtcm -- RTCM3 decoded message type=1124, length=260
04:09:10.661 [main] DEBUG org.rtklib.java.rtcm.Rtcm -- MSM BDS TOW: raw=62539000, tow=62553.0
04:09:10.661 [main] DEBUG org.rtklib.java.rtcm.Rtcm -- MSM BDS after adjweek: time.time=1780852953, time.sec=0.0
04:09:10.661 [main] DEBUG org.rtklib.java.rtcm.Rtcm -- decode_msm_head: sys=32 staid=0 nsat=12 nsig=5 sync=1 iod=0 ncell=33
04:09:10.661 [main] DEBUG org.rtklib.java.rtcm.Rtcm -- MSM sig[0] sigid=2 sigstr=2I code=40 idx=0
04:09:10.661 [main] DEBUG org.rtklib.java.rtcm.Rtcm -- MSM sig[1] sigid=8 sigstr=6I code=42 idx=3
04:09:10.661 [main] DEBUG org.rtklib.java.rtcm.Rtcm -- MSM sig[2] sigid=14 sigstr=7I code=27 idx=1
04:09:10.661 [main] DEBUG org.rtklib.java.rtcm.Rtcm -- MSM sig[3] sigid=23 sigstr=5P code=58 idx=2
04:09:10.661 [main] DEBUG org.rtklib.java.rtcm.Rtcm -- MSM sig[4] sigid=31 sigstr=1P code=2 idx=4
04:09:10.661 [main] DEBUG org.rtklib.java.rtcm.Rtcm -- MSM after sigindex: sig[0] code=40 idx=0
04:09:10.661 [main] DEBUG org.rtklib.java.rtcm.Rtcm -- MSM after sigindex: sig[1] code=42 idx=3
04:09:10.661 [main] DEBUG org.rtklib.java.rtcm.Rtcm -- MSM after sigindex: sig[2] code=27 idx=1
04:09:10.661 [main] DEBUG org.rtklib.java.rtcm.Rtcm -- MSM after sigindex: sig[3] code=58 idx=2
04:09:10.661 [main] DEBUG org.rtklib.java.rtcm.Rtcm -- MSM after sigindex: sig[4] code=2 idx=4
04:09:10.661 [main] DEBUG org.rtklib.java.rtcm.Rtcm -- RTCM3 decoded message type=1124, length=81
04:09:10.661 [main] DEBUG org.rtklib.java.rtcm.Rtcm -- MSM BDS TOW: raw=62539000, tow=62553.0
04:09:10.661 [main] DEBUG org.rtklib.java.rtcm.Rtcm -- MSM BDS after adjweek: time.time=1780852953, time.sec=0.0
04:09:10.661 [main] DEBUG org.rtklib.java.rtcm.Rtcm -- decode_msm_head: sys=32 staid=0 nsat=2 nsig=4 sync=0 iod=0 ncell=8
04:09:10.661 [main] DEBUG org.rtklib.java.rtcm.Rtcm -- MSM sig[0] sigid=2 sigstr=2I code=40 idx=0
04:09:10.661 [main] DEBUG org.rtklib.java.rtcm.Rtcm -- MSM sig[1] sigid=8 sigstr=6I code=42 idx=3
04:09:10.661 [main] DEBUG org.rtklib.java.rtcm.Rtcm -- MSM sig[2] sigid=23 sigstr=5P code=58 idx=2
04:09:10.661 [main] DEBUG org.rtklib.java.rtcm.Rtcm -- MSM sig[3] sigid=31 sigstr=1P code=2 idx=4
04:09:10.661 [main] DEBUG org.rtklib.java.rtcm.Rtcm -- MSM after sigindex: sig[0] code=40 idx=0
04:09:10.661 [main] DEBUG org.rtklib.java.rtcm.Rtcm -- MSM after sigindex: sig[1] code=42 idx=3
04:09:10.661 [main] DEBUG org.rtklib.java.rtcm.Rtcm -- MSM after sigindex: sig[2] code=58 idx=2
04:09:10.661 [main] DEBUG org.rtklib.java.rtcm.Rtcm -- MSM after sigindex: sig[3] code=2 idx=4
04:09:10.661 [main] DEBUG org.rtklib.java.rtcm.Rtcm -- RTCM3 decoded message type=1042, length=70
04:09:10.661 [main] DEBUG org.rtklib.java.rtcm.Rtcm -- RTCM3 decoded message type=1005, length=25
04:09:10.661 [main] DEBUG org.rtklib.java.rtcm.Rtcm -- RTCM3 decoded message type=1033, length=27
04:09:10.661 [main] DEBUG org.rtklib.java.rtcm.Rtcm -- RTCM3 decoded message type=1124, length=248
04:09:10.661 [main] DEBUG org.rtklib.java.rtcm.Rtcm -- MSM BDS TOW: raw=62554000, tow=62568.0
04:09:10.661 [main] DEBUG org.rtklib.java.rtcm.Rtcm -- MSM BDS after adjweek: time.time=1780852968, time.sec=0.0
04:09:10.661 [main] DEBUG org.rtklib.java.rtcm.Rtcm -- decode_msm_head: sys=32 staid=0 nsat=12 nsig=5 sync=1 iod=0 ncell=31
04:09:10.661 [main] DEBUG org.rtklib.java.rtcm.Rtcm -- MSM sig[0] sigid=2 sigstr=2I code=40 idx=0
04:09:10.661 [main] DEBUG org.rtklib.java.rtcm.Rtcm -- MSM sig[1] sigid=8 sigstr=6I code=42 idx=3
04:09:10.661 [main] DEBUG org.rtklib.java.rtcm.Rtcm -- MSM sig[2] sigid=14 sigstr=7I code=27 idx=1
04:09:10.661 [main] DEBUG org.rtklib.java.rtcm.Rtcm -- MSM sig[3] sigid=23 sigstr=5P code=58 idx=2
04:09:10.661 [main] DEBUG org.rtklib.java.rtcm.Rtcm -- MSM sig[4] sigid=31 sigstr=1P code=2 idx=4
04:09:10.661 [main] DEBUG org.rtklib.java.rtcm.Rtcm -- MSM after sigindex: sig[0] code=40 idx=0
04:09:10.661 [main] DEBUG org.rtklib.java.rtcm.Rtcm -- MSM after sigindex: sig[1] code=42 idx=3
04:09:10.661 [main] DEBUG org.rtklib.java.rtcm.Rtcm -- MSM after sigindex: sig[2] code=27 idx=1
04:09:10.661 [main] DEBUG org.rtklib.java.rtcm.Rtcm -- MSM after sigindex: sig[3] code=58 idx=2
04:09:10.661 [main] DEBUG org.rtklib.java.rtcm.Rtcm -- MSM after sigindex: sig[4] code=2 idx=4
04:09:10.661 [main] DEBUG org.rtklib.java.rtcm.Rtcm -- RTCM3 decoded message type=1124, length=69
04:09:10.661 [main] DEBUG org.rtklib.java.rtcm.Rtcm -- MSM BDS TOW: raw=62554000, tow=62568.0
04:09:10.661 [main] DEBUG org.rtklib.java.rtcm.Rtcm -- MSM BDS after adjweek: time.time=1780852968, time.sec=0.0
04:09:10.661 [main] DEBUG org.rtklib.java.rtcm.Rtcm -- decode_msm_head: sys=32 staid=0 nsat=2 nsig=4 sync=0 iod=0 ncell=6
04:09:10.661 [main] DEBUG org.rtklib.java.rtcm.Rtcm -- MSM sig[0] sigid=2 sigstr=2I code=40 idx=0
04:09:10.661 [main] DEBUG org.rtklib.java.rtcm.Rtcm -- MSM sig[1] sigid=8 sigstr=6I code=42 idx=3
04:09:10.661 [main] DEBUG org.rtklib.java.rtcm.Rtcm -- MSM sig[2] sigid=23 sigstr=5P code=58 idx=2
04:09:10.661 [main] DEBUG org.rtklib.java.rtcm.Rtcm -- MSM sig[3] sigid=31 sigstr=1P code=2 idx=4
04:09:10.661 [main] DEBUG org.rtklib.java.rtcm.Rtcm -- MSM after sigindex: sig[0] code=40 idx=0
04:09:10.661 [main] DEBUG org.rtklib.java.rtcm.Rtcm -- MSM after sigindex: sig[1] code=42 idx=3
04:09:10.661 [main] DEBUG org.rtklib.java.rtcm.Rtcm -- MSM after sigindex: sig[2] code=58 idx=2
04:09:10.661 [main] DEBUG org.rtklib.java.rtcm.Rtcm -- MSM after sigindex: sig[3] code=2 idx=4
04:09:10.661 [main] DEBUG org.rtklib.java.rtcm.Rtcm -- RTCM3 decoded message type=1042, length=70
04:09:10.661 [main] DEBUG org.rtklib.java.rtcm.Rtcm -- RTCM3 decoded message type=1005, length=25
04:09:10.661 [main] DEBUG org.rtklib.java.rtcm.Rtcm -- RTCM3 decoded message type=1033, length=27
04:09:10.661 [main] DEBUG org.rtklib.java.rtcm.Rtcm -- RTCM3 decoded message type=1124, length=248
04:09:10.661 [main] DEBUG org.rtklib.java.rtcm.Rtcm -- MSM BDS TOW: raw=62569000, tow=62583.0
04:09:10.661 [main] DEBUG org.rtklib.java.rtcm.Rtcm -- MSM BDS after adjweek: time.time=1780852983, time.sec=0.0
04:09:10.661 [main] DEBUG org.rtklib.java.rtcm.Rtcm -- decode_msm_head: sys=32 staid=0 nsat=12 nsig=5 sync=1 iod=0 ncell=31
04:09:10.661 [main] DEBUG org.rtklib.java.rtcm.Rtcm -- MSM sig[0] sigid=2 sigstr=2I code=40 idx=0
04:09:10.661 [main] DEBUG org.rtklib.java.rtcm.Rtcm -- MSM sig[1] sigid=8 sigstr=6I code=42 idx=3
04:09:10.661 [main] DEBUG org.rtklib.java.rtcm.Rtcm -- MSM sig[2] sigid=14 sigstr=7I code=27 idx=1
04:09:10.661 [main] DEBUG org.rtklib.java.rtcm.Rtcm -- MSM sig[3] sigid=23 sigstr=5P code=58 idx=2
04:09:10.661 [main] DEBUG org.rtklib.java.rtcm.Rtcm -- MSM sig[4] sigid=31 sigstr=1P code=2 idx=4
04:09:10.661 [main] DEBUG org.rtklib.java.rtcm.Rtcm -- MSM after sigindex: sig[0] code=40 idx=0
04:09:10.661 [main] DEBUG org.rtklib.java.rtcm.Rtcm -- MSM after sigindex: sig[1] code=42 idx=3
04:09:10.661 [main] DEBUG org.rtklib.java.rtcm.Rtcm -- MSM after sigindex: sig[2] code=27 idx=1
04:09:10.661 [main] DEBUG org.rtklib.java.rtcm.Rtcm -- MSM after sigindex: sig[3] code=58 idx=2
04:09:10.661 [main] DEBUG org.rtklib.java.rtcm.Rtcm -- MSM after sigindex: sig[4] code=2 idx=4
04:09:10.661 [main] DEBUG org.rtklib.java.rtcm.Rtcm -- RTCM3 decoded message type=1124, length=69
04:09:10.661 [main] DEBUG org.rtklib.java.rtcm.Rtcm -- MSM BDS TOW: raw=62569000, tow=62583.0
04:09:10.661 [main] DEBUG org.rtklib.java.rtcm.Rtcm -- MSM BDS after adjweek: time.time=1780852983, time.sec=0.0
04:09:10.661 [main] DEBUG org.rtklib.java.rtcm.Rtcm -- decode_msm_head: sys=32 staid=0 nsat=2 nsig=4 sync=0 iod=0 ncell=6
04:09:10.661 [main] DEBUG org.rtklib.java.rtcm.Rtcm -- MSM sig[0] sigid=2 sigstr=2I code=40 idx=0
04:09:10.661 [main] DEBUG org.rtklib.java.rtcm.Rtcm -- MSM sig[1] sigid=8 sigstr=6I code=42 idx=3
04:09:10.661 [main] DEBUG org.rtklib.java.rtcm.Rtcm -- MSM sig[2] sigid=23 sigstr=5P code=58 idx=2
04:09:10.661 [main] DEBUG org.rtklib.java.rtcm.Rtcm -- MSM sig[3] sigid=31 sigstr=1P code=2 idx=4
04:09:10.661 [main] DEBUG org.rtklib.java.rtcm.Rtcm -- MSM after sigindex: sig[0] code=40 idx=0
04:09:10.661 [main] DEBUG org.rtklib.java.rtcm.Rtcm -- MSM after sigindex: sig[1] code=42 idx=3
04:09:10.661 [main] DEBUG org.rtklib.java.rtcm.Rtcm -- MSM after sigindex: sig[2] code=58 idx=2
04:09:10.661 [main] DEBUG org.rtklib.java.rtcm.Rtcm -- MSM after sigindex: sig[3] code=2 idx=4
04:09:10.661 [main] DEBUG org.rtklib.java.rtcm.Rtcm -- RTCM3 decoded message type=1042, length=70
04:09:10.661 [main] DEBUG org.rtklib.java.rtcm.Rtcm -- RTCM3 decoded message type=1005, length=25
04:09:10.661 [main] DEBUG org.rtklib.java.rtcm.Rtcm -- RTCM3 decoded message type=1033, length=27
04:09:10.661 [main] DEBUG org.rtklib.java.rtcm.Rtcm -- RTCM3 decoded message type=1124, length=254
04:09:10.661 [main] DEBUG org.rtklib.java.rtcm.Rtcm -- MSM BDS TOW: raw=62584000, tow=62598.0
04:09:10.661 [main] DEBUG org.rtklib.java.rtcm.Rtcm -- MSM BDS after adjweek: time.time=1780852998, time.sec=0.0
04:09:10.661 [main] DEBUG org.rtklib.java.rtcm.Rtcm -- decode_msm_head: sys=32 staid=0 nsat=12 nsig=5 sync=1 iod=0 ncell=32
04:09:10.661 [main] DEBUG org.rtklib.java.rtcm.Rtcm -- MSM sig[0] sigid=2 sigstr=2I code=40 idx=0
04:09:10.661 [main] DEBUG org.rtklib.java.rtcm.Rtcm -- MSM sig[1] sigid=8 sigstr=6I code=42 idx=3
04:09:10.661 [main] DEBUG org.rtklib.java.rtcm.Rtcm -- MSM sig[2] sigid=14 sigstr=7I code=27 idx=1
04:09:10.661 [main] DEBUG org.rtklib.java.rtcm.Rtcm -- MSM sig[3] sigid=23 sigstr=5P code=58 idx=2
04:09:10.661 [main] DEBUG org.rtklib.java.rtcm.Rtcm -- MSM sig[4] sigid=31 sigstr=1P code=2 idx=4
04:09:10.661 [main] DEBUG org.rtklib.java.rtcm.Rtcm -- MSM after sigindex: sig[0] code=40 idx=0
04:09:10.661 [main] DEBUG org.rtklib.java.rtcm.Rtcm -- MSM after sigindex: sig[1] code=42 idx=3
04:09:10.661 [main] DEBUG org.rtklib.java.rtcm.Rtcm -- MSM after sigindex: sig[2] code=27 idx=1
04:09:10.661 [main] DEBUG org.rtklib.java.rtcm.Rtcm -- MSM after sigindex: sig[3] code=58 idx=2
04:09:10.661 [main] DEBUG org.rtklib.java.rtcm.Rtcm -- MSM after sigindex: sig[4] code=2 idx=4
04:09:10.661 [main] DEBUG org.rtklib.java.rtcm.Rtcm -- RTCM3 decoded message type=1124, length=75
04:09:10.661 [main] DEBUG org.rtklib.java.rtcm.Rtcm -- MSM BDS TOW: raw=62584000, tow=62598.0
04:09:10.661 [main] DEBUG org.rtklib.java.rtcm.Rtcm -- MSM BDS after adjweek: time.time=1780852998, time.sec=0.0
04:09:10.661 [main] DEBUG org.rtklib.java.rtcm.Rtcm -- decode_msm_head: sys=32 staid=0 nsat=2 nsig=4 sync=0 iod=0 ncell=7
04:09:10.661 [main] DEBUG org.rtklib.java.rtcm.Rtcm -- MSM sig[0] sigid=2 sigstr=2I code=40 idx=0
04:09:10.661 [main] DEBUG org.rtklib.java.rtcm.Rtcm -- MSM sig[1] sigid=8 sigstr=6I code=42 idx=3
04:09:10.661 [main] DEBUG org.rtklib.java.rtcm.Rtcm -- MSM sig[2] sigid=23 sigstr=5P code=58 idx=2
04:09:10.661 [main] DEBUG org.rtklib.java.rtcm.Rtcm -- MSM sig[3] sigid=31 sigstr=1P code=2 idx=4
04:09:10.661 [main] DEBUG org.rtklib.java.rtcm.Rtcm -- MSM after sigindex: sig[0] code=40 idx=0
04:09:10.661 [main] DEBUG org.rtklib.java.rtcm.Rtcm -- MSM after sigindex: sig[1] code=42 idx=3
04:09:10.661 [main] DEBUG org.rtklib.java.rtcm.Rtcm -- MSM after sigindex: sig[2] code=58 idx=2
04:09:10.661 [main] DEBUG org.rtklib.java.rtcm.Rtcm -- MSM after sigindex: sig[3] code=2 idx=4
04:09:10.661 [main] DEBUG org.rtklib.java.rtcm.Rtcm -- RTCM3 decoded message type=1042, length=70
04:09:10.661 [main] DEBUG org.rtklib.java.rtcm.Rtcm -- RTCM3 decoded message type=1005, length=25
04:09:10.661 [main] DEBUG org.rtklib.java.rtcm.Rtcm -- RTCM3 decoded message type=1033, length=27
04:09:10.661 [main] DEBUG org.rtklib.java.rtcm.Rtcm -- RTCM3 decoded message type=1124, length=254
04:09:10.661 [main] DEBUG org.rtklib.java.rtcm.Rtcm -- MSM BDS TOW: raw=62599000, tow=62613.0
04:09:10.661 [main] DEBUG org.rtklib.java.rtcm.Rtcm -- MSM BDS after adjweek: time.time=1780853013, time.sec=0.0
04:09:10.661 [main] DEBUG org.rtklib.java.rtcm.Rtcm -- decode_msm_head: sys=32 staid=0 nsat=12 nsig=5 sync=1 iod=0 ncell=32
04:09:10.661 [main] DEBUG org.rtklib.java.rtcm.Rtcm -- MSM sig[0] sigid=2 sigstr=2I code=40 idx=0
04:09:10.661 [main] DEBUG org.rtklib.java.rtcm.Rtcm -- MSM sig[1] sigid=8 sigstr=6I code=42 idx=3
04:09:10.661 [main] DEBUG org.rtklib.java.rtcm.Rtcm -- MSM sig[2] sigid=14 sigstr=7I code=27 idx=1
04:09:10.661 [main] DEBUG org.rtklib.java.rtcm.Rtcm -- MSM sig[3] sigid=23 sigstr=5P code=58 idx=2
04:09:10.661 [main] DEBUG org.rtklib.java.rtcm.Rtcm -- MSM sig[4] sigid=31 sigstr=1P code=2 idx=4
04:09:10.661 [main] DEBUG org.rtklib.java.rtcm.Rtcm -- MSM after sigindex: sig[0] code=40 idx=0
04:09:10.661 [main] DEBUG org.rtklib.java.rtcm.Rtcm -- MSM after sigindex: sig[1] code=42 idx=3
04:09:10.661 [main] DEBUG org.rtklib.java.rtcm.Rtcm -- MSM after sigindex: sig[2] code=27 idx=1
04:09:10.661 [main] DEBUG org.rtklib.java.rtcm.Rtcm -- MSM after sigindex: sig[3] code=58 idx=2
04:09:10.661 [main] DEBUG org.rtklib.java.rtcm.Rtcm -- MSM after sigindex: sig[4] code=2 idx=4
04:09:10.662 [main] DEBUG org.rtklib.java.rtcm.Rtcm -- RTCM3 decoded message type=1124, length=81
04:09:10.662 [main] DEBUG org.rtklib.java.rtcm.Rtcm -- MSM BDS TOW: raw=62599000, tow=62613.0
04:09:10.662 [main] DEBUG org.rtklib.java.rtcm.Rtcm -- MSM BDS after adjweek: time.time=1780853013, time.sec=0.0
04:09:10.662 [main] DEBUG org.rtklib.java.rtcm.Rtcm -- decode_msm_head: sys=32 staid=0 nsat=2 nsig=4 sync=0 iod=0 ncell=8
04:09:10.662 [main] DEBUG org.rtklib.java.rtcm.Rtcm -- MSM sig[0] sigid=2 sigstr=2I code=40 idx=0
04:09:10.662 [main] DEBUG org.rtklib.java.rtcm.Rtcm -- MSM sig[1] sigid=8 sigstr=6I code=42 idx=3
04:09:10.662 [main] DEBUG org.rtklib.java.rtcm.Rtcm -- MSM sig[2] sigid=23 sigstr=5P code=58 idx=2
04:09:10.662 [main] DEBUG org.rtklib.java.rtcm.Rtcm -- MSM sig[3] sigid=31 sigstr=1P code=2 idx=4
04:09:10.662 [main] DEBUG org.rtklib.java.rtcm.Rtcm -- MSM after sigindex: sig[0] code=40 idx=0
04:09:10.662 [main] DEBUG org.rtklib.java.rtcm.Rtcm -- MSM after sigindex: sig[1] code=42 idx=3
04:09:10.662 [main] DEBUG org.rtklib.java.rtcm.Rtcm -- MSM after sigindex: sig[2] code=58 idx=2
04:09:10.662 [main] DEBUG org.rtklib.java.rtcm.Rtcm -- MSM after sigindex: sig[3] code=2 idx=4
04:09:10.662 [main] DEBUG org.rtklib.java.rtcm.Rtcm -- RTCM3 decoded message type=1042, length=70
04:09:10.662 [main] DEBUG org.rtklib.java.rtcm.Rtcm -- RTCM3 decoded message type=1005, length=25
04:09:10.662 [main] DEBUG org.rtklib.java.rtcm.Rtcm -- RTCM3 decoded message type=1033, length=27
04:09:10.662 [main] DEBUG org.rtklib.java.rtcm.Rtcm -- RTCM3 decoded message type=1124, length=254
04:09:10.662 [main] DEBUG org.rtklib.java.rtcm.Rtcm -- MSM BDS TOW: raw=62614000, tow=62628.0
04:09:10.662 [main] DEBUG org.rtklib.java.rtcm.Rtcm -- MSM BDS after adjweek: time.time=1780853028, time.sec=0.0
04:09:10.662 [main] DEBUG org.rtklib.java.rtcm.Rtcm -- decode_msm_head: sys=32 staid=0 nsat=12 nsig=5 sync=1 iod=0 ncell=32
04:09:10.662 [main] DEBUG org.rtklib.java.rtcm.Rtcm -- MSM sig[0] sigid=2 sigstr=2I code=40 idx=0
04:09:10.662 [main] DEBUG org.rtklib.java.rtcm.Rtcm -- MSM sig[1] sigid=8 sigstr=6I code=42 idx=3
04:09:10.662 [main] DEBUG org.rtklib.java.rtcm.Rtcm -- MSM sig[2] sigid=14 sigstr=7I code=27 idx=1
04:09:10.662 [main] DEBUG org.rtklib.java.rtcm.Rtcm -- MSM sig[3] sigid=23 sigstr=5P code=58 idx=2
04:09:10.662 [main] DEBUG org.rtklib.java.rtcm.Rtcm -- MSM sig[4] sigid=31 sigstr=1P code=2 idx=4
04:09:10.662 [main] DEBUG org.rtklib.java.rtcm.Rtcm -- MSM after sigindex: sig[0] code=40 idx=0
04:09:10.662 [main] DEBUG org.rtklib.java.rtcm.Rtcm -- MSM after sigindex: sig[1] code=42 idx=3
04:09:10.662 [main] DEBUG org.rtklib.java.rtcm.Rtcm -- MSM after sigindex: sig[2] code=27 idx=1
04:09:10.662 [main] DEBUG org.rtklib.java.rtcm.Rtcm -- MSM after sigindex: sig[3] code=58 idx=2
04:09:10.662 [main] DEBUG org.rtklib.java.rtcm.Rtcm -- MSM after sigindex: sig[4] code=2 idx=4
04:09:10.662 [main] DEBUG org.rtklib.java.rtcm.Rtcm -- RTCM3 decoded message type=1124, length=81
04:09:10.662 [main] DEBUG org.rtklib.java.rtcm.Rtcm -- MSM BDS TOW: raw=62614000, tow=62628.0
04:09:10.662 [main] DEBUG org.rtklib.java.rtcm.Rtcm -- MSM BDS after adjweek: time.time=1780853028, time.sec=0.0
04:09:10.662 [main] DEBUG org.rtklib.java.rtcm.Rtcm -- decode_msm_head: sys=32 staid=0 nsat=2 nsig=4 sync=0 iod=0 ncell=8
04:09:10.662 [main] DEBUG org.rtklib.java.rtcm.Rtcm -- MSM sig[0] sigid=2 sigstr=2I code=40 idx=0
04:09:10.662 [main] DEBUG org.rtklib.java.rtcm.Rtcm -- MSM sig[1] sigid=8 sigstr=6I code=42 idx=3
04:09:10.662 [main] DEBUG org.rtklib.java.rtcm.Rtcm -- MSM sig[2] sigid=23 sigstr=5P code=58 idx=2
04:09:10.662 [main] DEBUG org.rtklib.java.rtcm.Rtcm -- MSM sig[3] sigid=31 sigstr=1P code=2 idx=4
04:09:10.662 [main] DEBUG org.rtklib.java.rtcm.Rtcm -- MSM after sigindex: sig[0] code=40 idx=0
04:09:10.662 [main] DEBUG org.rtklib.java.rtcm.Rtcm -- MSM after sigindex: sig[1] code=42 idx=3
04:09:10.662 [main] DEBUG org.rtklib.java.rtcm.Rtcm -- MSM after sigindex: sig[2] code=58 idx=2
04:09:10.662 [main] DEBUG org.rtklib.java.rtcm.Rtcm -- MSM after sigindex: sig[3] code=2 idx=4
04:09:10.662 [main] DEBUG org.rtklib.java.rtcm.Rtcm -- RTCM3 decoded message type=1042, length=70
04:09:10.662 [main] DEBUG org.rtklib.java.rtcm.Rtcm -- RTCM3 decoded message type=1005, length=25
04:09:10.662 [main] DEBUG org.rtklib.java.rtcm.Rtcm -- RTCM3 decoded message type=1033, length=27
04:09:10.662 [main] DEBUG org.rtklib.java.rtcm.Rtcm -- RTCM3 decoded message type=1124, length=266
04:09:10.662 [main] DEBUG org.rtklib.java.rtcm.Rtcm -- MSM BDS TOW: raw=62629000, tow=62643.0
04:09:10.662 [main] DEBUG org.rtklib.java.rtcm.Rtcm -- MSM BDS after adjweek: time.time=1780853043, time.sec=0.0
04:09:10.662 [main] DEBUG org.rtklib.java.rtcm.Rtcm -- decode_msm_head: sys=32 staid=0 nsat=12 nsig=5 sync=1 iod=0 ncell=34
04:09:10.662 [main] DEBUG org.rtklib.java.rtcm.Rtcm -- MSM sig[0] sigid=2 sigstr=2I code=40 idx=0
04:09:10.662 [main] DEBUG org.rtklib.java.rtcm.Rtcm -- MSM sig[1] sigid=8 sigstr=6I code=42 idx=3
04:09:10.662 [main] DEBUG org.rtklib.java.rtcm.Rtcm -- MSM sig[2] sigid=14 sigstr=7I code=27 idx=1
04:09:10.662 [main] DEBUG org.rtklib.java.rtcm.Rtcm -- MSM sig[3] sigid=23 sigstr=5P code=58 idx=2
04:09:10.662 [main] DEBUG org.rtklib.java.rtcm.Rtcm -- MSM sig[4] sigid=31 sigstr=1P code=2 idx=4
04:09:10.662 [main] DEBUG org.rtklib.java.rtcm.Rtcm -- MSM after sigindex: sig[0] code=40 idx=0
04:09:10.662 [main] DEBUG org.rtklib.java.rtcm.Rtcm -- MSM after sigindex: sig[1] code=42 idx=3
04:09:10.662 [main] DEBUG org.rtklib.java.rtcm.Rtcm -- MSM after sigindex: sig[2] code=27 idx=1
04:09:10.662 [main] DEBUG org.rtklib.java.rtcm.Rtcm -- MSM after sigindex: sig[3] code=58 idx=2
04:09:10.662 [main] DEBUG org.rtklib.java.rtcm.Rtcm -- MSM after sigindex: sig[4] code=2 idx=4
04:09:10.662 [main] DEBUG org.rtklib.java.rtcm.Rtcm -- RTCM3 decoded message type=1124, length=81
04:09:10.662 [main] DEBUG org.rtklib.java.rtcm.Rtcm -- MSM BDS TOW: raw=62629000, tow=62643.0
04:09:10.662 [main] DEBUG org.rtklib.java.rtcm.Rtcm -- MSM BDS after adjweek: time.time=1780853043, time.sec=0.0
04:09:10.662 [main] DEBUG org.rtklib.java.rtcm.Rtcm -- decode_msm_head: sys=32 staid=0 nsat=2 nsig=4 sync=0 iod=0 ncell=8
04:09:10.662 [main] DEBUG org.rtklib.java.rtcm.Rtcm -- MSM sig[0] sigid=2 sigstr=2I code=40 idx=0
04:09:10.662 [main] DEBUG org.rtklib.java.rtcm.Rtcm -- MSM sig[1] sigid=8 sigstr=6I code=42 idx=3
04:09:10.662 [main] DEBUG org.rtklib.java.rtcm.Rtcm -- MSM sig[2] sigid=23 sigstr=5P code=58 idx=2
04:09:10.662 [main] DEBUG org.rtklib.java.rtcm.Rtcm -- MSM sig[3] sigid=31 sigstr=1P code=2 idx=4
04:09:10.662 [main] DEBUG org.rtklib.java.rtcm.Rtcm -- MSM after sigindex: sig[0] code=40 idx=0
04:09:10.662 [main] DEBUG org.rtklib.java.rtcm.Rtcm -- MSM after sigindex: sig[1] code=42 idx=3
04:09:10.662 [main] DEBUG org.rtklib.java.rtcm.Rtcm -- MSM after sigindex: sig[2] code=58 idx=2
04:09:10.662 [main] DEBUG org.rtklib.java.rtcm.Rtcm -- MSM after sigindex: sig[3] code=2 idx=4
04:09:10.662 [main] DEBUG org.rtklib.java.rtcm.Rtcm -- RTCM3 decoded message type=1042, length=70
04:09:10.662 [main] DEBUG org.rtklib.java.rtcm.Rtcm -- RTCM3 decoded message type=1005, length=25
04:09:10.662 [main] DEBUG org.rtklib.java.rtcm.Rtcm -- RTCM3 decoded message type=1033, length=27
04:09:10.662 [main] DEBUG org.rtklib.java.rtcm.Rtcm -- RTCM3 decoded message type=1124, length=266
04:09:10.662 [main] DEBUG org.rtklib.java.rtcm.Rtcm -- MSM BDS TOW: raw=62644000, tow=62658.0
04:09:10.662 [main] DEBUG org.rtklib.java.rtcm.Rtcm -- MSM BDS after adjweek: time.time=1780853058, time.sec=0.0
04:09:10.662 [main] DEBUG org.rtklib.java.rtcm.Rtcm -- decode_msm_head: sys=32 staid=0 nsat=12 nsig=5 sync=1 iod=0 ncell=34
04:09:10.662 [main] DEBUG org.rtklib.java.rtcm.Rtcm -- MSM sig[0] sigid=2 sigstr=2I code=40 idx=0
04:09:10.662 [main] DEBUG org.rtklib.java.rtcm.Rtcm -- MSM sig[1] sigid=8 sigstr=6I code=42 idx=3
04:09:10.662 [main] DEBUG org.rtklib.java.rtcm.Rtcm -- MSM sig[2] sigid=14 sigstr=7I code=27 idx=1
04:09:10.662 [main] DEBUG org.rtklib.java.rtcm.Rtcm -- MSM sig[3] sigid=23 sigstr=5P code=58 idx=2
04:09:10.662 [main] DEBUG org.rtklib.java.rtcm.Rtcm -- MSM sig[4] sigid=31 sigstr=1P code=2 idx=4
04:09:10.662 [main] DEBUG org.rtklib.java.rtcm.Rtcm -- MSM after sigindex: sig[0] code=40 idx=0
04:09:10.662 [main] DEBUG org.rtklib.java.rtcm.Rtcm -- MSM after sigindex: sig[1] code=42 idx=3
04:09:10.662 [main] DEBUG org.rtklib.java.rtcm.Rtcm -- MSM after sigindex: sig[2] code=27 idx=1
04:09:10.662 [main] DEBUG org.rtklib.java.rtcm.Rtcm -- MSM after sigindex: sig[3] code=58 idx=2
04:09:10.662 [main] DEBUG org.rtklib.java.rtcm.Rtcm -- MSM after sigindex: sig[4] code=2 idx=4
04:09:10.662 [main] DEBUG org.rtklib.java.rtcm.Rtcm -- RTCM3 decoded message type=1124, length=81
04:09:10.662 [main] DEBUG org.rtklib.java.rtcm.Rtcm -- MSM BDS TOW: raw=62644000, tow=62658.0
04:09:10.662 [main] DEBUG org.rtklib.java.rtcm.Rtcm -- MSM BDS after adjweek: time.time=1780853058, time.sec=0.0
04:09:10.662 [main] DEBUG org.rtklib.java.rtcm.Rtcm -- decode_msm_head: sys=32 staid=0 nsat=2 nsig=4 sync=0 iod=0 ncell=8
04:09:10.662 [main] DEBUG org.rtklib.java.rtcm.Rtcm -- MSM sig[0] sigid=2 sigstr=2I code=40 idx=0
04:09:10.662 [main] DEBUG org.rtklib.java.rtcm.Rtcm -- MSM sig[1] sigid=8 sigstr=6I code=42 idx=3
04:09:10.662 [main] DEBUG org.rtklib.java.rtcm.Rtcm -- MSM sig[2] sigid=23 sigstr=5P code=58 idx=2
04:09:10.662 [main] DEBUG org.rtklib.java.rtcm.Rtcm -- MSM sig[3] sigid=31 sigstr=1P code=2 idx=4
04:09:10.662 [main] DEBUG org.rtklib.java.rtcm.Rtcm -- MSM after sigindex: sig[0] code=40 idx=0
04:09:10.662 [main] DEBUG org.rtklib.java.rtcm.Rtcm -- MSM after sigindex: sig[1] code=42 idx=3
04:09:10.662 [main] DEBUG org.rtklib.java.rtcm.Rtcm -- MSM after sigindex: sig[2] code=58 idx=2
04:09:10.662 [main] DEBUG org.rtklib.java.rtcm.Rtcm -- MSM after sigindex: sig[3] code=2 idx=4
04:09:10.662 [main] DEBUG org.rtklib.java.rtcm.Rtcm -- RTCM3 decoded message type=1042, length=70
04:09:10.662 [main] DEBUG org.rtklib.java.rtcm.Rtcm -- RTCM3 decoded message type=1005, length=25
04:09:10.662 [main] DEBUG org.rtklib.java.rtcm.Rtcm -- RTCM3 decoded message type=1033, length=27
04:09:10.662 [main] DEBUG org.rtklib.java.rtcm.Rtcm -- RTCM3 decoded message type=1124, length=266
04:09:10.662 [main] DEBUG org.rtklib.java.rtcm.Rtcm -- MSM BDS TOW: raw=62659000, tow=62673.0
04:09:10.662 [main] DEBUG org.rtklib.java.rtcm.Rtcm -- MSM BDS after adjweek: time.time=1780853073, time.sec=0.0
04:09:10.662 [main] DEBUG org.rtklib.java.rtcm.Rtcm -- decode_msm_head: sys=32 staid=0 nsat=12 nsig=5 sync=1 iod=0 ncell=34
04:09:10.662 [main] DEBUG org.rtklib.java.rtcm.Rtcm -- MSM sig[0] sigid=2 sigstr=2I code=40 idx=0
04:09:10.662 [main] DEBUG org.rtklib.java.rtcm.Rtcm -- MSM sig[1] sigid=8 sigstr=6I code=42 idx=3
04:09:10.662 [main] DEBUG org.rtklib.java.rtcm.Rtcm -- MSM sig[2] sigid=14 sigstr=7I code=27 idx=1
04:09:10.662 [main] DEBUG org.rtklib.java.rtcm.Rtcm -- MSM sig[3] sigid=23 sigstr=5P code=58 idx=2
04:09:10.662 [main] DEBUG org.rtklib.java.rtcm.Rtcm -- MSM sig[4] sigid=31 sigstr=1P code=2 idx=4
04:09:10.662 [main] DEBUG org.rtklib.java.rtcm.Rtcm -- MSM after sigindex: sig[0] code=40 idx=0
04:09:10.662 [main] DEBUG org.rtklib.java.rtcm.Rtcm -- MSM after sigindex: sig[1] code=42 idx=3
04:09:10.662 [main] DEBUG org.rtklib.java.rtcm.Rtcm -- MSM after sigindex: sig[2] code=27 idx=1
04:09:10.662 [main] DEBUG org.rtklib.java.rtcm.Rtcm -- MSM after sigindex: sig[3] code=58 idx=2
04:09:10.662 [main] DEBUG org.rtklib.java.rtcm.Rtcm -- MSM after sigindex: sig[4] code=2 idx=4
04:09:10.662 [main] DEBUG org.rtklib.java.rtcm.Rtcm -- RTCM3 decoded message type=1124, length=75
04:09:10.662 [main] DEBUG org.rtklib.java.rtcm.Rtcm -- MSM BDS TOW: raw=62659000, tow=62673.0
04:09:10.662 [main] DEBUG org.rtklib.java.rtcm.Rtcm -- MSM BDS after adjweek: time.time=1780853073, time.sec=0.0
04:09:10.662 [main] DEBUG org.rtklib.java.rtcm.Rtcm -- decode_msm_head: sys=32 staid=0 nsat=2 nsig=4 sync=0 iod=0 ncell=7
04:09:10.662 [main] DEBUG org.rtklib.java.rtcm.Rtcm -- MSM sig[0] sigid=2 sigstr=2I code=40 idx=0
04:09:10.662 [main] DEBUG org.rtklib.java.rtcm.Rtcm -- MSM sig[1] sigid=8 sigstr=6I code=42 idx=3
04:09:10.662 [main] DEBUG org.rtklib.java.rtcm.Rtcm -- MSM sig[2] sigid=23 sigstr=5P code=58 idx=2
04:09:10.662 [main] DEBUG org.rtklib.java.rtcm.Rtcm -- MSM sig[3] sigid=31 sigstr=1P code=2 idx=4
04:09:10.662 [main] DEBUG org.rtklib.java.rtcm.Rtcm -- MSM after sigindex: sig[0] code=40 idx=0
04:09:10.662 [main] DEBUG org.rtklib.java.rtcm.Rtcm -- MSM after sigindex: sig[1] code=42 idx=3
04:09:10.662 [main] DEBUG org.rtklib.java.rtcm.Rtcm -- MSM after sigindex: sig[2] code=58 idx=2
04:09:10.662 [main] DEBUG org.rtklib.java.rtcm.Rtcm -- MSM after sigindex: sig[3] code=2 idx=4
04:09:10.662 [main] DEBUG org.rtklib.java.rtcm.Rtcm -- RTCM3 decoded message type=1042, length=70
04:09:10.662 [main] DEBUG org.rtklib.java.rtcm.Rtcm -- RTCM3 decoded message type=1005, length=25
04:09:10.662 [main] DEBUG org.rtklib.java.rtcm.Rtcm -- RTCM3 decoded message type=1033, length=27
04:09:10.662 [main] DEBUG org.rtklib.java.rtcm.Rtcm -- RTCM3 decoded message type=1124, length=266
04:09:10.662 [main] DEBUG org.rtklib.java.rtcm.Rtcm -- MSM BDS TOW: raw=62674000, tow=62688.0
04:09:10.662 [main] DEBUG org.rtklib.java.rtcm.Rtcm -- MSM BDS after adjweek: time.time=1780853088, time.sec=0.0
04:09:10.662 [main] DEBUG org.rtklib.java.rtcm.Rtcm -- decode_msm_head: sys=32 staid=0 nsat=12 nsig=5 sync=1 iod=0 ncell=34
04:09:10.662 [main] DEBUG org.rtklib.java.rtcm.Rtcm -- MSM sig[0] sigid=2 sigstr=2I code=40 idx=0
04:09:10.662 [main] DEBUG org.rtklib.java.rtcm.Rtcm -- MSM sig[1] sigid=8 sigstr=6I code=42 idx=3
04:09:10.662 [main] DEBUG org.rtklib.java.rtcm.Rtcm -- MSM sig[2] sigid=14 sigstr=7I code=27 idx=1
04:09:10.663 [main] DEBUG org.rtklib.java.rtcm.Rtcm -- MSM sig[3] sigid=23 sigstr=5P code=58 idx=2
04:09:10.663 [main] DEBUG org.rtklib.java.rtcm.Rtcm -- MSM sig[4] sigid=31 sigstr=1P code=2 idx=4
04:09:10.663 [main] DEBUG org.rtklib.java.rtcm.Rtcm -- MSM after sigindex: sig[0] code=40 idx=0
04:09:10.663 [main] DEBUG org.rtklib.java.rtcm.Rtcm -- MSM after sigindex: sig[1] code=42 idx=3
04:09:10.663 [main] DEBUG org.rtklib.java.rtcm.Rtcm -- MSM after sigindex: sig[2] code=27 idx=1
04:09:10.663 [main] DEBUG org.rtklib.java.rtcm.Rtcm -- MSM after sigindex: sig[3] code=58 idx=2
04:09:10.663 [main] DEBUG org.rtklib.java.rtcm.Rtcm -- MSM after sigindex: sig[4] code=2 idx=4
04:09:10.663 [main] DEBUG org.rtklib.java.rtcm.Rtcm -- RTCM3 decoded message type=1124, length=69
04:09:10.663 [main] DEBUG org.rtklib.java.rtcm.Rtcm -- MSM BDS TOW: raw=62674000, tow=62688.0
04:09:10.663 [main] DEBUG org.rtklib.java.rtcm.Rtcm -- MSM BDS after adjweek: time.time=1780853088, time.sec=0.0
04:09:10.663 [main] DEBUG org.rtklib.java.rtcm.Rtcm -- decode_msm_head: sys=32 staid=0 nsat=2 nsig=4 sync=0 iod=0 ncell=6
04:09:10.663 [main] DEBUG org.rtklib.java.rtcm.Rtcm -- MSM sig[0] sigid=2 sigstr=2I code=40 idx=0
04:09:10.663 [main] DEBUG org.rtklib.java.rtcm.Rtcm -- MSM sig[1] sigid=8 sigstr=6I code=42 idx=3
04:09:10.663 [main] DEBUG org.rtklib.java.rtcm.Rtcm -- MSM sig[2] sigid=23 sigstr=5P code=58 idx=2
04:09:10.663 [main] DEBUG org.rtklib.java.rtcm.Rtcm -- MSM sig[3] sigid=31 sigstr=1P code=2 idx=4
04:09:10.663 [main] DEBUG org.rtklib.java.rtcm.Rtcm -- MSM after sigindex: sig[0] code=40 idx=0
04:09:10.663 [main] DEBUG org.rtklib.java.rtcm.Rtcm -- MSM after sigindex: sig[1] code=42 idx=3
04:09:10.663 [main] DEBUG org.rtklib.java.rtcm.Rtcm -- MSM after sigindex: sig[2] code=58 idx=2
04:09:10.663 [main] DEBUG org.rtklib.java.rtcm.Rtcm -- MSM after sigindex: sig[3] code=2 idx=4
04:09:10.663 [main] DEBUG org.rtklib.java.rtcm.Rtcm -- RTCM3 decoded message type=1042, length=70
04:09:10.663 [main] DEBUG org.rtklib.java.rtcm.Rtcm -- RTCM3 decoded message type=1005, length=25
04:09:10.663 [main] DEBUG org.rtklib.java.rtcm.Rtcm -- RTCM3 decoded message type=1033, length=27
04:09:10.663 [main] DEBUG org.rtklib.java.rtcm.Rtcm -- RTCM3 decoded message type=1124, length=260
04:09:10.663 [main] DEBUG org.rtklib.java.rtcm.Rtcm -- MSM BDS TOW: raw=62689000, tow=62703.0
04:09:10.663 [main] DEBUG org.rtklib.java.rtcm.Rtcm -- MSM BDS after adjweek: time.time=1780853103, time.sec=0.0
04:09:10.663 [main] DEBUG org.rtklib.java.rtcm.Rtcm -- decode_msm_head: sys=32 staid=0 nsat=12 nsig=5 sync=1 iod=0 ncell=33
04:09:10.663 [main] DEBUG org.rtklib.java.rtcm.Rtcm -- MSM sig[0] sigid=2 sigstr=2I code=40 idx=0
04:09:10.663 [main] DEBUG org.rtklib.java.rtcm.Rtcm -- MSM sig[1] sigid=8 sigstr=6I code=42 idx=3
04:09:10.663 [main] DEBUG org.rtklib.java.rtcm.Rtcm -- MSM sig[2] sigid=14 sigstr=7I code=27 idx=1
04:09:10.663 [main] DEBUG org.rtklib.java.rtcm.Rtcm -- MSM sig[3] sigid=23 sigstr=5P code=58 idx=2
04:09:10.663 [main] DEBUG org.rtklib.java.rtcm.Rtcm -- MSM sig[4] sigid=31 sigstr=1P code=2 idx=4
04:09:10.663 [main] DEBUG org.rtklib.java.rtcm.Rtcm -- MSM after sigindex: sig[0] code=40 idx=0
04:09:10.663 [main] DEBUG org.rtklib.java.rtcm.Rtcm -- MSM after sigindex: sig[1] code=42 idx=3
04:09:10.663 [main] DEBUG org.rtklib.java.rtcm.Rtcm -- MSM after sigindex: sig[2] code=27 idx=1
04:09:10.663 [main] DEBUG org.rtklib.java.rtcm.Rtcm -- MSM after sigindex: sig[3] code=58 idx=2
04:09:10.663 [main] DEBUG org.rtklib.java.rtcm.Rtcm -- MSM after sigindex: sig[4] code=2 idx=4
04:09:10.663 [main] DEBUG org.rtklib.java.rtcm.Rtcm -- RTCM3 decoded message type=1124, length=63
04:09:10.663 [main] DEBUG org.rtklib.java.rtcm.Rtcm -- MSM BDS TOW: raw=62689000, tow=62703.0
04:09:10.663 [main] DEBUG org.rtklib.java.rtcm.Rtcm -- MSM BDS after adjweek: time.time=1780853103, time.sec=0.0
04:09:10.663 [main] DEBUG org.rtklib.java.rtcm.Rtcm -- decode_msm_head: sys=32 staid=0 nsat=2 nsig=4 sync=0 iod=0 ncell=5
04:09:10.663 [main] DEBUG org.rtklib.java.rtcm.Rtcm -- MSM sig[0] sigid=2 sigstr=2I code=40 idx=0
04:09:10.663 [main] DEBUG org.rtklib.java.rtcm.Rtcm -- MSM sig[1] sigid=8 sigstr=6I code=42 idx=3
04:09:10.663 [main] DEBUG org.rtklib.java.rtcm.Rtcm -- MSM sig[2] sigid=23 sigstr=5P code=58 idx=2
04:09:10.663 [main] DEBUG org.rtklib.java.rtcm.Rtcm -- MSM sig[3] sigid=31 sigstr=1P code=2 idx=4
04:09:10.663 [main] DEBUG org.rtklib.java.rtcm.Rtcm -- MSM after sigindex: sig[0] code=40 idx=0
04:09:10.663 [main] DEBUG org.rtklib.java.rtcm.Rtcm -- MSM after sigindex: sig[1] code=42 idx=3
04:09:10.663 [main] DEBUG org.rtklib.java.rtcm.Rtcm -- MSM after sigindex: sig[2] code=58 idx=2
04:09:10.663 [main] DEBUG org.rtklib.java.rtcm.Rtcm -- MSM after sigindex: sig[3] code=2 idx=4
04:09:10.663 [main] DEBUG org.rtklib.java.rtcm.Rtcm -- RTCM3 decoded message type=1042, length=70
04:09:10.663 [main] DEBUG org.rtklib.java.rtcm.Rtcm -- RTCM3 decoded message type=1005, length=25
04:09:10.663 [main] DEBUG org.rtklib.java.rtcm.Rtcm -- RTCM3 decoded message type=1033, length=27
04:09:10.663 [main] DEBUG org.rtklib.java.rtcm.Rtcm -- RTCM3 decoded message type=1124, length=266
04:09:10.663 [main] DEBUG org.rtklib.java.rtcm.Rtcm -- MSM BDS TOW: raw=62704000, tow=62718.0
04:09:10.663 [main] DEBUG org.rtklib.java.rtcm.Rtcm -- MSM BDS after adjweek: time.time=1780853118, time.sec=0.0
04:09:10.663 [main] DEBUG org.rtklib.java.rtcm.Rtcm -- decode_msm_head: sys=32 staid=0 nsat=12 nsig=5 sync=1 iod=0 ncell=34
04:09:10.663 [main] DEBUG org.rtklib.java.rtcm.Rtcm -- MSM sig[0] sigid=2 sigstr=2I code=40 idx=0
04:09:10.663 [main] DEBUG org.rtklib.java.rtcm.Rtcm -- MSM sig[1] sigid=8 sigstr=6I code=42 idx=3
04:09:10.663 [main] DEBUG org.rtklib.java.rtcm.Rtcm -- MSM sig[2] sigid=14 sigstr=7I code=27 idx=1
04:09:10.663 [main] DEBUG org.rtklib.java.rtcm.Rtcm -- MSM sig[3] sigid=23 sigstr=5P code=58 idx=2
04:09:10.663 [main] DEBUG org.rtklib.java.rtcm.Rtcm -- MSM sig[4] sigid=31 sigstr=1P code=2 idx=4
04:09:10.663 [main] DEBUG org.rtklib.java.rtcm.Rtcm -- MSM after sigindex: sig[0] code=40 idx=0
04:09:10.663 [main] DEBUG org.rtklib.java.rtcm.Rtcm -- MSM after sigindex: sig[1] code=42 idx=3
04:09:10.663 [main] DEBUG org.rtklib.java.rtcm.Rtcm -- MSM after sigindex: sig[2] code=27 idx=1
04:09:10.663 [main] DEBUG org.rtklib.java.rtcm.Rtcm -- MSM after sigindex: sig[3] code=58 idx=2
04:09:10.663 [main] DEBUG org.rtklib.java.rtcm.Rtcm -- MSM after sigindex: sig[4] code=2 idx=4
04:09:10.663 [main] DEBUG org.rtklib.java.rtcm.Rtcm -- RTCM3 decoded message type=1124, length=69
04:09:10.663 [main] DEBUG org.rtklib.java.rtcm.Rtcm -- MSM BDS TOW: raw=62704000, tow=62718.0
04:09:10.663 [main] DEBUG org.rtklib.java.rtcm.Rtcm -- MSM BDS after adjweek: time.time=1780853118, time.sec=0.0
04:09:10.663 [main] DEBUG org.rtklib.java.rtcm.Rtcm -- decode_msm_head: sys=32 staid=0 nsat=2 nsig=4 sync=0 iod=0 ncell=6
04:09:10.663 [main] DEBUG org.rtklib.java.rtcm.Rtcm -- MSM sig[0] sigid=2 sigstr=2I code=40 idx=0
04:09:10.663 [main] DEBUG org.rtklib.java.rtcm.Rtcm -- MSM sig[1] sigid=8 sigstr=6I code=42 idx=3
04:09:10.663 [main] DEBUG org.rtklib.java.rtcm.Rtcm -- MSM sig[2] sigid=23 sigstr=5P code=58 idx=2
04:09:10.663 [main] DEBUG org.rtklib.java.rtcm.Rtcm -- MSM sig[3] sigid=31 sigstr=1P code=2 idx=4
04:09:10.663 [main] DEBUG org.rtklib.java.rtcm.Rtcm -- MSM after sigindex: sig[0] code=40 idx=0
04:09:10.663 [main] DEBUG org.rtklib.java.rtcm.Rtcm -- MSM after sigindex: sig[1] code=42 idx=3
04:09:10.663 [main] DEBUG org.rtklib.java.rtcm.Rtcm -- MSM after sigindex: sig[2] code=58 idx=2
04:09:10.663 [main] DEBUG org.rtklib.java.rtcm.Rtcm -- MSM after sigindex: sig[3] code=2 idx=4
04:09:10.663 [main] DEBUG org.rtklib.java.rtcm.Rtcm -- RTCM3 decoded message type=1042, length=70
04:09:10.663 [main] DEBUG org.rtklib.java.rtcm.Rtcm -- RTCM3 decoded message type=1005, length=25
04:09:10.663 [main] DEBUG org.rtklib.java.rtcm.Rtcm -- RTCM3 decoded message type=1033, length=27
04:09:10.663 [main] DEBUG org.rtklib.java.rtcm.Rtcm -- RTCM3 decoded message type=1124, length=266
04:09:10.663 [main] DEBUG org.rtklib.java.rtcm.Rtcm -- MSM BDS TOW: raw=62719000, tow=62733.0
04:09:10.663 [main] DEBUG org.rtklib.java.rtcm.Rtcm -- MSM BDS after adjweek: time.time=1780853133, time.sec=0.0
04:09:10.663 [main] DEBUG org.rtklib.java.rtcm.Rtcm -- decode_msm_head: sys=32 staid=0 nsat=12 nsig=5 sync=1 iod=0 ncell=34
04:09:10.663 [main] DEBUG org.rtklib.java.rtcm.Rtcm -- MSM sig[0] sigid=2 sigstr=2I code=40 idx=0
04:09:10.663 [main] DEBUG org.rtklib.java.rtcm.Rtcm -- MSM sig[1] sigid=8 sigstr=6I code=42 idx=3
04:09:10.663 [main] DEBUG org.rtklib.java.rtcm.Rtcm -- MSM sig[2] sigid=14 sigstr=7I code=27 idx=1
04:09:10.663 [main] DEBUG org.rtklib.java.rtcm.Rtcm -- MSM sig[3] sigid=23 sigstr=5P code=58 idx=2
04:09:10.663 [main] DEBUG org.rtklib.java.rtcm.Rtcm -- MSM sig[4] sigid=31 sigstr=1P code=2 idx=4
04:09:10.663 [main] DEBUG org.rtklib.java.rtcm.Rtcm -- MSM after sigindex: sig[0] code=40 idx=0
04:09:10.663 [main] DEBUG org.rtklib.java.rtcm.Rtcm -- MSM after sigindex: sig[1] code=42 idx=3
04:09:10.663 [main] DEBUG org.rtklib.java.rtcm.Rtcm -- MSM after sigindex: sig[2] code=27 idx=1
04:09:10.663 [main] DEBUG org.rtklib.java.rtcm.Rtcm -- MSM after sigindex: sig[3] code=58 idx=2
04:09:10.663 [main] DEBUG org.rtklib.java.rtcm.Rtcm -- MSM after sigindex: sig[4] code=2 idx=4
04:09:10.663 [main] DEBUG org.rtklib.java.rtcm.Rtcm -- RTCM3 decoded message type=1124, length=75
04:09:10.663 [main] DEBUG org.rtklib.java.rtcm.Rtcm -- MSM BDS TOW: raw=62719000, tow=62733.0
04:09:10.663 [main] DEBUG org.rtklib.java.rtcm.Rtcm -- MSM BDS after adjweek: time.time=1780853133, time.sec=0.0
04:09:10.663 [main] DEBUG org.rtklib.java.rtcm.Rtcm -- decode_msm_head: sys=32 staid=0 nsat=2 nsig=4 sync=0 iod=0 ncell=7
04:09:10.663 [main] DEBUG org.rtklib.java.rtcm.Rtcm -- MSM sig[0] sigid=2 sigstr=2I code=40 idx=0
04:09:10.663 [main] DEBUG org.rtklib.java.rtcm.Rtcm -- MSM sig[1] sigid=8 sigstr=6I code=42 idx=3
04:09:10.663 [main] DEBUG org.rtklib.java.rtcm.Rtcm -- MSM sig[2] sigid=23 sigstr=5P code=58 idx=2
04:09:10.663 [main] DEBUG org.rtklib.java.rtcm.Rtcm -- MSM sig[3] sigid=31 sigstr=1P code=2 idx=4
04:09:10.663 [main] DEBUG org.rtklib.java.rtcm.Rtcm -- MSM after sigindex: sig[0] code=40 idx=0
04:09:10.663 [main] DEBUG org.rtklib.java.rtcm.Rtcm -- MSM after sigindex: sig[1] code=42 idx=3
04:09:10.663 [main] DEBUG org.rtklib.java.rtcm.Rtcm -- MSM after sigindex: sig[2] code=58 idx=2
04:09:10.663 [main] DEBUG org.rtklib.java.rtcm.Rtcm -- MSM after sigindex: sig[3] code=2 idx=4
04:09:10.663 [main] DEBUG org.rtklib.java.rtcm.Rtcm -- RTCM3 decoded message type=1042, length=70
04:09:10.663 [main] DEBUG org.rtklib.java.rtcm.Rtcm -- RTCM3 decoded message type=1005, length=25
04:09:10.663 [main] DEBUG org.rtklib.java.rtcm.Rtcm -- RTCM3 decoded message type=1033, length=27
04:09:10.663 [main] DEBUG org.rtklib.java.rtcm.Rtcm -- RTCM3 decoded message type=1124, length=266
04:09:10.663 [main] DEBUG org.rtklib.java.rtcm.Rtcm -- MSM BDS TOW: raw=62734000, tow=62748.0
04:09:10.663 [main] DEBUG org.rtklib.java.rtcm.Rtcm -- MSM BDS after adjweek: time.time=1780853148, time.sec=0.0
04:09:10.663 [main] DEBUG org.rtklib.java.rtcm.Rtcm -- decode_msm_head: sys=32 staid=0 nsat=12 nsig=5 sync=1 iod=0 ncell=34
04:09:10.663 [main] DEBUG org.rtklib.java.rtcm.Rtcm -- MSM sig[0] sigid=2 sigstr=2I code=40 idx=0
04:09:10.663 [main] DEBUG org.rtklib.java.rtcm.Rtcm -- MSM sig[1] sigid=8 sigstr=6I code=42 idx=3
04:09:10.663 [main] DEBUG org.rtklib.java.rtcm.Rtcm -- MSM sig[2] sigid=14 sigstr=7I code=27 idx=1
04:09:10.663 [main] DEBUG org.rtklib.java.rtcm.Rtcm -- MSM sig[3] sigid=23 sigstr=5P code=58 idx=2
04:09:10.663 [main] DEBUG org.rtklib.java.rtcm.Rtcm -- MSM sig[4] sigid=31 sigstr=1P code=2 idx=4
04:09:10.663 [main] DEBUG org.rtklib.java.rtcm.Rtcm -- MSM after sigindex: sig[0] code=40 idx=0
04:09:10.663 [main] DEBUG org.rtklib.java.rtcm.Rtcm -- MSM after sigindex: sig[1] code=42 idx=3
04:09:10.663 [main] DEBUG org.rtklib.java.rtcm.Rtcm -- MSM after sigindex: sig[2] code=27 idx=1
04:09:10.663 [main] DEBUG org.rtklib.java.rtcm.Rtcm -- MSM after sigindex: sig[3] code=58 idx=2
04:09:10.663 [main] DEBUG org.rtklib.java.rtcm.Rtcm -- MSM after sigindex: sig[4] code=2 idx=4
04:09:10.663 [main] DEBUG org.rtklib.java.rtcm.Rtcm -- RTCM3 decoded message type=1124, length=75
04:09:10.663 [main] DEBUG org.rtklib.java.rtcm.Rtcm -- MSM BDS TOW: raw=62734000, tow=62748.0
04:09:10.663 [main] DEBUG org.rtklib.java.rtcm.Rtcm -- MSM BDS after adjweek: time.time=1780853148, time.sec=0.0
04:09:10.663 [main] DEBUG org.rtklib.java.rtcm.Rtcm -- decode_msm_head: sys=32 staid=0 nsat=2 nsig=4 sync=0 iod=0 ncell=7
04:09:10.663 [main] DEBUG org.rtklib.java.rtcm.Rtcm -- MSM sig[0] sigid=2 sigstr=2I code=40 idx=0
04:09:10.663 [main] DEBUG org.rtklib.java.rtcm.Rtcm -- MSM sig[1] sigid=8 sigstr=6I code=42 idx=3
04:09:10.663 [main] DEBUG org.rtklib.java.rtcm.Rtcm -- MSM sig[2] sigid=23 sigstr=5P code=58 idx=2
04:09:10.663 [main] DEBUG org.rtklib.java.rtcm.Rtcm -- MSM sig[3] sigid=31 sigstr=1P code=2 idx=4
04:09:10.663 [main] DEBUG org.rtklib.java.rtcm.Rtcm -- MSM after sigindex: sig[0] code=40 idx=0
04:09:10.663 [main] DEBUG org.rtklib.java.rtcm.Rtcm -- MSM after sigindex: sig[1] code=42 idx=3
04:09:10.663 [main] DEBUG org.rtklib.java.rtcm.Rtcm -- MSM after sigindex: sig[2] code=58 idx=2
04:09:10.663 [main] DEBUG org.rtklib.java.rtcm.Rtcm -- MSM after sigindex: sig[3] code=2 idx=4
04:09:10.663 [main] DEBUG org.rtklib.java.rtcm.Rtcm -- RTCM3 decoded message type=1042, length=70
04:09:10.663 [main] DEBUG org.rtklib.java.rtcm.Rtcm -- RTCM3 decoded message type=1005, length=25
04:09:10.663 [main] DEBUG org.rtklib.java.rtcm.Rtcm -- RTCM3 decoded message type=1033, length=27
04:09:10.663 [main] DEBUG org.rtklib.java.rtcm.Rtcm -- RTCM3 decoded message type=1124, length=266
04:09:10.663 [main] DEBUG org.rtklib.java.rtcm.Rtcm -- MSM BDS TOW: raw=62749000, tow=62763.0
04:09:10.663 [main] DEBUG org.rtklib.java.rtcm.Rtcm -- MSM BDS after adjweek: time.time=1780853163, time.sec=0.0
04:09:10.663 [main] DEBUG org.rtklib.java.rtcm.Rtcm -- decode_msm_head: sys=32 staid=0 nsat=12 nsig=5 sync=1 iod=0 ncell=34
04:09:10.663 [main] DEBUG org.rtklib.java.rtcm.Rtcm -- MSM sig[0] sigid=2 sigstr=2I code=40 idx=0
04:09:10.663 [main] DEBUG org.rtklib.java.rtcm.Rtcm -- MSM sig[1] sigid=8 sigstr=6I code=42 idx=3
04:09:10.663 [main] DEBUG org.rtklib.java.rtcm.Rtcm -- MSM sig[2] sigid=14 sigstr=7I code=27 idx=1
04:09:10.663 [main] DEBUG org.rtklib.java.rtcm.Rtcm -- MSM sig[3] sigid=23 sigstr=5P code=58 idx=2
04:09:10.663 [main] DEBUG org.rtklib.java.rtcm.Rtcm -- MSM sig[4] sigid=31 sigstr=1P code=2 idx=4
04:09:10.663 [main] DEBUG org.rtklib.java.rtcm.Rtcm -- MSM after sigindex: sig[0] code=40 idx=0
04:09:10.663 [main] DEBUG org.rtklib.java.rtcm.Rtcm -- MSM after sigindex: sig[1] code=42 idx=3
04:09:10.663 [main] DEBUG org.rtklib.java.rtcm.Rtcm -- MSM after sigindex: sig[2] code=27 idx=1
04:09:10.663 [main] DEBUG org.rtklib.java.rtcm.Rtcm -- MSM after sigindex: sig[3] code=58 idx=2
04:09:10.663 [main] DEBUG org.rtklib.java.rtcm.Rtcm -- MSM after sigindex: sig[4] code=2 idx=4
04:09:10.663 [main] DEBUG org.rtklib.java.rtcm.Rtcm -- RTCM3 decoded message type=1124, length=81
04:09:10.663 [main] DEBUG org.rtklib.java.rtcm.Rtcm -- MSM BDS TOW: raw=62749000, tow=62763.0
04:09:10.663 [main] DEBUG org.rtklib.java.rtcm.Rtcm -- MSM BDS after adjweek: time.time=1780853163, time.sec=0.0
04:09:10.663 [main] DEBUG org.rtklib.java.rtcm.Rtcm -- decode_msm_head: sys=32 staid=0 nsat=2 nsig=4 sync=0 iod=0 ncell=8
04:09:10.663 [main] DEBUG org.rtklib.java.rtcm.Rtcm -- MSM sig[0] sigid=2 sigstr=2I code=40 idx=0
04:09:10.663 [main] DEBUG org.rtklib.java.rtcm.Rtcm -- MSM sig[1] sigid=8 sigstr=6I code=42 idx=3
04:09:10.663 [main] DEBUG org.rtklib.java.rtcm.Rtcm -- MSM sig[2] sigid=23 sigstr=5P code=58 idx=2
04:09:10.663 [main] DEBUG org.rtklib.java.rtcm.Rtcm -- MSM sig[3] sigid=31 sigstr=1P code=2 idx=4
04:09:10.663 [main] DEBUG org.rtklib.java.rtcm.Rtcm -- MSM after sigindex: sig[0] code=40 idx=0
04:09:10.663 [main] DEBUG org.rtklib.java.rtcm.Rtcm -- MSM after sigindex: sig[1] code=42 idx=3
04:09:10.663 [main] DEBUG org.rtklib.java.rtcm.Rtcm -- MSM after sigindex: sig[2] code=58 idx=2
04:09:10.663 [main] DEBUG org.rtklib.java.rtcm.Rtcm -- MSM after sigindex: sig[3] code=2 idx=4
04:09:10.663 [main] DEBUG org.rtklib.java.rtcm.Rtcm -- RTCM3 decoded message type=1042, length=70
04:09:10.663 [main] DEBUG org.rtklib.java.rtcm.Rtcm -- RTCM3 decoded message type=1005, length=25
04:09:10.663 [main] DEBUG org.rtklib.java.rtcm.Rtcm -- RTCM3 decoded message type=1033, length=27
04:09:10.663 [main] DEBUG org.rtklib.java.rtcm.Rtcm -- RTCM3 decoded message type=1124, length=260
04:09:10.663 [main] DEBUG org.rtklib.java.rtcm.Rtcm -- MSM BDS TOW: raw=62764000, tow=62778.0
04:09:10.663 [main] DEBUG org.rtklib.java.rtcm.Rtcm -- MSM BDS after adjweek: time.time=1780853178, time.sec=0.0
04:09:10.663 [main] DEBUG org.rtklib.java.rtcm.Rtcm -- decode_msm_head: sys=32 staid=0 nsat=12 nsig=5 sync=1 iod=0 ncell=33
04:09:10.663 [main] DEBUG org.rtklib.java.rtcm.Rtcm -- MSM sig[0] sigid=2 sigstr=2I code=40 idx=0
04:09:10.663 [main] DEBUG org.rtklib.java.rtcm.Rtcm -- MSM sig[1] sigid=8 sigstr=6I code=42 idx=3
04:09:10.663 [main] DEBUG org.rtklib.java.rtcm.Rtcm -- MSM sig[2] sigid=14 sigstr=7I code=27 idx=1
04:09:10.663 [main] DEBUG org.rtklib.java.rtcm.Rtcm -- MSM sig[3] sigid=23 sigstr=5P code=58 idx=2
04:09:10.663 [main] DEBUG org.rtklib.java.rtcm.Rtcm -- MSM sig[4] sigid=31 sigstr=1P code=2 idx=4
04:09:10.663 [main] DEBUG org.rtklib.java.rtcm.Rtcm -- MSM after sigindex: sig[0] code=40 idx=0
04:09:10.663 [main] DEBUG org.rtklib.java.rtcm.Rtcm -- MSM after sigindex: sig[1] code=42 idx=3
04:09:10.663 [main] DEBUG org.rtklib.java.rtcm.Rtcm -- MSM after sigindex: sig[2] code=27 idx=1
04:09:10.663 [main] DEBUG org.rtklib.java.rtcm.Rtcm -- MSM after sigindex: sig[3] code=58 idx=2
04:09:10.663 [main] DEBUG org.rtklib.java.rtcm.Rtcm -- MSM after sigindex: sig[4] code=2 idx=4
04:09:10.663 [main] DEBUG org.rtklib.java.rtcm.Rtcm -- RTCM3 decoded message type=1124, length=81
04:09:10.663 [main] DEBUG org.rtklib.java.rtcm.Rtcm -- MSM BDS TOW: raw=62764000, tow=62778.0
04:09:10.663 [main] DEBUG org.rtklib.java.rtcm.Rtcm -- MSM BDS after adjweek: time.time=1780853178, time.sec=0.0
04:09:10.663 [main] DEBUG org.rtklib.java.rtcm.Rtcm -- decode_msm_head: sys=32 staid=0 nsat=2 nsig=4 sync=0 iod=0 ncell=8
04:09:10.663 [main] DEBUG org.rtklib.java.rtcm.Rtcm -- MSM sig[0] sigid=2 sigstr=2I code=40 idx=0
04:09:10.663 [main] DEBUG org.rtklib.java.rtcm.Rtcm -- MSM sig[1] sigid=8 sigstr=6I code=42 idx=3
04:09:10.663 [main] DEBUG org.rtklib.java.rtcm.Rtcm -- MSM sig[2] sigid=23 sigstr=5P code=58 idx=2
04:09:10.663 [main] DEBUG org.rtklib.java.rtcm.Rtcm -- MSM sig[3] sigid=31 sigstr=1P code=2 idx=4
04:09:10.663 [main] DEBUG org.rtklib.java.rtcm.Rtcm -- MSM after sigindex: sig[0] code=40 idx=0
04:09:10.663 [main] DEBUG org.rtklib.java.rtcm.Rtcm -- MSM after sigindex: sig[1] code=42 idx=3
04:09:10.663 [main] DEBUG org.rtklib.java.rtcm.Rtcm -- MSM after sigindex: sig[2] code=58 idx=2
04:09:10.663 [main] DEBUG org.rtklib.java.rtcm.Rtcm -- MSM after sigindex: sig[3] code=2 idx=4
04:09:10.663 [main] DEBUG org.rtklib.java.rtcm.Rtcm -- RTCM3 decoded message type=1042, length=70
04:09:10.663 [main] DEBUG org.rtklib.java.rtcm.Rtcm -- RTCM3 decoded message type=1005, length=25
04:09:10.663 [main] DEBUG org.rtklib.java.rtcm.Rtcm -- RTCM3 decoded message type=1033, length=27
04:09:10.663 [main] DEBUG org.rtklib.java.rtcm.Rtcm -- RTCM3 decoded message type=1124, length=260
04:09:10.663 [main] DEBUG org.rtklib.java.rtcm.Rtcm -- MSM BDS TOW: raw=62779000, tow=62793.0
04:09:10.663 [main] DEBUG org.rtklib.java.rtcm.Rtcm -- MSM BDS after adjweek: time.time=1780853193, time.sec=0.0
04:09:10.663 [main] DEBUG org.rtklib.java.rtcm.Rtcm -- decode_msm_head: sys=32 staid=0 nsat=12 nsig=5 sync=1 iod=0 ncell=33
04:09:10.663 [main] DEBUG org.rtklib.java.rtcm.Rtcm -- MSM sig[0] sigid=2 sigstr=2I code=40 idx=0
04:09:10.663 [main] DEBUG org.rtklib.java.rtcm.Rtcm -- MSM sig[1] sigid=8 sigstr=6I code=42 idx=3
04:09:10.663 [main] DEBUG org.rtklib.java.rtcm.Rtcm -- MSM sig[2] sigid=14 sigstr=7I code=27 idx=1
04:09:10.663 [main] DEBUG org.rtklib.java.rtcm.Rtcm -- MSM sig[3] sigid=23 sigstr=5P code=58 idx=2
04:09:10.663 [main] DEBUG org.rtklib.java.rtcm.Rtcm -- MSM sig[4] sigid=31 sigstr=1P code=2 idx=4
04:09:10.663 [main] DEBUG org.rtklib.java.rtcm.Rtcm -- MSM after sigindex: sig[0] code=40 idx=0
04:09:10.663 [main] DEBUG org.rtklib.java.rtcm.Rtcm -- MSM after sigindex: sig[1] code=42 idx=3
04:09:10.663 [main] DEBUG org.rtklib.java.rtcm.Rtcm -- MSM after sigindex: sig[2] code=27 idx=1
04:09:10.663 [main] DEBUG org.rtklib.java.rtcm.Rtcm -- MSM after sigindex: sig[3] code=58 idx=2
04:09:10.663 [main] DEBUG org.rtklib.java.rtcm.Rtcm -- MSM after sigindex: sig[4] code=2 idx=4
04:09:10.663 [main] DEBUG org.rtklib.java.rtcm.Rtcm -- RTCM3 decoded message type=1124, length=81
04:09:10.663 [main] DEBUG org.rtklib.java.rtcm.Rtcm -- MSM BDS TOW: raw=62779000, tow=62793.0
04:09:10.663 [main] DEBUG org.rtklib.java.rtcm.Rtcm -- MSM BDS after adjweek: time.time=1780853193, time.sec=0.0
04:09:10.664 [main] DEBUG org.rtklib.java.rtcm.Rtcm -- decode_msm_head: sys=32 staid=0 nsat=2 nsig=4 sync=0 iod=0 ncell=8
04:09:10.664 [main] DEBUG org.rtklib.java.rtcm.Rtcm -- MSM sig[0] sigid=2 sigstr=2I code=40 idx=0
04:09:10.664 [main] DEBUG org.rtklib.java.rtcm.Rtcm -- MSM sig[1] sigid=8 sigstr=6I code=42 idx=3
04:09:10.664 [main] DEBUG org.rtklib.java.rtcm.Rtcm -- MSM sig[2] sigid=23 sigstr=5P code=58 idx=2
04:09:10.664 [main] DEBUG org.rtklib.java.rtcm.Rtcm -- MSM sig[3] sigid=31 sigstr=1P code=2 idx=4
04:09:10.664 [main] DEBUG org.rtklib.java.rtcm.Rtcm -- MSM after sigindex: sig[0] code=40 idx=0
04:09:10.664 [main] DEBUG org.rtklib.java.rtcm.Rtcm -- MSM after sigindex: sig[1] code=42 idx=3
04:09:10.664 [main] DEBUG org.rtklib.java.rtcm.Rtcm -- MSM after sigindex: sig[2] code=58 idx=2
04:09:10.664 [main] DEBUG org.rtklib.java.rtcm.Rtcm -- MSM after sigindex: sig[3] code=2 idx=4
04:09:10.664 [main] DEBUG org.rtklib.java.rtcm.Rtcm -- RTCM3 decoded message type=1042, length=70
04:09:10.664 [main] DEBUG org.rtklib.java.rtcm.Rtcm -- RTCM3 decoded message type=1005, length=25
04:09:10.664 [main] DEBUG org.rtklib.java.rtcm.Rtcm -- RTCM3 decoded message type=1033, length=27
04:09:10.664 [main] DEBUG org.rtklib.java.rtcm.Rtcm -- RTCM3 decoded message type=1124, length=266
04:09:10.664 [main] DEBUG org.rtklib.java.rtcm.Rtcm -- MSM BDS TOW: raw=62794000, tow=62808.0
04:09:10.664 [main] DEBUG org.rtklib.java.rtcm.Rtcm -- MSM BDS after adjweek: time.time=1780853208, time.sec=0.0
04:09:10.664 [main] DEBUG org.rtklib.java.rtcm.Rtcm -- decode_msm_head: sys=32 staid=0 nsat=12 nsig=5 sync=1 iod=0 ncell=34
04:09:10.664 [main] DEBUG org.rtklib.java.rtcm.Rtcm -- MSM sig[0] sigid=2 sigstr=2I code=40 idx=0
04:09:10.664 [main] DEBUG org.rtklib.java.rtcm.Rtcm -- MSM sig[1] sigid=8 sigstr=6I code=42 idx=3
04:09:10.664 [main] DEBUG org.rtklib.java.rtcm.Rtcm -- MSM sig[2] sigid=14 sigstr=7I code=27 idx=1
04:09:10.664 [main] DEBUG org.rtklib.java.rtcm.Rtcm -- MSM sig[3] sigid=23 sigstr=5P code=58 idx=2
04:09:10.664 [main] DEBUG org.rtklib.java.rtcm.Rtcm -- MSM sig[4] sigid=31 sigstr=1P code=2 idx=4
04:09:10.664 [main] DEBUG org.rtklib.java.rtcm.Rtcm -- MSM after sigindex: sig[0] code=40 idx=0
04:09:10.664 [main] DEBUG org.rtklib.java.rtcm.Rtcm -- MSM after sigindex: sig[1] code=42 idx=3
04:09:10.664 [main] DEBUG org.rtklib.java.rtcm.Rtcm -- MSM after sigindex: sig[2] code=27 idx=1
04:09:10.664 [main] DEBUG org.rtklib.java.rtcm.Rtcm -- MSM after sigindex: sig[3] code=58 idx=2
04:09:10.664 [main] DEBUG org.rtklib.java.rtcm.Rtcm -- MSM after sigindex: sig[4] code=2 idx=4
04:09:10.664 [main] DEBUG org.rtklib.java.rtcm.Rtcm -- RTCM3 decoded message type=1124, length=75
04:09:10.664 [main] DEBUG org.rtklib.java.rtcm.Rtcm -- MSM BDS TOW: raw=62794000, tow=62808.0
04:09:10.664 [main] DEBUG org.rtklib.java.rtcm.Rtcm -- MSM BDS after adjweek: time.time=1780853208, time.sec=0.0
04:09:10.664 [main] DEBUG org.rtklib.java.rtcm.Rtcm -- decode_msm_head: sys=32 staid=0 nsat=2 nsig=4 sync=0 iod=0 ncell=7
04:09:10.664 [main] DEBUG org.rtklib.java.rtcm.Rtcm -- MSM sig[0] sigid=2 sigstr=2I code=40 idx=0
04:09:10.664 [main] DEBUG org.rtklib.java.rtcm.Rtcm -- MSM sig[1] sigid=8 sigstr=6I code=42 idx=3
04:09:10.664 [main] DEBUG org.rtklib.java.rtcm.Rtcm -- MSM sig[2] sigid=23 sigstr=5P code=58 idx=2
04:09:10.664 [main] DEBUG org.rtklib.java.rtcm.Rtcm -- MSM sig[3] sigid=31 sigstr=1P code=2 idx=4
04:09:10.664 [main] DEBUG org.rtklib.java.rtcm.Rtcm -- MSM after sigindex: sig[0] code=40 idx=0
04:09:10.664 [main] DEBUG org.rtklib.java.rtcm.Rtcm -- MSM after sigindex: sig[1] code=42 idx=3
04:09:10.664 [main] DEBUG org.rtklib.java.rtcm.Rtcm -- MSM after sigindex: sig[2] code=58 idx=2
04:09:10.664 [main] DEBUG org.rtklib.java.rtcm.Rtcm -- MSM after sigindex: sig[3] code=2 idx=4
04:09:10.664 [main] DEBUG org.rtklib.java.rtcm.Rtcm -- RTCM3 decoded message type=1042, length=70
04:09:10.664 [main] DEBUG org.rtklib.java.rtcm.Rtcm -- RTCM3 decoded message type=1005, length=25
04:09:10.664 [main] DEBUG org.rtklib.java.rtcm.Rtcm -- RTCM3 decoded message type=1033, length=27
04:09:10.664 [main] DEBUG org.rtklib.java.rtcm.Rtcm -- RTCM3 decoded message type=1124, length=260
04:09:10.664 [main] DEBUG org.rtklib.java.rtcm.Rtcm -- MSM BDS TOW: raw=62809000, tow=62823.0
04:09:10.664 [main] DEBUG org.rtklib.java.rtcm.Rtcm -- MSM BDS after adjweek: time.time=1780853223, time.sec=0.0
04:09:10.664 [main] DEBUG org.rtklib.java.rtcm.Rtcm -- decode_msm_head: sys=32 staid=0 nsat=12 nsig=5 sync=1 iod=0 ncell=33
04:09:10.664 [main] DEBUG org.rtklib.java.rtcm.Rtcm -- MSM sig[0] sigid=2 sigstr=2I code=40 idx=0
04:09:10.664 [main] DEBUG org.rtklib.java.rtcm.Rtcm -- MSM sig[1] sigid=8 sigstr=6I code=42 idx=3
04:09:10.664 [main] DEBUG org.rtklib.java.rtcm.Rtcm -- MSM sig[2] sigid=14 sigstr=7I code=27 idx=1
04:09:10.664 [main] DEBUG org.rtklib.java.rtcm.Rtcm -- MSM sig[3] sigid=23 sigstr=5P code=58 idx=2
04:09:10.664 [main] DEBUG org.rtklib.java.rtcm.Rtcm -- MSM sig[4] sigid=31 sigstr=1P code=2 idx=4
04:09:10.664 [main] DEBUG org.rtklib.java.rtcm.Rtcm -- MSM after sigindex: sig[0] code=40 idx=0
04:09:10.664 [main] DEBUG org.rtklib.java.rtcm.Rtcm -- MSM after sigindex: sig[1] code=42 idx=3
04:09:10.664 [main] DEBUG org.rtklib.java.rtcm.Rtcm -- MSM after sigindex: sig[2] code=27 idx=1
04:09:10.664 [main] DEBUG org.rtklib.java.rtcm.Rtcm -- MSM after sigindex: sig[3] code=58 idx=2
04:09:10.664 [main] DEBUG org.rtklib.java.rtcm.Rtcm -- MSM after sigindex: sig[4] code=2 idx=4
04:09:10.664 [main] DEBUG org.rtklib.java.rtcm.Rtcm -- RTCM3 decoded message type=1124, length=69
04:09:10.664 [main] DEBUG org.rtklib.java.rtcm.Rtcm -- MSM BDS TOW: raw=62809000, tow=62823.0
04:09:10.664 [main] DEBUG org.rtklib.java.rtcm.Rtcm -- MSM BDS after adjweek: time.time=1780853223, time.sec=0.0
04:09:10.664 [main] DEBUG org.rtklib.java.rtcm.Rtcm -- decode_msm_head: sys=32 staid=0 nsat=2 nsig=4 sync=0 iod=0 ncell=6
04:09:10.664 [main] DEBUG org.rtklib.java.rtcm.Rtcm -- MSM sig[0] sigid=2 sigstr=2I code=40 idx=0
04:09:10.664 [main] DEBUG org.rtklib.java.rtcm.Rtcm -- MSM sig[1] sigid=8 sigstr=6I code=42 idx=3
04:09:10.664 [main] DEBUG org.rtklib.java.rtcm.Rtcm -- MSM sig[2] sigid=23 sigstr=5P code=58 idx=2
04:09:10.664 [main] DEBUG org.rtklib.java.rtcm.Rtcm -- MSM sig[3] sigid=31 sigstr=1P code=2 idx=4
04:09:10.664 [main] DEBUG org.rtklib.java.rtcm.Rtcm -- MSM after sigindex: sig[0] code=40 idx=0
04:09:10.664 [main] DEBUG org.rtklib.java.rtcm.Rtcm -- MSM after sigindex: sig[1] code=42 idx=3
04:09:10.664 [main] DEBUG org.rtklib.java.rtcm.Rtcm -- MSM after sigindex: sig[2] code=58 idx=2
04:09:10.664 [main] DEBUG org.rtklib.java.rtcm.Rtcm -- MSM after sigindex: sig[3] code=2 idx=4
04:09:10.664 [main] DEBUG org.rtklib.java.rtcm.Rtcm -- RTCM3 decoded message type=1042, length=70
04:09:10.664 [main] DEBUG org.rtklib.java.rtcm.Rtcm -- RTCM3 decoded message type=1005, length=25
04:09:10.664 [main] DEBUG org.rtklib.java.rtcm.Rtcm -- RTCM3 decoded message type=1033, length=27
04:09:10.664 [main] DEBUG org.rtklib.java.rtcm.Rtcm -- RTCM3 decoded message type=1124, length=260
04:09:10.664 [main] DEBUG org.rtklib.java.rtcm.Rtcm -- MSM BDS TOW: raw=62824000, tow=62838.0
04:09:10.664 [main] DEBUG org.rtklib.java.rtcm.Rtcm -- MSM BDS after adjweek: time.time=1780853238, time.sec=0.0
04:09:10.664 [main] DEBUG org.rtklib.java.rtcm.Rtcm -- decode_msm_head: sys=32 staid=0 nsat=12 nsig=5 sync=1 iod=0 ncell=33
04:09:10.664 [main] DEBUG org.rtklib.java.rtcm.Rtcm -- MSM sig[0] sigid=2 sigstr=2I code=40 idx=0
04:09:10.664 [main] DEBUG org.rtklib.java.rtcm.Rtcm -- MSM sig[1] sigid=8 sigstr=6I code=42 idx=3
04:09:10.664 [main] DEBUG org.rtklib.java.rtcm.Rtcm -- MSM sig[2] sigid=14 sigstr=7I code=27 idx=1
04:09:10.664 [main] DEBUG org.rtklib.java.rtcm.Rtcm -- MSM sig[3] sigid=23 sigstr=5P code=58 idx=2
04:09:10.664 [main] DEBUG org.rtklib.java.rtcm.Rtcm -- MSM sig[4] sigid=31 sigstr=1P code=2 idx=4
04:09:10.664 [main] DEBUG org.rtklib.java.rtcm.Rtcm -- MSM after sigindex: sig[0] code=40 idx=0
04:09:10.664 [main] DEBUG org.rtklib.java.rtcm.Rtcm -- MSM after sigindex: sig[1] code=42 idx=3
04:09:10.664 [main] DEBUG org.rtklib.java.rtcm.Rtcm -- MSM after sigindex: sig[2] code=27 idx=1
04:09:10.664 [main] DEBUG org.rtklib.java.rtcm.Rtcm -- MSM after sigindex: sig[3] code=58 idx=2
04:09:10.664 [main] DEBUG org.rtklib.java.rtcm.Rtcm -- MSM after sigindex: sig[4] code=2 idx=4
04:09:10.664 [main] DEBUG org.rtklib.java.rtcm.Rtcm -- RTCM3 decoded message type=1124, length=69
04:09:10.664 [main] DEBUG org.rtklib.java.rtcm.Rtcm -- MSM BDS TOW: raw=62824000, tow=62838.0
04:09:10.664 [main] DEBUG org.rtklib.java.rtcm.Rtcm -- MSM BDS after adjweek: time.time=1780853238, time.sec=0.0
04:09:10.664 [main] DEBUG org.rtklib.java.rtcm.Rtcm -- decode_msm_head: sys=32 staid=0 nsat=2 nsig=4 sync=0 iod=0 ncell=6
04:09:10.664 [main] DEBUG org.rtklib.java.rtcm.Rtcm -- MSM sig[0] sigid=2 sigstr=2I code=40 idx=0
04:09:10.664 [main] DEBUG org.rtklib.java.rtcm.Rtcm -- MSM sig[1] sigid=8 sigstr=6I code=42 idx=3
04:09:10.664 [main] DEBUG org.rtklib.java.rtcm.Rtcm -- MSM sig[2] sigid=23 sigstr=5P code=58 idx=2
04:09:10.664 [main] DEBUG org.rtklib.java.rtcm.Rtcm -- MSM sig[3] sigid=31 sigstr=1P code=2 idx=4
04:09:10.664 [main] DEBUG org.rtklib.java.rtcm.Rtcm -- MSM after sigindex: sig[0] code=40 idx=0
04:09:10.664 [main] DEBUG org.rtklib.java.rtcm.Rtcm -- MSM after sigindex: sig[1] code=42 idx=3
04:09:10.664 [main] DEBUG org.rtklib.java.rtcm.Rtcm -- MSM after sigindex: sig[2] code=58 idx=2
04:09:10.664 [main] DEBUG org.rtklib.java.rtcm.Rtcm -- MSM after sigindex: sig[3] code=2 idx=4
04:09:10.664 [main] DEBUG org.rtklib.java.rtcm.Rtcm -- RTCM3 decoded message type=1042, length=70
04:09:10.665 [main] DEBUG org.rtklib.java.rtcm.Rtcm -- RTCM3 decoded message type=1005, length=25
04:09:10.665 [main] DEBUG org.rtklib.java.rtcm.Rtcm -- RTCM3 decoded message type=1033, length=27
04:09:10.665 [main] DEBUG org.rtklib.java.rtcm.Rtcm -- RTCM3 decoded message type=1124, length=260
04:09:10.665 [main] DEBUG org.rtklib.java.rtcm.Rtcm -- MSM BDS TOW: raw=62839000, tow=62853.0
04:09:10.665 [main] DEBUG org.rtklib.java.rtcm.Rtcm -- MSM BDS after adjweek: time.time=1780853253, time.sec=0.0
04:09:10.665 [main] DEBUG org.rtklib.java.rtcm.Rtcm -- decode_msm_head: sys=32 staid=0 nsat=12 nsig=5 sync=1 iod=0 ncell=33
04:09:10.665 [main] DEBUG org.rtklib.java.rtcm.Rtcm -- MSM sig[0] sigid=2 sigstr=2I code=40 idx=0
04:09:10.665 [main] DEBUG org.rtklib.java.rtcm.Rtcm -- MSM sig[1] sigid=8 sigstr=6I code=42 idx=3
04:09:10.665 [main] DEBUG org.rtklib.java.rtcm.Rtcm -- MSM sig[2] sigid=14 sigstr=7I code=27 idx=1
04:09:10.665 [main] DEBUG org.rtklib.java.rtcm.Rtcm -- MSM sig[3] sigid=23 sigstr=5P code=58 idx=2
04:09:10.665 [main] DEBUG org.rtklib.java.rtcm.Rtcm -- MSM sig[4] sigid=31 sigstr=1P code=2 idx=4
04:09:10.665 [main] DEBUG org.rtklib.java.rtcm.Rtcm -- MSM after sigindex: sig[0] code=40 idx=0
04:09:10.665 [main] DEBUG org.rtklib.java.rtcm.Rtcm -- MSM after sigindex: sig[1] code=42 idx=3
04:09:10.665 [main] DEBUG org.rtklib.java.rtcm.Rtcm -- MSM after sigindex: sig[2] code=27 idx=1
04:09:10.665 [main] DEBUG org.rtklib.java.rtcm.Rtcm -- MSM after sigindex: sig[3] code=58 idx=2
04:09:10.665 [main] DEBUG org.rtklib.java.rtcm.Rtcm -- MSM after sigindex: sig[4] code=2 idx=4
04:09:10.665 [main] DEBUG org.rtklib.java.rtcm.Rtcm -- RTCM3 decoded message type=1124, length=69
04:09:10.665 [main] DEBUG org.rtklib.java.rtcm.Rtcm -- MSM BDS TOW: raw=62839000, tow=62853.0
04:09:10.665 [main] DEBUG org.rtklib.java.rtcm.Rtcm -- MSM BDS after adjweek: time.time=1780853253, time.sec=0.0
04:09:10.665 [main] DEBUG org.rtklib.java.rtcm.Rtcm -- decode_msm_head: sys=32 staid=0 nsat=2 nsig=4 sync=0 iod=0 ncell=6
04:09:10.665 [main] DEBUG org.rtklib.java.rtcm.Rtcm -- MSM sig[0] sigid=2 sigstr=2I code=40 idx=0
04:09:10.665 [main] DEBUG org.rtklib.java.rtcm.Rtcm -- MSM sig[1] sigid=8 sigstr=6I code=42 idx=3
04:09:10.665 [main] DEBUG org.rtklib.java.rtcm.Rtcm -- MSM sig[2] sigid=23 sigstr=5P code=58 idx=2
04:09:10.665 [main] DEBUG org.rtklib.java.rtcm.Rtcm -- MSM sig[3] sigid=31 sigstr=1P code=2 idx=4
04:09:10.665 [main] DEBUG org.rtklib.java.rtcm.Rtcm -- MSM after sigindex: sig[0] code=40 idx=0
04:09:10.665 [main] DEBUG org.rtklib.java.rtcm.Rtcm -- MSM after sigindex: sig[1] code=42 idx=3
04:09:10.665 [main] DEBUG org.rtklib.java.rtcm.Rtcm -- MSM after sigindex: sig[2] code=58 idx=2
04:09:10.665 [main] DEBUG org.rtklib.java.rtcm.Rtcm -- MSM after sigindex: sig[3] code=2 idx=4
04:09:10.665 [main] DEBUG org.rtklib.java.rtcm.Rtcm -- RTCM3 decoded message type=1042, length=70
04:09:10.665 [main] DEBUG org.rtklib.java.rtcm.Rtcm -- RTCM3 decoded message type=1005, length=25
04:09:10.665 [main] DEBUG org.rtklib.java.rtcm.Rtcm -- RTCM3 decoded message type=1033, length=27
04:09:10.665 [main] DEBUG org.rtklib.java.rtcm.Rtcm -- RTCM3 decoded message type=1124, length=260
04:09:10.665 [main] DEBUG org.rtklib.java.rtcm.Rtcm -- MSM BDS TOW: raw=62854000, tow=62868.0
04:09:10.665 [main] DEBUG org.rtklib.java.rtcm.Rtcm -- MSM BDS after adjweek: time.time=1780853268, time.sec=0.0
04:09:10.665 [main] DEBUG org.rtklib.java.rtcm.Rtcm -- decode_msm_head: sys=32 staid=0 nsat=12 nsig=5 sync=1 iod=0 ncell=33
04:09:10.665 [main] DEBUG org.rtklib.java.rtcm.Rtcm -- MSM sig[0] sigid=2 sigstr=2I code=40 idx=0
04:09:10.665 [main] DEBUG org.rtklib.java.rtcm.Rtcm -- MSM sig[1] sigid=8 sigstr=6I code=42 idx=3
04:09:10.665 [main] DEBUG org.rtklib.java.rtcm.Rtcm -- MSM sig[2] sigid=14 sigstr=7I code=27 idx=1
04:09:10.665 [main] DEBUG org.rtklib.java.rtcm.Rtcm -- MSM sig[3] sigid=23 sigstr=5P code=58 idx=2
04:09:10.665 [main] DEBUG org.rtklib.java.rtcm.Rtcm -- MSM sig[4] sigid=31 sigstr=1P code=2 idx=4
04:09:10.665 [main] DEBUG org.rtklib.java.rtcm.Rtcm -- MSM after sigindex: sig[0] code=40 idx=0
04:09:10.665 [main] DEBUG org.rtklib.java.rtcm.Rtcm -- MSM after sigindex: sig[1] code=42 idx=3
04:09:10.665 [main] DEBUG org.rtklib.java.rtcm.Rtcm -- MSM after sigindex: sig[2] code=27 idx=1
04:09:10.665 [main] DEBUG org.rtklib.java.rtcm.Rtcm -- MSM after sigindex: sig[3] code=58 idx=2
04:09:10.665 [main] DEBUG org.rtklib.java.rtcm.Rtcm -- MSM after sigindex: sig[4] code=2 idx=4
04:09:10.665 [main] DEBUG org.rtklib.java.rtcm.Rtcm -- RTCM3 decoded message type=1124, length=69
04:09:10.665 [main] DEBUG org.rtklib.java.rtcm.Rtcm -- MSM BDS TOW: raw=62854000, tow=62868.0
04:09:10.665 [main] DEBUG org.rtklib.java.rtcm.Rtcm -- MSM BDS after adjweek: time.time=1780853268, time.sec=0.0
04:09:10.665 [main] DEBUG org.rtklib.java.rtcm.Rtcm -- decode_msm_head: sys=32 staid=0 nsat=2 nsig=4 sync=0 iod=0 ncell=6
04:09:10.665 [main] DEBUG org.rtklib.java.rtcm.Rtcm -- MSM sig[0] sigid=2 sigstr=2I code=40 idx=0
04:09:10.665 [main] DEBUG org.rtklib.java.rtcm.Rtcm -- MSM sig[1] sigid=8 sigstr=6I code=42 idx=3
04:09:10.665 [main] DEBUG org.rtklib.java.rtcm.Rtcm -- MSM sig[2] sigid=23 sigstr=5P code=58 idx=2
04:09:10.665 [main] DEBUG org.rtklib.java.rtcm.Rtcm -- MSM sig[3] sigid=31 sigstr=1P code=2 idx=4
04:09:10.665 [main] DEBUG org.rtklib.java.rtcm.Rtcm -- MSM after sigindex: sig[0] code=40 idx=0
04:09:10.665 [main] DEBUG org.rtklib.java.rtcm.Rtcm -- MSM after sigindex: sig[1] code=42 idx=3
04:09:10.665 [main] DEBUG org.rtklib.java.rtcm.Rtcm -- MSM after sigindex: sig[2] code=58 idx=2
04:09:10.665 [main] DEBUG org.rtklib.java.rtcm.Rtcm -- MSM after sigindex: sig[3] code=2 idx=4
04:09:10.665 [main] DEBUG org.rtklib.java.rtcm.Rtcm -- RTCM3 decoded message type=1042, length=70
04:09:10.665 [main] DEBUG org.rtklib.java.rtcm.Rtcm -- RTCM3 decoded message type=1005, length=25
04:09:10.665 [main] DEBUG org.rtklib.java.rtcm.Rtcm -- RTCM3 decoded message type=1033, length=27
04:09:10.665 [main] DEBUG org.rtklib.java.rtcm.Rtcm -- RTCM3 decoded message type=1124, length=254
04:09:10.665 [main] DEBUG org.rtklib.java.rtcm.Rtcm -- MSM BDS TOW: raw=62869000, tow=62883.0
04:09:10.665 [main] DEBUG org.rtklib.java.rtcm.Rtcm -- MSM BDS after adjweek: time.time=1780853283, time.sec=0.0
04:09:10.665 [main] DEBUG org.rtklib.java.rtcm.Rtcm -- decode_msm_head: sys=32 staid=0 nsat=12 nsig=5 sync=1 iod=0 ncell=32
04:09:10.665 [main] DEBUG org.rtklib.java.rtcm.Rtcm -- MSM sig[0] sigid=2 sigstr=2I code=40 idx=0
04:09:10.665 [main] DEBUG org.rtklib.java.rtcm.Rtcm -- MSM sig[1] sigid=8 sigstr=6I code=42 idx=3
04:09:10.665 [main] DEBUG org.rtklib.java.rtcm.Rtcm -- MSM sig[2] sigid=14 sigstr=7I code=27 idx=1
04:09:10.665 [main] DEBUG org.rtklib.java.rtcm.Rtcm -- MSM sig[3] sigid=23 sigstr=5P code=58 idx=2
04:09:10.665 [main] DEBUG org.rtklib.java.rtcm.Rtcm -- MSM sig[4] sigid=31 sigstr=1P code=2 idx=4
04:09:10.665 [main] DEBUG org.rtklib.java.rtcm.Rtcm -- MSM after sigindex: sig[0] code=40 idx=0
04:09:10.665 [main] DEBUG org.rtklib.java.rtcm.Rtcm -- MSM after sigindex: sig[1] code=42 idx=3
04:09:10.665 [main] DEBUG org.rtklib.java.rtcm.Rtcm -- MSM after sigindex: sig[2] code=27 idx=1
04:09:10.665 [main] DEBUG org.rtklib.java.rtcm.Rtcm -- MSM after sigindex: sig[3] code=58 idx=2
04:09:10.665 [main] DEBUG org.rtklib.java.rtcm.Rtcm -- MSM after sigindex: sig[4] code=2 idx=4
04:09:10.665 [main] DEBUG org.rtklib.java.rtcm.Rtcm -- RTCM3 decoded message type=1124, length=81
04:09:10.665 [main] DEBUG org.rtklib.java.rtcm.Rtcm -- MSM BDS TOW: raw=62869000, tow=62883.0
04:09:10.665 [main] DEBUG org.rtklib.java.rtcm.Rtcm -- MSM BDS after adjweek: time.time=1780853283, time.sec=0.0
04:09:10.665 [main] DEBUG org.rtklib.java.rtcm.Rtcm -- decode_msm_head: sys=32 staid=0 nsat=2 nsig=4 sync=0 iod=0 ncell=8
04:09:10.665 [main] DEBUG org.rtklib.java.rtcm.Rtcm -- MSM sig[0] sigid=2 sigstr=2I code=40 idx=0
04:09:10.665 [main] DEBUG org.rtklib.java.rtcm.Rtcm -- MSM sig[1] sigid=8 sigstr=6I code=42 idx=3
04:09:10.665 [main] DEBUG org.rtklib.java.rtcm.Rtcm -- MSM sig[2] sigid=23 sigstr=5P code=58 idx=2
04:09:10.665 [main] DEBUG org.rtklib.java.rtcm.Rtcm -- MSM sig[3] sigid=31 sigstr=1P code=2 idx=4
04:09:10.665 [main] DEBUG org.rtklib.java.rtcm.Rtcm -- MSM after sigindex: sig[0] code=40 idx=0
04:09:10.665 [main] DEBUG org.rtklib.java.rtcm.Rtcm -- MSM after sigindex: sig[1] code=42 idx=3
04:09:10.665 [main] DEBUG org.rtklib.java.rtcm.Rtcm -- MSM after sigindex: sig[2] code=58 idx=2
04:09:10.665 [main] DEBUG org.rtklib.java.rtcm.Rtcm -- MSM after sigindex: sig[3] code=2 idx=4
04:09:10.665 [main] DEBUG org.rtklib.java.rtcm.Rtcm -- RTCM3 decoded message type=1042, length=70
04:09:10.665 [main] DEBUG org.rtklib.java.rtcm.Rtcm -- RTCM3 decoded message type=1005, length=25
04:09:10.665 [main] DEBUG org.rtklib.java.rtcm.Rtcm -- RTCM3 decoded message type=1033, length=27
04:09:10.665 [main] DEBUG org.rtklib.java.rtcm.Rtcm -- RTCM3 decoded message type=1124, length=254
04:09:10.665 [main] DEBUG org.rtklib.java.rtcm.Rtcm -- MSM BDS TOW: raw=62884000, tow=62898.0
04:09:10.665 [main] DEBUG org.rtklib.java.rtcm.Rtcm -- MSM BDS after adjweek: time.time=1780853298, time.sec=0.0
04:09:10.665 [main] DEBUG org.rtklib.java.rtcm.Rtcm -- decode_msm_head: sys=32 staid=0 nsat=12 nsig=5 sync=1 iod=0 ncell=32
04:09:10.665 [main] DEBUG org.rtklib.java.rtcm.Rtcm -- MSM sig[0] sigid=2 sigstr=2I code=40 idx=0
04:09:10.665 [main] DEBUG org.rtklib.java.rtcm.Rtcm -- MSM sig[1] sigid=8 sigstr=6I code=42 idx=3
04:09:10.665 [main] DEBUG org.rtklib.java.rtcm.Rtcm -- MSM sig[2] sigid=14 sigstr=7I code=27 idx=1
04:09:10.665 [main] DEBUG org.rtklib.java.rtcm.Rtcm -- MSM sig[3] sigid=23 sigstr=5P code=58 idx=2
04:09:10.665 [main] DEBUG org.rtklib.java.rtcm.Rtcm -- MSM sig[4] sigid=31 sigstr=1P code=2 idx=4
04:09:10.665 [main] DEBUG org.rtklib.java.rtcm.Rtcm -- MSM after sigindex: sig[0] code=40 idx=0
04:09:10.665 [main] DEBUG org.rtklib.java.rtcm.Rtcm -- MSM after sigindex: sig[1] code=42 idx=3
04:09:10.665 [main] DEBUG org.rtklib.java.rtcm.Rtcm -- MSM after sigindex: sig[2] code=27 idx=1
04:09:10.665 [main] DEBUG org.rtklib.java.rtcm.Rtcm -- MSM after sigindex: sig[3] code=58 idx=2
04:09:10.665 [main] DEBUG org.rtklib.java.rtcm.Rtcm -- MSM after sigindex: sig[4] code=2 idx=4
04:09:10.665 [main] DEBUG org.rtklib.java.rtcm.Rtcm -- RTCM3 decoded message type=1124, length=75
04:09:10.665 [main] DEBUG org.rtklib.java.rtcm.Rtcm -- MSM BDS TOW: raw=62884000, tow=62898.0
04:09:10.665 [main] DEBUG org.rtklib.java.rtcm.Rtcm -- MSM BDS after adjweek: time.time=1780853298, time.sec=0.0
04:09:10.665 [main] DEBUG org.rtklib.java.rtcm.Rtcm -- decode_msm_head: sys=32 staid=0 nsat=2 nsig=4 sync=0 iod=0 ncell=7
04:09:10.665 [main] DEBUG org.rtklib.java.rtcm.Rtcm -- MSM sig[0] sigid=2 sigstr=2I code=40 idx=0
04:09:10.665 [main] DEBUG org.rtklib.java.rtcm.Rtcm -- MSM sig[1] sigid=8 sigstr=6I code=42 idx=3
04:09:10.665 [main] DEBUG org.rtklib.java.rtcm.Rtcm -- MSM sig[2] sigid=23 sigstr=5P code=58 idx=2
04:09:10.665 [main] DEBUG org.rtklib.java.rtcm.Rtcm -- MSM sig[3] sigid=31 sigstr=1P code=2 idx=4
04:09:10.665 [main] DEBUG org.rtklib.java.rtcm.Rtcm -- MSM after sigindex: sig[0] code=40 idx=0
04:09:10.665 [main] DEBUG org.rtklib.java.rtcm.Rtcm -- MSM after sigindex: sig[1] code=42 idx=3
04:09:10.665 [main] DEBUG org.rtklib.java.rtcm.Rtcm -- MSM after sigindex: sig[2] code=58 idx=2
04:09:10.665 [main] DEBUG org.rtklib.java.rtcm.Rtcm -- MSM after sigindex: sig[3] code=2 idx=4
04:09:10.665 [main] DEBUG org.rtklib.java.rtcm.Rtcm -- RTCM3 decoded message type=1042, length=70
04:09:10.665 [main] DEBUG org.rtklib.java.rtcm.Rtcm -- RTCM3 decoded message type=1005, length=25
04:09:10.665 [main] DEBUG org.rtklib.java.rtcm.Rtcm -- RTCM3 decoded message type=1033, length=27
04:09:10.665 [main] DEBUG org.rtklib.java.rtcm.Rtcm -- RTCM3 decoded message type=1124, length=260
04:09:10.665 [main] DEBUG org.rtklib.java.rtcm.Rtcm -- MSM BDS TOW: raw=62899000, tow=62913.0
04:09:10.666 [main] DEBUG org.rtklib.java.rtcm.Rtcm -- MSM BDS after adjweek: time.time=1780853313, time.sec=0.0
04:09:10.666 [main] DEBUG org.rtklib.java.rtcm.Rtcm -- decode_msm_head: sys=32 staid=0 nsat=12 nsig=5 sync=1 iod=0 ncell=33
04:09:10.666 [main] DEBUG org.rtklib.java.rtcm.Rtcm -- MSM sig[0] sigid=2 sigstr=2I code=40 idx=0
04:09:10.666 [main] DEBUG org.rtklib.java.rtcm.Rtcm -- MSM sig[1] sigid=8 sigstr=6I code=42 idx=3
04:09:10.666 [main] DEBUG org.rtklib.java.rtcm.Rtcm -- MSM sig[2] sigid=14 sigstr=7I code=27 idx=1
04:09:10.666 [main] DEBUG org.rtklib.java.rtcm.Rtcm -- MSM sig[3] sigid=23 sigstr=5P code=58 idx=2
04:09:10.666 [main] DEBUG org.rtklib.java.rtcm.Rtcm -- MSM sig[4] sigid=31 sigstr=1P code=2 idx=4
04:09:10.666 [main] DEBUG org.rtklib.java.rtcm.Rtcm -- MSM after sigindex: sig[0] code=40 idx=0
04:09:10.666 [main] DEBUG org.rtklib.java.rtcm.Rtcm -- MSM after sigindex: sig[1] code=42 idx=3
04:09:10.666 [main] DEBUG org.rtklib.java.rtcm.Rtcm -- MSM after sigindex: sig[2] code=27 idx=1
04:09:10.666 [main] DEBUG org.rtklib.java.rtcm.Rtcm -- MSM after sigindex: sig[3] code=58 idx=2
04:09:10.666 [main] DEBUG org.rtklib.java.rtcm.Rtcm -- MSM after sigindex: sig[4] code=2 idx=4
04:09:10.666 [main] DEBUG org.rtklib.java.rtcm.Rtcm -- RTCM3 decoded message type=1124, length=69
04:09:10.666 [main] DEBUG org.rtklib.java.rtcm.Rtcm -- MSM BDS TOW: raw=62899000, tow=62913.0
04:09:10.666 [main] DEBUG org.rtklib.java.rtcm.Rtcm -- MSM BDS after adjweek: time.time=1780853313, time.sec=0.0
04:09:10.666 [main] DEBUG org.rtklib.java.rtcm.Rtcm -- decode_msm_head: sys=32 staid=0 nsat=2 nsig=4 sync=0 iod=0 ncell=6
04:09:10.666 [main] DEBUG org.rtklib.java.rtcm.Rtcm -- MSM sig[0] sigid=2 sigstr=2I code=40 idx=0
04:09:10.666 [main] DEBUG org.rtklib.java.rtcm.Rtcm -- MSM sig[1] sigid=8 sigstr=6I code=42 idx=3
04:09:10.666 [main] DEBUG org.rtklib.java.rtcm.Rtcm -- MSM sig[2] sigid=23 sigstr=5P code=58 idx=2
04:09:10.666 [main] DEBUG org.rtklib.java.rtcm.Rtcm -- MSM sig[3] sigid=31 sigstr=1P code=2 idx=4
04:09:10.666 [main] DEBUG org.rtklib.java.rtcm.Rtcm -- MSM after sigindex: sig[0] code=40 idx=0
04:09:10.666 [main] DEBUG org.rtklib.java.rtcm.Rtcm -- MSM after sigindex: sig[1] code=42 idx=3
04:09:10.666 [main] DEBUG org.rtklib.java.rtcm.Rtcm -- MSM after sigindex: sig[2] code=58 idx=2
04:09:10.666 [main] DEBUG org.rtklib.java.rtcm.Rtcm -- MSM after sigindex: sig[3] code=2 idx=4
04:09:10.666 [main] DEBUG org.rtklib.java.rtcm.Rtcm -- RTCM3 decoded message type=1042, length=70
04:09:10.666 [main] DEBUG org.rtklib.java.rtcm.Rtcm -- RTCM3 decoded message type=1005, length=25
04:09:10.666 [main] DEBUG org.rtklib.java.rtcm.Rtcm -- RTCM3 decoded message type=1033, length=27
04:09:10.666 [main] DEBUG org.rtklib.java.rtcm.Rtcm -- RTCM3 decoded message type=1124, length=254
04:09:10.666 [main] DEBUG org.rtklib.java.rtcm.Rtcm -- MSM BDS TOW: raw=62914000, tow=62928.0
04:09:10.666 [main] DEBUG org.rtklib.java.rtcm.Rtcm -- MSM BDS after adjweek: time.time=1780853328, time.sec=0.0
04:09:10.666 [main] DEBUG org.rtklib.java.rtcm.Rtcm -- decode_msm_head: sys=32 staid=0 nsat=12 nsig=5 sync=1 iod=0 ncell=32
04:09:10.666 [main] DEBUG org.rtklib.java.rtcm.Rtcm -- MSM sig[0] sigid=2 sigstr=2I code=40 idx=0
04:09:10.666 [main] DEBUG org.rtklib.java.rtcm.Rtcm -- MSM sig[1] sigid=8 sigstr=6I code=42 idx=3
04:09:10.666 [main] DEBUG org.rtklib.java.rtcm.Rtcm -- MSM sig[2] sigid=14 sigstr=7I code=27 idx=1
04:09:10.666 [main] DEBUG org.rtklib.java.rtcm.Rtcm -- MSM sig[3] sigid=23 sigstr=5P code=58 idx=2
04:09:10.666 [main] DEBUG org.rtklib.java.rtcm.Rtcm -- MSM sig[4] sigid=31 sigstr=1P code=2 idx=4
04:09:10.666 [main] DEBUG org.rtklib.java.rtcm.Rtcm -- MSM after sigindex: sig[0] code=40 idx=0
04:09:10.666 [main] DEBUG org.rtklib.java.rtcm.Rtcm -- MSM after sigindex: sig[1] code=42 idx=3
04:09:10.666 [main] DEBUG org.rtklib.java.rtcm.Rtcm -- MSM after sigindex: sig[2] code=27 idx=1
04:09:10.666 [main] DEBUG org.rtklib.java.rtcm.Rtcm -- MSM after sigindex: sig[3] code=58 idx=2
04:09:10.666 [main] DEBUG org.rtklib.java.rtcm.Rtcm -- MSM after sigindex: sig[4] code=2 idx=4
04:09:10.666 [main] DEBUG org.rtklib.java.rtcm.Rtcm -- RTCM3 decoded message type=1124, length=69
04:09:10.666 [main] DEBUG org.rtklib.java.rtcm.Rtcm -- MSM BDS TOW: raw=62914000, tow=62928.0
04:09:10.666 [main] DEBUG org.rtklib.java.rtcm.Rtcm -- MSM BDS after adjweek: time.time=1780853328, time.sec=0.0
04:09:10.666 [main] DEBUG org.rtklib.java.rtcm.Rtcm -- decode_msm_head: sys=32 staid=0 nsat=2 nsig=4 sync=0 iod=0 ncell=6
04:09:10.666 [main] DEBUG org.rtklib.java.rtcm.Rtcm -- MSM sig[0] sigid=2 sigstr=2I code=40 idx=0
04:09:10.666 [main] DEBUG org.rtklib.java.rtcm.Rtcm -- MSM sig[1] sigid=8 sigstr=6I code=42 idx=3
04:09:10.666 [main] DEBUG org.rtklib.java.rtcm.Rtcm -- MSM sig[2] sigid=23 sigstr=5P code=58 idx=2
04:09:10.666 [main] DEBUG org.rtklib.java.rtcm.Rtcm -- MSM sig[3] sigid=31 sigstr=1P code=2 idx=4
04:09:10.666 [main] DEBUG org.rtklib.java.rtcm.Rtcm -- MSM after sigindex: sig[0] code=40 idx=0
04:09:10.666 [main] DEBUG org.rtklib.java.rtcm.Rtcm -- MSM after sigindex: sig[1] code=42 idx=3
04:09:10.666 [main] DEBUG org.rtklib.java.rtcm.Rtcm -- MSM after sigindex: sig[2] code=58 idx=2
04:09:10.666 [main] DEBUG org.rtklib.java.rtcm.Rtcm -- MSM after sigindex: sig[3] code=2 idx=4
04:09:10.666 [main] DEBUG org.rtklib.java.rtcm.Rtcm -- RTCM3 decoded message type=1042, length=70
04:09:10.666 [main] DEBUG org.rtklib.java.rtcm.Rtcm -- RTCM3 decoded message type=1005, length=25
04:09:10.666 [main] DEBUG org.rtklib.java.rtcm.Rtcm -- RTCM3 decoded message type=1033, length=27
04:09:10.666 [main] DEBUG org.rtklib.java.rtcm.Rtcm -- RTCM3 decoded message type=1124, length=254
04:09:10.666 [main] DEBUG org.rtklib.java.rtcm.Rtcm -- MSM BDS TOW: raw=62929000, tow=62943.0
04:09:10.666 [main] DEBUG org.rtklib.java.rtcm.Rtcm -- MSM BDS after adjweek: time.time=1780853343, time.sec=0.0
04:09:10.666 [main] DEBUG org.rtklib.java.rtcm.Rtcm -- decode_msm_head: sys=32 staid=0 nsat=12 nsig=5 sync=1 iod=0 ncell=32
04:09:10.666 [main] DEBUG org.rtklib.java.rtcm.Rtcm -- MSM sig[0] sigid=2 sigstr=2I code=40 idx=0
04:09:10.666 [main] DEBUG org.rtklib.java.rtcm.Rtcm -- MSM sig[1] sigid=8 sigstr=6I code=42 idx=3
04:09:10.666 [main] DEBUG org.rtklib.java.rtcm.Rtcm -- MSM sig[2] sigid=14 sigstr=7I code=27 idx=1
04:09:10.666 [main] DEBUG org.rtklib.java.rtcm.Rtcm -- MSM sig[3] sigid=23 sigstr=5P code=58 idx=2
04:09:10.666 [main] DEBUG org.rtklib.java.rtcm.Rtcm -- MSM sig[4] sigid=31 sigstr=1P code=2 idx=4
04:09:10.666 [main] DEBUG org.rtklib.java.rtcm.Rtcm -- MSM after sigindex: sig[0] code=40 idx=0
04:09:10.666 [main] DEBUG org.rtklib.java.rtcm.Rtcm -- MSM after sigindex: sig[1] code=42 idx=3
04:09:10.666 [main] DEBUG org.rtklib.java.rtcm.Rtcm -- MSM after sigindex: sig[2] code=27 idx=1
04:09:10.666 [main] DEBUG org.rtklib.java.rtcm.Rtcm -- MSM after sigindex: sig[3] code=58 idx=2
04:09:10.666 [main] DEBUG org.rtklib.java.rtcm.Rtcm -- MSM after sigindex: sig[4] code=2 idx=4
04:09:10.666 [main] DEBUG org.rtklib.java.rtcm.Rtcm -- RTCM3 decoded message type=1124, length=69
04:09:10.666 [main] DEBUG org.rtklib.java.rtcm.Rtcm -- MSM BDS TOW: raw=62929000, tow=62943.0
04:09:10.666 [main] DEBUG org.rtklib.java.rtcm.Rtcm -- MSM BDS after adjweek: time.time=1780853343, time.sec=0.0
04:09:10.666 [main] DEBUG org.rtklib.java.rtcm.Rtcm -- decode_msm_head: sys=32 staid=0 nsat=2 nsig=4 sync=0 iod=0 ncell=6
04:09:10.666 [main] DEBUG org.rtklib.java.rtcm.Rtcm -- MSM sig[0] sigid=2 sigstr=2I code=40 idx=0
04:09:10.666 [main] DEBUG org.rtklib.java.rtcm.Rtcm -- MSM sig[1] sigid=8 sigstr=6I code=42 idx=3
04:09:10.666 [main] DEBUG org.rtklib.java.rtcm.Rtcm -- MSM sig[2] sigid=23 sigstr=5P code=58 idx=2
04:09:10.666 [main] DEBUG org.rtklib.java.rtcm.Rtcm -- MSM sig[3] sigid=31 sigstr=1P code=2 idx=4
04:09:10.666 [main] DEBUG org.rtklib.java.rtcm.Rtcm -- MSM after sigindex: sig[0] code=40 idx=0
04:09:10.666 [main] DEBUG org.rtklib.java.rtcm.Rtcm -- MSM after sigindex: sig[1] code=42 idx=3
04:09:10.666 [main] DEBUG org.rtklib.java.rtcm.Rtcm -- MSM after sigindex: sig[2] code=58 idx=2
04:09:10.666 [main] DEBUG org.rtklib.java.rtcm.Rtcm -- MSM after sigindex: sig[3] code=2 idx=4
04:09:10.666 [main] DEBUG org.rtklib.java.rtcm.Rtcm -- RTCM3 decoded message type=1042, length=70
04:09:10.666 [main] DEBUG org.rtklib.java.rtcm.Rtcm -- RTCM3 decoded message type=1005, length=25
04:09:10.666 [main] DEBUG org.rtklib.java.rtcm.Rtcm -- RTCM3 decoded message type=1033, length=27
04:09:10.666 [main] DEBUG org.rtklib.java.rtcm.Rtcm -- RTCM3 decoded message type=1124, length=254
04:09:10.666 [main] DEBUG org.rtklib.java.rtcm.Rtcm -- MSM BDS TOW: raw=62944000, tow=62958.0
04:09:10.666 [main] DEBUG org.rtklib.java.rtcm.Rtcm -- MSM BDS after adjweek: time.time=1780853358, time.sec=0.0
04:09:10.666 [main] DEBUG org.rtklib.java.rtcm.Rtcm -- decode_msm_head: sys=32 staid=0 nsat=12 nsig=5 sync=1 iod=0 ncell=32
04:09:10.666 [main] DEBUG org.rtklib.java.rtcm.Rtcm -- MSM sig[0] sigid=2 sigstr=2I code=40 idx=0
04:09:10.666 [main] DEBUG org.rtklib.java.rtcm.Rtcm -- MSM sig[1] sigid=8 sigstr=6I code=42 idx=3
04:09:10.666 [main] DEBUG org.rtklib.java.rtcm.Rtcm -- MSM sig[2] sigid=14 sigstr=7I code=27 idx=1
04:09:10.666 [main] DEBUG org.rtklib.java.rtcm.Rtcm -- MSM sig[3] sigid=23 sigstr=5P code=58 idx=2
04:09:10.666 [main] DEBUG org.rtklib.java.rtcm.Rtcm -- MSM sig[4] sigid=31 sigstr=1P code=2 idx=4
04:09:10.666 [main] DEBUG org.rtklib.java.rtcm.Rtcm -- MSM after sigindex: sig[0] code=40 idx=0
04:09:10.666 [main] DEBUG org.rtklib.java.rtcm.Rtcm -- MSM after sigindex: sig[1] code=42 idx=3
04:09:10.666 [main] DEBUG org.rtklib.java.rtcm.Rtcm -- MSM after sigindex: sig[2] code=27 idx=1
04:09:10.666 [main] DEBUG org.rtklib.java.rtcm.Rtcm -- MSM after sigindex: sig[3] code=58 idx=2
04:09:10.666 [main] DEBUG org.rtklib.java.rtcm.Rtcm -- MSM after sigindex: sig[4] code=2 idx=4
04:09:10.666 [main] DEBUG org.rtklib.java.rtcm.Rtcm -- RTCM3 decoded message type=1124, length=69
04:09:10.666 [main] DEBUG org.rtklib.java.rtcm.Rtcm -- MSM BDS TOW: raw=62944000, tow=62958.0
04:09:10.666 [main] DEBUG org.rtklib.java.rtcm.Rtcm -- MSM BDS after adjweek: time.time=1780853358, time.sec=0.0
04:09:10.666 [main] DEBUG org.rtklib.java.rtcm.Rtcm -- decode_msm_head: sys=32 staid=0 nsat=2 nsig=4 sync=0 iod=0 ncell=6
04:09:10.666 [main] DEBUG org.rtklib.java.rtcm.Rtcm -- MSM sig[0] sigid=2 sigstr=2I code=40 idx=0
04:09:10.666 [main] DEBUG org.rtklib.java.rtcm.Rtcm -- MSM sig[1] sigid=8 sigstr=6I code=42 idx=3
04:09:10.666 [main] DEBUG org.rtklib.java.rtcm.Rtcm -- MSM sig[2] sigid=23 sigstr=5P code=58 idx=2
04:09:10.666 [main] DEBUG org.rtklib.java.rtcm.Rtcm -- MSM sig[3] sigid=31 sigstr=1P code=2 idx=4
04:09:10.666 [main] DEBUG org.rtklib.java.rtcm.Rtcm -- MSM after sigindex: sig[0] code=40 idx=0
04:09:10.666 [main] DEBUG org.rtklib.java.rtcm.Rtcm -- MSM after sigindex: sig[1] code=42 idx=3
04:09:10.666 [main] DEBUG org.rtklib.java.rtcm.Rtcm -- MSM after sigindex: sig[2] code=58 idx=2
04:09:10.666 [main] DEBUG org.rtklib.java.rtcm.Rtcm -- MSM after sigindex: sig[3] code=2 idx=4
04:09:10.666 [main] DEBUG org.rtklib.java.rtcm.Rtcm -- RTCM3 decoded message type=1042, length=70
04:09:10.666 [main] DEBUG org.rtklib.java.rtcm.Rtcm -- RTCM3 decoded message type=1005, length=25
04:09:10.666 [main] DEBUG org.rtklib.java.rtcm.Rtcm -- RTCM3 decoded message type=1033, length=27
04:09:10.666 [main] DEBUG org.rtklib.java.rtcm.Rtcm -- RTCM3 decoded message type=1124, length=260
04:09:10.666 [main] DEBUG org.rtklib.java.rtcm.Rtcm -- MSM BDS TOW: raw=62959000, tow=62973.0
04:09:10.666 [main] DEBUG org.rtklib.java.rtcm.Rtcm -- MSM BDS after adjweek: time.time=1780853373, time.sec=0.0
04:09:10.666 [main] DEBUG org.rtklib.java.rtcm.Rtcm -- decode_msm_head: sys=32 staid=0 nsat=12 nsig=5 sync=1 iod=0 ncell=33
04:09:10.666 [main] DEBUG org.rtklib.java.rtcm.Rtcm -- MSM sig[0] sigid=2 sigstr=2I code=40 idx=0
04:09:10.666 [main] DEBUG org.rtklib.java.rtcm.Rtcm -- MSM sig[1] sigid=8 sigstr=6I code=42 idx=3
04:09:10.666 [main] DEBUG org.rtklib.java.rtcm.Rtcm -- MSM sig[2] sigid=14 sigstr=7I code=27 idx=1
04:09:10.666 [main] DEBUG org.rtklib.java.rtcm.Rtcm -- MSM sig[3] sigid=23 sigstr=5P code=58 idx=2
04:09:10.666 [main] DEBUG org.rtklib.java.rtcm.Rtcm -- MSM sig[4] sigid=31 sigstr=1P code=2 idx=4
04:09:10.666 [main] DEBUG org.rtklib.java.rtcm.Rtcm -- MSM after sigindex: sig[0] code=40 idx=0
04:09:10.666 [main] DEBUG org.rtklib.java.rtcm.Rtcm -- MSM after sigindex: sig[1] code=42 idx=3
04:09:10.666 [main] DEBUG org.rtklib.java.rtcm.Rtcm -- MSM after sigindex: sig[2] code=27 idx=1
04:09:10.666 [main] DEBUG org.rtklib.java.rtcm.Rtcm -- MSM after sigindex: sig[3] code=58 idx=2
04:09:10.666 [main] DEBUG org.rtklib.java.rtcm.Rtcm -- MSM after sigindex: sig[4] code=2 idx=4
04:09:10.666 [main] DEBUG org.rtklib.java.rtcm.Rtcm -- RTCM3 decoded message type=1124, length=69
04:09:10.666 [main] DEBUG org.rtklib.java.rtcm.Rtcm -- MSM BDS TOW: raw=62959000, tow=62973.0
04:09:10.666 [main] DEBUG org.rtklib.java.rtcm.Rtcm -- MSM BDS after adjweek: time.time=1780853373, time.sec=0.0
04:09:10.666 [main] DEBUG org.rtklib.java.rtcm.Rtcm -- decode_msm_head: sys=32 staid=0 nsat=2 nsig=4 sync=0 iod=0 ncell=6
04:09:10.666 [main] DEBUG org.rtklib.java.rtcm.Rtcm -- MSM sig[0] sigid=2 sigstr=2I code=40 idx=0
04:09:10.666 [main] DEBUG org.rtklib.java.rtcm.Rtcm -- MSM sig[1] sigid=8 sigstr=6I code=42 idx=3
04:09:10.666 [main] DEBUG org.rtklib.java.rtcm.Rtcm -- MSM sig[2] sigid=23 sigstr=5P code=58 idx=2
04:09:10.666 [main] DEBUG org.rtklib.java.rtcm.Rtcm -- MSM sig[3] sigid=31 sigstr=1P code=2 idx=4
04:09:10.666 [main] DEBUG org.rtklib.java.rtcm.Rtcm -- MSM after sigindex: sig[0] code=40 idx=0
04:09:10.666 [main] DEBUG org.rtklib.java.rtcm.Rtcm -- MSM after sigindex: sig[1] code=42 idx=3
04:09:10.666 [main] DEBUG org.rtklib.java.rtcm.Rtcm -- MSM after sigindex: sig[2] code=58 idx=2
04:09:10.666 [main] DEBUG org.rtklib.java.rtcm.Rtcm -- MSM after sigindex: sig[3] code=2 idx=4
04:09:10.666 [main] DEBUG org.rtklib.java.rtcm.Rtcm -- RTCM3 decoded message type=1042, length=70
04:09:10.666 [main] DEBUG org.rtklib.java.rtcm.Rtcm -- RTCM3 decoded message type=1005, length=25
04:09:10.666 [main] DEBUG org.rtklib.java.rtcm.Rtcm -- RTCM3 decoded message type=1033, length=27
04:09:10.666 [main] DEBUG org.rtklib.java.rtcm.Rtcm -- RTCM3 decoded message type=1124, length=248
04:09:10.667 [main] DEBUG org.rtklib.java.rtcm.Rtcm -- MSM BDS TOW: raw=62974000, tow=62988.0
04:09:10.667 [main] DEBUG org.rtklib.java.rtcm.Rtcm -- MSM BDS after adjweek: time.time=1780853388, time.sec=0.0
04:09:10.667 [main] DEBUG org.rtklib.java.rtcm.Rtcm -- decode_msm_head: sys=32 staid=0 nsat=12 nsig=5 sync=1 iod=0 ncell=31
04:09:10.667 [main] DEBUG org.rtklib.java.rtcm.Rtcm -- MSM sig[0] sigid=2 sigstr=2I code=40 idx=0
04:09:10.667 [main] DEBUG org.rtklib.java.rtcm.Rtcm -- MSM sig[1] sigid=8 sigstr=6I code=42 idx=3
04:09:10.667 [main] DEBUG org.rtklib.java.rtcm.Rtcm -- MSM sig[2] sigid=14 sigstr=7I code=27 idx=1
04:09:10.667 [main] DEBUG org.rtklib.java.rtcm.Rtcm -- MSM sig[3] sigid=23 sigstr=5P code=58 idx=2
04:09:10.667 [main] DEBUG org.rtklib.java.rtcm.Rtcm -- MSM sig[4] sigid=31 sigstr=1P code=2 idx=4
04:09:10.667 [main] DEBUG org.rtklib.java.rtcm.Rtcm -- MSM after sigindex: sig[0] code=40 idx=0
04:09:10.667 [main] DEBUG org.rtklib.java.rtcm.Rtcm -- MSM after sigindex: sig[1] code=42 idx=3
04:09:10.667 [main] DEBUG org.rtklib.java.rtcm.Rtcm -- MSM after sigindex: sig[2] code=27 idx=1
04:09:10.667 [main] DEBUG org.rtklib.java.rtcm.Rtcm -- MSM after sigindex: sig[3] code=58 idx=2
04:09:10.667 [main] DEBUG org.rtklib.java.rtcm.Rtcm -- MSM after sigindex: sig[4] code=2 idx=4
04:09:10.667 [main] DEBUG org.rtklib.java.rtcm.Rtcm -- RTCM3 decoded message type=1124, length=69
04:09:10.667 [main] DEBUG org.rtklib.java.rtcm.Rtcm -- MSM BDS TOW: raw=62974000, tow=62988.0
04:09:10.667 [main] DEBUG org.rtklib.java.rtcm.Rtcm -- MSM BDS after adjweek: time.time=1780853388, time.sec=0.0
04:09:10.667 [main] DEBUG org.rtklib.java.rtcm.Rtcm -- decode_msm_head: sys=32 staid=0 nsat=2 nsig=4 sync=0 iod=0 ncell=6
04:09:10.667 [main] DEBUG org.rtklib.java.rtcm.Rtcm -- MSM sig[0] sigid=2 sigstr=2I code=40 idx=0
04:09:10.667 [main] DEBUG org.rtklib.java.rtcm.Rtcm -- MSM sig[1] sigid=8 sigstr=6I code=42 idx=3
04:09:10.667 [main] DEBUG org.rtklib.java.rtcm.Rtcm -- MSM sig[2] sigid=23 sigstr=5P code=58 idx=2
04:09:10.667 [main] DEBUG org.rtklib.java.rtcm.Rtcm -- MSM sig[3] sigid=31 sigstr=1P code=2 idx=4
04:09:10.667 [main] DEBUG org.rtklib.java.rtcm.Rtcm -- MSM after sigindex: sig[0] code=40 idx=0
04:09:10.667 [main] DEBUG org.rtklib.java.rtcm.Rtcm -- MSM after sigindex: sig[1] code=42 idx=3
04:09:10.667 [main] DEBUG org.rtklib.java.rtcm.Rtcm -- MSM after sigindex: sig[2] code=58 idx=2
04:09:10.667 [main] DEBUG org.rtklib.java.rtcm.Rtcm -- MSM after sigindex: sig[3] code=2 idx=4
04:09:10.667 [main] DEBUG org.rtklib.java.rtcm.Rtcm -- RTCM3 decoded message type=1042, length=70
04:09:10.667 [main] DEBUG org.rtklib.java.rtcm.Rtcm -- RTCM3 decoded message type=1005, length=25
04:09:10.667 [main] DEBUG org.rtklib.java.rtcm.Rtcm -- RTCM3 decoded message type=1033, length=27
04:09:10.667 [main] DEBUG org.rtklib.java.rtcm.Rtcm -- RTCM3 decoded message type=1124, length=254
04:09:10.667 [main] DEBUG org.rtklib.java.rtcm.Rtcm -- MSM BDS TOW: raw=62989000, tow=63003.0
04:09:10.667 [main] DEBUG org.rtklib.java.rtcm.Rtcm -- MSM BDS after adjweek: time.time=1780853403, time.sec=0.0
04:09:10.667 [main] DEBUG org.rtklib.java.rtcm.Rtcm -- decode_msm_head: sys=32 staid=0 nsat=12 nsig=5 sync=1 iod=0 ncell=32
04:09:10.667 [main] DEBUG org.rtklib.java.rtcm.Rtcm -- MSM sig[0] sigid=2 sigstr=2I code=40 idx=0
04:09:10.667 [main] DEBUG org.rtklib.java.rtcm.Rtcm -- MSM sig[1] sigid=8 sigstr=6I code=42 idx=3
04:09:10.667 [main] DEBUG org.rtklib.java.rtcm.Rtcm -- MSM sig[2] sigid=14 sigstr=7I code=27 idx=1
04:09:10.667 [main] DEBUG org.rtklib.java.rtcm.Rtcm -- MSM sig[3] sigid=23 sigstr=5P code=58 idx=2
04:09:10.667 [main] DEBUG org.rtklib.java.rtcm.Rtcm -- MSM sig[4] sigid=31 sigstr=1P code=2 idx=4
04:09:10.667 [main] DEBUG org.rtklib.java.rtcm.Rtcm -- MSM after sigindex: sig[0] code=40 idx=0
04:09:10.667 [main] DEBUG org.rtklib.java.rtcm.Rtcm -- MSM after sigindex: sig[1] code=42 idx=3
04:09:10.667 [main] DEBUG org.rtklib.java.rtcm.Rtcm -- MSM after sigindex: sig[2] code=27 idx=1
04:09:10.667 [main] DEBUG org.rtklib.java.rtcm.Rtcm -- MSM after sigindex: sig[3] code=58 idx=2
04:09:10.667 [main] DEBUG org.rtklib.java.rtcm.Rtcm -- MSM after sigindex: sig[4] code=2 idx=4
04:09:10.667 [main] DEBUG org.rtklib.java.rtcm.Rtcm -- RTCM3 decoded message type=1124, length=81
04:09:10.667 [main] DEBUG org.rtklib.java.rtcm.Rtcm -- MSM BDS TOW: raw=62989000, tow=63003.0
04:09:10.667 [main] DEBUG org.rtklib.java.rtcm.Rtcm -- MSM BDS after adjweek: time.time=1780853403, time.sec=0.0
04:09:10.667 [main] DEBUG org.rtklib.java.rtcm.Rtcm -- decode_msm_head: sys=32 staid=0 nsat=2 nsig=4 sync=0 iod=0 ncell=8
04:09:10.667 [main] DEBUG org.rtklib.java.rtcm.Rtcm -- MSM sig[0] sigid=2 sigstr=2I code=40 idx=0
04:09:10.667 [main] DEBUG org.rtklib.java.rtcm.Rtcm -- MSM sig[1] sigid=8 sigstr=6I code=42 idx=3
04:09:10.667 [main] DEBUG org.rtklib.java.rtcm.Rtcm -- MSM sig[2] sigid=23 sigstr=5P code=58 idx=2
04:09:10.667 [main] DEBUG org.rtklib.java.rtcm.Rtcm -- MSM sig[3] sigid=31 sigstr=1P code=2 idx=4
04:09:10.667 [main] DEBUG org.rtklib.java.rtcm.Rtcm -- MSM after sigindex: sig[0] code=40 idx=0
04:09:10.667 [main] DEBUG org.rtklib.java.rtcm.Rtcm -- MSM after sigindex: sig[1] code=42 idx=3
04:09:10.667 [main] DEBUG org.rtklib.java.rtcm.Rtcm -- MSM after sigindex: sig[2] code=58 idx=2
04:09:10.667 [main] DEBUG org.rtklib.java.rtcm.Rtcm -- MSM after sigindex: sig[3] code=2 idx=4
04:09:10.668 [main] DEBUG org.rtklib.java.rtcm.Rtcm -- RTCM3 decoded message type=1042, length=70
04:09:10.668 [main] DEBUG org.rtklib.java.rtcm.Rtcm -- RTCM3 decoded message type=1005, length=25
04:09:10.668 [main] DEBUG org.rtklib.java.rtcm.Rtcm -- RTCM3 decoded message type=1033, length=27
04:09:10.668 [main] DEBUG org.rtklib.java.rtcm.Rtcm -- RTCM3 decoded message type=1124, length=254
04:09:10.668 [main] DEBUG org.rtklib.java.rtcm.Rtcm -- MSM BDS TOW: raw=63004000, tow=63018.0
04:09:10.668 [main] DEBUG org.rtklib.java.rtcm.Rtcm -- MSM BDS after adjweek: time.time=1780853418, time.sec=0.0
04:09:10.668 [main] DEBUG org.rtklib.java.rtcm.Rtcm -- decode_msm_head: sys=32 staid=0 nsat=12 nsig=5 sync=1 iod=0 ncell=32
04:09:10.668 [main] DEBUG org.rtklib.java.rtcm.Rtcm -- MSM sig[0] sigid=2 sigstr=2I code=40 idx=0
04:09:10.668 [main] DEBUG org.rtklib.java.rtcm.Rtcm -- MSM sig[1] sigid=8 sigstr=6I code=42 idx=3
04:09:10.668 [main] DEBUG org.rtklib.java.rtcm.Rtcm -- MSM sig[2] sigid=14 sigstr=7I code=27 idx=1
04:09:10.668 [main] DEBUG org.rtklib.java.rtcm.Rtcm -- MSM sig[3] sigid=23 sigstr=5P code=58 idx=2
04:09:10.668 [main] DEBUG org.rtklib.java.rtcm.Rtcm -- MSM sig[4] sigid=31 sigstr=1P code=2 idx=4
04:09:10.668 [main] DEBUG org.rtklib.java.rtcm.Rtcm -- MSM after sigindex: sig[0] code=40 idx=0
04:09:10.668 [main] DEBUG org.rtklib.java.rtcm.Rtcm -- MSM after sigindex: sig[1] code=42 idx=3
04:09:10.668 [main] DEBUG org.rtklib.java.rtcm.Rtcm -- MSM after sigindex: sig[2] code=27 idx=1
04:09:10.668 [main] DEBUG org.rtklib.java.rtcm.Rtcm -- MSM after sigindex: sig[3] code=58 idx=2
04:09:10.668 [main] DEBUG org.rtklib.java.rtcm.Rtcm -- MSM after sigindex: sig[4] code=2 idx=4
04:09:10.668 [main] DEBUG org.rtklib.java.rtcm.Rtcm -- RTCM3 decoded message type=1124, length=81
04:09:10.668 [main] DEBUG org.rtklib.java.rtcm.Rtcm -- MSM BDS TOW: raw=63004000, tow=63018.0
04:09:10.668 [main] DEBUG org.rtklib.java.rtcm.Rtcm -- MSM BDS after adjweek: time.time=1780853418, time.sec=0.0
04:09:10.668 [main] DEBUG org.rtklib.java.rtcm.Rtcm -- decode_msm_head: sys=32 staid=0 nsat=2 nsig=4 sync=0 iod=0 ncell=8
04:09:10.668 [main] DEBUG org.rtklib.java.rtcm.Rtcm -- MSM sig[0] sigid=2 sigstr=2I code=40 idx=0
04:09:10.668 [main] DEBUG org.rtklib.java.rtcm.Rtcm -- MSM sig[1] sigid=8 sigstr=6I code=42 idx=3
04:09:10.668 [main] DEBUG org.rtklib.java.rtcm.Rtcm -- MSM sig[2] sigid=23 sigstr=5P code=58 idx=2
04:09:10.668 [main] DEBUG org.rtklib.java.rtcm.Rtcm -- MSM sig[3] sigid=31 sigstr=1P code=2 idx=4
04:09:10.668 [main] DEBUG org.rtklib.java.rtcm.Rtcm -- MSM after sigindex: sig[0] code=40 idx=0
04:09:10.668 [main] DEBUG org.rtklib.java.rtcm.Rtcm -- MSM after sigindex: sig[1] code=42 idx=3
04:09:10.668 [main] DEBUG org.rtklib.java.rtcm.Rtcm -- MSM after sigindex: sig[2] code=58 idx=2
04:09:10.668 [main] DEBUG org.rtklib.java.rtcm.Rtcm -- MSM after sigindex: sig[3] code=2 idx=4
04:09:10.668 [main] DEBUG org.rtklib.java.rtcm.Rtcm -- RTCM3 decoded message type=1042, length=70
04:09:10.668 [main] DEBUG org.rtklib.java.rtcm.Rtcm -- RTCM3 decoded message type=1005, length=25
04:09:10.668 [main] DEBUG org.rtklib.java.rtcm.Rtcm -- RTCM3 decoded message type=1033, length=27
04:09:10.668 [main] DEBUG org.rtklib.java.rtcm.Rtcm -- RTCM3 decoded message type=1124, length=248
04:09:10.668 [main] DEBUG org.rtklib.java.rtcm.Rtcm -- MSM BDS TOW: raw=63019000, tow=63033.0
04:09:10.668 [main] DEBUG org.rtklib.java.rtcm.Rtcm -- MSM BDS after adjweek: time.time=1780853433, time.sec=0.0
04:09:10.668 [main] DEBUG org.rtklib.java.rtcm.Rtcm -- decode_msm_head: sys=32 staid=0 nsat=12 nsig=5 sync=1 iod=0 ncell=31
04:09:10.668 [main] DEBUG org.rtklib.java.rtcm.Rtcm -- MSM sig[0] sigid=2 sigstr=2I code=40 idx=0
04:09:10.668 [main] DEBUG org.rtklib.java.rtcm.Rtcm -- MSM sig[1] sigid=8 sigstr=6I code=42 idx=3
04:09:10.668 [main] DEBUG org.rtklib.java.rtcm.Rtcm -- MSM sig[2] sigid=14 sigstr=7I code=27 idx=1
04:09:10.668 [main] DEBUG org.rtklib.java.rtcm.Rtcm -- MSM sig[3] sigid=23 sigstr=5P code=58 idx=2
04:09:10.668 [main] DEBUG org.rtklib.java.rtcm.Rtcm -- MSM sig[4] sigid=31 sigstr=1P code=2 idx=4
04:09:10.668 [main] DEBUG org.rtklib.java.rtcm.Rtcm -- MSM after sigindex: sig[0] code=40 idx=0
04:09:10.668 [main] DEBUG org.rtklib.java.rtcm.Rtcm -- MSM after sigindex: sig[1] code=42 idx=3
04:09:10.668 [main] DEBUG org.rtklib.java.rtcm.Rtcm -- MSM after sigindex: sig[2] code=27 idx=1
04:09:10.668 [main] DEBUG org.rtklib.java.rtcm.Rtcm -- MSM after sigindex: sig[3] code=58 idx=2
04:09:10.668 [main] DEBUG org.rtklib.java.rtcm.Rtcm -- MSM after sigindex: sig[4] code=2 idx=4
04:09:10.668 [main] DEBUG org.rtklib.java.rtcm.Rtcm -- RTCM3 decoded message type=1124, length=81
04:09:10.668 [main] DEBUG org.rtklib.java.rtcm.Rtcm -- MSM BDS TOW: raw=63019000, tow=63033.0
04:09:10.668 [main] DEBUG org.rtklib.java.rtcm.Rtcm -- MSM BDS after adjweek: time.time=1780853433, time.sec=0.0
04:09:10.668 [main] DEBUG org.rtklib.java.rtcm.Rtcm -- decode_msm_head: sys=32 staid=0 nsat=2 nsig=4 sync=0 iod=0 ncell=8
04:09:10.668 [main] DEBUG org.rtklib.java.rtcm.Rtcm -- MSM sig[0] sigid=2 sigstr=2I code=40 idx=0
04:09:10.668 [main] DEBUG org.rtklib.java.rtcm.Rtcm -- MSM sig[1] sigid=8 sigstr=6I code=42 idx=3
04:09:10.668 [main] DEBUG org.rtklib.java.rtcm.Rtcm -- MSM sig[2] sigid=23 sigstr=5P code=58 idx=2
04:09:10.668 [main] DEBUG org.rtklib.java.rtcm.Rtcm -- MSM sig[3] sigid=31 sigstr=1P code=2 idx=4
04:09:10.668 [main] DEBUG org.rtklib.java.rtcm.Rtcm -- MSM after sigindex: sig[0] code=40 idx=0
04:09:10.668 [main] DEBUG org.rtklib.java.rtcm.Rtcm -- MSM after sigindex: sig[1] code=42 idx=3
04:09:10.668 [main] DEBUG org.rtklib.java.rtcm.Rtcm -- MSM after sigindex: sig[2] code=58 idx=2
04:09:10.668 [main] DEBUG org.rtklib.java.rtcm.Rtcm -- MSM after sigindex: sig[3] code=2 idx=4
04:09:10.668 [main] DEBUG org.rtklib.java.rtcm.Rtcm -- RTCM3 decoded message type=1042, length=70
04:09:10.668 [main] DEBUG org.rtklib.java.rtcm.Rtcm -- RTCM3 decoded message type=1005, length=25
04:09:10.668 [main] DEBUG org.rtklib.java.rtcm.Rtcm -- RTCM3 decoded message type=1033, length=27
04:09:10.668 [main] DEBUG org.rtklib.java.rtcm.Rtcm -- RTCM3 decoded message type=1124, length=248
04:09:10.668 [main] DEBUG org.rtklib.java.rtcm.Rtcm -- MSM BDS TOW: raw=63034000, tow=63048.0
04:09:10.668 [main] DEBUG org.rtklib.java.rtcm.Rtcm -- MSM BDS after adjweek: time.time=1780853448, time.sec=0.0
04:09:10.668 [main] DEBUG org.rtklib.java.rtcm.Rtcm -- decode_msm_head: sys=32 staid=0 nsat=12 nsig=5 sync=1 iod=0 ncell=31
04:09:10.668 [main] DEBUG org.rtklib.java.rtcm.Rtcm -- MSM sig[0] sigid=2 sigstr=2I code=40 idx=0
04:09:10.668 [main] DEBUG org.rtklib.java.rtcm.Rtcm -- MSM sig[1] sigid=8 sigstr=6I code=42 idx=3
04:09:10.668 [main] DEBUG org.rtklib.java.rtcm.Rtcm -- MSM sig[2] sigid=14 sigstr=7I code=27 idx=1
04:09:10.668 [main] DEBUG org.rtklib.java.rtcm.Rtcm -- MSM sig[3] sigid=23 sigstr=5P code=58 idx=2
04:09:10.668 [main] DEBUG org.rtklib.java.rtcm.Rtcm -- MSM sig[4] sigid=31 sigstr=1P code=2 idx=4
04:09:10.668 [main] DEBUG org.rtklib.java.rtcm.Rtcm -- MSM after sigindex: sig[0] code=40 idx=0
04:09:10.668 [main] DEBUG org.rtklib.java.rtcm.Rtcm -- MSM after sigindex: sig[1] code=42 idx=3
04:09:10.668 [main] DEBUG org.rtklib.java.rtcm.Rtcm -- MSM after sigindex: sig[2] code=27 idx=1
04:09:10.668 [main] DEBUG org.rtklib.java.rtcm.Rtcm -- MSM after sigindex: sig[3] code=58 idx=2
04:09:10.668 [main] DEBUG org.rtklib.java.rtcm.Rtcm -- MSM after sigindex: sig[4] code=2 idx=4
04:09:10.668 [main] DEBUG org.rtklib.java.rtcm.Rtcm -- RTCM3 decoded message type=1124, length=81
04:09:10.668 [main] DEBUG org.rtklib.java.rtcm.Rtcm -- MSM BDS TOW: raw=63034000, tow=63048.0
04:09:10.668 [main] DEBUG org.rtklib.java.rtcm.Rtcm -- MSM BDS after adjweek: time.time=1780853448, time.sec=0.0
04:09:10.668 [main] DEBUG org.rtklib.java.rtcm.Rtcm -- decode_msm_head: sys=32 staid=0 nsat=2 nsig=4 sync=0 iod=0 ncell=8
04:09:10.668 [main] DEBUG org.rtklib.java.rtcm.Rtcm -- MSM sig[0] sigid=2 sigstr=2I code=40 idx=0
04:09:10.668 [main] DEBUG org.rtklib.java.rtcm.Rtcm -- MSM sig[1] sigid=8 sigstr=6I code=42 idx=3
04:09:10.668 [main] DEBUG org.rtklib.java.rtcm.Rtcm -- MSM sig[2] sigid=23 sigstr=5P code=58 idx=2
04:09:10.668 [main] DEBUG org.rtklib.java.rtcm.Rtcm -- MSM sig[3] sigid=31 sigstr=1P code=2 idx=4
04:09:10.668 [main] DEBUG org.rtklib.java.rtcm.Rtcm -- MSM after sigindex: sig[0] code=40 idx=0
04:09:10.668 [main] DEBUG org.rtklib.java.rtcm.Rtcm -- MSM after sigindex: sig[1] code=42 idx=3
04:09:10.668 [main] DEBUG org.rtklib.java.rtcm.Rtcm -- MSM after sigindex: sig[2] code=58 idx=2
04:09:10.668 [main] DEBUG org.rtklib.java.rtcm.Rtcm -- MSM after sigindex: sig[3] code=2 idx=4
04:09:10.668 [main] DEBUG org.rtklib.java.rtcm.Rtcm -- RTCM3 decoded message type=1042, length=70
04:09:10.668 [main] DEBUG org.rtklib.java.rtcm.Rtcm -- RTCM3 decoded message type=1005, length=25
04:09:10.668 [main] DEBUG org.rtklib.java.rtcm.Rtcm -- RTCM3 decoded message type=1033, length=27
04:09:10.668 [main] DEBUG org.rtklib.java.rtcm.Rtcm -- RTCM3 decoded message type=1124, length=248
04:09:10.668 [main] DEBUG org.rtklib.java.rtcm.Rtcm -- MSM BDS TOW: raw=63049000, tow=63063.0
04:09:10.668 [main] DEBUG org.rtklib.java.rtcm.Rtcm -- MSM BDS after adjweek: time.time=1780853463, time.sec=0.0
04:09:10.668 [main] DEBUG org.rtklib.java.rtcm.Rtcm -- decode_msm_head: sys=32 staid=0 nsat=12 nsig=5 sync=1 iod=0 ncell=31
04:09:10.668 [main] DEBUG org.rtklib.java.rtcm.Rtcm -- MSM sig[0] sigid=2 sigstr=2I code=40 idx=0
04:09:10.668 [main] DEBUG org.rtklib.java.rtcm.Rtcm -- MSM sig[1] sigid=8 sigstr=6I code=42 idx=3
04:09:10.668 [main] DEBUG org.rtklib.java.rtcm.Rtcm -- MSM sig[2] sigid=14 sigstr=7I code=27 idx=1
04:09:10.668 [main] DEBUG org.rtklib.java.rtcm.Rtcm -- MSM sig[3] sigid=23 sigstr=5P code=58 idx=2
04:09:10.668 [main] DEBUG org.rtklib.java.rtcm.Rtcm -- MSM sig[4] sigid=31 sigstr=1P code=2 idx=4
04:09:10.668 [main] DEBUG org.rtklib.java.rtcm.Rtcm -- MSM after sigindex: sig[0] code=40 idx=0
04:09:10.668 [main] DEBUG org.rtklib.java.rtcm.Rtcm -- MSM after sigindex: sig[1] code=42 idx=3
04:09:10.668 [main] DEBUG org.rtklib.java.rtcm.Rtcm -- MSM after sigindex: sig[2] code=27 idx=1
04:09:10.668 [main] DEBUG org.rtklib.java.rtcm.Rtcm -- MSM after sigindex: sig[3] code=58 idx=2
04:09:10.668 [main] DEBUG org.rtklib.java.rtcm.Rtcm -- MSM after sigindex: sig[4] code=2 idx=4
04:09:10.668 [main] DEBUG org.rtklib.java.rtcm.Rtcm -- RTCM3 decoded message type=1124, length=81
04:09:10.668 [main] DEBUG org.rtklib.java.rtcm.Rtcm -- MSM BDS TOW: raw=63049000, tow=63063.0
04:09:10.668 [main] DEBUG org.rtklib.java.rtcm.Rtcm -- MSM BDS after adjweek: time.time=1780853463, time.sec=0.0
04:09:10.669 [main] DEBUG org.rtklib.java.rtcm.Rtcm -- decode_msm_head: sys=32 staid=0 nsat=2 nsig=4 sync=0 iod=0 ncell=8
04:09:10.669 [main] DEBUG org.rtklib.java.rtcm.Rtcm -- MSM sig[0] sigid=2 sigstr=2I code=40 idx=0
04:09:10.669 [main] DEBUG org.rtklib.java.rtcm.Rtcm -- MSM sig[1] sigid=8 sigstr=6I code=42 idx=3
04:09:10.669 [main] DEBUG org.rtklib.java.rtcm.Rtcm -- MSM sig[2] sigid=23 sigstr=5P code=58 idx=2
04:09:10.669 [main] DEBUG org.rtklib.java.rtcm.Rtcm -- MSM sig[3] sigid=31 sigstr=1P code=2 idx=4
04:09:10.669 [main] DEBUG org.rtklib.java.rtcm.Rtcm -- MSM after sigindex: sig[0] code=40 idx=0
04:09:10.669 [main] DEBUG org.rtklib.java.rtcm.Rtcm -- MSM after sigindex: sig[1] code=42 idx=3
04:09:10.669 [main] DEBUG org.rtklib.java.rtcm.Rtcm -- MSM after sigindex: sig[2] code=58 idx=2
04:09:10.669 [main] DEBUG org.rtklib.java.rtcm.Rtcm -- MSM after sigindex: sig[3] code=2 idx=4
04:09:10.669 [main] DEBUG org.rtklib.java.rtcm.Rtcm -- RTCM3 decoded message type=1042, length=70
04:09:10.669 [main] DEBUG org.rtklib.java.rtcm.Rtcm -- RTCM3 decoded message type=1005, length=25
04:09:10.669 [main] DEBUG org.rtklib.java.rtcm.Rtcm -- RTCM3 decoded message type=1033, length=27
04:09:10.669 [main] DEBUG org.rtklib.java.rtcm.Rtcm -- RTCM3 decoded message type=1124, length=260
04:09:10.669 [main] DEBUG org.rtklib.java.rtcm.Rtcm -- MSM BDS TOW: raw=63064000, tow=63078.0
04:09:10.669 [main] DEBUG org.rtklib.java.rtcm.Rtcm -- MSM BDS after adjweek: time.time=1780853478, time.sec=0.0
04:09:10.669 [main] DEBUG org.rtklib.java.rtcm.Rtcm -- decode_msm_head: sys=32 staid=0 nsat=12 nsig=5 sync=1 iod=0 ncell=33
04:09:10.669 [main] DEBUG org.rtklib.java.rtcm.Rtcm -- MSM sig[0] sigid=2 sigstr=2I code=40 idx=0
04:09:10.669 [main] DEBUG org.rtklib.java.rtcm.Rtcm -- MSM sig[1] sigid=8 sigstr=6I code=42 idx=3
04:09:10.669 [main] DEBUG org.rtklib.java.rtcm.Rtcm -- MSM sig[2] sigid=14 sigstr=7I code=27 idx=1
04:09:10.669 [main] DEBUG org.rtklib.java.rtcm.Rtcm -- MSM sig[3] sigid=23 sigstr=5P code=58 idx=2
04:09:10.669 [main] DEBUG org.rtklib.java.rtcm.Rtcm -- MSM sig[4] sigid=31 sigstr=1P code=2 idx=4
04:09:10.669 [main] DEBUG org.rtklib.java.rtcm.Rtcm -- MSM after sigindex: sig[0] code=40 idx=0
04:09:10.669 [main] DEBUG org.rtklib.java.rtcm.Rtcm -- MSM after sigindex: sig[1] code=42 idx=3
04:09:10.669 [main] DEBUG org.rtklib.java.rtcm.Rtcm -- MSM after sigindex: sig[2] code=27 idx=1
04:09:10.669 [main] DEBUG org.rtklib.java.rtcm.Rtcm -- MSM after sigindex: sig[3] code=58 idx=2
04:09:10.669 [main] DEBUG org.rtklib.java.rtcm.Rtcm -- MSM after sigindex: sig[4] code=2 idx=4
04:09:10.669 [main] DEBUG org.rtklib.java.rtcm.Rtcm -- RTCM3 decoded message type=1124, length=81
04:09:10.669 [main] DEBUG org.rtklib.java.rtcm.Rtcm -- MSM BDS TOW: raw=63064000, tow=63078.0
04:09:10.669 [main] DEBUG org.rtklib.java.rtcm.Rtcm -- MSM BDS after adjweek: time.time=1780853478, time.sec=0.0
04:09:10.669 [main] DEBUG org.rtklib.java.rtcm.Rtcm -- decode_msm_head: sys=32 staid=0 nsat=2 nsig=4 sync=0 iod=0 ncell=8
04:09:10.669 [main] DEBUG org.rtklib.java.rtcm.Rtcm -- MSM sig[0] sigid=2 sigstr=2I code=40 idx=0
04:09:10.669 [main] DEBUG org.rtklib.java.rtcm.Rtcm -- MSM sig[1] sigid=8 sigstr=6I code=42 idx=3
04:09:10.669 [main] DEBUG org.rtklib.java.rtcm.Rtcm -- MSM sig[2] sigid=23 sigstr=5P code=58 idx=2
04:09:10.669 [main] DEBUG org.rtklib.java.rtcm.Rtcm -- MSM sig[3] sigid=31 sigstr=1P code=2 idx=4
04:09:10.669 [main] DEBUG org.rtklib.java.rtcm.Rtcm -- MSM after sigindex: sig[0] code=40 idx=0
04:09:10.669 [main] DEBUG org.rtklib.java.rtcm.Rtcm -- MSM after sigindex: sig[1] code=42 idx=3
04:09:10.669 [main] DEBUG org.rtklib.java.rtcm.Rtcm -- MSM after sigindex: sig[2] code=58 idx=2
04:09:10.669 [main] DEBUG org.rtklib.java.rtcm.Rtcm -- MSM after sigindex: sig[3] code=2 idx=4
04:09:10.669 [main] DEBUG org.rtklib.java.rtcm.Rtcm -- RTCM3 decoded message type=1042, length=70
04:09:10.669 [main] DEBUG org.rtklib.java.rtcm.Rtcm -- RTCM3 decoded message type=1005, length=25
04:09:10.669 [main] DEBUG org.rtklib.java.rtcm.Rtcm -- RTCM3 decoded message type=1033, length=27
04:09:10.669 [main] DEBUG org.rtklib.java.rtcm.Rtcm -- RTCM3 decoded message type=1124, length=254
04:09:10.669 [main] DEBUG org.rtklib.java.rtcm.Rtcm -- MSM BDS TOW: raw=63079000, tow=63093.0
04:09:10.669 [main] DEBUG org.rtklib.java.rtcm.Rtcm -- MSM BDS after adjweek: time.time=1780853493, time.sec=0.0
04:09:10.669 [main] DEBUG org.rtklib.java.rtcm.Rtcm -- decode_msm_head: sys=32 staid=0 nsat=12 nsig=5 sync=1 iod=0 ncell=32
04:09:10.669 [main] DEBUG org.rtklib.java.rtcm.Rtcm -- MSM sig[0] sigid=2 sigstr=2I code=40 idx=0
04:09:10.669 [main] DEBUG org.rtklib.java.rtcm.Rtcm -- MSM sig[1] sigid=8 sigstr=6I code=42 idx=3
04:09:10.669 [main] DEBUG org.rtklib.java.rtcm.Rtcm -- MSM sig[2] sigid=14 sigstr=7I code=27 idx=1
04:09:10.669 [main] DEBUG org.rtklib.java.rtcm.Rtcm -- MSM sig[3] sigid=23 sigstr=5P code=58 idx=2
04:09:10.669 [main] DEBUG org.rtklib.java.rtcm.Rtcm -- MSM sig[4] sigid=31 sigstr=1P code=2 idx=4
04:09:10.669 [main] DEBUG org.rtklib.java.rtcm.Rtcm -- MSM after sigindex: sig[0] code=40 idx=0
04:09:10.669 [main] DEBUG org.rtklib.java.rtcm.Rtcm -- MSM after sigindex: sig[1] code=42 idx=3
04:09:10.669 [main] DEBUG org.rtklib.java.rtcm.Rtcm -- MSM after sigindex: sig[2] code=27 idx=1
04:09:10.669 [main] DEBUG org.rtklib.java.rtcm.Rtcm -- MSM after sigindex: sig[3] code=58 idx=2
04:09:10.669 [main] DEBUG org.rtklib.java.rtcm.Rtcm -- MSM after sigindex: sig[4] code=2 idx=4
04:09:10.669 [main] DEBUG org.rtklib.java.rtcm.Rtcm -- RTCM3 decoded message type=1124, length=75
04:09:10.669 [main] DEBUG org.rtklib.java.rtcm.Rtcm -- MSM BDS TOW: raw=63079000, tow=63093.0
04:09:10.669 [main] DEBUG org.rtklib.java.rtcm.Rtcm -- MSM BDS after adjweek: time.time=1780853493, time.sec=0.0
04:09:10.669 [main] DEBUG org.rtklib.java.rtcm.Rtcm -- decode_msm_head: sys=32 staid=0 nsat=2 nsig=4 sync=0 iod=0 ncell=7
04:09:10.669 [main] DEBUG org.rtklib.java.rtcm.Rtcm -- MSM sig[0] sigid=2 sigstr=2I code=40 idx=0
04:09:10.669 [main] DEBUG org.rtklib.java.rtcm.Rtcm -- MSM sig[1] sigid=8 sigstr=6I code=42 idx=3
04:09:10.669 [main] DEBUG org.rtklib.java.rtcm.Rtcm -- MSM sig[2] sigid=23 sigstr=5P code=58 idx=2
04:09:10.669 [main] DEBUG org.rtklib.java.rtcm.Rtcm -- MSM sig[3] sigid=31 sigstr=1P code=2 idx=4
04:09:10.669 [main] DEBUG org.rtklib.java.rtcm.Rtcm -- MSM after sigindex: sig[0] code=40 idx=0
04:09:10.669 [main] DEBUG org.rtklib.java.rtcm.Rtcm -- MSM after sigindex: sig[1] code=42 idx=3
04:09:10.669 [main] DEBUG org.rtklib.java.rtcm.Rtcm -- MSM after sigindex: sig[2] code=58 idx=2
04:09:10.669 [main] DEBUG org.rtklib.java.rtcm.Rtcm -- MSM after sigindex: sig[3] code=2 idx=4
04:09:10.669 [main] DEBUG org.rtklib.java.rtcm.Rtcm -- RTCM3 decoded message type=1042, length=70
04:09:10.669 [main] DEBUG org.rtklib.java.rtcm.Rtcm -- RTCM3 decoded message type=1005, length=25
04:09:10.669 [main] DEBUG org.rtklib.java.rtcm.Rtcm -- RTCM3 decoded message type=1033, length=27
04:09:10.669 [main] DEBUG org.rtklib.java.rtcm.Rtcm -- RTCM3 decoded message type=1124, length=242
04:09:10.669 [main] DEBUG org.rtklib.java.rtcm.Rtcm -- MSM BDS TOW: raw=63094000, tow=63108.0
04:09:10.669 [main] DEBUG org.rtklib.java.rtcm.Rtcm -- MSM BDS after adjweek: time.time=1780853508, time.sec=0.0
04:09:10.669 [main] DEBUG org.rtklib.java.rtcm.Rtcm -- decode_msm_head: sys=32 staid=0 nsat=12 nsig=5 sync=1 iod=0 ncell=30
04:09:10.669 [main] DEBUG org.rtklib.java.rtcm.Rtcm -- MSM sig[0] sigid=2 sigstr=2I code=40 idx=0
04:09:10.669 [main] DEBUG org.rtklib.java.rtcm.Rtcm -- MSM sig[1] sigid=8 sigstr=6I code=42 idx=3
04:09:10.669 [main] DEBUG org.rtklib.java.rtcm.Rtcm -- MSM sig[2] sigid=14 sigstr=7I code=27 idx=1
04:09:10.669 [main] DEBUG org.rtklib.java.rtcm.Rtcm -- MSM sig[3] sigid=23 sigstr=5P code=58 idx=2
04:09:10.669 [main] DEBUG org.rtklib.java.rtcm.Rtcm -- MSM sig[4] sigid=31 sigstr=1P code=2 idx=4
04:09:10.669 [main] DEBUG org.rtklib.java.rtcm.Rtcm -- MSM after sigindex: sig[0] code=40 idx=0
04:09:10.669 [main] DEBUG org.rtklib.java.rtcm.Rtcm -- MSM after sigindex: sig[1] code=42 idx=3
04:09:10.669 [main] DEBUG org.rtklib.java.rtcm.Rtcm -- MSM after sigindex: sig[2] code=27 idx=1
04:09:10.669 [main] DEBUG org.rtklib.java.rtcm.Rtcm -- MSM after sigindex: sig[3] code=58 idx=2
04:09:10.669 [main] DEBUG org.rtklib.java.rtcm.Rtcm -- MSM after sigindex: sig[4] code=2 idx=4
04:09:10.669 [main] DEBUG org.rtklib.java.rtcm.Rtcm -- RTCM3 decoded message type=1124, length=75
04:09:10.669 [main] DEBUG org.rtklib.java.rtcm.Rtcm -- MSM BDS TOW: raw=63094000, tow=63108.0
04:09:10.669 [main] DEBUG org.rtklib.java.rtcm.Rtcm -- MSM BDS after adjweek: time.time=1780853508, time.sec=0.0
04:09:10.669 [main] DEBUG org.rtklib.java.rtcm.Rtcm -- decode_msm_head: sys=32 staid=0 nsat=2 nsig=4 sync=0 iod=0 ncell=7
04:09:10.669 [main] DEBUG org.rtklib.java.rtcm.Rtcm -- MSM sig[0] sigid=2 sigstr=2I code=40 idx=0
04:09:10.669 [main] DEBUG org.rtklib.java.rtcm.Rtcm -- MSM sig[1] sigid=8 sigstr=6I code=42 idx=3
04:09:10.669 [main] DEBUG org.rtklib.java.rtcm.Rtcm -- MSM sig[2] sigid=23 sigstr=5P code=58 idx=2
04:09:10.669 [main] DEBUG org.rtklib.java.rtcm.Rtcm -- MSM sig[3] sigid=31 sigstr=1P code=2 idx=4
04:09:10.669 [main] DEBUG org.rtklib.java.rtcm.Rtcm -- MSM after sigindex: sig[0] code=40 idx=0
04:09:10.669 [main] DEBUG org.rtklib.java.rtcm.Rtcm -- MSM after sigindex: sig[1] code=42 idx=3
04:09:10.669 [main] DEBUG org.rtklib.java.rtcm.Rtcm -- MSM after sigindex: sig[2] code=58 idx=2
04:09:10.669 [main] DEBUG org.rtklib.java.rtcm.Rtcm -- MSM after sigindex: sig[3] code=2 idx=4
04:09:10.669 [main] DEBUG org.rtklib.java.rtcm.Rtcm -- RTCM3 decoded message type=1042, length=70
04:09:10.669 [main] DEBUG org.rtklib.java.rtcm.Rtcm -- RTCM3 decoded message type=1005, length=25
04:09:10.669 [main] DEBUG org.rtklib.java.rtcm.Rtcm -- RTCM3 decoded message type=1033, length=27
04:09:10.669 [main] DEBUG org.rtklib.java.rtcm.Rtcm -- RTCM3 decoded message type=1124, length=242
04:09:10.669 [main] DEBUG org.rtklib.java.rtcm.Rtcm -- MSM BDS TOW: raw=63109000, tow=63123.0
04:09:10.669 [main] DEBUG org.rtklib.java.rtcm.Rtcm -- MSM BDS after adjweek: time.time=1780853523, time.sec=0.0
04:09:10.669 [main] DEBUG org.rtklib.java.rtcm.Rtcm -- decode_msm_head: sys=32 staid=0 nsat=12 nsig=5 sync=1 iod=0 ncell=30
04:09:10.669 [main] DEBUG org.rtklib.java.rtcm.Rtcm -- MSM sig[0] sigid=2 sigstr=2I code=40 idx=0
04:09:10.669 [main] DEBUG org.rtklib.java.rtcm.Rtcm -- MSM sig[1] sigid=8 sigstr=6I code=42 idx=3
04:09:10.669 [main] DEBUG org.rtklib.java.rtcm.Rtcm -- MSM sig[2] sigid=14 sigstr=7I code=27 idx=1
04:09:10.669 [main] DEBUG org.rtklib.java.rtcm.Rtcm -- MSM sig[3] sigid=23 sigstr=5P code=58 idx=2
04:09:10.669 [main] DEBUG org.rtklib.java.rtcm.Rtcm -- MSM sig[4] sigid=31 sigstr=1P code=2 idx=4
04:09:10.669 [main] DEBUG org.rtklib.java.rtcm.Rtcm -- MSM after sigindex: sig[0] code=40 idx=0
04:09:10.669 [main] DEBUG org.rtklib.java.rtcm.Rtcm -- MSM after sigindex: sig[1] code=42 idx=3
04:09:10.669 [main] DEBUG org.rtklib.java.rtcm.Rtcm -- MSM after sigindex: sig[2] code=27 idx=1
04:09:10.669 [main] DEBUG org.rtklib.java.rtcm.Rtcm -- MSM after sigindex: sig[3] code=58 idx=2
04:09:10.669 [main] DEBUG org.rtklib.java.rtcm.Rtcm -- MSM after sigindex: sig[4] code=2 idx=4
04:09:10.669 [main] DEBUG org.rtklib.java.rtcm.Rtcm -- RTCM3 decoded message type=1124, length=75
04:09:10.669 [main] DEBUG org.rtklib.java.rtcm.Rtcm -- MSM BDS TOW: raw=63109000, tow=63123.0
04:09:10.669 [main] DEBUG org.rtklib.java.rtcm.Rtcm -- MSM BDS after adjweek: time.time=1780853523, time.sec=0.0
04:09:10.669 [main] DEBUG org.rtklib.java.rtcm.Rtcm -- decode_msm_head: sys=32 staid=0 nsat=2 nsig=4 sync=0 iod=0 ncell=7
04:09:10.669 [main] DEBUG org.rtklib.java.rtcm.Rtcm -- MSM sig[0] sigid=2 sigstr=2I code=40 idx=0
04:09:10.669 [main] DEBUG org.rtklib.java.rtcm.Rtcm -- MSM sig[1] sigid=8 sigstr=6I code=42 idx=3
04:09:10.669 [main] DEBUG org.rtklib.java.rtcm.Rtcm -- MSM sig[2] sigid=23 sigstr=5P code=58 idx=2
04:09:10.669 [main] DEBUG org.rtklib.java.rtcm.Rtcm -- MSM sig[3] sigid=31 sigstr=1P code=2 idx=4
04:09:10.669 [main] DEBUG org.rtklib.java.rtcm.Rtcm -- MSM after sigindex: sig[0] code=40 idx=0
04:09:10.669 [main] DEBUG org.rtklib.java.rtcm.Rtcm -- MSM after sigindex: sig[1] code=42 idx=3
04:09:10.669 [main] DEBUG org.rtklib.java.rtcm.Rtcm -- MSM after sigindex: sig[2] code=58 idx=2
04:09:10.669 [main] DEBUG org.rtklib.java.rtcm.Rtcm -- MSM after sigindex: sig[3] code=2 idx=4
04:09:10.669 [main] DEBUG org.rtklib.java.rtcm.Rtcm -- RTCM3 decoded message type=1042, length=70
04:09:10.670 [main] DEBUG org.rtklib.java.rtcm.Rtcm -- RTCM3 decoded message type=1005, length=25
04:09:10.670 [main] DEBUG org.rtklib.java.rtcm.Rtcm -- RTCM3 decoded message type=1033, length=27
04:09:10.670 [main] DEBUG org.rtklib.java.rtcm.Rtcm -- RTCM3 decoded message type=1124, length=254
04:09:10.670 [main] DEBUG org.rtklib.java.rtcm.Rtcm -- MSM BDS TOW: raw=63124000, tow=63138.0
04:09:10.670 [main] DEBUG org.rtklib.java.rtcm.Rtcm -- MSM BDS after adjweek: time.time=1780853538, time.sec=0.0
04:09:10.670 [main] DEBUG org.rtklib.java.rtcm.Rtcm -- decode_msm_head: sys=32 staid=0 nsat=12 nsig=5 sync=1 iod=0 ncell=32
04:09:10.670 [main] DEBUG org.rtklib.java.rtcm.Rtcm -- MSM sig[0] sigid=2 sigstr=2I code=40 idx=0
04:09:10.670 [main] DEBUG org.rtklib.java.rtcm.Rtcm -- MSM sig[1] sigid=8 sigstr=6I code=42 idx=3
04:09:10.670 [main] DEBUG org.rtklib.java.rtcm.Rtcm -- MSM sig[2] sigid=14 sigstr=7I code=27 idx=1
04:09:10.670 [main] DEBUG org.rtklib.java.rtcm.Rtcm -- MSM sig[3] sigid=23 sigstr=5P code=58 idx=2
04:09:10.670 [main] DEBUG org.rtklib.java.rtcm.Rtcm -- MSM sig[4] sigid=31 sigstr=1P code=2 idx=4
04:09:10.670 [main] DEBUG org.rtklib.java.rtcm.Rtcm -- MSM after sigindex: sig[0] code=40 idx=0
04:09:10.670 [main] DEBUG org.rtklib.java.rtcm.Rtcm -- MSM after sigindex: sig[1] code=42 idx=3
04:09:10.670 [main] DEBUG org.rtklib.java.rtcm.Rtcm -- MSM after sigindex: sig[2] code=27 idx=1
04:09:10.670 [main] DEBUG org.rtklib.java.rtcm.Rtcm -- MSM after sigindex: sig[3] code=58 idx=2
04:09:10.670 [main] DEBUG org.rtklib.java.rtcm.Rtcm -- MSM after sigindex: sig[4] code=2 idx=4
04:09:10.670 [main] DEBUG org.rtklib.java.rtcm.Rtcm -- RTCM3 decoded message type=1124, length=69
04:09:10.670 [main] DEBUG org.rtklib.java.rtcm.Rtcm -- MSM BDS TOW: raw=63124000, tow=63138.0
04:09:10.670 [main] DEBUG org.rtklib.java.rtcm.Rtcm -- MSM BDS after adjweek: time.time=1780853538, time.sec=0.0
04:09:10.670 [main] DEBUG org.rtklib.java.rtcm.Rtcm -- decode_msm_head: sys=32 staid=0 nsat=2 nsig=4 sync=0 iod=0 ncell=6
04:09:10.670 [main] DEBUG org.rtklib.java.rtcm.Rtcm -- MSM sig[0] sigid=2 sigstr=2I code=40 idx=0
04:09:10.670 [main] DEBUG org.rtklib.java.rtcm.Rtcm -- MSM sig[1] sigid=8 sigstr=6I code=42 idx=3
04:09:10.670 [main] DEBUG org.rtklib.java.rtcm.Rtcm -- MSM sig[2] sigid=23 sigstr=5P code=58 idx=2
04:09:10.670 [main] DEBUG org.rtklib.java.rtcm.Rtcm -- MSM sig[3] sigid=31 sigstr=1P code=2 idx=4
04:09:10.670 [main] DEBUG org.rtklib.java.rtcm.Rtcm -- MSM after sigindex: sig[0] code=40 idx=0
04:09:10.670 [main] DEBUG org.rtklib.java.rtcm.Rtcm -- MSM after sigindex: sig[1] code=42 idx=3
04:09:10.670 [main] DEBUG org.rtklib.java.rtcm.Rtcm -- MSM after sigindex: sig[2] code=58 idx=2
04:09:10.670 [main] DEBUG org.rtklib.java.rtcm.Rtcm -- MSM after sigindex: sig[3] code=2 idx=4
04:09:10.670 [main] DEBUG org.rtklib.java.rtcm.Rtcm -- RTCM3 decoded message type=1042, length=70
04:09:10.670 [main] DEBUG org.rtklib.java.rtcm.Rtcm -- RTCM3 decoded message type=1005, length=25
04:09:10.670 [main] DEBUG org.rtklib.java.rtcm.Rtcm -- RTCM3 decoded message type=1033, length=27
04:09:10.670 [main] DEBUG org.rtklib.java.rtcm.Rtcm -- RTCM3 decoded message type=1124, length=236
04:09:10.670 [main] DEBUG org.rtklib.java.rtcm.Rtcm -- MSM BDS TOW: raw=63139000, tow=63153.0
04:09:10.670 [main] DEBUG org.rtklib.java.rtcm.Rtcm -- MSM BDS after adjweek: time.time=1780853553, time.sec=0.0
04:09:10.670 [main] DEBUG org.rtklib.java.rtcm.Rtcm -- decode_msm_head: sys=32 staid=0 nsat=12 nsig=5 sync=1 iod=0 ncell=29
04:09:10.670 [main] DEBUG org.rtklib.java.rtcm.Rtcm -- MSM sig[0] sigid=2 sigstr=2I code=40 idx=0
04:09:10.670 [main] DEBUG org.rtklib.java.rtcm.Rtcm -- MSM sig[1] sigid=8 sigstr=6I code=42 idx=3
04:09:10.670 [main] DEBUG org.rtklib.java.rtcm.Rtcm -- MSM sig[2] sigid=14 sigstr=7I code=27 idx=1
04:09:10.670 [main] DEBUG org.rtklib.java.rtcm.Rtcm -- MSM sig[3] sigid=23 sigstr=5P code=58 idx=2
04:09:10.670 [main] DEBUG org.rtklib.java.rtcm.Rtcm -- MSM sig[4] sigid=31 sigstr=1P code=2 idx=4
04:09:10.670 [main] DEBUG org.rtklib.java.rtcm.Rtcm -- MSM after sigindex: sig[0] code=40 idx=0
04:09:10.670 [main] DEBUG org.rtklib.java.rtcm.Rtcm -- MSM after sigindex: sig[1] code=42 idx=3
04:09:10.670 [main] DEBUG org.rtklib.java.rtcm.Rtcm -- MSM after sigindex: sig[2] code=27 idx=1
04:09:10.670 [main] DEBUG org.rtklib.java.rtcm.Rtcm -- MSM after sigindex: sig[3] code=58 idx=2
04:09:10.670 [main] DEBUG org.rtklib.java.rtcm.Rtcm -- MSM after sigindex: sig[4] code=2 idx=4
04:09:10.670 [main] DEBUG org.rtklib.java.rtcm.Rtcm -- RTCM3 decoded message type=1124, length=81
04:09:10.670 [main] DEBUG org.rtklib.java.rtcm.Rtcm -- MSM BDS TOW: raw=63139000, tow=63153.0
04:09:10.670 [main] DEBUG org.rtklib.java.rtcm.Rtcm -- MSM BDS after adjweek: time.time=1780853553, time.sec=0.0
04:09:10.670 [main] DEBUG org.rtklib.java.rtcm.Rtcm -- decode_msm_head: sys=32 staid=0 nsat=2 nsig=4 sync=0 iod=0 ncell=8
04:09:10.670 [main] DEBUG org.rtklib.java.rtcm.Rtcm -- MSM sig[0] sigid=2 sigstr=2I code=40 idx=0
04:09:10.670 [main] DEBUG org.rtklib.java.rtcm.Rtcm -- MSM sig[1] sigid=8 sigstr=6I code=42 idx=3
04:09:10.670 [main] DEBUG org.rtklib.java.rtcm.Rtcm -- MSM sig[2] sigid=23 sigstr=5P code=58 idx=2
04:09:10.670 [main] DEBUG org.rtklib.java.rtcm.Rtcm -- MSM sig[3] sigid=31 sigstr=1P code=2 idx=4
04:09:10.670 [main] DEBUG org.rtklib.java.rtcm.Rtcm -- MSM after sigindex: sig[0] code=40 idx=0
04:09:10.670 [main] DEBUG org.rtklib.java.rtcm.Rtcm -- MSM after sigindex: sig[1] code=42 idx=3
04:09:10.670 [main] DEBUG org.rtklib.java.rtcm.Rtcm -- MSM after sigindex: sig[2] code=58 idx=2
04:09:10.670 [main] DEBUG org.rtklib.java.rtcm.Rtcm -- MSM after sigindex: sig[3] code=2 idx=4
04:09:10.670 [main] DEBUG org.rtklib.java.rtcm.Rtcm -- RTCM3 decoded message type=1042, length=70
04:09:10.670 [main] DEBUG org.rtklib.java.rtcm.Rtcm -- RTCM3 decoded message type=1005, length=25
04:09:10.670 [main] DEBUG org.rtklib.java.rtcm.Rtcm -- RTCM3 decoded message type=1033, length=27
04:09:10.670 [main] DEBUG org.rtklib.java.rtcm.Rtcm -- RTCM3 decoded message type=1124, length=242
04:09:10.670 [main] DEBUG org.rtklib.java.rtcm.Rtcm -- MSM BDS TOW: raw=63154000, tow=63168.0
04:09:10.670 [main] DEBUG org.rtklib.java.rtcm.Rtcm -- MSM BDS after adjweek: time.time=1780853568, time.sec=0.0
04:09:10.670 [main] DEBUG org.rtklib.java.rtcm.Rtcm -- decode_msm_head: sys=32 staid=0 nsat=12 nsig=5 sync=1 iod=0 ncell=30
04:09:10.670 [main] DEBUG org.rtklib.java.rtcm.Rtcm -- MSM sig[0] sigid=2 sigstr=2I code=40 idx=0
04:09:10.670 [main] DEBUG org.rtklib.java.rtcm.Rtcm -- MSM sig[1] sigid=8 sigstr=6I code=42 idx=3
04:09:10.670 [main] DEBUG org.rtklib.java.rtcm.Rtcm -- MSM sig[2] sigid=14 sigstr=7I code=27 idx=1
04:09:10.670 [main] DEBUG org.rtklib.java.rtcm.Rtcm -- MSM sig[3] sigid=23 sigstr=5P code=58 idx=2
04:09:10.670 [main] DEBUG org.rtklib.java.rtcm.Rtcm -- MSM sig[4] sigid=31 sigstr=1P code=2 idx=4
04:09:10.670 [main] DEBUG org.rtklib.java.rtcm.Rtcm -- MSM after sigindex: sig[0] code=40 idx=0
04:09:10.670 [main] DEBUG org.rtklib.java.rtcm.Rtcm -- MSM after sigindex: sig[1] code=42 idx=3
04:09:10.670 [main] DEBUG org.rtklib.java.rtcm.Rtcm -- MSM after sigindex: sig[2] code=27 idx=1
04:09:10.671 [main] DEBUG org.rtklib.java.rtcm.Rtcm -- MSM after sigindex: sig[3] code=58 idx=2
04:09:10.671 [main] DEBUG org.rtklib.java.rtcm.Rtcm -- MSM after sigindex: sig[4] code=2 idx=4
04:09:10.671 [main] DEBUG org.rtklib.java.rtcm.Rtcm -- RTCM3 decoded message type=1124, length=81
04:09:10.671 [main] DEBUG org.rtklib.java.rtcm.Rtcm -- MSM BDS TOW: raw=63154000, tow=63168.0
04:09:10.671 [main] DEBUG org.rtklib.java.rtcm.Rtcm -- MSM BDS after adjweek: time.time=1780853568, time.sec=0.0
04:09:10.671 [main] DEBUG org.rtklib.java.rtcm.Rtcm -- decode_msm_head: sys=32 staid=0 nsat=2 nsig=4 sync=0 iod=0 ncell=8
04:09:10.671 [main] DEBUG org.rtklib.java.rtcm.Rtcm -- MSM sig[0] sigid=2 sigstr=2I code=40 idx=0
04:09:10.671 [main] DEBUG org.rtklib.java.rtcm.Rtcm -- MSM sig[1] sigid=8 sigstr=6I code=42 idx=3
04:09:10.671 [main] DEBUG org.rtklib.java.rtcm.Rtcm -- MSM sig[2] sigid=23 sigstr=5P code=58 idx=2
04:09:10.671 [main] DEBUG org.rtklib.java.rtcm.Rtcm -- MSM sig[3] sigid=31 sigstr=1P code=2 idx=4
04:09:10.671 [main] DEBUG org.rtklib.java.rtcm.Rtcm -- MSM after sigindex: sig[0] code=40 idx=0
04:09:10.671 [main] DEBUG org.rtklib.java.rtcm.Rtcm -- MSM after sigindex: sig[1] code=42 idx=3
04:09:10.671 [main] DEBUG org.rtklib.java.rtcm.Rtcm -- MSM after sigindex: sig[2] code=58 idx=2
04:09:10.671 [main] DEBUG org.rtklib.java.rtcm.Rtcm -- MSM after sigindex: sig[3] code=2 idx=4
04:09:10.671 [main] DEBUG org.rtklib.java.rtcm.Rtcm -- RTCM3 decoded message type=1042, length=70
04:09:10.671 [main] DEBUG org.rtklib.java.rtcm.Rtcm -- RTCM3 decoded message type=1005, length=25
04:09:10.671 [main] DEBUG org.rtklib.java.rtcm.Rtcm -- RTCM3 decoded message type=1033, length=27
04:09:10.671 [main] DEBUG org.rtklib.java.rtcm.Rtcm -- RTCM3 decoded message type=1124, length=248
04:09:10.671 [main] DEBUG org.rtklib.java.rtcm.Rtcm -- MSM BDS TOW: raw=63169000, tow=63183.0
04:09:10.671 [main] DEBUG org.rtklib.java.rtcm.Rtcm -- MSM BDS after adjweek: time.time=1780853583, time.sec=0.0
04:09:10.671 [main] DEBUG org.rtklib.java.rtcm.Rtcm -- decode_msm_head: sys=32 staid=0 nsat=12 nsig=5 sync=1 iod=0 ncell=31
04:09:10.671 [main] DEBUG org.rtklib.java.rtcm.Rtcm -- MSM sig[0] sigid=2 sigstr=2I code=40 idx=0
04:09:10.671 [main] DEBUG org.rtklib.java.rtcm.Rtcm -- MSM sig[1] sigid=8 sigstr=6I code=42 idx=3
04:09:10.671 [main] DEBUG org.rtklib.java.rtcm.Rtcm -- MSM sig[2] sigid=14 sigstr=7I code=27 idx=1
04:09:10.671 [main] DEBUG org.rtklib.java.rtcm.Rtcm -- MSM sig[3] sigid=23 sigstr=5P code=58 idx=2
04:09:10.671 [main] DEBUG org.rtklib.java.rtcm.Rtcm -- MSM sig[4] sigid=31 sigstr=1P code=2 idx=4
04:09:10.671 [main] DEBUG org.rtklib.java.rtcm.Rtcm -- MSM after sigindex: sig[0] code=40 idx=0
04:09:10.671 [main] DEBUG org.rtklib.java.rtcm.Rtcm -- MSM after sigindex: sig[1] code=42 idx=3
04:09:10.671 [main] DEBUG org.rtklib.java.rtcm.Rtcm -- MSM after sigindex: sig[2] code=27 idx=1
04:09:10.671 [main] DEBUG org.rtklib.java.rtcm.Rtcm -- MSM after sigindex: sig[3] code=58 idx=2
04:09:10.671 [main] DEBUG org.rtklib.java.rtcm.Rtcm -- MSM after sigindex: sig[4] code=2 idx=4
04:09:10.671 [main] DEBUG org.rtklib.java.rtcm.Rtcm -- RTCM3 decoded message type=1124, length=54
04:09:10.671 [main] DEBUG org.rtklib.java.rtcm.Rtcm -- MSM BDS TOW: raw=63169000, tow=63183.0
04:09:10.671 [main] DEBUG org.rtklib.java.rtcm.Rtcm -- MSM BDS after adjweek: time.time=1780853583, time.sec=0.0
04:09:10.671 [main] DEBUG org.rtklib.java.rtcm.Rtcm -- decode_msm_head: sys=32 staid=0 nsat=1 nsig=4 sync=0 iod=0 ncell=4
04:09:10.671 [main] DEBUG org.rtklib.java.rtcm.Rtcm -- MSM sig[0] sigid=2 sigstr=2I code=40 idx=0
04:09:10.671 [main] DEBUG org.rtklib.java.rtcm.Rtcm -- MSM sig[1] sigid=8 sigstr=6I code=42 idx=3
04:09:10.671 [main] DEBUG org.rtklib.java.rtcm.Rtcm -- MSM sig[2] sigid=23 sigstr=5P code=58 idx=2
04:09:10.671 [main] DEBUG org.rtklib.java.rtcm.Rtcm -- MSM sig[3] sigid=31 sigstr=1P code=2 idx=4
04:09:10.671 [main] DEBUG org.rtklib.java.rtcm.Rtcm -- MSM after sigindex: sig[0] code=40 idx=0
04:09:10.671 [main] DEBUG org.rtklib.java.rtcm.Rtcm -- MSM after sigindex: sig[1] code=42 idx=3
04:09:10.671 [main] DEBUG org.rtklib.java.rtcm.Rtcm -- MSM after sigindex: sig[2] code=58 idx=2
04:09:10.671 [main] DEBUG org.rtklib.java.rtcm.Rtcm -- MSM after sigindex: sig[3] code=2 idx=4
04:09:10.671 [main] DEBUG org.rtklib.java.rtcm.Rtcm -- RTCM3 decoded message type=1042, length=70
04:09:10.671 [main] DEBUG org.rtklib.java.rtcm.Rtcm -- RTCM3 decoded message type=1005, length=25
04:09:10.671 [main] DEBUG org.rtklib.java.rtcm.Rtcm -- RTCM3 decoded message type=1033, length=27
04:09:10.671 [main] DEBUG org.rtklib.java.rtcm.Rtcm -- RTCM3 decoded message type=1124, length=248
04:09:10.671 [main] DEBUG org.rtklib.java.rtcm.Rtcm -- MSM BDS TOW: raw=63184000, tow=63198.0
04:09:10.671 [main] DEBUG org.rtklib.java.rtcm.Rtcm -- MSM BDS after adjweek: time.time=1780853598, time.sec=0.0
04:09:10.671 [main] DEBUG org.rtklib.java.rtcm.Rtcm -- decode_msm_head: sys=32 staid=0 nsat=12 nsig=5 sync=1 iod=0 ncell=31
04:09:10.671 [main] DEBUG org.rtklib.java.rtcm.Rtcm -- MSM sig[0] sigid=2 sigstr=2I code=40 idx=0
04:09:10.671 [main] DEBUG org.rtklib.java.rtcm.Rtcm -- MSM sig[1] sigid=8 sigstr=6I code=42 idx=3
04:09:10.671 [main] DEBUG org.rtklib.java.rtcm.Rtcm -- MSM sig[2] sigid=14 sigstr=7I code=27 idx=1
04:09:10.671 [main] DEBUG org.rtklib.java.rtcm.Rtcm -- MSM sig[3] sigid=23 sigstr=5P code=58 idx=2
04:09:10.671 [main] DEBUG org.rtklib.java.rtcm.Rtcm -- MSM sig[4] sigid=31 sigstr=1P code=2 idx=4
04:09:10.671 [main] DEBUG org.rtklib.java.rtcm.Rtcm -- MSM after sigindex: sig[0] code=40 idx=0
04:09:10.671 [main] DEBUG org.rtklib.java.rtcm.Rtcm -- MSM after sigindex: sig[1] code=42 idx=3
04:09:10.671 [main] DEBUG org.rtklib.java.rtcm.Rtcm -- MSM after sigindex: sig[2] code=27 idx=1
04:09:10.671 [main] DEBUG org.rtklib.java.rtcm.Rtcm -- MSM after sigindex: sig[3] code=58 idx=2
04:09:10.671 [main] DEBUG org.rtklib.java.rtcm.Rtcm -- MSM after sigindex: sig[4] code=2 idx=4
04:09:10.671 [main] DEBUG org.rtklib.java.rtcm.Rtcm -- RTCM3 decoded message type=1124, length=54
04:09:10.671 [main] DEBUG org.rtklib.java.rtcm.Rtcm -- MSM BDS TOW: raw=63184000, tow=63198.0
04:09:10.671 [main] DEBUG org.rtklib.java.rtcm.Rtcm -- MSM BDS after adjweek: time.time=1780853598, time.sec=0.0
04:09:10.671 [main] DEBUG org.rtklib.java.rtcm.Rtcm -- decode_msm_head: sys=32 staid=0 nsat=1 nsig=4 sync=0 iod=0 ncell=4
04:09:10.671 [main] DEBUG org.rtklib.java.rtcm.Rtcm -- MSM sig[0] sigid=2 sigstr=2I code=40 idx=0
04:09:10.671 [main] DEBUG org.rtklib.java.rtcm.Rtcm -- MSM sig[1] sigid=8 sigstr=6I code=42 idx=3
04:09:10.671 [main] DEBUG org.rtklib.java.rtcm.Rtcm -- MSM sig[2] sigid=23 sigstr=5P code=58 idx=2
04:09:10.671 [main] DEBUG org.rtklib.java.rtcm.Rtcm -- MSM sig[3] sigid=31 sigstr=1P code=2 idx=4
04:09:10.671 [main] DEBUG org.rtklib.java.rtcm.Rtcm -- MSM after sigindex: sig[0] code=40 idx=0
04:09:10.671 [main] DEBUG org.rtklib.java.rtcm.Rtcm -- MSM after sigindex: sig[1] code=42 idx=3
04:09:10.671 [main] DEBUG org.rtklib.java.rtcm.Rtcm -- MSM after sigindex: sig[2] code=58 idx=2
04:09:10.671 [main] DEBUG org.rtklib.java.rtcm.Rtcm -- MSM after sigindex: sig[3] code=2 idx=4
04:09:10.671 [main] DEBUG org.rtklib.java.rtcm.Rtcm -- RTCM3 decoded message type=1042, length=70
04:09:10.671 [main] DEBUG org.rtklib.java.rtcm.Rtcm -- RTCM3 decoded message type=1005, length=25
04:09:10.671 [main] DEBUG org.rtklib.java.rtcm.Rtcm -- RTCM3 decoded message type=1033, length=27
04:09:10.671 [main] DEBUG org.rtklib.java.rtcm.Rtcm -- RTCM3 decoded message type=1124, length=248
04:09:10.671 [main] DEBUG org.rtklib.java.rtcm.Rtcm -- MSM BDS TOW: raw=63199000, tow=63213.0
04:09:10.671 [main] DEBUG org.rtklib.java.rtcm.Rtcm -- MSM BDS after adjweek: time.time=1780853613, time.sec=0.0
04:09:10.671 [main] DEBUG org.rtklib.java.rtcm.Rtcm -- decode_msm_head: sys=32 staid=0 nsat=12 nsig=5 sync=1 iod=0 ncell=31
04:09:10.671 [main] DEBUG org.rtklib.java.rtcm.Rtcm -- MSM sig[0] sigid=2 sigstr=2I code=40 idx=0
04:09:10.671 [main] DEBUG org.rtklib.java.rtcm.Rtcm -- MSM sig[1] sigid=8 sigstr=6I code=42 idx=3
04:09:10.671 [main] DEBUG org.rtklib.java.rtcm.Rtcm -- MSM sig[2] sigid=14 sigstr=7I code=27 idx=1
04:09:10.671 [main] DEBUG org.rtklib.java.rtcm.Rtcm -- MSM sig[3] sigid=23 sigstr=5P code=58 idx=2
04:09:10.671 [main] DEBUG org.rtklib.java.rtcm.Rtcm -- MSM sig[4] sigid=31 sigstr=1P code=2 idx=4
04:09:10.671 [main] DEBUG org.rtklib.java.rtcm.Rtcm -- MSM after sigindex: sig[0] code=40 idx=0
04:09:10.671 [main] DEBUG org.rtklib.java.rtcm.Rtcm -- MSM after sigindex: sig[1] code=42 idx=3
04:09:10.671 [main] DEBUG org.rtklib.java.rtcm.Rtcm -- MSM after sigindex: sig[2] code=27 idx=1
04:09:10.671 [main] DEBUG org.rtklib.java.rtcm.Rtcm -- MSM after sigindex: sig[3] code=58 idx=2
04:09:10.671 [main] DEBUG org.rtklib.java.rtcm.Rtcm -- MSM after sigindex: sig[4] code=2 idx=4
04:09:10.671 [main] DEBUG org.rtklib.java.rtcm.Rtcm -- RTCM3 decoded message type=1124, length=54
04:09:10.671 [main] DEBUG org.rtklib.java.rtcm.Rtcm -- MSM BDS TOW: raw=63199000, tow=63213.0
04:09:10.671 [main] DEBUG org.rtklib.java.rtcm.Rtcm -- MSM BDS after adjweek: time.time=1780853613, time.sec=0.0
04:09:10.671 [main] DEBUG org.rtklib.java.rtcm.Rtcm -- decode_msm_head: sys=32 staid=0 nsat=1 nsig=4 sync=0 iod=0 ncell=4
04:09:10.671 [main] DEBUG org.rtklib.java.rtcm.Rtcm -- MSM sig[0] sigid=2 sigstr=2I code=40 idx=0
04:09:10.671 [main] DEBUG org.rtklib.java.rtcm.Rtcm -- MSM sig[1] sigid=8 sigstr=6I code=42 idx=3
04:09:10.671 [main] DEBUG org.rtklib.java.rtcm.Rtcm -- MSM sig[2] sigid=23 sigstr=5P code=58 idx=2
04:09:10.671 [main] DEBUG org.rtklib.java.rtcm.Rtcm -- MSM sig[3] sigid=31 sigstr=1P code=2 idx=4
04:09:10.671 [main] DEBUG org.rtklib.java.rtcm.Rtcm -- MSM after sigindex: sig[0] code=40 idx=0
04:09:10.671 [main] DEBUG org.rtklib.java.rtcm.Rtcm -- MSM after sigindex: sig[1] code=42 idx=3
04:09:10.671 [main] DEBUG org.rtklib.java.rtcm.Rtcm -- MSM after sigindex: sig[2] code=58 idx=2
04:09:10.671 [main] DEBUG org.rtklib.java.rtcm.Rtcm -- MSM after sigindex: sig[3] code=2 idx=4
04:09:10.671 [main] DEBUG org.rtklib.java.rtcm.Rtcm -- RTCM3 decoded message type=1042, length=70
04:09:10.671 [main] DEBUG org.rtklib.java.rtcm.Rtcm -- RTCM3 decoded message type=1005, length=25
04:09:10.671 [main] DEBUG org.rtklib.java.rtcm.Rtcm -- RTCM3 decoded message type=1033, length=27
04:09:10.671 [main] DEBUG org.rtklib.java.rtcm.Rtcm -- RTCM3 decoded message type=1124, length=254
04:09:10.671 [main] DEBUG org.rtklib.java.rtcm.Rtcm -- MSM BDS TOW: raw=63214000, tow=63228.0
04:09:10.671 [main] DEBUG org.rtklib.java.rtcm.Rtcm -- MSM BDS after adjweek: time.time=1780853628, time.sec=0.0
04:09:10.671 [main] DEBUG org.rtklib.java.rtcm.Rtcm -- decode_msm_head: sys=32 staid=0 nsat=12 nsig=5 sync=1 iod=0 ncell=32
04:09:10.671 [main] DEBUG org.rtklib.java.rtcm.Rtcm -- MSM sig[0] sigid=2 sigstr=2I code=40 idx=0
04:09:10.671 [main] DEBUG org.rtklib.java.rtcm.Rtcm -- MSM sig[1] sigid=8 sigstr=6I code=42 idx=3
04:09:10.671 [main] DEBUG org.rtklib.java.rtcm.Rtcm -- MSM sig[2] sigid=14 sigstr=7I code=27 idx=1
04:09:10.671 [main] DEBUG org.rtklib.java.rtcm.Rtcm -- MSM sig[3] sigid=23 sigstr=5P code=58 idx=2
04:09:10.671 [main] DEBUG org.rtklib.java.rtcm.Rtcm -- MSM sig[4] sigid=31 sigstr=1P code=2 idx=4
04:09:10.671 [main] DEBUG org.rtklib.java.rtcm.Rtcm -- MSM after sigindex: sig[0] code=40 idx=0
04:09:10.671 [main] DEBUG org.rtklib.java.rtcm.Rtcm -- MSM after sigindex: sig[1] code=42 idx=3
04:09:10.671 [main] DEBUG org.rtklib.java.rtcm.Rtcm -- MSM after sigindex: sig[2] code=27 idx=1
04:09:10.671 [main] DEBUG org.rtklib.java.rtcm.Rtcm -- MSM after sigindex: sig[3] code=58 idx=2
04:09:10.671 [main] DEBUG org.rtklib.java.rtcm.Rtcm -- MSM after sigindex: sig[4] code=2 idx=4
04:09:10.671 [main] DEBUG org.rtklib.java.rtcm.Rtcm -- RTCM3 decoded message type=1124, length=36
04:09:10.671 [main] DEBUG org.rtklib.java.rtcm.Rtcm -- MSM BDS TOW: raw=63214000, tow=63228.0
04:09:10.671 [main] DEBUG org.rtklib.java.rtcm.Rtcm -- MSM BDS after adjweek: time.time=1780853628, time.sec=0.0
04:09:10.671 [main] DEBUG org.rtklib.java.rtcm.Rtcm -- decode_msm_head: sys=32 staid=0 nsat=1 nsig=1 sync=0 iod=0 ncell=1
04:09:10.671 [main] DEBUG org.rtklib.java.rtcm.Rtcm -- MSM sig[0] sigid=8 sigstr=6I code=42 idx=3
04:09:10.671 [main] DEBUG org.rtklib.java.rtcm.Rtcm -- MSM after sigindex: sig[0] code=42 idx=3
04:09:10.671 [main] DEBUG org.rtklib.java.rtcm.Rtcm -- RTCM3 decoded message type=1042, length=70
04:09:10.671 [main] DEBUG org.rtklib.java.rtcm.Rtcm -- RTCM3 decoded message type=1005, length=25
04:09:10.671 [main] DEBUG org.rtklib.java.rtcm.Rtcm -- RTCM3 decoded message type=1033, length=27
04:09:10.671 [main] DEBUG org.rtklib.java.rtcm.Rtcm -- RTCM3 decoded message type=1124, length=254
04:09:10.671 [main] DEBUG org.rtklib.java.rtcm.Rtcm -- MSM BDS TOW: raw=63229000, tow=63243.0
04:09:10.671 [main] DEBUG org.rtklib.java.rtcm.Rtcm -- MSM BDS after adjweek: time.time=1780853643, time.sec=0.0
04:09:10.671 [main] DEBUG org.rtklib.java.rtcm.Rtcm -- decode_msm_head: sys=32 staid=0 nsat=12 nsig=5 sync=0 iod=0 ncell=32
04:09:10.671 [main] DEBUG org.rtklib.java.rtcm.Rtcm -- MSM sig[0] sigid=2 sigstr=2I code=40 idx=0
04:09:10.671 [main] DEBUG org.rtklib.java.rtcm.Rtcm -- MSM sig[1] sigid=8 sigstr=6I code=42 idx=3
04:09:10.671 [main] DEBUG org.rtklib.java.rtcm.Rtcm -- MSM sig[2] sigid=14 sigstr=7I code=27 idx=1
04:09:10.671 [main] DEBUG org.rtklib.java.rtcm.Rtcm -- MSM sig[3] sigid=23 sigstr=5P code=58 idx=2
04:09:10.671 [main] DEBUG org.rtklib.java.rtcm.Rtcm -- MSM sig[4] sigid=31 sigstr=1P code=2 idx=4
04:09:10.671 [main] DEBUG org.rtklib.java.rtcm.Rtcm -- MSM after sigindex: sig[0] code=40 idx=0
04:09:10.671 [main] DEBUG org.rtklib.java.rtcm.Rtcm -- MSM after sigindex: sig[1] code=42 idx=3
04:09:10.671 [main] DEBUG org.rtklib.java.rtcm.Rtcm -- MSM after sigindex: sig[2] code=27 idx=1
04:09:10.671 [main] DEBUG org.rtklib.java.rtcm.Rtcm -- MSM after sigindex: sig[3] code=58 idx=2
04:09:10.671 [main] DEBUG org.rtklib.java.rtcm.Rtcm -- MSM after sigindex: sig[4] code=2 idx=4
04:09:10.671 [main] DEBUG org.rtklib.java.rtcm.Rtcm -- RTCM3 decoded message type=1042, length=70
04:09:10.671 [main] DEBUG org.rtklib.java.rtcm.Rtcm -- RTCM3 decoded message type=1005, length=25
04:09:10.671 [main] DEBUG org.rtklib.java.rtcm.Rtcm -- RTCM3 decoded message type=1033, length=27
04:09:10.671 [main] DEBUG org.rtklib.java.rtcm.Rtcm -- RTCM3 decoded message type=1124, length=260
04:09:10.671 [main] DEBUG org.rtklib.java.rtcm.Rtcm -- MSM BDS TOW: raw=63244000, tow=63258.0
04:09:10.671 [main] DEBUG org.rtklib.java.rtcm.Rtcm -- MSM BDS after adjweek: time.time=1780853658, time.sec=0.0
04:09:10.671 [main] DEBUG org.rtklib.java.rtcm.Rtcm -- decode_msm_head: sys=32 staid=0 nsat=12 nsig=5 sync=0 iod=0 ncell=33
04:09:10.671 [main] DEBUG org.rtklib.java.rtcm.Rtcm -- MSM sig[0] sigid=2 sigstr=2I code=40 idx=0
04:09:10.671 [main] DEBUG org.rtklib.java.rtcm.Rtcm -- MSM sig[1] sigid=8 sigstr=6I code=42 idx=3
04:09:10.671 [main] DEBUG org.rtklib.java.rtcm.Rtcm -- MSM sig[2] sigid=14 sigstr=7I code=27 idx=1
04:09:10.671 [main] DEBUG org.rtklib.java.rtcm.Rtcm -- MSM sig[3] sigid=23 sigstr=5P code=58 idx=2
04:09:10.671 [main] DEBUG org.rtklib.java.rtcm.Rtcm -- MSM sig[4] sigid=31 sigstr=1P code=2 idx=4
04:09:10.671 [main] DEBUG org.rtklib.java.rtcm.Rtcm -- MSM after sigindex: sig[0] code=40 idx=0
04:09:10.671 [main] DEBUG org.rtklib.java.rtcm.Rtcm -- MSM after sigindex: sig[1] code=42 idx=3
04:09:10.671 [main] DEBUG org.rtklib.java.rtcm.Rtcm -- MSM after sigindex: sig[2] code=27 idx=1
04:09:10.671 [main] DEBUG org.rtklib.java.rtcm.Rtcm -- MSM after sigindex: sig[3] code=58 idx=2
04:09:10.671 [main] DEBUG org.rtklib.java.rtcm.Rtcm -- MSM after sigindex: sig[4] code=2 idx=4
04:09:10.671 [main] DEBUG org.rtklib.java.rtcm.Rtcm -- RTCM3 decoded message type=1042, length=70
04:09:10.671 [main] DEBUG org.rtklib.java.rtcm.Rtcm -- RTCM3 decoded message type=1005, length=25
04:09:10.671 [main] DEBUG org.rtklib.java.rtcm.Rtcm -- RTCM3 decoded message type=1033, length=27
04:09:10.671 [main] DEBUG org.rtklib.java.rtcm.Rtcm -- RTCM3 decoded message type=1124, length=242
04:09:10.671 [main] DEBUG org.rtklib.java.rtcm.Rtcm -- MSM BDS TOW: raw=63259000, tow=63273.0
04:09:10.672 [main] DEBUG org.rtklib.java.rtcm.Rtcm -- MSM BDS after adjweek: time.time=1780853673, time.sec=0.0
04:09:10.672 [main] DEBUG org.rtklib.java.rtcm.Rtcm -- decode_msm_head: sys=32 staid=0 nsat=12 nsig=5 sync=1 iod=0 ncell=30
04:09:10.672 [main] DEBUG org.rtklib.java.rtcm.Rtcm -- MSM sig[0] sigid=2 sigstr=2I code=40 idx=0
04:09:10.672 [main] DEBUG org.rtklib.java.rtcm.Rtcm -- MSM sig[1] sigid=8 sigstr=6I code=42 idx=3
04:09:10.672 [main] DEBUG org.rtklib.java.rtcm.Rtcm -- MSM sig[2] sigid=14 sigstr=7I code=27 idx=1
04:09:10.672 [main] DEBUG org.rtklib.java.rtcm.Rtcm -- MSM sig[3] sigid=23 sigstr=5P code=58 idx=2
04:09:10.672 [main] DEBUG org.rtklib.java.rtcm.Rtcm -- MSM sig[4] sigid=31 sigstr=1P code=2 idx=4
04:09:10.672 [main] DEBUG org.rtklib.java.rtcm.Rtcm -- MSM after sigindex: sig[0] code=40 idx=0
04:09:10.672 [main] DEBUG org.rtklib.java.rtcm.Rtcm -- MSM after sigindex: sig[1] code=42 idx=3
04:09:10.672 [main] DEBUG org.rtklib.java.rtcm.Rtcm -- MSM after sigindex: sig[2] code=27 idx=1
04:09:10.672 [main] DEBUG org.rtklib.java.rtcm.Rtcm -- MSM after sigindex: sig[3] code=58 idx=2
04:09:10.672 [main] DEBUG org.rtklib.java.rtcm.Rtcm -- MSM after sigindex: sig[4] code=2 idx=4
04:09:10.672 [main] DEBUG org.rtklib.java.rtcm.Rtcm -- RTCM3 decoded message type=1124, length=42
04:09:10.672 [main] DEBUG org.rtklib.java.rtcm.Rtcm -- MSM BDS TOW: raw=63259000, tow=63273.0
04:09:10.672 [main] DEBUG org.rtklib.java.rtcm.Rtcm -- MSM BDS after adjweek: time.time=1780853673, time.sec=0.0
04:09:10.672 [main] DEBUG org.rtklib.java.rtcm.Rtcm -- decode_msm_head: sys=32 staid=0 nsat=1 nsig=2 sync=0 iod=0 ncell=2
04:09:10.672 [main] DEBUG org.rtklib.java.rtcm.Rtcm -- MSM sig[0] sigid=8 sigstr=6I code=42 idx=3
04:09:10.672 [main] DEBUG org.rtklib.java.rtcm.Rtcm -- MSM sig[1] sigid=23 sigstr=5P code=58 idx=2
04:09:10.672 [main] DEBUG org.rtklib.java.rtcm.Rtcm -- MSM after sigindex: sig[0] code=42 idx=3
04:09:10.672 [main] DEBUG org.rtklib.java.rtcm.Rtcm -- MSM after sigindex: sig[1] code=58 idx=2
04:09:10.672 [main] DEBUG org.rtklib.java.rtcm.Rtcm -- RTCM3 decoded message type=1042, length=70
04:09:10.672 [main] DEBUG org.rtklib.java.rtcm.Rtcm -- RTCM3 decoded message type=1005, length=25
04:09:10.672 [main] DEBUG org.rtklib.java.rtcm.Rtcm -- RTCM3 decoded message type=1033, length=27
04:09:10.672 [main] DEBUG org.rtklib.java.rtcm.Rtcm -- RTCM3 decoded message type=1124, length=248
04:09:10.672 [main] DEBUG org.rtklib.java.rtcm.Rtcm -- MSM BDS TOW: raw=63274000, tow=63288.0
04:09:10.672 [main] DEBUG org.rtklib.java.rtcm.Rtcm -- MSM BDS after adjweek: time.time=1780853688, time.sec=0.0
04:09:10.672 [main] DEBUG org.rtklib.java.rtcm.Rtcm -- decode_msm_head: sys=32 staid=0 nsat=12 nsig=5 sync=1 iod=0 ncell=31
04:09:10.672 [main] DEBUG org.rtklib.java.rtcm.Rtcm -- MSM sig[0] sigid=2 sigstr=2I code=40 idx=0
04:09:10.672 [main] DEBUG org.rtklib.java.rtcm.Rtcm -- MSM sig[1] sigid=8 sigstr=6I code=42 idx=3
04:09:10.672 [main] DEBUG org.rtklib.java.rtcm.Rtcm -- MSM sig[2] sigid=14 sigstr=7I code=27 idx=1
04:09:10.672 [main] DEBUG org.rtklib.java.rtcm.Rtcm -- MSM sig[3] sigid=23 sigstr=5P code=58 idx=2
04:09:10.672 [main] DEBUG org.rtklib.java.rtcm.Rtcm -- MSM sig[4] sigid=31 sigstr=1P code=2 idx=4
04:09:10.672 [main] DEBUG org.rtklib.java.rtcm.Rtcm -- MSM after sigindex: sig[0] code=40 idx=0
04:09:10.672 [main] DEBUG org.rtklib.java.rtcm.Rtcm -- MSM after sigindex: sig[1] code=42 idx=3
04:09:10.672 [main] DEBUG org.rtklib.java.rtcm.Rtcm -- MSM after sigindex: sig[2] code=27 idx=1
04:09:10.672 [main] DEBUG org.rtklib.java.rtcm.Rtcm -- MSM after sigindex: sig[3] code=58 idx=2
04:09:10.672 [main] DEBUG org.rtklib.java.rtcm.Rtcm -- MSM after sigindex: sig[4] code=2 idx=4
04:09:10.672 [main] DEBUG org.rtklib.java.rtcm.Rtcm -- RTCM3 decoded message type=1124, length=48
04:09:10.672 [main] DEBUG org.rtklib.java.rtcm.Rtcm -- MSM BDS TOW: raw=63274000, tow=63288.0
04:09:10.672 [main] DEBUG org.rtklib.java.rtcm.Rtcm -- MSM BDS after adjweek: time.time=1780853688, time.sec=0.0
04:09:10.672 [main] DEBUG org.rtklib.java.rtcm.Rtcm -- decode_msm_head: sys=32 staid=0 nsat=1 nsig=3 sync=0 iod=0 ncell=3
04:09:10.672 [main] DEBUG org.rtklib.java.rtcm.Rtcm -- MSM sig[0] sigid=8 sigstr=6I code=42 idx=3
04:09:10.672 [main] DEBUG org.rtklib.java.rtcm.Rtcm -- MSM sig[1] sigid=23 sigstr=5P code=58 idx=2
04:09:10.672 [main] DEBUG org.rtklib.java.rtcm.Rtcm -- MSM sig[2] sigid=31 sigstr=1P code=2 idx=4
04:09:10.672 [main] DEBUG org.rtklib.java.rtcm.Rtcm -- MSM after sigindex: sig[0] code=42 idx=3
04:09:10.672 [main] DEBUG org.rtklib.java.rtcm.Rtcm -- MSM after sigindex: sig[1] code=58 idx=2
04:09:10.672 [main] DEBUG org.rtklib.java.rtcm.Rtcm -- MSM after sigindex: sig[2] code=2 idx=4
04:09:10.672 [main] DEBUG org.rtklib.java.rtcm.Rtcm -- RTCM3 decoded message type=1042, length=70
04:09:10.672 [main] DEBUG org.rtklib.java.rtcm.Rtcm -- RTCM3 decoded message type=1005, length=25
04:09:10.672 [main] DEBUG org.rtklib.java.rtcm.Rtcm -- RTCM3 decoded message type=1033, length=27
04:09:10.672 [main] DEBUG org.rtklib.java.rtcm.Rtcm -- RTCM3 decoded message type=1124, length=260
04:09:10.672 [main] DEBUG org.rtklib.java.rtcm.Rtcm -- MSM BDS TOW: raw=63289000, tow=63303.0
04:09:10.672 [main] DEBUG org.rtklib.java.rtcm.Rtcm -- MSM BDS after adjweek: time.time=1780853703, time.sec=0.0
04:09:10.672 [main] DEBUG org.rtklib.java.rtcm.Rtcm -- decode_msm_head: sys=32 staid=0 nsat=12 nsig=5 sync=0 iod=0 ncell=33
04:09:10.672 [main] DEBUG org.rtklib.java.rtcm.Rtcm -- MSM sig[0] sigid=2 sigstr=2I code=40 idx=0
04:09:10.672 [main] DEBUG org.rtklib.java.rtcm.Rtcm -- MSM sig[1] sigid=8 sigstr=6I code=42 idx=3
04:09:10.672 [main] DEBUG org.rtklib.java.rtcm.Rtcm -- MSM sig[2] sigid=14 sigstr=7I code=27 idx=1
04:09:10.672 [main] DEBUG org.rtklib.java.rtcm.Rtcm -- MSM sig[3] sigid=23 sigstr=5P code=58 idx=2
04:09:10.672 [main] DEBUG org.rtklib.java.rtcm.Rtcm -- MSM sig[4] sigid=31 sigstr=1P code=2 idx=4
04:09:10.672 [main] DEBUG org.rtklib.java.rtcm.Rtcm -- MSM after sigindex: sig[0] code=40 idx=0
04:09:10.672 [main] DEBUG org.rtklib.java.rtcm.Rtcm -- MSM after sigindex: sig[1] code=42 idx=3
04:09:10.672 [main] DEBUG org.rtklib.java.rtcm.Rtcm -- MSM after sigindex: sig[2] code=27 idx=1
04:09:10.672 [main] DEBUG org.rtklib.java.rtcm.Rtcm -- MSM after sigindex: sig[3] code=58 idx=2
04:09:10.672 [main] DEBUG org.rtklib.java.rtcm.Rtcm -- MSM after sigindex: sig[4] code=2 idx=4
04:09:10.672 [main] DEBUG org.rtklib.java.rtcm.Rtcm -- RTCM3 decoded message type=1042, length=70
04:09:10.672 [main] DEBUG org.rtklib.java.rtcm.Rtcm -- RTCM3 decoded message type=1005, length=25
04:09:10.672 [main] DEBUG org.rtklib.java.rtcm.Rtcm -- RTCM3 decoded message type=1033, length=27
04:09:10.672 [main] DEBUG org.rtklib.java.rtcm.Rtcm -- RTCM3 decoded message type=1124, length=242
04:09:10.672 [main] DEBUG org.rtklib.java.rtcm.Rtcm -- MSM BDS TOW: raw=63304000, tow=63318.0
04:09:10.672 [main] DEBUG org.rtklib.java.rtcm.Rtcm -- MSM BDS after adjweek: time.time=1780853718, time.sec=0.0
04:09:10.672 [main] DEBUG org.rtklib.java.rtcm.Rtcm -- decode_msm_head: sys=32 staid=0 nsat=12 nsig=5 sync=1 iod=0 ncell=30
04:09:10.672 [main] DEBUG org.rtklib.java.rtcm.Rtcm -- MSM sig[0] sigid=2 sigstr=2I code=40 idx=0
04:09:10.672 [main] DEBUG org.rtklib.java.rtcm.Rtcm -- MSM sig[1] sigid=8 sigstr=6I code=42 idx=3
04:09:10.672 [main] DEBUG org.rtklib.java.rtcm.Rtcm -- MSM sig[2] sigid=14 sigstr=7I code=27 idx=1
04:09:10.672 [main] DEBUG org.rtklib.java.rtcm.Rtcm -- MSM sig[3] sigid=23 sigstr=5P code=58 idx=2
04:09:10.672 [main] DEBUG org.rtklib.java.rtcm.Rtcm -- MSM sig[4] sigid=31 sigstr=1P code=2 idx=4
04:09:10.672 [main] DEBUG org.rtklib.java.rtcm.Rtcm -- MSM after sigindex: sig[0] code=40 idx=0
04:09:10.672 [main] DEBUG org.rtklib.java.rtcm.Rtcm -- MSM after sigindex: sig[1] code=42 idx=3
04:09:10.672 [main] DEBUG org.rtklib.java.rtcm.Rtcm -- MSM after sigindex: sig[2] code=27 idx=1
04:09:10.672 [main] DEBUG org.rtklib.java.rtcm.Rtcm -- MSM after sigindex: sig[3] code=58 idx=2
04:09:10.672 [main] DEBUG org.rtklib.java.rtcm.Rtcm -- MSM after sigindex: sig[4] code=2 idx=4
04:09:10.672 [main] DEBUG org.rtklib.java.rtcm.Rtcm -- RTCM3 decoded message type=1124, length=42
04:09:10.672 [main] DEBUG org.rtklib.java.rtcm.Rtcm -- MSM BDS TOW: raw=63304000, tow=63318.0
04:09:10.672 [main] DEBUG org.rtklib.java.rtcm.Rtcm -- MSM BDS after adjweek: time.time=1780853718, time.sec=0.0
04:09:10.672 [main] DEBUG org.rtklib.java.rtcm.Rtcm -- decode_msm_head: sys=32 staid=0 nsat=1 nsig=2 sync=0 iod=0 ncell=2
04:09:10.672 [main] DEBUG org.rtklib.java.rtcm.Rtcm -- MSM sig[0] sigid=23 sigstr=5P code=58 idx=2
04:09:10.672 [main] DEBUG org.rtklib.java.rtcm.Rtcm -- MSM sig[1] sigid=31 sigstr=1P code=2 idx=4
04:09:10.672 [main] DEBUG org.rtklib.java.rtcm.Rtcm -- MSM after sigindex: sig[0] code=58 idx=2
04:09:10.672 [main] DEBUG org.rtklib.java.rtcm.Rtcm -- MSM after sigindex: sig[1] code=2 idx=4
04:09:10.672 [main] DEBUG org.rtklib.java.rtcm.Rtcm -- RTCM3 decoded message type=1042, length=70
04:09:10.672 [main] DEBUG org.rtklib.java.rtcm.Rtcm -- RTCM3 decoded message type=1005, length=25
04:09:10.672 [main] DEBUG org.rtklib.java.rtcm.Rtcm -- RTCM3 decoded message type=1033, length=27
04:09:10.672 [main] DEBUG org.rtklib.java.rtcm.Rtcm -- RTCM3 decoded message type=1124, length=248
04:09:10.672 [main] DEBUG org.rtklib.java.rtcm.Rtcm -- MSM BDS TOW: raw=63319000, tow=63333.0
04:09:10.672 [main] DEBUG org.rtklib.java.rtcm.Rtcm -- MSM BDS after adjweek: time.time=1780853733, time.sec=0.0
04:09:10.672 [main] DEBUG org.rtklib.java.rtcm.Rtcm -- decode_msm_head: sys=32 staid=0 nsat=12 nsig=5 sync=1 iod=0 ncell=31
04:09:10.672 [main] DEBUG org.rtklib.java.rtcm.Rtcm -- MSM sig[0] sigid=2 sigstr=2I code=40 idx=0
04:09:10.672 [main] DEBUG org.rtklib.java.rtcm.Rtcm -- MSM sig[1] sigid=8 sigstr=6I code=42 idx=3
04:09:10.672 [main] DEBUG org.rtklib.java.rtcm.Rtcm -- MSM sig[2] sigid=14 sigstr=7I code=27 idx=1
04:09:10.672 [main] DEBUG org.rtklib.java.rtcm.Rtcm -- MSM sig[3] sigid=23 sigstr=5P code=58 idx=2
04:09:10.672 [main] DEBUG org.rtklib.java.rtcm.Rtcm -- MSM sig[4] sigid=31 sigstr=1P code=2 idx=4
04:09:10.672 [main] DEBUG org.rtklib.java.rtcm.Rtcm -- MSM after sigindex: sig[0] code=40 idx=0
04:09:10.672 [main] DEBUG org.rtklib.java.rtcm.Rtcm -- MSM after sigindex: sig[1] code=42 idx=3
04:09:10.672 [main] DEBUG org.rtklib.java.rtcm.Rtcm -- MSM after sigindex: sig[2] code=27 idx=1
04:09:10.672 [main] DEBUG org.rtklib.java.rtcm.Rtcm -- MSM after sigindex: sig[3] code=58 idx=2
04:09:10.672 [main] DEBUG org.rtklib.java.rtcm.Rtcm -- MSM after sigindex: sig[4] code=2 idx=4
04:09:10.672 [main] DEBUG org.rtklib.java.rtcm.Rtcm -- RTCM3 decoded message type=1124, length=42
04:09:10.673 [main] DEBUG org.rtklib.java.rtcm.Rtcm -- MSM BDS TOW: raw=63319000, tow=63333.0
04:09:10.673 [main] DEBUG org.rtklib.java.rtcm.Rtcm -- MSM BDS after adjweek: time.time=1780853733, time.sec=0.0
04:09:10.673 [main] DEBUG org.rtklib.java.rtcm.Rtcm -- decode_msm_head: sys=32 staid=0 nsat=1 nsig=2 sync=0 iod=0 ncell=2
04:09:10.673 [main] DEBUG org.rtklib.java.rtcm.Rtcm -- MSM sig[0] sigid=8 sigstr=6I code=42 idx=3
04:09:10.673 [main] DEBUG org.rtklib.java.rtcm.Rtcm -- MSM sig[1] sigid=23 sigstr=5P code=58 idx=2
04:09:10.673 [main] DEBUG org.rtklib.java.rtcm.Rtcm -- MSM after sigindex: sig[0] code=42 idx=3
04:09:10.673 [main] DEBUG org.rtklib.java.rtcm.Rtcm -- MSM after sigindex: sig[1] code=58 idx=2
04:09:10.673 [main] DEBUG org.rtklib.java.rtcm.Rtcm -- RTCM3 decoded message type=1042, length=70
04:09:10.673 [main] DEBUG org.rtklib.java.rtcm.Rtcm -- RTCM3 decoded message type=1005, length=25
04:09:10.673 [main] DEBUG org.rtklib.java.rtcm.Rtcm -- RTCM3 decoded message type=1033, length=27
04:09:10.673 [main] DEBUG org.rtklib.java.rtcm.Rtcm -- RTCM3 decoded message type=1124, length=254
04:09:10.673 [main] DEBUG org.rtklib.java.rtcm.Rtcm -- MSM BDS TOW: raw=63334000, tow=63348.0
04:09:10.673 [main] DEBUG org.rtklib.java.rtcm.Rtcm -- MSM BDS after adjweek: time.time=1780853748, time.sec=0.0
04:09:10.673 [main] DEBUG org.rtklib.java.rtcm.Rtcm -- decode_msm_head: sys=32 staid=0 nsat=12 nsig=5 sync=1 iod=0 ncell=32
04:09:10.673 [main] DEBUG org.rtklib.java.rtcm.Rtcm -- MSM sig[0] sigid=2 sigstr=2I code=40 idx=0
04:09:10.673 [main] DEBUG org.rtklib.java.rtcm.Rtcm -- MSM sig[1] sigid=8 sigstr=6I code=42 idx=3
04:09:10.673 [main] DEBUG org.rtklib.java.rtcm.Rtcm -- MSM sig[2] sigid=14 sigstr=7I code=27 idx=1
04:09:10.673 [main] DEBUG org.rtklib.java.rtcm.Rtcm -- MSM sig[3] sigid=23 sigstr=5P code=58 idx=2
04:09:10.673 [main] DEBUG org.rtklib.java.rtcm.Rtcm -- MSM sig[4] sigid=31 sigstr=1P code=2 idx=4
04:09:10.673 [main] DEBUG org.rtklib.java.rtcm.Rtcm -- MSM after sigindex: sig[0] code=40 idx=0
04:09:10.673 [main] DEBUG org.rtklib.java.rtcm.Rtcm -- MSM after sigindex: sig[1] code=42 idx=3
04:09:10.673 [main] DEBUG org.rtklib.java.rtcm.Rtcm -- MSM after sigindex: sig[2] code=27 idx=1
04:09:10.673 [main] DEBUG org.rtklib.java.rtcm.Rtcm -- MSM after sigindex: sig[3] code=58 idx=2
04:09:10.673 [main] DEBUG org.rtklib.java.rtcm.Rtcm -- MSM after sigindex: sig[4] code=2 idx=4
04:09:10.673 [main] DEBUG org.rtklib.java.rtcm.Rtcm -- RTCM3 decoded message type=1124, length=36
04:09:10.673 [main] DEBUG org.rtklib.java.rtcm.Rtcm -- MSM BDS TOW: raw=63334000, tow=63348.0
04:09:10.673 [main] DEBUG org.rtklib.java.rtcm.Rtcm -- MSM BDS after adjweek: time.time=1780853748, time.sec=0.0
04:09:10.673 [main] DEBUG org.rtklib.java.rtcm.Rtcm -- decode_msm_head: sys=32 staid=0 nsat=1 nsig=1 sync=0 iod=0 ncell=1
04:09:10.673 [main] DEBUG org.rtklib.java.rtcm.Rtcm -- MSM sig[0] sigid=8 sigstr=6I code=42 idx=3
04:09:10.673 [main] DEBUG org.rtklib.java.rtcm.Rtcm -- MSM after sigindex: sig[0] code=42 idx=3
04:09:10.673 [main] DEBUG org.rtklib.java.rtcm.Rtcm -- RTCM3 decoded message type=1042, length=70
04:09:10.673 [main] DEBUG org.rtklib.java.rtcm.Rtcm -- RTCM3 decoded message type=1005, length=25
04:09:10.673 [main] DEBUG org.rtklib.java.rtcm.Rtcm -- RTCM3 decoded message type=1033, length=27
04:09:10.673 [main] DEBUG org.rtklib.java.rtcm.Rtcm -- RTCM3 decoded message type=1124, length=254
04:09:10.673 [main] DEBUG org.rtklib.java.rtcm.Rtcm -- MSM BDS TOW: raw=63349000, tow=63363.0
04:09:10.673 [main] DEBUG org.rtklib.java.rtcm.Rtcm -- MSM BDS after adjweek: time.time=1780853763, time.sec=0.0
04:09:10.673 [main] DEBUG org.rtklib.java.rtcm.Rtcm -- decode_msm_head: sys=32 staid=0 nsat=12 nsig=5 sync=1 iod=0 ncell=32
04:09:10.673 [main] DEBUG org.rtklib.java.rtcm.Rtcm -- MSM sig[0] sigid=2 sigstr=2I code=40 idx=0
04:09:10.673 [main] DEBUG org.rtklib.java.rtcm.Rtcm -- MSM sig[1] sigid=8 sigstr=6I code=42 idx=3
04:09:10.673 [main] DEBUG org.rtklib.java.rtcm.Rtcm -- MSM sig[2] sigid=14 sigstr=7I code=27 idx=1
04:09:10.673 [main] DEBUG org.rtklib.java.rtcm.Rtcm -- MSM sig[3] sigid=23 sigstr=5P code=58 idx=2
04:09:10.673 [main] DEBUG org.rtklib.java.rtcm.Rtcm -- MSM sig[4] sigid=31 sigstr=1P code=2 idx=4
04:09:10.673 [main] DEBUG org.rtklib.java.rtcm.Rtcm -- MSM after sigindex: sig[0] code=40 idx=0
04:09:10.673 [main] DEBUG org.rtklib.java.rtcm.Rtcm -- MSM after sigindex: sig[1] code=42 idx=3
04:09:10.673 [main] DEBUG org.rtklib.java.rtcm.Rtcm -- MSM after sigindex: sig[2] code=27 idx=1
04:09:10.673 [main] DEBUG org.rtklib.java.rtcm.Rtcm -- MSM after sigindex: sig[3] code=58 idx=2
04:09:10.673 [main] DEBUG org.rtklib.java.rtcm.Rtcm -- MSM after sigindex: sig[4] code=2 idx=4
04:09:10.673 [main] DEBUG org.rtklib.java.rtcm.Rtcm -- RTCM3 decoded message type=1124, length=42
04:09:10.673 [main] DEBUG org.rtklib.java.rtcm.Rtcm -- MSM BDS TOW: raw=63349000, tow=63363.0
04:09:10.673 [main] DEBUG org.rtklib.java.rtcm.Rtcm -- MSM BDS after adjweek: time.time=1780853763, time.sec=0.0
04:09:10.673 [main] DEBUG org.rtklib.java.rtcm.Rtcm -- decode_msm_head: sys=32 staid=0 nsat=1 nsig=2 sync=0 iod=0 ncell=2
04:09:10.673 [main] DEBUG org.rtklib.java.rtcm.Rtcm -- MSM sig[0] sigid=8 sigstr=6I code=42 idx=3
04:09:10.673 [main] DEBUG org.rtklib.java.rtcm.Rtcm -- MSM sig[1] sigid=31 sigstr=1P code=2 idx=4
04:09:10.673 [main] DEBUG org.rtklib.java.rtcm.Rtcm -- MSM after sigindex: sig[0] code=42 idx=3
04:09:10.673 [main] DEBUG org.rtklib.java.rtcm.Rtcm -- MSM after sigindex: sig[1] code=2 idx=4
04:09:10.673 [main] DEBUG org.rtklib.java.rtcm.Rtcm -- RTCM3 decoded message type=1042, length=70
04:09:10.673 [main] DEBUG org.rtklib.java.rtcm.Rtcm -- RTCM3 decoded message type=1005, length=25
04:09:10.673 [main] DEBUG org.rtklib.java.rtcm.Rtcm -- RTCM3 decoded message type=1033, length=27
04:09:10.673 [main] DEBUG org.rtklib.java.rtcm.Rtcm -- RTCM3 decoded message type=1124, length=254
04:09:10.673 [main] DEBUG org.rtklib.java.rtcm.Rtcm -- MSM BDS TOW: raw=63364000, tow=63378.0
04:09:10.673 [main] DEBUG org.rtklib.java.rtcm.Rtcm -- MSM BDS after adjweek: time.time=1780853778, time.sec=0.0
04:09:10.673 [main] DEBUG org.rtklib.java.rtcm.Rtcm -- decode_msm_head: sys=32 staid=0 nsat=12 nsig=5 sync=1 iod=0 ncell=32
04:09:10.673 [main] DEBUG org.rtklib.java.rtcm.Rtcm -- MSM sig[0] sigid=2 sigstr=2I code=40 idx=0
04:09:10.673 [main] DEBUG org.rtklib.java.rtcm.Rtcm -- MSM sig[1] sigid=8 sigstr=6I code=42 idx=3
04:09:10.673 [main] DEBUG org.rtklib.java.rtcm.Rtcm -- MSM sig[2] sigid=14 sigstr=7I code=27 idx=1
04:09:10.673 [main] DEBUG org.rtklib.java.rtcm.Rtcm -- MSM sig[3] sigid=23 sigstr=5P code=58 idx=2
04:09:10.673 [main] DEBUG org.rtklib.java.rtcm.Rtcm -- MSM sig[4] sigid=31 sigstr=1P code=2 idx=4
04:09:10.673 [main] DEBUG org.rtklib.java.rtcm.Rtcm -- MSM after sigindex: sig[0] code=40 idx=0
04:09:10.673 [main] DEBUG org.rtklib.java.rtcm.Rtcm -- MSM after sigindex: sig[1] code=42 idx=3
04:09:10.673 [main] DEBUG org.rtklib.java.rtcm.Rtcm -- MSM after sigindex: sig[2] code=27 idx=1
04:09:10.673 [main] DEBUG org.rtklib.java.rtcm.Rtcm -- MSM after sigindex: sig[3] code=58 idx=2
04:09:10.673 [main] DEBUG org.rtklib.java.rtcm.Rtcm -- MSM after sigindex: sig[4] code=2 idx=4
04:09:10.673 [main] DEBUG org.rtklib.java.rtcm.Rtcm -- RTCM3 decoded message type=1124, length=42
04:09:10.673 [main] DEBUG org.rtklib.java.rtcm.Rtcm -- MSM BDS TOW: raw=63364000, tow=63378.0
04:09:10.673 [main] DEBUG org.rtklib.java.rtcm.Rtcm -- MSM BDS after adjweek: time.time=1780853778, time.sec=0.0
04:09:10.673 [main] DEBUG org.rtklib.java.rtcm.Rtcm -- decode_msm_head: sys=32 staid=0 nsat=1 nsig=2 sync=0 iod=0 ncell=2
04:09:10.673 [main] DEBUG org.rtklib.java.rtcm.Rtcm -- MSM sig[0] sigid=8 sigstr=6I code=42 idx=3
04:09:10.673 [main] DEBUG org.rtklib.java.rtcm.Rtcm -- MSM sig[1] sigid=23 sigstr=5P code=58 idx=2
04:09:10.673 [main] DEBUG org.rtklib.java.rtcm.Rtcm -- MSM after sigindex: sig[0] code=42 idx=3
04:09:10.673 [main] DEBUG org.rtklib.java.rtcm.Rtcm -- MSM after sigindex: sig[1] code=58 idx=2
04:09:10.673 [main] DEBUG org.rtklib.java.rtcm.Rtcm -- RTCM3 decoded message type=1042, length=70
04:09:10.673 [main] DEBUG org.rtklib.java.rtcm.Rtcm -- RTCM3 decoded message type=1005, length=25
04:09:10.673 [main] DEBUG org.rtklib.java.rtcm.Rtcm -- RTCM3 decoded message type=1033, length=27
04:09:10.673 [main] DEBUG org.rtklib.java.rtcm.Rtcm -- RTCM3 decoded message type=1124, length=267
04:09:10.673 [main] DEBUG org.rtklib.java.rtcm.Rtcm -- MSM BDS TOW: raw=63379000, tow=63393.0
04:09:10.673 [main] DEBUG org.rtklib.java.rtcm.Rtcm -- MSM BDS after adjweek: time.time=1780853793, time.sec=0.0
04:09:10.673 [main] DEBUG org.rtklib.java.rtcm.Rtcm -- decode_msm_head: sys=32 staid=0 nsat=13 nsig=4 sync=0 iod=0 ncell=34
04:09:10.673 [main] DEBUG org.rtklib.java.rtcm.Rtcm -- MSM sig[0] sigid=2 sigstr=2I code=40 idx=0
04:09:10.673 [main] DEBUG org.rtklib.java.rtcm.Rtcm -- MSM sig[1] sigid=8 sigstr=6I code=42 idx=3
04:09:10.673 [main] DEBUG org.rtklib.java.rtcm.Rtcm -- MSM sig[2] sigid=23 sigstr=5P code=58 idx=2
04:09:10.673 [main] DEBUG org.rtklib.java.rtcm.Rtcm -- MSM sig[3] sigid=31 sigstr=1P code=2 idx=4
04:09:10.673 [main] DEBUG org.rtklib.java.rtcm.Rtcm -- MSM after sigindex: sig[0] code=40 idx=0
04:09:10.673 [main] DEBUG org.rtklib.java.rtcm.Rtcm -- MSM after sigindex: sig[1] code=42 idx=3
04:09:10.673 [main] DEBUG org.rtklib.java.rtcm.Rtcm -- MSM after sigindex: sig[2] code=58 idx=2
04:09:10.673 [main] DEBUG org.rtklib.java.rtcm.Rtcm -- MSM after sigindex: sig[3] code=2 idx=4
04:09:10.673 [main] DEBUG org.rtklib.java.rtcm.Rtcm -- RTCM3 decoded message type=1042, length=70
04:09:10.673 [main] DEBUG org.rtklib.java.rtcm.Rtcm -- RTCM3 decoded message type=1005, length=25
04:09:10.673 [main] DEBUG org.rtklib.java.rtcm.Rtcm -- RTCM3 decoded message type=1033, length=27
04:09:10.673 [main] DEBUG org.rtklib.java.rtcm.Rtcm -- RTCM3 decoded message type=1124, length=254
04:09:10.673 [main] DEBUG org.rtklib.java.rtcm.Rtcm -- MSM BDS TOW: raw=63394000, tow=63408.0
04:09:10.673 [main] DEBUG org.rtklib.java.rtcm.Rtcm -- MSM BDS after adjweek: time.time=1780853808, time.sec=0.0
04:09:10.674 [main] DEBUG org.rtklib.java.rtcm.Rtcm -- decode_msm_head: sys=32 staid=0 nsat=12 nsig=5 sync=1 iod=0 ncell=32
04:09:10.674 [main] DEBUG org.rtklib.java.rtcm.Rtcm -- MSM sig[0] sigid=2 sigstr=2I code=40 idx=0
04:09:10.674 [main] DEBUG org.rtklib.java.rtcm.Rtcm -- MSM sig[1] sigid=8 sigstr=6I code=42 idx=3
04:09:10.674 [main] DEBUG org.rtklib.java.rtcm.Rtcm -- MSM sig[2] sigid=14 sigstr=7I code=27 idx=1
04:09:10.674 [main] DEBUG org.rtklib.java.rtcm.Rtcm -- MSM sig[3] sigid=23 sigstr=5P code=58 idx=2
04:09:10.674 [main] DEBUG org.rtklib.java.rtcm.Rtcm -- MSM sig[4] sigid=31 sigstr=1P code=2 idx=4
04:09:10.674 [main] DEBUG org.rtklib.java.rtcm.Rtcm -- MSM after sigindex: sig[0] code=40 idx=0
04:09:10.674 [main] DEBUG org.rtklib.java.rtcm.Rtcm -- MSM after sigindex: sig[1] code=42 idx=3
04:09:10.674 [main] DEBUG org.rtklib.java.rtcm.Rtcm -- MSM after sigindex: sig[2] code=27 idx=1
04:09:10.674 [main] DEBUG org.rtklib.java.rtcm.Rtcm -- MSM after sigindex: sig[3] code=58 idx=2
04:09:10.674 [main] DEBUG org.rtklib.java.rtcm.Rtcm -- MSM after sigindex: sig[4] code=2 idx=4
04:09:10.674 [main] DEBUG org.rtklib.java.rtcm.Rtcm -- RTCM3 decoded message type=1124, length=48
04:09:10.674 [main] DEBUG org.rtklib.java.rtcm.Rtcm -- MSM BDS TOW: raw=63394000, tow=63408.0
04:09:10.674 [main] DEBUG org.rtklib.java.rtcm.Rtcm -- MSM BDS after adjweek: time.time=1780853808, time.sec=0.0
04:09:10.674 [main] DEBUG org.rtklib.java.rtcm.Rtcm -- decode_msm_head: sys=32 staid=0 nsat=1 nsig=3 sync=0 iod=0 ncell=3
04:09:10.674 [main] DEBUG org.rtklib.java.rtcm.Rtcm -- MSM sig[0] sigid=2 sigstr=2I code=40 idx=0
04:09:10.674 [main] DEBUG org.rtklib.java.rtcm.Rtcm -- MSM sig[1] sigid=8 sigstr=6I code=42 idx=3
04:09:10.674 [main] DEBUG org.rtklib.java.rtcm.Rtcm -- MSM sig[2] sigid=31 sigstr=1P code=2 idx=4
04:09:10.674 [main] DEBUG org.rtklib.java.rtcm.Rtcm -- MSM after sigindex: sig[0] code=40 idx=0
04:09:10.674 [main] DEBUG org.rtklib.java.rtcm.Rtcm -- MSM after sigindex: sig[1] code=42 idx=3
04:09:10.674 [main] DEBUG org.rtklib.java.rtcm.Rtcm -- MSM after sigindex: sig[2] code=2 idx=4
04:09:10.674 [main] DEBUG org.rtklib.java.rtcm.Rtcm -- RTCM3 decoded message type=1042, length=70
04:09:10.674 [main] DEBUG org.rtklib.java.rtcm.Rtcm -- RTCM3 decoded message type=1005, length=25
04:09:10.674 [main] DEBUG org.rtklib.java.rtcm.Rtcm -- RTCM3 decoded message type=1033, length=27
04:09:10.674 [main] DEBUG org.rtklib.java.rtcm.Rtcm -- RTCM3 decoded message type=1124, length=254
04:09:10.674 [main] DEBUG org.rtklib.java.rtcm.Rtcm -- MSM BDS TOW: raw=63409000, tow=63423.0
04:09:10.674 [main] DEBUG org.rtklib.java.rtcm.Rtcm -- MSM BDS after adjweek: time.time=1780853823, time.sec=0.0
04:09:10.674 [main] DEBUG org.rtklib.java.rtcm.Rtcm -- decode_msm_head: sys=32 staid=0 nsat=12 nsig=5 sync=1 iod=0 ncell=32
04:09:10.674 [main] DEBUG org.rtklib.java.rtcm.Rtcm -- MSM sig[0] sigid=2 sigstr=2I code=40 idx=0
04:09:10.674 [main] DEBUG org.rtklib.java.rtcm.Rtcm -- MSM sig[1] sigid=8 sigstr=6I code=42 idx=3
04:09:10.674 [main] DEBUG org.rtklib.java.rtcm.Rtcm -- MSM sig[2] sigid=14 sigstr=7I code=27 idx=1
04:09:10.674 [main] DEBUG org.rtklib.java.rtcm.Rtcm -- MSM sig[3] sigid=23 sigstr=5P code=58 idx=2
04:09:10.674 [main] DEBUG org.rtklib.java.rtcm.Rtcm -- MSM sig[4] sigid=31 sigstr=1P code=2 idx=4
04:09:10.674 [main] DEBUG org.rtklib.java.rtcm.Rtcm -- MSM after sigindex: sig[0] code=40 idx=0
04:09:10.674 [main] DEBUG org.rtklib.java.rtcm.Rtcm -- MSM after sigindex: sig[1] code=42 idx=3
04:09:10.674 [main] DEBUG org.rtklib.java.rtcm.Rtcm -- MSM after sigindex: sig[2] code=27 idx=1
04:09:10.674 [main] DEBUG org.rtklib.java.rtcm.Rtcm -- MSM after sigindex: sig[3] code=58 idx=2
04:09:10.674 [main] DEBUG org.rtklib.java.rtcm.Rtcm -- MSM after sigindex: sig[4] code=2 idx=4
04:09:10.674 [main] DEBUG org.rtklib.java.rtcm.Rtcm -- RTCM3 decoded message type=1124, length=48
04:09:10.674 [main] DEBUG org.rtklib.java.rtcm.Rtcm -- MSM BDS TOW: raw=63409000, tow=63423.0
04:09:10.674 [main] DEBUG org.rtklib.java.rtcm.Rtcm -- MSM BDS after adjweek: time.time=1780853823, time.sec=0.0
04:09:10.674 [main] DEBUG org.rtklib.java.rtcm.Rtcm -- decode_msm_head: sys=32 staid=0 nsat=1 nsig=3 sync=0 iod=0 ncell=3
04:09:10.674 [main] DEBUG org.rtklib.java.rtcm.Rtcm -- MSM sig[0] sigid=2 sigstr=2I code=40 idx=0
04:09:10.674 [main] DEBUG org.rtklib.java.rtcm.Rtcm -- MSM sig[1] sigid=23 sigstr=5P code=58 idx=2
04:09:10.674 [main] DEBUG org.rtklib.java.rtcm.Rtcm -- MSM sig[2] sigid=31 sigstr=1P code=2 idx=4
04:09:10.674 [main] DEBUG org.rtklib.java.rtcm.Rtcm -- MSM after sigindex: sig[0] code=40 idx=0
04:09:10.674 [main] DEBUG org.rtklib.java.rtcm.Rtcm -- MSM after sigindex: sig[1] code=58 idx=2
04:09:10.674 [main] DEBUG org.rtklib.java.rtcm.Rtcm -- MSM after sigindex: sig[2] code=2 idx=4
04:09:10.674 [main] DEBUG org.rtklib.java.rtcm.Rtcm -- RTCM3 decoded message type=1042, length=70
04:09:10.674 [main] DEBUG org.rtklib.java.rtcm.Rtcm -- RTCM3 decoded message type=1005, length=25
04:09:10.674 [main] DEBUG org.rtklib.java.rtcm.Rtcm -- RTCM3 decoded message type=1033, length=27
04:09:10.674 [main] DEBUG org.rtklib.java.rtcm.Rtcm -- RTCM3 decoded message type=1124, length=254
04:09:10.674 [main] DEBUG org.rtklib.java.rtcm.Rtcm -- MSM BDS TOW: raw=63424000, tow=63438.0
04:09:10.674 [main] DEBUG org.rtklib.java.rtcm.Rtcm -- MSM BDS after adjweek: time.time=1780853838, time.sec=0.0
04:09:10.674 [main] DEBUG org.rtklib.java.rtcm.Rtcm -- decode_msm_head: sys=32 staid=0 nsat=12 nsig=5 sync=1 iod=0 ncell=32
04:09:10.674 [main] DEBUG org.rtklib.java.rtcm.Rtcm -- MSM sig[0] sigid=2 sigstr=2I code=40 idx=0
04:09:10.674 [main] DEBUG org.rtklib.java.rtcm.Rtcm -- MSM sig[1] sigid=8 sigstr=6I code=42 idx=3
04:09:10.674 [main] DEBUG org.rtklib.java.rtcm.Rtcm -- MSM sig[2] sigid=14 sigstr=7I code=27 idx=1
04:09:10.674 [main] DEBUG org.rtklib.java.rtcm.Rtcm -- MSM sig[3] sigid=23 sigstr=5P code=58 idx=2
04:09:10.674 [main] DEBUG org.rtklib.java.rtcm.Rtcm -- MSM sig[4] sigid=31 sigstr=1P code=2 idx=4
04:09:10.674 [main] DEBUG org.rtklib.java.rtcm.Rtcm -- MSM after sigindex: sig[0] code=40 idx=0
04:09:10.674 [main] DEBUG org.rtklib.java.rtcm.Rtcm -- MSM after sigindex: sig[1] code=42 idx=3
04:09:10.674 [main] DEBUG org.rtklib.java.rtcm.Rtcm -- MSM after sigindex: sig[2] code=27 idx=1
04:09:10.674 [main] DEBUG org.rtklib.java.rtcm.Rtcm -- MSM after sigindex: sig[3] code=58 idx=2
04:09:10.674 [main] DEBUG org.rtklib.java.rtcm.Rtcm -- MSM after sigindex: sig[4] code=2 idx=4
04:09:10.674 [main] DEBUG org.rtklib.java.rtcm.Rtcm -- RTCM3 decoded message type=1124, length=48
04:09:10.674 [main] DEBUG org.rtklib.java.rtcm.Rtcm -- MSM BDS TOW: raw=63424000, tow=63438.0
04:09:10.674 [main] DEBUG org.rtklib.java.rtcm.Rtcm -- MSM BDS after adjweek: time.time=1780853838, time.sec=0.0
04:09:10.674 [main] DEBUG org.rtklib.java.rtcm.Rtcm -- decode_msm_head: sys=32 staid=0 nsat=1 nsig=3 sync=0 iod=0 ncell=3
04:09:10.674 [main] DEBUG org.rtklib.java.rtcm.Rtcm -- MSM sig[0] sigid=2 sigstr=2I code=40 idx=0
04:09:10.674 [main] DEBUG org.rtklib.java.rtcm.Rtcm -- MSM sig[1] sigid=23 sigstr=5P code=58 idx=2
04:09:10.674 [main] DEBUG org.rtklib.java.rtcm.Rtcm -- MSM sig[2] sigid=31 sigstr=1P code=2 idx=4
04:09:10.674 [main] DEBUG org.rtklib.java.rtcm.Rtcm -- MSM after sigindex: sig[0] code=40 idx=0
04:09:10.674 [main] DEBUG org.rtklib.java.rtcm.Rtcm -- MSM after sigindex: sig[1] code=58 idx=2
04:09:10.674 [main] DEBUG org.rtklib.java.rtcm.Rtcm -- MSM after sigindex: sig[2] code=2 idx=4
04:09:10.674 [main] DEBUG org.rtklib.java.rtcm.Rtcm -- RTCM3 decoded message type=1042, length=70
04:09:10.674 [main] DEBUG org.rtklib.java.rtcm.Rtcm -- RTCM3 decoded message type=1005, length=25
04:09:10.674 [main] DEBUG org.rtklib.java.rtcm.Rtcm -- RTCM3 decoded message type=1033, length=27
04:09:10.674 [main] DEBUG org.rtklib.java.rtcm.Rtcm -- RTCM3 decoded message type=1124, length=248
04:09:10.674 [main] DEBUG org.rtklib.java.rtcm.Rtcm -- MSM BDS TOW: raw=63439000, tow=63453.0
04:09:10.674 [main] DEBUG org.rtklib.java.rtcm.Rtcm -- MSM BDS after adjweek: time.time=1780853853, time.sec=0.0
04:09:10.674 [main] DEBUG org.rtklib.java.rtcm.Rtcm -- decode_msm_head: sys=32 staid=0 nsat=12 nsig=5 sync=1 iod=0 ncell=31
04:09:10.674 [main] DEBUG org.rtklib.java.rtcm.Rtcm -- MSM sig[0] sigid=2 sigstr=2I code=40 idx=0
04:09:10.674 [main] DEBUG org.rtklib.java.rtcm.Rtcm -- MSM sig[1] sigid=8 sigstr=6I code=42 idx=3
04:09:10.674 [main] DEBUG org.rtklib.java.rtcm.Rtcm -- MSM sig[2] sigid=14 sigstr=7I code=27 idx=1
04:09:10.674 [main] DEBUG org.rtklib.java.rtcm.Rtcm -- MSM sig[3] sigid=23 sigstr=5P code=58 idx=2
04:09:10.674 [main] DEBUG org.rtklib.java.rtcm.Rtcm -- MSM sig[4] sigid=31 sigstr=1P code=2 idx=4
04:09:10.674 [main] DEBUG org.rtklib.java.rtcm.Rtcm -- MSM after sigindex: sig[0] code=40 idx=0
04:09:10.674 [main] DEBUG org.rtklib.java.rtcm.Rtcm -- MSM after sigindex: sig[1] code=42 idx=3
04:09:10.674 [main] DEBUG org.rtklib.java.rtcm.Rtcm -- MSM after sigindex: sig[2] code=27 idx=1
04:09:10.674 [main] DEBUG org.rtklib.java.rtcm.Rtcm -- MSM after sigindex: sig[3] code=58 idx=2
04:09:10.674 [main] DEBUG org.rtklib.java.rtcm.Rtcm -- MSM after sigindex: sig[4] code=2 idx=4
04:09:10.674 [main] DEBUG org.rtklib.java.rtcm.Rtcm -- RTCM3 decoded message type=1124, length=54
04:09:10.674 [main] DEBUG org.rtklib.java.rtcm.Rtcm -- MSM BDS TOW: raw=63439000, tow=63453.0
04:09:10.674 [main] DEBUG org.rtklib.java.rtcm.Rtcm -- MSM BDS after adjweek: time.time=1780853853, time.sec=0.0
04:09:10.674 [main] DEBUG org.rtklib.java.rtcm.Rtcm -- decode_msm_head: sys=32 staid=0 nsat=1 nsig=4 sync=0 iod=0 ncell=4
04:09:10.674 [main] DEBUG org.rtklib.java.rtcm.Rtcm -- MSM sig[0] sigid=2 sigstr=2I code=40 idx=0
04:09:10.674 [main] DEBUG org.rtklib.java.rtcm.Rtcm -- MSM sig[1] sigid=8 sigstr=6I code=42 idx=3
04:09:10.674 [main] DEBUG org.rtklib.java.rtcm.Rtcm -- MSM sig[2] sigid=23 sigstr=5P code=58 idx=2
04:09:10.674 [main] DEBUG org.rtklib.java.rtcm.Rtcm -- MSM sig[3] sigid=31 sigstr=1P code=2 idx=4
04:09:10.674 [main] DEBUG org.rtklib.java.rtcm.Rtcm -- MSM after sigindex: sig[0] code=40 idx=0
04:09:10.674 [main] DEBUG org.rtklib.java.rtcm.Rtcm -- MSM after sigindex: sig[1] code=42 idx=3
04:09:10.674 [main] DEBUG org.rtklib.java.rtcm.Rtcm -- MSM after sigindex: sig[2] code=58 idx=2
04:09:10.674 [main] DEBUG org.rtklib.java.rtcm.Rtcm -- MSM after sigindex: sig[3] code=2 idx=4
04:09:10.674 [main] DEBUG org.rtklib.java.rtcm.Rtcm -- RTCM3 decoded message type=1042, length=70
04:09:10.674 [main] DEBUG org.rtklib.java.rtcm.Rtcm -- RTCM3 decoded message type=1005, length=25
04:09:10.674 [main] DEBUG org.rtklib.java.rtcm.Rtcm -- RTCM3 decoded message type=1033, length=27
04:09:10.674 [main] DEBUG org.rtklib.java.rtcm.Rtcm -- RTCM3 decoded message type=1124, length=260
04:09:10.674 [main] DEBUG org.rtklib.java.rtcm.Rtcm -- MSM BDS TOW: raw=63454000, tow=63468.0
04:09:10.674 [main] DEBUG org.rtklib.java.rtcm.Rtcm -- MSM BDS after adjweek: time.time=1780853868, time.sec=0.0
04:09:10.674 [main] DEBUG org.rtklib.java.rtcm.Rtcm -- decode_msm_head: sys=32 staid=0 nsat=12 nsig=5 sync=1 iod=0 ncell=33
04:09:10.674 [main] DEBUG org.rtklib.java.rtcm.Rtcm -- MSM sig[0] sigid=2 sigstr=2I code=40 idx=0
04:09:10.674 [main] DEBUG org.rtklib.java.rtcm.Rtcm -- MSM sig[1] sigid=8 sigstr=6I code=42 idx=3
04:09:10.674 [main] DEBUG org.rtklib.java.rtcm.Rtcm -- MSM sig[2] sigid=14 sigstr=7I code=27 idx=1
04:09:10.674 [main] DEBUG org.rtklib.java.rtcm.Rtcm -- MSM sig[3] sigid=23 sigstr=5P code=58 idx=2
04:09:10.674 [main] DEBUG org.rtklib.java.rtcm.Rtcm -- MSM sig[4] sigid=31 sigstr=1P code=2 idx=4
04:09:10.674 [main] DEBUG org.rtklib.java.rtcm.Rtcm -- MSM after sigindex: sig[0] code=40 idx=0
04:09:10.674 [main] DEBUG org.rtklib.java.rtcm.Rtcm -- MSM after sigindex: sig[1] code=42 idx=3
04:09:10.674 [main] DEBUG org.rtklib.java.rtcm.Rtcm -- MSM after sigindex: sig[2] code=27 idx=1
04:09:10.674 [main] DEBUG org.rtklib.java.rtcm.Rtcm -- MSM after sigindex: sig[3] code=58 idx=2
04:09:10.674 [main] DEBUG org.rtklib.java.rtcm.Rtcm -- MSM after sigindex: sig[4] code=2 idx=4
04:09:10.675 [main] DEBUG org.rtklib.java.rtcm.Rtcm -- RTCM3 decoded message type=1124, length=48
04:09:10.675 [main] DEBUG org.rtklib.java.rtcm.Rtcm -- MSM BDS TOW: raw=63454000, tow=63468.0
04:09:10.675 [main] DEBUG org.rtklib.java.rtcm.Rtcm -- MSM BDS after adjweek: time.time=1780853868, time.sec=0.0
04:09:10.675 [main] DEBUG org.rtklib.java.rtcm.Rtcm -- decode_msm_head: sys=32 staid=0 nsat=1 nsig=3 sync=0 iod=0 ncell=3
04:09:10.675 [main] DEBUG org.rtklib.java.rtcm.Rtcm -- MSM sig[0] sigid=8 sigstr=6I code=42 idx=3
04:09:10.675 [main] DEBUG org.rtklib.java.rtcm.Rtcm -- MSM sig[1] sigid=23 sigstr=5P code=58 idx=2
04:09:10.675 [main] DEBUG org.rtklib.java.rtcm.Rtcm -- MSM sig[2] sigid=31 sigstr=1P code=2 idx=4
04:09:10.675 [main] DEBUG org.rtklib.java.rtcm.Rtcm -- MSM after sigindex: sig[0] code=42 idx=3
04:09:10.675 [main] DEBUG org.rtklib.java.rtcm.Rtcm -- MSM after sigindex: sig[1] code=58 idx=2
04:09:10.675 [main] DEBUG org.rtklib.java.rtcm.Rtcm -- MSM after sigindex: sig[2] code=2 idx=4
04:09:10.675 [main] DEBUG org.rtklib.java.rtcm.Rtcm -- RTCM3 decoded message type=1042, length=70
04:09:10.675 [main] DEBUG org.rtklib.java.rtcm.Rtcm -- RTCM3 decoded message type=1005, length=25
04:09:10.675 [main] DEBUG org.rtklib.java.rtcm.Rtcm -- RTCM3 decoded message type=1033, length=27
04:09:10.675 [main] DEBUG org.rtklib.java.rtcm.Rtcm -- RTCM3 decoded message type=1124, length=260
04:09:10.675 [main] DEBUG org.rtklib.java.rtcm.Rtcm -- MSM BDS TOW: raw=63469000, tow=63483.0
04:09:10.675 [main] DEBUG org.rtklib.java.rtcm.Rtcm -- MSM BDS after adjweek: time.time=1780853883, time.sec=0.0
04:09:10.675 [main] DEBUG org.rtklib.java.rtcm.Rtcm -- decode_msm_head: sys=32 staid=0 nsat=12 nsig=5 sync=1 iod=0 ncell=33
04:09:10.675 [main] DEBUG org.rtklib.java.rtcm.Rtcm -- MSM sig[0] sigid=2 sigstr=2I code=40 idx=0
04:09:10.675 [main] DEBUG org.rtklib.java.rtcm.Rtcm -- MSM sig[1] sigid=8 sigstr=6I code=42 idx=3
04:09:10.675 [main] DEBUG org.rtklib.java.rtcm.Rtcm -- MSM sig[2] sigid=14 sigstr=7I code=27 idx=1
04:09:10.675 [main] DEBUG org.rtklib.java.rtcm.Rtcm -- MSM sig[3] sigid=23 sigstr=5P code=58 idx=2
04:09:10.675 [main] DEBUG org.rtklib.java.rtcm.Rtcm -- MSM sig[4] sigid=31 sigstr=1P code=2 idx=4
04:09:10.675 [main] DEBUG org.rtklib.java.rtcm.Rtcm -- MSM after sigindex: sig[0] code=40 idx=0
04:09:10.675 [main] DEBUG org.rtklib.java.rtcm.Rtcm -- MSM after sigindex: sig[1] code=42 idx=3
04:09:10.675 [main] DEBUG org.rtklib.java.rtcm.Rtcm -- MSM after sigindex: sig[2] code=27 idx=1
04:09:10.675 [main] DEBUG org.rtklib.java.rtcm.Rtcm -- MSM after sigindex: sig[3] code=58 idx=2
04:09:10.675 [main] DEBUG org.rtklib.java.rtcm.Rtcm -- MSM after sigindex: sig[4] code=2 idx=4
04:09:10.675 [main] DEBUG org.rtklib.java.rtcm.Rtcm -- RTCM3 decoded message type=1124, length=48
04:09:10.675 [main] DEBUG org.rtklib.java.rtcm.Rtcm -- MSM BDS TOW: raw=63469000, tow=63483.0
04:09:10.675 [main] DEBUG org.rtklib.java.rtcm.Rtcm -- MSM BDS after adjweek: time.time=1780853883, time.sec=0.0
04:09:10.675 [main] DEBUG org.rtklib.java.rtcm.Rtcm -- decode_msm_head: sys=32 staid=0 nsat=1 nsig=3 sync=0 iod=0 ncell=3
04:09:10.675 [main] DEBUG org.rtklib.java.rtcm.Rtcm -- MSM sig[0] sigid=8 sigstr=6I code=42 idx=3
04:09:10.675 [main] DEBUG org.rtklib.java.rtcm.Rtcm -- MSM sig[1] sigid=23 sigstr=5P code=58 idx=2
04:09:10.675 [main] DEBUG org.rtklib.java.rtcm.Rtcm -- MSM sig[2] sigid=31 sigstr=1P code=2 idx=4
04:09:10.675 [main] DEBUG org.rtklib.java.rtcm.Rtcm -- MSM after sigindex: sig[0] code=42 idx=3
04:09:10.675 [main] DEBUG org.rtklib.java.rtcm.Rtcm -- MSM after sigindex: sig[1] code=58 idx=2
04:09:10.675 [main] DEBUG org.rtklib.java.rtcm.Rtcm -- MSM after sigindex: sig[2] code=2 idx=4
04:09:10.675 [main] DEBUG org.rtklib.java.rtcm.Rtcm -- RTCM3 decoded message type=1042, length=70
04:09:10.675 [main] DEBUG org.rtklib.java.rtcm.Rtcm -- RTCM3 decoded message type=1005, length=25
04:09:10.675 [main] DEBUG org.rtklib.java.rtcm.Rtcm -- RTCM3 decoded message type=1033, length=27
04:09:10.675 [main] DEBUG org.rtklib.java.rtcm.Rtcm -- RTCM3 decoded message type=1124, length=248
04:09:10.675 [main] DEBUG org.rtklib.java.rtcm.Rtcm -- MSM BDS TOW: raw=63484000, tow=63498.0
04:09:10.675 [main] DEBUG org.rtklib.java.rtcm.Rtcm -- MSM BDS after adjweek: time.time=1780853898, time.sec=0.0
04:09:10.675 [main] DEBUG org.rtklib.java.rtcm.Rtcm -- decode_msm_head: sys=32 staid=0 nsat=12 nsig=5 sync=1 iod=0 ncell=31
04:09:10.675 [main] DEBUG org.rtklib.java.rtcm.Rtcm -- MSM sig[0] sigid=2 sigstr=2I code=40 idx=0
04:09:10.675 [main] DEBUG org.rtklib.java.rtcm.Rtcm -- MSM sig[1] sigid=8 sigstr=6I code=42 idx=3
04:09:10.675 [main] DEBUG org.rtklib.java.rtcm.Rtcm -- MSM sig[2] sigid=14 sigstr=7I code=27 idx=1
04:09:10.675 [main] DEBUG org.rtklib.java.rtcm.Rtcm -- MSM sig[3] sigid=23 sigstr=5P code=58 idx=2
04:09:10.675 [main] DEBUG org.rtklib.java.rtcm.Rtcm -- MSM sig[4] sigid=31 sigstr=1P code=2 idx=4
04:09:10.675 [main] DEBUG org.rtklib.java.rtcm.Rtcm -- MSM after sigindex: sig[0] code=40 idx=0
04:09:10.675 [main] DEBUG org.rtklib.java.rtcm.Rtcm -- MSM after sigindex: sig[1] code=42 idx=3
04:09:10.675 [main] DEBUG org.rtklib.java.rtcm.Rtcm -- MSM after sigindex: sig[2] code=27 idx=1
04:09:10.675 [main] DEBUG org.rtklib.java.rtcm.Rtcm -- MSM after sigindex: sig[3] code=58 idx=2
04:09:10.675 [main] DEBUG org.rtklib.java.rtcm.Rtcm -- MSM after sigindex: sig[4] code=2 idx=4
04:09:10.675 [main] DEBUG org.rtklib.java.rtcm.Rtcm -- RTCM3 decoded message type=1124, length=42
04:09:10.675 [main] DEBUG org.rtklib.java.rtcm.Rtcm -- MSM BDS TOW: raw=63484000, tow=63498.0
04:09:10.675 [main] DEBUG org.rtklib.java.rtcm.Rtcm -- MSM BDS after adjweek: time.time=1780853898, time.sec=0.0
04:09:10.675 [main] DEBUG org.rtklib.java.rtcm.Rtcm -- decode_msm_head: sys=32 staid=0 nsat=1 nsig=2 sync=0 iod=0 ncell=2
04:09:10.675 [main] DEBUG org.rtklib.java.rtcm.Rtcm -- MSM sig[0] sigid=8 sigstr=6I code=42 idx=3
04:09:10.675 [main] DEBUG org.rtklib.java.rtcm.Rtcm -- MSM sig[1] sigid=31 sigstr=1P code=2 idx=4
04:09:10.675 [main] DEBUG org.rtklib.java.rtcm.Rtcm -- MSM after sigindex: sig[0] code=42 idx=3
04:09:10.675 [main] DEBUG org.rtklib.java.rtcm.Rtcm -- MSM after sigindex: sig[1] code=2 idx=4
04:09:10.675 [main] DEBUG org.rtklib.java.rtcm.Rtcm -- RTCM3 decoded message type=1042, length=70
04:09:10.675 [main] DEBUG org.rtklib.java.rtcm.Rtcm -- RTCM3 decoded message type=1005, length=25
04:09:10.675 [main] DEBUG org.rtklib.java.rtcm.Rtcm -- RTCM3 decoded message type=1033, length=27
04:09:10.675 [main] DEBUG org.rtklib.java.rtcm.Rtcm -- RTCM3 decoded message type=1124, length=260
04:09:10.675 [main] DEBUG org.rtklib.java.rtcm.Rtcm -- MSM BDS TOW: raw=63499000, tow=63513.0
04:09:10.675 [main] DEBUG org.rtklib.java.rtcm.Rtcm -- MSM BDS after adjweek: time.time=1780853913, time.sec=0.0
04:09:10.675 [main] DEBUG org.rtklib.java.rtcm.Rtcm -- decode_msm_head: sys=32 staid=0 nsat=12 nsig=5 sync=1 iod=0 ncell=33
04:09:10.675 [main] DEBUG org.rtklib.java.rtcm.Rtcm -- MSM sig[0] sigid=2 sigstr=2I code=40 idx=0
04:09:10.675 [main] DEBUG org.rtklib.java.rtcm.Rtcm -- MSM sig[1] sigid=8 sigstr=6I code=42 idx=3
04:09:10.675 [main] DEBUG org.rtklib.java.rtcm.Rtcm -- MSM sig[2] sigid=14 sigstr=7I code=27 idx=1
04:09:10.675 [main] DEBUG org.rtklib.java.rtcm.Rtcm -- MSM sig[3] sigid=23 sigstr=5P code=58 idx=2
04:09:10.675 [main] DEBUG org.rtklib.java.rtcm.Rtcm -- MSM sig[4] sigid=31 sigstr=1P code=2 idx=4
04:09:10.675 [main] DEBUG org.rtklib.java.rtcm.Rtcm -- MSM after sigindex: sig[0] code=40 idx=0
04:09:10.675 [main] DEBUG org.rtklib.java.rtcm.Rtcm -- MSM after sigindex: sig[1] code=42 idx=3
04:09:10.675 [main] DEBUG org.rtklib.java.rtcm.Rtcm -- MSM after sigindex: sig[2] code=27 idx=1
04:09:10.675 [main] DEBUG org.rtklib.java.rtcm.Rtcm -- MSM after sigindex: sig[3] code=58 idx=2
04:09:10.675 [main] DEBUG org.rtklib.java.rtcm.Rtcm -- MSM after sigindex: sig[4] code=2 idx=4
04:09:10.675 [main] DEBUG org.rtklib.java.rtcm.Rtcm -- RTCM3 decoded message type=1124, length=54
04:09:10.675 [main] DEBUG org.rtklib.java.rtcm.Rtcm -- MSM BDS TOW: raw=63499000, tow=63513.0
04:09:10.675 [main] DEBUG org.rtklib.java.rtcm.Rtcm -- MSM BDS after adjweek: time.time=1780853913, time.sec=0.0
04:09:10.675 [main] DEBUG org.rtklib.java.rtcm.Rtcm -- decode_msm_head: sys=32 staid=0 nsat=1 nsig=4 sync=0 iod=0 ncell=4
04:09:10.675 [main] DEBUG org.rtklib.java.rtcm.Rtcm -- MSM sig[0] sigid=2 sigstr=2I code=40 idx=0
04:09:10.675 [main] DEBUG org.rtklib.java.rtcm.Rtcm -- MSM sig[1] sigid=8 sigstr=6I code=42 idx=3
04:09:10.675 [main] DEBUG org.rtklib.java.rtcm.Rtcm -- MSM sig[2] sigid=23 sigstr=5P code=58 idx=2
04:09:10.675 [main] DEBUG org.rtklib.java.rtcm.Rtcm -- MSM sig[3] sigid=31 sigstr=1P code=2 idx=4
04:09:10.675 [main] DEBUG org.rtklib.java.rtcm.Rtcm -- MSM after sigindex: sig[0] code=40 idx=0
04:09:10.675 [main] DEBUG org.rtklib.java.rtcm.Rtcm -- MSM after sigindex: sig[1] code=42 idx=3
04:09:10.675 [main] DEBUG org.rtklib.java.rtcm.Rtcm -- MSM after sigindex: sig[2] code=58 idx=2
04:09:10.675 [main] DEBUG org.rtklib.java.rtcm.Rtcm -- MSM after sigindex: sig[3] code=2 idx=4
04:09:10.675 [main] DEBUG org.rtklib.java.rtcm.Rtcm -- RTCM3 decoded message type=1042, length=70
04:09:10.675 [main] DEBUG org.rtklib.java.rtcm.Rtcm -- RTCM3 decoded message type=1005, length=25
04:09:10.675 [main] DEBUG org.rtklib.java.rtcm.Rtcm -- RTCM3 decoded message type=1033, length=27
04:09:10.675 [main] DEBUG org.rtklib.java.rtcm.Rtcm -- RTCM3 decoded message type=1124, length=254
04:09:10.675 [main] DEBUG org.rtklib.java.rtcm.Rtcm -- MSM BDS TOW: raw=63514000, tow=63528.0
04:09:10.675 [main] DEBUG org.rtklib.java.rtcm.Rtcm -- MSM BDS after adjweek: time.time=1780853928, time.sec=0.0
04:09:10.675 [main] DEBUG org.rtklib.java.rtcm.Rtcm -- decode_msm_head: sys=32 staid=0 nsat=12 nsig=5 sync=1 iod=0 ncell=32
04:09:10.675 [main] DEBUG org.rtklib.java.rtcm.Rtcm -- MSM sig[0] sigid=2 sigstr=2I code=40 idx=0
04:09:10.675 [main] DEBUG org.rtklib.java.rtcm.Rtcm -- MSM sig[1] sigid=8 sigstr=6I code=42 idx=3
04:09:10.675 [main] DEBUG org.rtklib.java.rtcm.Rtcm -- MSM sig[2] sigid=14 sigstr=7I code=27 idx=1
04:09:10.675 [main] DEBUG org.rtklib.java.rtcm.Rtcm -- MSM sig[3] sigid=23 sigstr=5P code=58 idx=2
04:09:10.675 [main] DEBUG org.rtklib.java.rtcm.Rtcm -- MSM sig[4] sigid=31 sigstr=1P code=2 idx=4
04:09:10.675 [main] DEBUG org.rtklib.java.rtcm.Rtcm -- MSM after sigindex: sig[0] code=40 idx=0
04:09:10.675 [main] DEBUG org.rtklib.java.rtcm.Rtcm -- MSM after sigindex: sig[1] code=42 idx=3
04:09:10.675 [main] DEBUG org.rtklib.java.rtcm.Rtcm -- MSM after sigindex: sig[2] code=27 idx=1
04:09:10.675 [main] DEBUG org.rtklib.java.rtcm.Rtcm -- MSM after sigindex: sig[3] code=58 idx=2
04:09:10.675 [main] DEBUG org.rtklib.java.rtcm.Rtcm -- MSM after sigindex: sig[4] code=2 idx=4
04:09:10.675 [main] DEBUG org.rtklib.java.rtcm.Rtcm -- RTCM3 decoded message type=1124, length=48
04:09:10.675 [main] DEBUG org.rtklib.java.rtcm.Rtcm -- MSM BDS TOW: raw=63514000, tow=63528.0
04:09:10.675 [main] DEBUG org.rtklib.java.rtcm.Rtcm -- MSM BDS after adjweek: time.time=1780853928, time.sec=0.0
04:09:10.675 [main] DEBUG org.rtklib.java.rtcm.Rtcm -- decode_msm_head: sys=32 staid=0 nsat=1 nsig=3 sync=0 iod=0 ncell=3
04:09:10.675 [main] DEBUG org.rtklib.java.rtcm.Rtcm -- MSM sig[0] sigid=2 sigstr=2I code=40 idx=0
04:09:10.675 [main] DEBUG org.rtklib.java.rtcm.Rtcm -- MSM sig[1] sigid=8 sigstr=6I code=42 idx=3
04:09:10.675 [main] DEBUG org.rtklib.java.rtcm.Rtcm -- MSM sig[2] sigid=23 sigstr=5P code=58 idx=2
04:09:10.675 [main] DEBUG org.rtklib.java.rtcm.Rtcm -- MSM after sigindex: sig[0] code=40 idx=0
04:09:10.675 [main] DEBUG org.rtklib.java.rtcm.Rtcm -- MSM after sigindex: sig[1] code=42 idx=3
04:09:10.675 [main] DEBUG org.rtklib.java.rtcm.Rtcm -- MSM after sigindex: sig[2] code=58 idx=2
04:09:10.675 [main] DEBUG org.rtklib.java.rtcm.Rtcm -- RTCM3 decoded message type=1042, length=70
04:09:10.675 [main] DEBUG org.rtklib.java.rtcm.Rtcm -- RTCM3 decoded message type=1005, length=25
04:09:10.675 [main] DEBUG org.rtklib.java.rtcm.Rtcm -- RTCM3 decoded message type=1033, length=27
04:09:10.675 [main] DEBUG org.rtklib.java.rtcm.Rtcm -- RTCM3 decoded message type=1124, length=266
04:09:10.675 [main] DEBUG org.rtklib.java.rtcm.Rtcm -- MSM BDS TOW: raw=63529000, tow=63543.0
04:09:10.675 [main] DEBUG org.rtklib.java.rtcm.Rtcm -- MSM BDS after adjweek: time.time=1780853943, time.sec=0.0
04:09:10.675 [main] DEBUG org.rtklib.java.rtcm.Rtcm -- decode_msm_head: sys=32 staid=0 nsat=12 nsig=5 sync=1 iod=0 ncell=34
04:09:10.675 [main] DEBUG org.rtklib.java.rtcm.Rtcm -- MSM sig[0] sigid=2 sigstr=2I code=40 idx=0
04:09:10.675 [main] DEBUG org.rtklib.java.rtcm.Rtcm -- MSM sig[1] sigid=8 sigstr=6I code=42 idx=3
04:09:10.675 [main] DEBUG org.rtklib.java.rtcm.Rtcm -- MSM sig[2] sigid=14 sigstr=7I code=27 idx=1
04:09:10.675 [main] DEBUG org.rtklib.java.rtcm.Rtcm -- MSM sig[3] sigid=23 sigstr=5P code=58 idx=2
04:09:10.675 [main] DEBUG org.rtklib.java.rtcm.Rtcm -- MSM sig[4] sigid=31 sigstr=1P code=2 idx=4
04:09:10.675 [main] DEBUG org.rtklib.java.rtcm.Rtcm -- MSM after sigindex: sig[0] code=40 idx=0
04:09:10.675 [main] DEBUG org.rtklib.java.rtcm.Rtcm -- MSM after sigindex: sig[1] code=42 idx=3
04:09:10.675 [main] DEBUG org.rtklib.java.rtcm.Rtcm -- MSM after sigindex: sig[2] code=27 idx=1
04:09:10.675 [main] DEBUG org.rtklib.java.rtcm.Rtcm -- MSM after sigindex: sig[3] code=58 idx=2
04:09:10.675 [main] DEBUG org.rtklib.java.rtcm.Rtcm -- MSM after sigindex: sig[4] code=2 idx=4
04:09:10.675 [main] DEBUG org.rtklib.java.rtcm.Rtcm -- RTCM3 decoded message type=1124, length=54
04:09:10.675 [main] DEBUG org.rtklib.java.rtcm.Rtcm -- MSM BDS TOW: raw=63529000, tow=63543.0
04:09:10.675 [main] DEBUG org.rtklib.java.rtcm.Rtcm -- MSM BDS after adjweek: time.time=1780853943, time.sec=0.0
04:09:10.675 [main] DEBUG org.rtklib.java.rtcm.Rtcm -- decode_msm_head: sys=32 staid=0 nsat=1 nsig=4 sync=0 iod=0 ncell=4
04:09:10.675 [main] DEBUG org.rtklib.java.rtcm.Rtcm -- MSM sig[0] sigid=2 sigstr=2I code=40 idx=0
04:09:10.675 [main] DEBUG org.rtklib.java.rtcm.Rtcm -- MSM sig[1] sigid=8 sigstr=6I code=42 idx=3
04:09:10.675 [main] DEBUG org.rtklib.java.rtcm.Rtcm -- MSM sig[2] sigid=23 sigstr=5P code=58 idx=2
04:09:10.675 [main] DEBUG org.rtklib.java.rtcm.Rtcm -- MSM sig[3] sigid=31 sigstr=1P code=2 idx=4
04:09:10.675 [main] DEBUG org.rtklib.java.rtcm.Rtcm -- MSM after sigindex: sig[0] code=40 idx=0
04:09:10.675 [main] DEBUG org.rtklib.java.rtcm.Rtcm -- MSM after sigindex: sig[1] code=42 idx=3
04:09:10.675 [main] DEBUG org.rtklib.java.rtcm.Rtcm -- MSM after sigindex: sig[2] code=58 idx=2
04:09:10.675 [main] DEBUG org.rtklib.java.rtcm.Rtcm -- MSM after sigindex: sig[3] code=2 idx=4
04:09:10.675 [main] DEBUG org.rtklib.java.rtcm.Rtcm -- RTCM3 decoded message type=1042, length=70
04:09:10.676 [main] DEBUG org.rtklib.java.rtcm.Rtcm -- RTCM3 decoded message type=1005, length=25
04:09:10.676 [main] DEBUG org.rtklib.java.rtcm.Rtcm -- RTCM3 decoded message type=1033, length=27
04:09:10.676 [main] DEBUG org.rtklib.java.rtcm.Rtcm -- RTCM3 decoded message type=1124, length=260
04:09:10.676 [main] DEBUG org.rtklib.java.rtcm.Rtcm -- MSM BDS TOW: raw=63544000, tow=63558.0
04:09:10.676 [main] DEBUG org.rtklib.java.rtcm.Rtcm -- MSM BDS after adjweek: time.time=1780853958, time.sec=0.0
04:09:10.676 [main] DEBUG org.rtklib.java.rtcm.Rtcm -- decode_msm_head: sys=32 staid=0 nsat=12 nsig=5 sync=1 iod=0 ncell=33
04:09:10.676 [main] DEBUG org.rtklib.java.rtcm.Rtcm -- MSM sig[0] sigid=2 sigstr=2I code=40 idx=0
04:09:10.676 [main] DEBUG org.rtklib.java.rtcm.Rtcm -- MSM sig[1] sigid=8 sigstr=6I code=42 idx=3
04:09:10.676 [main] DEBUG org.rtklib.java.rtcm.Rtcm -- MSM sig[2] sigid=14 sigstr=7I code=27 idx=1
04:09:10.676 [main] DEBUG org.rtklib.java.rtcm.Rtcm -- MSM sig[3] sigid=23 sigstr=5P code=58 idx=2
04:09:10.676 [main] DEBUG org.rtklib.java.rtcm.Rtcm -- MSM sig[4] sigid=31 sigstr=1P code=2 idx=4
04:09:10.676 [main] DEBUG org.rtklib.java.rtcm.Rtcm -- MSM after sigindex: sig[0] code=40 idx=0
04:09:10.676 [main] DEBUG org.rtklib.java.rtcm.Rtcm -- MSM after sigindex: sig[1] code=42 idx=3
04:09:10.676 [main] DEBUG org.rtklib.java.rtcm.Rtcm -- MSM after sigindex: sig[2] code=27 idx=1
04:09:10.676 [main] DEBUG org.rtklib.java.rtcm.Rtcm -- MSM after sigindex: sig[3] code=58 idx=2
04:09:10.676 [main] DEBUG org.rtklib.java.rtcm.Rtcm -- MSM after sigindex: sig[4] code=2 idx=4
04:09:10.676 [main] DEBUG org.rtklib.java.rtcm.Rtcm -- RTCM3 decoded message type=1124, length=54
04:09:10.676 [main] DEBUG org.rtklib.java.rtcm.Rtcm -- MSM BDS TOW: raw=63544000, tow=63558.0
04:09:10.676 [main] DEBUG org.rtklib.java.rtcm.Rtcm -- MSM BDS after adjweek: time.time=1780853958, time.sec=0.0
04:09:10.676 [main] DEBUG org.rtklib.java.rtcm.Rtcm -- decode_msm_head: sys=32 staid=0 nsat=1 nsig=4 sync=0 iod=0 ncell=4
04:09:10.676 [main] DEBUG org.rtklib.java.rtcm.Rtcm -- MSM sig[0] sigid=2 sigstr=2I code=40 idx=0
04:09:10.676 [main] DEBUG org.rtklib.java.rtcm.Rtcm -- MSM sig[1] sigid=8 sigstr=6I code=42 idx=3
04:09:10.676 [main] DEBUG org.rtklib.java.rtcm.Rtcm -- MSM sig[2] sigid=23 sigstr=5P code=58 idx=2
04:09:10.676 [main] DEBUG org.rtklib.java.rtcm.Rtcm -- MSM sig[3] sigid=31 sigstr=1P code=2 idx=4
04:09:10.676 [main] DEBUG org.rtklib.java.rtcm.Rtcm -- MSM after sigindex: sig[0] code=40 idx=0
04:09:10.676 [main] DEBUG org.rtklib.java.rtcm.Rtcm -- MSM after sigindex: sig[1] code=42 idx=3
04:09:10.676 [main] DEBUG org.rtklib.java.rtcm.Rtcm -- MSM after sigindex: sig[2] code=58 idx=2
04:09:10.676 [main] DEBUG org.rtklib.java.rtcm.Rtcm -- MSM after sigindex: sig[3] code=2 idx=4
04:09:10.676 [main] DEBUG org.rtklib.java.rtcm.Rtcm -- RTCM3 decoded message type=1042, length=70
04:09:10.676 [main] DEBUG org.rtklib.java.rtcm.Rtcm -- RTCM3 decoded message type=1005, length=25
04:09:10.676 [main] DEBUG org.rtklib.java.rtcm.Rtcm -- RTCM3 decoded message type=1033, length=27
04:09:10.676 [main] DEBUG org.rtklib.java.rtcm.Rtcm -- RTCM3 decoded message type=1124, length=260
04:09:10.676 [main] DEBUG org.rtklib.java.rtcm.Rtcm -- MSM BDS TOW: raw=63559000, tow=63573.0
04:09:10.676 [main] DEBUG org.rtklib.java.rtcm.Rtcm -- MSM BDS after adjweek: time.time=1780853973, time.sec=0.0
04:09:10.676 [main] DEBUG org.rtklib.java.rtcm.Rtcm -- decode_msm_head: sys=32 staid=0 nsat=12 nsig=5 sync=1 iod=0 ncell=33
04:09:10.676 [main] DEBUG org.rtklib.java.rtcm.Rtcm -- MSM sig[0] sigid=2 sigstr=2I code=40 idx=0
04:09:10.676 [main] DEBUG org.rtklib.java.rtcm.Rtcm -- MSM sig[1] sigid=8 sigstr=6I code=42 idx=3
04:09:10.676 [main] DEBUG org.rtklib.java.rtcm.Rtcm -- MSM sig[2] sigid=14 sigstr=7I code=27 idx=1
04:09:10.676 [main] DEBUG org.rtklib.java.rtcm.Rtcm -- MSM sig[3] sigid=23 sigstr=5P code=58 idx=2
04:09:10.676 [main] DEBUG org.rtklib.java.rtcm.Rtcm -- MSM sig[4] sigid=31 sigstr=1P code=2 idx=4
04:09:10.676 [main] DEBUG org.rtklib.java.rtcm.Rtcm -- MSM after sigindex: sig[0] code=40 idx=0
04:09:10.676 [main] DEBUG org.rtklib.java.rtcm.Rtcm -- MSM after sigindex: sig[1] code=42 idx=3
04:09:10.676 [main] DEBUG org.rtklib.java.rtcm.Rtcm -- MSM after sigindex: sig[2] code=27 idx=1
04:09:10.676 [main] DEBUG org.rtklib.java.rtcm.Rtcm -- MSM after sigindex: sig[3] code=58 idx=2
04:09:10.676 [main] DEBUG org.rtklib.java.rtcm.Rtcm -- MSM after sigindex: sig[4] code=2 idx=4
04:09:10.676 [main] DEBUG org.rtklib.java.rtcm.Rtcm -- RTCM3 decoded message type=1124, length=54
04:09:10.676 [main] DEBUG org.rtklib.java.rtcm.Rtcm -- MSM BDS TOW: raw=63559000, tow=63573.0
04:09:10.676 [main] DEBUG org.rtklib.java.rtcm.Rtcm -- MSM BDS after adjweek: time.time=1780853973, time.sec=0.0
04:09:10.676 [main] DEBUG org.rtklib.java.rtcm.Rtcm -- decode_msm_head: sys=32 staid=0 nsat=1 nsig=4 sync=0 iod=0 ncell=4
04:09:10.676 [main] DEBUG org.rtklib.java.rtcm.Rtcm -- MSM sig[0] sigid=2 sigstr=2I code=40 idx=0
04:09:10.676 [main] DEBUG org.rtklib.java.rtcm.Rtcm -- MSM sig[1] sigid=8 sigstr=6I code=42 idx=3
04:09:10.676 [main] DEBUG org.rtklib.java.rtcm.Rtcm -- MSM sig[2] sigid=23 sigstr=5P code=58 idx=2
04:09:10.676 [main] DEBUG org.rtklib.java.rtcm.Rtcm -- MSM sig[3] sigid=31 sigstr=1P code=2 idx=4
04:09:10.676 [main] DEBUG org.rtklib.java.rtcm.Rtcm -- MSM after sigindex: sig[0] code=40 idx=0
04:09:10.676 [main] DEBUG org.rtklib.java.rtcm.Rtcm -- MSM after sigindex: sig[1] code=42 idx=3
04:09:10.676 [main] DEBUG org.rtklib.java.rtcm.Rtcm -- MSM after sigindex: sig[2] code=58 idx=2
04:09:10.676 [main] DEBUG org.rtklib.java.rtcm.Rtcm -- MSM after sigindex: sig[3] code=2 idx=4
04:09:10.676 [main] DEBUG org.rtklib.java.rtcm.Rtcm -- RTCM3 decoded message type=1042, length=70
04:09:10.676 [main] DEBUG org.rtklib.java.rtcm.Rtcm -- RTCM3 decoded message type=1005, length=25
04:09:10.676 [main] DEBUG org.rtklib.java.rtcm.Rtcm -- RTCM3 decoded message type=1033, length=27
04:09:10.676 [main] DEBUG org.rtklib.java.rtcm.Rtcm -- RTCM3 decoded message type=1124, length=254
04:09:10.676 [main] DEBUG org.rtklib.java.rtcm.Rtcm -- MSM BDS TOW: raw=63574000, tow=63588.0
04:09:10.676 [main] DEBUG org.rtklib.java.rtcm.Rtcm -- MSM BDS after adjweek: time.time=1780853988, time.sec=0.0
04:09:10.676 [main] DEBUG org.rtklib.java.rtcm.Rtcm -- decode_msm_head: sys=32 staid=0 nsat=12 nsig=5 sync=1 iod=0 ncell=32
04:09:10.676 [main] DEBUG org.rtklib.java.rtcm.Rtcm -- MSM sig[0] sigid=2 sigstr=2I code=40 idx=0
04:09:10.676 [main] DEBUG org.rtklib.java.rtcm.Rtcm -- MSM sig[1] sigid=8 sigstr=6I code=42 idx=3
04:09:10.676 [main] DEBUG org.rtklib.java.rtcm.Rtcm -- MSM sig[2] sigid=14 sigstr=7I code=27 idx=1
04:09:10.676 [main] DEBUG org.rtklib.java.rtcm.Rtcm -- MSM sig[3] sigid=23 sigstr=5P code=58 idx=2
04:09:10.676 [main] DEBUG org.rtklib.java.rtcm.Rtcm -- MSM sig[4] sigid=31 sigstr=1P code=2 idx=4
04:09:10.676 [main] DEBUG org.rtklib.java.rtcm.Rtcm -- MSM after sigindex: sig[0] code=40 idx=0
04:09:10.676 [main] DEBUG org.rtklib.java.rtcm.Rtcm -- MSM after sigindex: sig[1] code=42 idx=3
04:09:10.676 [main] DEBUG org.rtklib.java.rtcm.Rtcm -- MSM after sigindex: sig[2] code=27 idx=1
04:09:10.676 [main] DEBUG org.rtklib.java.rtcm.Rtcm -- MSM after sigindex: sig[3] code=58 idx=2
04:09:10.676 [main] DEBUG org.rtklib.java.rtcm.Rtcm -- MSM after sigindex: sig[4] code=2 idx=4
04:09:10.676 [main] DEBUG org.rtklib.java.rtcm.Rtcm -- RTCM3 decoded message type=1124, length=54
04:09:10.676 [main] DEBUG org.rtklib.java.rtcm.Rtcm -- MSM BDS TOW: raw=63574000, tow=63588.0
04:09:10.676 [main] DEBUG org.rtklib.java.rtcm.Rtcm -- MSM BDS after adjweek: time.time=1780853988, time.sec=0.0
04:09:10.676 [main] DEBUG org.rtklib.java.rtcm.Rtcm -- decode_msm_head: sys=32 staid=0 nsat=1 nsig=4 sync=0 iod=0 ncell=4
04:09:10.676 [main] DEBUG org.rtklib.java.rtcm.Rtcm -- MSM sig[0] sigid=2 sigstr=2I code=40 idx=0
04:09:10.676 [main] DEBUG org.rtklib.java.rtcm.Rtcm -- MSM sig[1] sigid=8 sigstr=6I code=42 idx=3
04:09:10.676 [main] DEBUG org.rtklib.java.rtcm.Rtcm -- MSM sig[2] sigid=23 sigstr=5P code=58 idx=2
04:09:10.676 [main] DEBUG org.rtklib.java.rtcm.Rtcm -- MSM sig[3] sigid=31 sigstr=1P code=2 idx=4
04:09:10.676 [main] DEBUG org.rtklib.java.rtcm.Rtcm -- MSM after sigindex: sig[0] code=40 idx=0
04:09:10.676 [main] DEBUG org.rtklib.java.rtcm.Rtcm -- MSM after sigindex: sig[1] code=42 idx=3
04:09:10.676 [main] DEBUG org.rtklib.java.rtcm.Rtcm -- MSM after sigindex: sig[2] code=58 idx=2
04:09:10.676 [main] DEBUG org.rtklib.java.rtcm.Rtcm -- MSM after sigindex: sig[3] code=2 idx=4
04:09:10.676 [main] DEBUG org.rtklib.java.rtcm.Rtcm -- RTCM3 decoded message type=1042, length=70
04:09:10.676 [main] DEBUG org.rtklib.java.rtcm.Rtcm -- RTCM3 decoded message type=1005, length=25
04:09:10.676 [main] DEBUG org.rtklib.java.rtcm.Rtcm -- RTCM3 decoded message type=1033, length=27
04:09:10.676 [main] DEBUG org.rtklib.java.rtcm.Rtcm -- RTCM3 decoded message type=1124, length=248
04:09:10.676 [main] DEBUG org.rtklib.java.rtcm.Rtcm -- MSM BDS TOW: raw=63589000, tow=63603.0
04:09:10.676 [main] DEBUG org.rtklib.java.rtcm.Rtcm -- MSM BDS after adjweek: time.time=1780854003, time.sec=0.0
04:09:10.676 [main] DEBUG org.rtklib.java.rtcm.Rtcm -- decode_msm_head: sys=32 staid=0 nsat=12 nsig=5 sync=1 iod=0 ncell=31
04:09:10.676 [main] DEBUG org.rtklib.java.rtcm.Rtcm -- MSM sig[0] sigid=2 sigstr=2I code=40 idx=0
04:09:10.676 [main] DEBUG org.rtklib.java.rtcm.Rtcm -- MSM sig[1] sigid=8 sigstr=6I code=42 idx=3
04:09:10.676 [main] DEBUG org.rtklib.java.rtcm.Rtcm -- MSM sig[2] sigid=14 sigstr=7I code=27 idx=1
04:09:10.676 [main] DEBUG org.rtklib.java.rtcm.Rtcm -- MSM sig[3] sigid=23 sigstr=5P code=58 idx=2
04:09:10.676 [main] DEBUG org.rtklib.java.rtcm.Rtcm -- MSM sig[4] sigid=31 sigstr=1P code=2 idx=4
04:09:10.676 [main] DEBUG org.rtklib.java.rtcm.Rtcm -- MSM after sigindex: sig[0] code=40 idx=0
04:09:10.676 [main] DEBUG org.rtklib.java.rtcm.Rtcm -- MSM after sigindex: sig[1] code=42 idx=3
04:09:10.676 [main] DEBUG org.rtklib.java.rtcm.Rtcm -- MSM after sigindex: sig[2] code=27 idx=1
04:09:10.676 [main] DEBUG org.rtklib.java.rtcm.Rtcm -- MSM after sigindex: sig[3] code=58 idx=2
04:09:10.676 [main] DEBUG org.rtklib.java.rtcm.Rtcm -- MSM after sigindex: sig[4] code=2 idx=4
04:09:10.676 [main] DEBUG org.rtklib.java.rtcm.Rtcm -- RTCM3 decoded message type=1124, length=48
04:09:10.676 [main] DEBUG org.rtklib.java.rtcm.Rtcm -- MSM BDS TOW: raw=63589000, tow=63603.0
04:09:10.676 [main] DEBUG org.rtklib.java.rtcm.Rtcm -- MSM BDS after adjweek: time.time=1780854003, time.sec=0.0
04:09:10.676 [main] DEBUG org.rtklib.java.rtcm.Rtcm -- decode_msm_head: sys=32 staid=0 nsat=1 nsig=3 sync=0 iod=0 ncell=3
04:09:10.676 [main] DEBUG org.rtklib.java.rtcm.Rtcm -- MSM sig[0] sigid=2 sigstr=2I code=40 idx=0
04:09:10.676 [main] DEBUG org.rtklib.java.rtcm.Rtcm -- MSM sig[1] sigid=23 sigstr=5P code=58 idx=2
04:09:10.676 [main] DEBUG org.rtklib.java.rtcm.Rtcm -- MSM sig[2] sigid=31 sigstr=1P code=2 idx=4
04:09:10.676 [main] DEBUG org.rtklib.java.rtcm.Rtcm -- MSM after sigindex: sig[0] code=40 idx=0
04:09:10.676 [main] DEBUG org.rtklib.java.rtcm.Rtcm -- MSM after sigindex: sig[1] code=58 idx=2
04:09:10.676 [main] DEBUG org.rtklib.java.rtcm.Rtcm -- MSM after sigindex: sig[2] code=2 idx=4
04:09:10.676 [main] DEBUG org.rtklib.java.rtcm.Rtcm -- RTCM3 decoded message type=1042, length=70
04:09:10.676 [main] DEBUG org.rtklib.java.rtcm.Rtcm -- RTCM3 decoded message type=1005, length=25
04:09:10.676 [main] DEBUG org.rtklib.java.rtcm.Rtcm -- RTCM3 decoded message type=1033, length=27
04:09:10.676 [main] DEBUG org.rtklib.java.rtcm.Rtcm -- RTCM3 decoded message type=1124, length=260
04:09:10.676 [main] DEBUG org.rtklib.java.rtcm.Rtcm -- MSM BDS TOW: raw=63604000, tow=63618.0
04:09:10.676 [main] DEBUG org.rtklib.java.rtcm.Rtcm -- MSM BDS after adjweek: time.time=1780854018, time.sec=0.0
04:09:10.676 [main] DEBUG org.rtklib.java.rtcm.Rtcm -- decode_msm_head: sys=32 staid=0 nsat=12 nsig=5 sync=1 iod=0 ncell=33
04:09:10.676 [main] DEBUG org.rtklib.java.rtcm.Rtcm -- MSM sig[0] sigid=2 sigstr=2I code=40 idx=0
04:09:10.676 [main] DEBUG org.rtklib.java.rtcm.Rtcm -- MSM sig[1] sigid=8 sigstr=6I code=42 idx=3
04:09:10.676 [main] DEBUG org.rtklib.java.rtcm.Rtcm -- MSM sig[2] sigid=14 sigstr=7I code=27 idx=1
04:09:10.676 [main] DEBUG org.rtklib.java.rtcm.Rtcm -- MSM sig[3] sigid=23 sigstr=5P code=58 idx=2
04:09:10.676 [main] DEBUG org.rtklib.java.rtcm.Rtcm -- MSM sig[4] sigid=31 sigstr=1P code=2 idx=4
04:09:10.676 [main] DEBUG org.rtklib.java.rtcm.Rtcm -- MSM after sigindex: sig[0] code=40 idx=0
04:09:10.676 [main] DEBUG org.rtklib.java.rtcm.Rtcm -- MSM after sigindex: sig[1] code=42 idx=3
04:09:10.676 [main] DEBUG org.rtklib.java.rtcm.Rtcm -- MSM after sigindex: sig[2] code=27 idx=1
04:09:10.676 [main] DEBUG org.rtklib.java.rtcm.Rtcm -- MSM after sigindex: sig[3] code=58 idx=2
04:09:10.676 [main] DEBUG org.rtklib.java.rtcm.Rtcm -- MSM after sigindex: sig[4] code=2 idx=4
04:09:10.676 [main] DEBUG org.rtklib.java.rtcm.Rtcm -- RTCM3 decoded message type=1124, length=48
04:09:10.676 [main] DEBUG org.rtklib.java.rtcm.Rtcm -- MSM BDS TOW: raw=63604000, tow=63618.0
04:09:10.676 [main] DEBUG org.rtklib.java.rtcm.Rtcm -- MSM BDS after adjweek: time.time=1780854018, time.sec=0.0
04:09:10.676 [main] DEBUG org.rtklib.java.rtcm.Rtcm -- decode_msm_head: sys=32 staid=0 nsat=1 nsig=3 sync=0 iod=0 ncell=3
04:09:10.676 [main] DEBUG org.rtklib.java.rtcm.Rtcm -- MSM sig[0] sigid=2 sigstr=2I code=40 idx=0
04:09:10.676 [main] DEBUG org.rtklib.java.rtcm.Rtcm -- MSM sig[1] sigid=23 sigstr=5P code=58 idx=2
04:09:10.676 [main] DEBUG org.rtklib.java.rtcm.Rtcm -- MSM sig[2] sigid=31 sigstr=1P code=2 idx=4
04:09:10.676 [main] DEBUG org.rtklib.java.rtcm.Rtcm -- MSM after sigindex: sig[0] code=40 idx=0
04:09:10.676 [main] DEBUG org.rtklib.java.rtcm.Rtcm -- MSM after sigindex: sig[1] code=58 idx=2
04:09:10.676 [main] DEBUG org.rtklib.java.rtcm.Rtcm -- MSM after sigindex: sig[2] code=2 idx=4
04:09:10.676 [main] DEBUG org.rtklib.java.rtcm.Rtcm -- RTCM3 decoded message type=1042, length=70
04:09:10.676 [main] DEBUG org.rtklib.java.rtcm.Rtcm -- RTCM3 decoded message type=1005, length=25
04:09:10.676 [main] DEBUG org.rtklib.java.rtcm.Rtcm -- RTCM3 decoded message type=1033, length=27
04:09:10.676 [main] DEBUG org.rtklib.java.rtcm.Rtcm -- RTCM3 decoded message type=1124, length=260
04:09:10.676 [main] DEBUG org.rtklib.java.rtcm.Rtcm -- MSM BDS TOW: raw=63619000, tow=63633.0
04:09:10.676 [main] DEBUG org.rtklib.java.rtcm.Rtcm -- MSM BDS after adjweek: time.time=1780854033, time.sec=0.0
04:09:10.676 [main] DEBUG org.rtklib.java.rtcm.Rtcm -- decode_msm_head: sys=32 staid=0 nsat=12 nsig=5 sync=1 iod=0 ncell=33
04:09:10.676 [main] DEBUG org.rtklib.java.rtcm.Rtcm -- MSM sig[0] sigid=2 sigstr=2I code=40 idx=0
04:09:10.676 [main] DEBUG org.rtklib.java.rtcm.Rtcm -- MSM sig[1] sigid=8 sigstr=6I code=42 idx=3
04:09:10.676 [main] DEBUG org.rtklib.java.rtcm.Rtcm -- MSM sig[2] sigid=14 sigstr=7I code=27 idx=1
04:09:10.676 [main] DEBUG org.rtklib.java.rtcm.Rtcm -- MSM sig[3] sigid=23 sigstr=5P code=58 idx=2
04:09:10.676 [main] DEBUG org.rtklib.java.rtcm.Rtcm -- MSM sig[4] sigid=31 sigstr=1P code=2 idx=4
04:09:10.676 [main] DEBUG org.rtklib.java.rtcm.Rtcm -- MSM after sigindex: sig[0] code=40 idx=0
04:09:10.676 [main] DEBUG org.rtklib.java.rtcm.Rtcm -- MSM after sigindex: sig[1] code=42 idx=3
04:09:10.676 [main] DEBUG org.rtklib.java.rtcm.Rtcm -- MSM after sigindex: sig[2] code=27 idx=1
04:09:10.676 [main] DEBUG org.rtklib.java.rtcm.Rtcm -- MSM after sigindex: sig[3] code=58 idx=2
04:09:10.676 [main] DEBUG org.rtklib.java.rtcm.Rtcm -- MSM after sigindex: sig[4] code=2 idx=4
04:09:10.676 [main] DEBUG org.rtklib.java.rtcm.Rtcm -- RTCM3 decoded message type=1124, length=42
04:09:10.676 [main] DEBUG org.rtklib.java.rtcm.Rtcm -- MSM BDS TOW: raw=63619000, tow=63633.0
04:09:10.676 [main] DEBUG org.rtklib.java.rtcm.Rtcm -- MSM BDS after adjweek: time.time=1780854033, time.sec=0.0
04:09:10.676 [main] DEBUG org.rtklib.java.rtcm.Rtcm -- decode_msm_head: sys=32 staid=0 nsat=1 nsig=2 sync=0 iod=0 ncell=2
04:09:10.676 [main] DEBUG org.rtklib.java.rtcm.Rtcm -- MSM sig[0] sigid=2 sigstr=2I code=40 idx=0
04:09:10.676 [main] DEBUG org.rtklib.java.rtcm.Rtcm -- MSM sig[1] sigid=23 sigstr=5P code=58 idx=2
04:09:10.676 [main] DEBUG org.rtklib.java.rtcm.Rtcm -- MSM after sigindex: sig[0] code=40 idx=0
04:09:10.676 [main] DEBUG org.rtklib.java.rtcm.Rtcm -- MSM after sigindex: sig[1] code=58 idx=2
04:09:10.676 [main] DEBUG org.rtklib.java.rtcm.Rtcm -- RTCM3 decoded message type=1042, length=70
04:09:10.676 [main] DEBUG org.rtklib.java.rtcm.Rtcm -- RTCM3 decoded message type=1005, length=25
04:09:10.676 [main] DEBUG org.rtklib.java.rtcm.Rtcm -- RTCM3 decoded message type=1033, length=27
04:09:10.676 [main] DEBUG org.rtklib.java.rtcm.Rtcm -- RTCM3 decoded message type=1124, length=260
04:09:10.676 [main] DEBUG org.rtklib.java.rtcm.Rtcm -- MSM BDS TOW: raw=63634000, tow=63648.0
04:09:10.676 [main] DEBUG org.rtklib.java.rtcm.Rtcm -- MSM BDS after adjweek: time.time=1780854048, time.sec=0.0
04:09:10.676 [main] DEBUG org.rtklib.java.rtcm.Rtcm -- decode_msm_head: sys=32 staid=0 nsat=12 nsig=5 sync=1 iod=0 ncell=33
04:09:10.676 [main] DEBUG org.rtklib.java.rtcm.Rtcm -- MSM sig[0] sigid=2 sigstr=2I code=40 idx=0
04:09:10.676 [main] DEBUG org.rtklib.java.rtcm.Rtcm -- MSM sig[1] sigid=8 sigstr=6I code=42 idx=3
04:09:10.676 [main] DEBUG org.rtklib.java.rtcm.Rtcm -- MSM sig[2] sigid=14 sigstr=7I code=27 idx=1
04:09:10.676 [main] DEBUG org.rtklib.java.rtcm.Rtcm -- MSM sig[3] sigid=23 sigstr=5P code=58 idx=2
04:09:10.676 [main] DEBUG org.rtklib.java.rtcm.Rtcm -- MSM sig[4] sigid=31 sigstr=1P code=2 idx=4
04:09:10.676 [main] DEBUG org.rtklib.java.rtcm.Rtcm -- MSM after sigindex: sig[0] code=40 idx=0
04:09:10.676 [main] DEBUG org.rtklib.java.rtcm.Rtcm -- MSM after sigindex: sig[1] code=42 idx=3
04:09:10.676 [main] DEBUG org.rtklib.java.rtcm.Rtcm -- MSM after sigindex: sig[2] code=27 idx=1
04:09:10.676 [main] DEBUG org.rtklib.java.rtcm.Rtcm -- MSM after sigindex: sig[3] code=58 idx=2
04:09:10.676 [main] DEBUG org.rtklib.java.rtcm.Rtcm -- MSM after sigindex: sig[4] code=2 idx=4
04:09:10.676 [main] DEBUG org.rtklib.java.rtcm.Rtcm -- RTCM3 decoded message type=1124, length=42
04:09:10.676 [main] DEBUG org.rtklib.java.rtcm.Rtcm -- MSM BDS TOW: raw=63634000, tow=63648.0
04:09:10.676 [main] DEBUG org.rtklib.java.rtcm.Rtcm -- MSM BDS after adjweek: time.time=1780854048, time.sec=0.0
04:09:10.676 [main] DEBUG org.rtklib.java.rtcm.Rtcm -- decode_msm_head: sys=32 staid=0 nsat=1 nsig=2 sync=0 iod=0 ncell=2
04:09:10.676 [main] DEBUG org.rtklib.java.rtcm.Rtcm -- MSM sig[0] sigid=2 sigstr=2I code=40 idx=0
04:09:10.676 [main] DEBUG org.rtklib.java.rtcm.Rtcm -- MSM sig[1] sigid=23 sigstr=5P code=58 idx=2
04:09:10.676 [main] DEBUG org.rtklib.java.rtcm.Rtcm -- MSM after sigindex: sig[0] code=40 idx=0
04:09:10.676 [main] DEBUG org.rtklib.java.rtcm.Rtcm -- MSM after sigindex: sig[1] code=58 idx=2
04:09:10.676 [main] DEBUG org.rtklib.java.rtcm.Rtcm -- RTCM3 decoded message type=1042, length=70
04:09:10.676 [main] DEBUG org.rtklib.java.rtcm.Rtcm -- RTCM3 decoded message type=1005, length=25
04:09:10.676 [main] DEBUG org.rtklib.java.rtcm.Rtcm -- RTCM3 decoded message type=1033, length=27
04:09:10.676 [main] DEBUG org.rtklib.java.rtcm.Rtcm -- RTCM3 decoded message type=1124, length=248
04:09:10.676 [main] DEBUG org.rtklib.java.rtcm.Rtcm -- MSM BDS TOW: raw=63649000, tow=63663.0
04:09:10.676 [main] DEBUG org.rtklib.java.rtcm.Rtcm -- MSM BDS after adjweek: time.time=1780854063, time.sec=0.0
04:09:10.677 [main] DEBUG org.rtklib.java.rtcm.Rtcm -- decode_msm_head: sys=32 staid=0 nsat=12 nsig=5 sync=1 iod=0 ncell=31
04:09:10.677 [main] DEBUG org.rtklib.java.rtcm.Rtcm -- MSM sig[0] sigid=2 sigstr=2I code=40 idx=0
04:09:10.677 [main] DEBUG org.rtklib.java.rtcm.Rtcm -- MSM sig[1] sigid=8 sigstr=6I code=42 idx=3
04:09:10.677 [main] DEBUG org.rtklib.java.rtcm.Rtcm -- MSM sig[2] sigid=14 sigstr=7I code=27 idx=1
04:09:10.677 [main] DEBUG org.rtklib.java.rtcm.Rtcm -- MSM sig[3] sigid=23 sigstr=5P code=58 idx=2
04:09:10.677 [main] DEBUG org.rtklib.java.rtcm.Rtcm -- MSM sig[4] sigid=31 sigstr=1P code=2 idx=4
04:09:10.677 [main] DEBUG org.rtklib.java.rtcm.Rtcm -- MSM after sigindex: sig[0] code=40 idx=0
04:09:10.677 [main] DEBUG org.rtklib.java.rtcm.Rtcm -- MSM after sigindex: sig[1] code=42 idx=3
04:09:10.677 [main] DEBUG org.rtklib.java.rtcm.Rtcm -- MSM after sigindex: sig[2] code=27 idx=1
04:09:10.677 [main] DEBUG org.rtklib.java.rtcm.Rtcm -- MSM after sigindex: sig[3] code=58 idx=2
04:09:10.677 [main] DEBUG org.rtklib.java.rtcm.Rtcm -- MSM after sigindex: sig[4] code=2 idx=4
04:09:10.677 [main] DEBUG org.rtklib.java.rtcm.Rtcm -- RTCM3 decoded message type=1124, length=42
04:09:10.677 [main] DEBUG org.rtklib.java.rtcm.Rtcm -- MSM BDS TOW: raw=63649000, tow=63663.0
04:09:10.677 [main] DEBUG org.rtklib.java.rtcm.Rtcm -- MSM BDS after adjweek: time.time=1780854063, time.sec=0.0
04:09:10.677 [main] DEBUG org.rtklib.java.rtcm.Rtcm -- decode_msm_head: sys=32 staid=0 nsat=1 nsig=2 sync=0 iod=0 ncell=2
04:09:10.677 [main] DEBUG org.rtklib.java.rtcm.Rtcm -- MSM sig[0] sigid=2 sigstr=2I code=40 idx=0
04:09:10.677 [main] DEBUG org.rtklib.java.rtcm.Rtcm -- MSM sig[1] sigid=23 sigstr=5P code=58 idx=2
04:09:10.677 [main] DEBUG org.rtklib.java.rtcm.Rtcm -- MSM after sigindex: sig[0] code=40 idx=0
04:09:10.677 [main] DEBUG org.rtklib.java.rtcm.Rtcm -- MSM after sigindex: sig[1] code=58 idx=2
04:09:10.677 [main] DEBUG org.rtklib.java.rtcm.Rtcm -- RTCM3 decoded message type=1042, length=70
04:09:10.677 [main] DEBUG org.rtklib.java.rtcm.Rtcm -- RTCM3 decoded message type=1005, length=25
04:09:10.677 [main] DEBUG org.rtklib.java.rtcm.Rtcm -- RTCM3 decoded message type=1033, length=27
04:09:10.677 [main] DEBUG org.rtklib.java.rtcm.Rtcm -- RTCM3 decoded message type=1124, length=254
04:09:10.677 [main] DEBUG org.rtklib.java.rtcm.Rtcm -- MSM BDS TOW: raw=63664000, tow=63678.0
04:09:10.677 [main] DEBUG org.rtklib.java.rtcm.Rtcm -- MSM BDS after adjweek: time.time=1780854078, time.sec=0.0
04:09:10.677 [main] DEBUG org.rtklib.java.rtcm.Rtcm -- decode_msm_head: sys=32 staid=0 nsat=12 nsig=5 sync=1 iod=0 ncell=32
04:09:10.677 [main] DEBUG org.rtklib.java.rtcm.Rtcm -- MSM sig[0] sigid=2 sigstr=2I code=40 idx=0
04:09:10.677 [main] DEBUG org.rtklib.java.rtcm.Rtcm -- MSM sig[1] sigid=8 sigstr=6I code=42 idx=3
04:09:10.677 [main] DEBUG org.rtklib.java.rtcm.Rtcm -- MSM sig[2] sigid=14 sigstr=7I code=27 idx=1
04:09:10.677 [main] DEBUG org.rtklib.java.rtcm.Rtcm -- MSM sig[3] sigid=23 sigstr=5P code=58 idx=2
04:09:10.677 [main] DEBUG org.rtklib.java.rtcm.Rtcm -- MSM sig[4] sigid=31 sigstr=1P code=2 idx=4
04:09:10.677 [main] DEBUG org.rtklib.java.rtcm.Rtcm -- MSM after sigindex: sig[0] code=40 idx=0
04:09:10.677 [main] DEBUG org.rtklib.java.rtcm.Rtcm -- MSM after sigindex: sig[1] code=42 idx=3
04:09:10.677 [main] DEBUG org.rtklib.java.rtcm.Rtcm -- MSM after sigindex: sig[2] code=27 idx=1
04:09:10.677 [main] DEBUG org.rtklib.java.rtcm.Rtcm -- MSM after sigindex: sig[3] code=58 idx=2
04:09:10.677 [main] DEBUG org.rtklib.java.rtcm.Rtcm -- MSM after sigindex: sig[4] code=2 idx=4
04:09:10.677 [main] DEBUG org.rtklib.java.rtcm.Rtcm -- RTCM3 decoded message type=1124, length=42
04:09:10.677 [main] DEBUG org.rtklib.java.rtcm.Rtcm -- MSM BDS TOW: raw=63664000, tow=63678.0
04:09:10.677 [main] DEBUG org.rtklib.java.rtcm.Rtcm -- MSM BDS after adjweek: time.time=1780854078, time.sec=0.0
04:09:10.677 [main] DEBUG org.rtklib.java.rtcm.Rtcm -- decode_msm_head: sys=32 staid=0 nsat=1 nsig=2 sync=0 iod=0 ncell=2
04:09:10.677 [main] DEBUG org.rtklib.java.rtcm.Rtcm -- MSM sig[0] sigid=2 sigstr=2I code=40 idx=0
04:09:10.677 [main] DEBUG org.rtklib.java.rtcm.Rtcm -- MSM sig[1] sigid=23 sigstr=5P code=58 idx=2
04:09:10.677 [main] DEBUG org.rtklib.java.rtcm.Rtcm -- MSM after sigindex: sig[0] code=40 idx=0
04:09:10.677 [main] DEBUG org.rtklib.java.rtcm.Rtcm -- MSM after sigindex: sig[1] code=58 idx=2
04:09:10.677 [main] DEBUG org.rtklib.java.rtcm.Rtcm -- RTCM3 decoded message type=1042, length=70
04:09:10.677 [main] DEBUG org.rtklib.java.rtcm.Rtcm -- RTCM3 decoded message type=1005, length=25
04:09:10.677 [main] DEBUG org.rtklib.java.rtcm.Rtcm -- RTCM3 decoded message type=1033, length=27
04:09:10.677 [main] DEBUG org.rtklib.java.rtcm.Rtcm -- RTCM3 decoded message type=1124, length=254
04:09:10.677 [main] DEBUG org.rtklib.java.rtcm.Rtcm -- MSM BDS TOW: raw=63679000, tow=63693.0
04:09:10.677 [main] DEBUG org.rtklib.java.rtcm.Rtcm -- MSM BDS after adjweek: time.time=1780854093, time.sec=0.0
04:09:10.677 [main] DEBUG org.rtklib.java.rtcm.Rtcm -- decode_msm_head: sys=32 staid=0 nsat=12 nsig=5 sync=1 iod=0 ncell=32
04:09:10.677 [main] DEBUG org.rtklib.java.rtcm.Rtcm -- MSM sig[0] sigid=2 sigstr=2I code=40 idx=0
04:09:10.677 [main] DEBUG org.rtklib.java.rtcm.Rtcm -- MSM sig[1] sigid=8 sigstr=6I code=42 idx=3
04:09:10.677 [main] DEBUG org.rtklib.java.rtcm.Rtcm -- MSM sig[2] sigid=14 sigstr=7I code=27 idx=1
04:09:10.677 [main] DEBUG org.rtklib.java.rtcm.Rtcm -- MSM sig[3] sigid=23 sigstr=5P code=58 idx=2
04:09:10.677 [main] DEBUG org.rtklib.java.rtcm.Rtcm -- MSM sig[4] sigid=31 sigstr=1P code=2 idx=4
04:09:10.677 [main] DEBUG org.rtklib.java.rtcm.Rtcm -- MSM after sigindex: sig[0] code=40 idx=0
04:09:10.677 [main] DEBUG org.rtklib.java.rtcm.Rtcm -- MSM after sigindex: sig[1] code=42 idx=3
04:09:10.677 [main] DEBUG org.rtklib.java.rtcm.Rtcm -- MSM after sigindex: sig[2] code=27 idx=1
04:09:10.677 [main] DEBUG org.rtklib.java.rtcm.Rtcm -- MSM after sigindex: sig[3] code=58 idx=2
04:09:10.677 [main] DEBUG org.rtklib.java.rtcm.Rtcm -- MSM after sigindex: sig[4] code=2 idx=4
04:09:10.677 [main] DEBUG org.rtklib.java.rtcm.Rtcm -- RTCM3 decoded message type=1124, length=42
04:09:10.677 [main] DEBUG org.rtklib.java.rtcm.Rtcm -- MSM BDS TOW: raw=63679000, tow=63693.0
04:09:10.677 [main] DEBUG org.rtklib.java.rtcm.Rtcm -- MSM BDS after adjweek: time.time=1780854093, time.sec=0.0
04:09:10.677 [main] DEBUG org.rtklib.java.rtcm.Rtcm -- decode_msm_head: sys=32 staid=0 nsat=1 nsig=2 sync=0 iod=0 ncell=2
04:09:10.677 [main] DEBUG org.rtklib.java.rtcm.Rtcm -- MSM sig[0] sigid=2 sigstr=2I code=40 idx=0
04:09:10.677 [main] DEBUG org.rtklib.java.rtcm.Rtcm -- MSM sig[1] sigid=23 sigstr=5P code=58 idx=2
04:09:10.677 [main] DEBUG org.rtklib.java.rtcm.Rtcm -- MSM after sigindex: sig[0] code=40 idx=0
04:09:10.677 [main] DEBUG org.rtklib.java.rtcm.Rtcm -- MSM after sigindex: sig[1] code=58 idx=2
04:09:10.677 [main] DEBUG org.rtklib.java.rtcm.Rtcm -- RTCM3 decoded message type=1042, length=70
04:09:10.677 [main] DEBUG org.rtklib.java.rtcm.Rtcm -- RTCM3 decoded message type=1005, length=25
04:09:10.677 [main] DEBUG org.rtklib.java.rtcm.Rtcm -- RTCM3 decoded message type=1033, length=27
04:09:10.677 [main] DEBUG org.rtklib.java.rtcm.Rtcm -- RTCM3 decoded message type=1124, length=254
04:09:10.677 [main] DEBUG org.rtklib.java.rtcm.Rtcm -- MSM BDS TOW: raw=63694000, tow=63708.0
04:09:10.677 [main] DEBUG org.rtklib.java.rtcm.Rtcm -- MSM BDS after adjweek: time.time=1780854108, time.sec=0.0
04:09:10.677 [main] DEBUG org.rtklib.java.rtcm.Rtcm -- decode_msm_head: sys=32 staid=0 nsat=12 nsig=5 sync=1 iod=0 ncell=32
04:09:10.677 [main] DEBUG org.rtklib.java.rtcm.Rtcm -- MSM sig[0] sigid=2 sigstr=2I code=40 idx=0
04:09:10.677 [main] DEBUG org.rtklib.java.rtcm.Rtcm -- MSM sig[1] sigid=8 sigstr=6I code=42 idx=3
04:09:10.677 [main] DEBUG org.rtklib.java.rtcm.Rtcm -- MSM sig[2] sigid=14 sigstr=7I code=27 idx=1
04:09:10.677 [main] DEBUG org.rtklib.java.rtcm.Rtcm -- MSM sig[3] sigid=23 sigstr=5P code=58 idx=2
04:09:10.677 [main] DEBUG org.rtklib.java.rtcm.Rtcm -- MSM sig[4] sigid=31 sigstr=1P code=2 idx=4
04:09:10.677 [main] DEBUG org.rtklib.java.rtcm.Rtcm -- MSM after sigindex: sig[0] code=40 idx=0
04:09:10.677 [main] DEBUG org.rtklib.java.rtcm.Rtcm -- MSM after sigindex: sig[1] code=42 idx=3
04:09:10.677 [main] DEBUG org.rtklib.java.rtcm.Rtcm -- MSM after sigindex: sig[2] code=27 idx=1
04:09:10.677 [main] DEBUG org.rtklib.java.rtcm.Rtcm -- MSM after sigindex: sig[3] code=58 idx=2
04:09:10.677 [main] DEBUG org.rtklib.java.rtcm.Rtcm -- MSM after sigindex: sig[4] code=2 idx=4
04:09:10.677 [main] DEBUG org.rtklib.java.rtcm.Rtcm -- RTCM3 decoded message type=1124, length=42
04:09:10.677 [main] DEBUG org.rtklib.java.rtcm.Rtcm -- MSM BDS TOW: raw=63694000, tow=63708.0
04:09:10.677 [main] DEBUG org.rtklib.java.rtcm.Rtcm -- MSM BDS after adjweek: time.time=1780854108, time.sec=0.0
04:09:10.677 [main] DEBUG org.rtklib.java.rtcm.Rtcm -- decode_msm_head: sys=32 staid=0 nsat=1 nsig=2 sync=0 iod=0 ncell=2
04:09:10.677 [main] DEBUG org.rtklib.java.rtcm.Rtcm -- MSM sig[0] sigid=2 sigstr=2I code=40 idx=0
04:09:10.677 [main] DEBUG org.rtklib.java.rtcm.Rtcm -- MSM sig[1] sigid=23 sigstr=5P code=58 idx=2
04:09:10.677 [main] DEBUG org.rtklib.java.rtcm.Rtcm -- MSM after sigindex: sig[0] code=40 idx=0
04:09:10.677 [main] DEBUG org.rtklib.java.rtcm.Rtcm -- MSM after sigindex: sig[1] code=58 idx=2
04:09:10.677 [main] DEBUG org.rtklib.java.rtcm.Rtcm -- RTCM3 decoded message type=1042, length=70
04:09:10.677 [main] DEBUG org.rtklib.java.rtcm.Rtcm -- RTCM3 decoded message type=1005, length=25
04:09:10.677 [main] DEBUG org.rtklib.java.rtcm.Rtcm -- RTCM3 decoded message type=1033, length=27
04:09:10.677 [main] DEBUG org.rtklib.java.rtcm.Rtcm -- RTCM3 decoded message type=1124, length=248
04:09:10.677 [main] DEBUG org.rtklib.java.rtcm.Rtcm -- MSM BDS TOW: raw=63709000, tow=63723.0
04:09:10.677 [main] DEBUG org.rtklib.java.rtcm.Rtcm -- MSM BDS after adjweek: time.time=1780854123, time.sec=0.0
04:09:10.677 [main] DEBUG org.rtklib.java.rtcm.Rtcm -- decode_msm_head: sys=32 staid=0 nsat=12 nsig=5 sync=1 iod=0 ncell=31
04:09:10.677 [main] DEBUG org.rtklib.java.rtcm.Rtcm -- MSM sig[0] sigid=2 sigstr=2I code=40 idx=0
04:09:10.677 [main] DEBUG org.rtklib.java.rtcm.Rtcm -- MSM sig[1] sigid=8 sigstr=6I code=42 idx=3
04:09:10.677 [main] DEBUG org.rtklib.java.rtcm.Rtcm -- MSM sig[2] sigid=14 sigstr=7I code=27 idx=1
04:09:10.677 [main] DEBUG org.rtklib.java.rtcm.Rtcm -- MSM sig[3] sigid=23 sigstr=5P code=58 idx=2
04:09:10.677 [main] DEBUG org.rtklib.java.rtcm.Rtcm -- MSM sig[4] sigid=31 sigstr=1P code=2 idx=4
04:09:10.677 [main] DEBUG org.rtklib.java.rtcm.Rtcm -- MSM after sigindex: sig[0] code=40 idx=0
04:09:10.677 [main] DEBUG org.rtklib.java.rtcm.Rtcm -- MSM after sigindex: sig[1] code=42 idx=3
04:09:10.677 [main] DEBUG org.rtklib.java.rtcm.Rtcm -- MSM after sigindex: sig[2] code=27 idx=1
04:09:10.677 [main] DEBUG org.rtklib.java.rtcm.Rtcm -- MSM after sigindex: sig[3] code=58 idx=2
04:09:10.677 [main] DEBUG org.rtklib.java.rtcm.Rtcm -- MSM after sigindex: sig[4] code=2 idx=4
04:09:10.677 [main] DEBUG org.rtklib.java.rtcm.Rtcm -- RTCM3 decoded message type=1124, length=36
04:09:10.677 [main] DEBUG org.rtklib.java.rtcm.Rtcm -- MSM BDS TOW: raw=63709000, tow=63723.0
04:09:10.677 [main] DEBUG org.rtklib.java.rtcm.Rtcm -- MSM BDS after adjweek: time.time=1780854123, time.sec=0.0
04:09:10.677 [main] DEBUG org.rtklib.java.rtcm.Rtcm -- decode_msm_head: sys=32 staid=0 nsat=1 nsig=1 sync=0 iod=0 ncell=1
04:09:10.677 [main] DEBUG org.rtklib.java.rtcm.Rtcm -- MSM sig[0] sigid=23 sigstr=5P code=58 idx=2
04:09:10.677 [main] DEBUG org.rtklib.java.rtcm.Rtcm -- MSM after sigindex: sig[0] code=58 idx=2
04:09:10.677 [main] DEBUG org.rtklib.java.rtcm.Rtcm -- RTCM3 decoded message type=1042, length=70
04:09:10.677 [main] DEBUG org.rtklib.java.rtcm.Rtcm -- RTCM3 decoded message type=1005, length=25
04:09:10.677 [main] DEBUG org.rtklib.java.rtcm.Rtcm -- RTCM3 decoded message type=1033, length=27
04:09:10.677 [main] DEBUG org.rtklib.java.rtcm.Rtcm -- RTCM3 decoded message type=1124, length=254
04:09:10.677 [main] DEBUG org.rtklib.java.rtcm.Rtcm -- MSM BDS TOW: raw=63724000, tow=63738.0
04:09:10.677 [main] DEBUG org.rtklib.java.rtcm.Rtcm -- MSM BDS after adjweek: time.time=1780854138, time.sec=0.0
04:09:10.677 [main] DEBUG org.rtklib.java.rtcm.Rtcm -- decode_msm_head: sys=32 staid=0 nsat=12 nsig=5 sync=1 iod=0 ncell=32
04:09:10.677 [main] DEBUG org.rtklib.java.rtcm.Rtcm -- MSM sig[0] sigid=2 sigstr=2I code=40 idx=0
04:09:10.677 [main] DEBUG org.rtklib.java.rtcm.Rtcm -- MSM sig[1] sigid=8 sigstr=6I code=42 idx=3
04:09:10.677 [main] DEBUG org.rtklib.java.rtcm.Rtcm -- MSM sig[2] sigid=14 sigstr=7I code=27 idx=1
04:09:10.677 [main] DEBUG org.rtklib.java.rtcm.Rtcm -- MSM sig[3] sigid=23 sigstr=5P code=58 idx=2
04:09:10.677 [main] DEBUG org.rtklib.java.rtcm.Rtcm -- MSM sig[4] sigid=31 sigstr=1P code=2 idx=4
04:09:10.677 [main] DEBUG org.rtklib.java.rtcm.Rtcm -- MSM after sigindex: sig[0] code=40 idx=0
04:09:10.677 [main] DEBUG org.rtklib.java.rtcm.Rtcm -- MSM after sigindex: sig[1] code=42 idx=3
04:09:10.677 [main] DEBUG org.rtklib.java.rtcm.Rtcm -- MSM after sigindex: sig[2] code=27 idx=1
04:09:10.677 [main] DEBUG org.rtklib.java.rtcm.Rtcm -- MSM after sigindex: sig[3] code=58 idx=2
04:09:10.677 [main] DEBUG org.rtklib.java.rtcm.Rtcm -- MSM after sigindex: sig[4] code=2 idx=4
04:09:10.677 [main] DEBUG org.rtklib.java.rtcm.Rtcm -- RTCM3 decoded message type=1124, length=42
04:09:10.677 [main] DEBUG org.rtklib.java.rtcm.Rtcm -- MSM BDS TOW: raw=63724000, tow=63738.0
04:09:10.677 [main] DEBUG org.rtklib.java.rtcm.Rtcm -- MSM BDS after adjweek: time.time=1780854138, time.sec=0.0
04:09:10.677 [main] DEBUG org.rtklib.java.rtcm.Rtcm -- decode_msm_head: sys=32 staid=0 nsat=1 nsig=2 sync=0 iod=0 ncell=2
04:09:10.677 [main] DEBUG org.rtklib.java.rtcm.Rtcm -- MSM sig[0] sigid=23 sigstr=5P code=58 idx=2
04:09:10.677 [main] DEBUG org.rtklib.java.rtcm.Rtcm -- MSM sig[1] sigid=31 sigstr=1P code=2 idx=4
04:09:10.677 [main] DEBUG org.rtklib.java.rtcm.Rtcm -- MSM after sigindex: sig[0] code=58 idx=2
04:09:10.677 [main] DEBUG org.rtklib.java.rtcm.Rtcm -- MSM after sigindex: sig[1] code=2 idx=4
04:09:10.677 [main] DEBUG org.rtklib.java.rtcm.Rtcm -- RTCM3 decoded message type=1042, length=70
04:09:10.679 [main] DEBUG org.rtklib.java.rtcm.Rtcm -- RTCM3 decoded message type=1005, length=25
04:09:10.679 [main] DEBUG org.rtklib.java.rtcm.Rtcm -- RTCM3 decoded message type=1033, length=27
04:09:10.679 [main] DEBUG org.rtklib.java.rtcm.Rtcm -- RTCM3 decoded message type=1124, length=266
04:09:10.679 [main] DEBUG org.rtklib.java.rtcm.Rtcm -- MSM BDS TOW: raw=63739000, tow=63753.0
04:09:10.679 [main] DEBUG org.rtklib.java.rtcm.Rtcm -- MSM BDS after adjweek: time.time=1780854153, time.sec=0.0
04:09:10.679 [main] DEBUG org.rtklib.java.rtcm.Rtcm -- decode_msm_head: sys=32 staid=0 nsat=12 nsig=5 sync=1 iod=0 ncell=34
04:09:10.679 [main] DEBUG org.rtklib.java.rtcm.Rtcm -- MSM sig[0] sigid=2 sigstr=2I code=40 idx=0
04:09:10.679 [main] DEBUG org.rtklib.java.rtcm.Rtcm -- MSM sig[1] sigid=8 sigstr=6I code=42 idx=3
04:09:10.679 [main] DEBUG org.rtklib.java.rtcm.Rtcm -- MSM sig[2] sigid=14 sigstr=7I code=27 idx=1
04:09:10.679 [main] DEBUG org.rtklib.java.rtcm.Rtcm -- MSM sig[3] sigid=23 sigstr=5P code=58 idx=2
04:09:10.679 [main] DEBUG org.rtklib.java.rtcm.Rtcm -- MSM sig[4] sigid=31 sigstr=1P code=2 idx=4
04:09:10.679 [main] DEBUG org.rtklib.java.rtcm.Rtcm -- MSM after sigindex: sig[0] code=40 idx=0
04:09:10.679 [main] DEBUG org.rtklib.java.rtcm.Rtcm -- MSM after sigindex: sig[1] code=42 idx=3
04:09:10.679 [main] DEBUG org.rtklib.java.rtcm.Rtcm -- MSM after sigindex: sig[2] code=27 idx=1
04:09:10.679 [main] DEBUG org.rtklib.java.rtcm.Rtcm -- MSM after sigindex: sig[3] code=58 idx=2
04:09:10.679 [main] DEBUG org.rtklib.java.rtcm.Rtcm -- MSM after sigindex: sig[4] code=2 idx=4
04:09:10.679 [main] DEBUG org.rtklib.java.rtcm.Rtcm -- RTCM3 decoded message type=1124, length=48
04:09:10.679 [main] DEBUG org.rtklib.java.rtcm.Rtcm -- MSM BDS TOW: raw=63739000, tow=63753.0
04:09:10.679 [main] DEBUG org.rtklib.java.rtcm.Rtcm -- MSM BDS after adjweek: time.time=1780854153, time.sec=0.0
04:09:10.679 [main] DEBUG org.rtklib.java.rtcm.Rtcm -- decode_msm_head: sys=32 staid=0 nsat=1 nsig=3 sync=0 iod=0 ncell=3
04:09:10.679 [main] DEBUG org.rtklib.java.rtcm.Rtcm -- MSM sig[0] sigid=8 sigstr=6I code=42 idx=3
04:09:10.679 [main] DEBUG org.rtklib.java.rtcm.Rtcm -- MSM sig[1] sigid=23 sigstr=5P code=58 idx=2
04:09:10.679 [main] DEBUG org.rtklib.java.rtcm.Rtcm -- MSM sig[2] sigid=31 sigstr=1P code=2 idx=4
04:09:10.679 [main] DEBUG org.rtklib.java.rtcm.Rtcm -- MSM after sigindex: sig[0] code=42 idx=3
04:09:10.679 [main] DEBUG org.rtklib.java.rtcm.Rtcm -- MSM after sigindex: sig[1] code=58 idx=2
04:09:10.679 [main] DEBUG org.rtklib.java.rtcm.Rtcm -- MSM after sigindex: sig[2] code=2 idx=4
04:09:10.679 [main] DEBUG org.rtklib.java.rtcm.Rtcm -- RTCM3 decoded message type=1042, length=70
04:09:10.679 [main] DEBUG org.rtklib.java.rtcm.Rtcm -- RTCM3 decoded message type=1005, length=25
04:09:10.679 [main] DEBUG org.rtklib.java.rtcm.Rtcm -- RTCM3 decoded message type=1033, length=27
04:09:10.679 [main] DEBUG org.rtklib.java.rtcm.Rtcm -- RTCM3 decoded message type=1124, length=266
04:09:10.679 [main] DEBUG org.rtklib.java.rtcm.Rtcm -- MSM BDS TOW: raw=63754000, tow=63768.0
04:09:10.679 [main] DEBUG org.rtklib.java.rtcm.Rtcm -- MSM BDS after adjweek: time.time=1780854168, time.sec=0.0
04:09:10.679 [main] DEBUG org.rtklib.java.rtcm.Rtcm -- decode_msm_head: sys=32 staid=0 nsat=12 nsig=5 sync=1 iod=0 ncell=34
04:09:10.679 [main] DEBUG org.rtklib.java.rtcm.Rtcm -- MSM sig[0] sigid=2 sigstr=2I code=40 idx=0
04:09:10.679 [main] DEBUG org.rtklib.java.rtcm.Rtcm -- MSM sig[1] sigid=8 sigstr=6I code=42 idx=3
04:09:10.679 [main] DEBUG org.rtklib.java.rtcm.Rtcm -- MSM sig[2] sigid=14 sigstr=7I code=27 idx=1
04:09:10.679 [main] DEBUG org.rtklib.java.rtcm.Rtcm -- MSM sig[3] sigid=23 sigstr=5P code=58 idx=2
04:09:10.679 [main] DEBUG org.rtklib.java.rtcm.Rtcm -- MSM sig[4] sigid=31 sigstr=1P code=2 idx=4
04:09:10.679 [main] DEBUG org.rtklib.java.rtcm.Rtcm -- MSM after sigindex: sig[0] code=40 idx=0
04:09:10.679 [main] DEBUG org.rtklib.java.rtcm.Rtcm -- MSM after sigindex: sig[1] code=42 idx=3
04:09:10.679 [main] DEBUG org.rtklib.java.rtcm.Rtcm -- MSM after sigindex: sig[2] code=27 idx=1
04:09:10.679 [main] DEBUG org.rtklib.java.rtcm.Rtcm -- MSM after sigindex: sig[3] code=58 idx=2
04:09:10.679 [main] DEBUG org.rtklib.java.rtcm.Rtcm -- MSM after sigindex: sig[4] code=2 idx=4
04:09:10.679 [main] DEBUG org.rtklib.java.rtcm.Rtcm -- RTCM3 decoded message type=1124, length=42
04:09:10.679 [main] DEBUG org.rtklib.java.rtcm.Rtcm -- MSM BDS TOW: raw=63754000, tow=63768.0
04:09:10.679 [main] DEBUG org.rtklib.java.rtcm.Rtcm -- MSM BDS after adjweek: time.time=1780854168, time.sec=0.0
04:09:10.679 [main] DEBUG org.rtklib.java.rtcm.Rtcm -- decode_msm_head: sys=32 staid=0 nsat=1 nsig=2 sync=0 iod=0 ncell=2
04:09:10.679 [main] DEBUG org.rtklib.java.rtcm.Rtcm -- MSM sig[0] sigid=23 sigstr=5P code=58 idx=2
04:09:10.679 [main] DEBUG org.rtklib.java.rtcm.Rtcm -- MSM sig[1] sigid=31 sigstr=1P code=2 idx=4
04:09:10.679 [main] DEBUG org.rtklib.java.rtcm.Rtcm -- MSM after sigindex: sig[0] code=58 idx=2
04:09:10.679 [main] DEBUG org.rtklib.java.rtcm.Rtcm -- MSM after sigindex: sig[1] code=2 idx=4
04:09:10.679 [main] DEBUG org.rtklib.java.rtcm.Rtcm -- RTCM3 decoded message type=1042, length=70
04:09:10.679 [main] DEBUG org.rtklib.java.rtcm.Rtcm -- RTCM3 decoded message type=1005, length=25
04:09:10.679 [main] DEBUG org.rtklib.java.rtcm.Rtcm -- RTCM3 decoded message type=1033, length=27
04:09:10.679 [main] DEBUG org.rtklib.java.rtcm.Rtcm -- RTCM3 decoded message type=1124, length=260
04:09:10.679 [main] DEBUG org.rtklib.java.rtcm.Rtcm -- MSM BDS TOW: raw=63769000, tow=63783.0
04:09:10.679 [main] DEBUG org.rtklib.java.rtcm.Rtcm -- MSM BDS after adjweek: time.time=1780854183, time.sec=0.0
04:09:10.679 [main] DEBUG org.rtklib.java.rtcm.Rtcm -- decode_msm_head: sys=32 staid=0 nsat=12 nsig=5 sync=1 iod=0 ncell=33
04:09:10.679 [main] DEBUG org.rtklib.java.rtcm.Rtcm -- MSM sig[0] sigid=2 sigstr=2I code=40 idx=0
04:09:10.679 [main] DEBUG org.rtklib.java.rtcm.Rtcm -- MSM sig[1] sigid=8 sigstr=6I code=42 idx=3
04:09:10.679 [main] DEBUG org.rtklib.java.rtcm.Rtcm -- MSM sig[2] sigid=14 sigstr=7I code=27 idx=1
04:09:10.679 [main] DEBUG org.rtklib.java.rtcm.Rtcm -- MSM sig[3] sigid=23 sigstr=5P code=58 idx=2
04:09:10.679 [main] DEBUG org.rtklib.java.rtcm.Rtcm -- MSM sig[4] sigid=31 sigstr=1P code=2 idx=4
04:09:10.679 [main] DEBUG org.rtklib.java.rtcm.Rtcm -- MSM after sigindex: sig[0] code=40 idx=0
04:09:10.679 [main] DEBUG org.rtklib.java.rtcm.Rtcm -- MSM after sigindex: sig[1] code=42 idx=3
04:09:10.679 [main] DEBUG org.rtklib.java.rtcm.Rtcm -- MSM after sigindex: sig[2] code=27 idx=1
04:09:10.679 [main] DEBUG org.rtklib.java.rtcm.Rtcm -- MSM after sigindex: sig[3] code=58 idx=2
04:09:10.679 [main] DEBUG org.rtklib.java.rtcm.Rtcm -- MSM after sigindex: sig[4] code=2 idx=4
04:09:10.679 [main] DEBUG org.rtklib.java.rtcm.Rtcm -- RTCM3 decoded message type=1124, length=42
04:09:10.679 [main] DEBUG org.rtklib.java.rtcm.Rtcm -- MSM BDS TOW: raw=63769000, tow=63783.0
04:09:10.679 [main] DEBUG org.rtklib.java.rtcm.Rtcm -- MSM BDS after adjweek: time.time=1780854183, time.sec=0.0
04:09:10.679 [main] DEBUG org.rtklib.java.rtcm.Rtcm -- decode_msm_head: sys=32 staid=0 nsat=1 nsig=2 sync=0 iod=0 ncell=2
04:09:10.679 [main] DEBUG org.rtklib.java.rtcm.Rtcm -- MSM sig[0] sigid=23 sigstr=5P code=58 idx=2
04:09:10.679 [main] DEBUG org.rtklib.java.rtcm.Rtcm -- MSM sig[1] sigid=31 sigstr=1P code=2 idx=4
04:09:10.679 [main] DEBUG org.rtklib.java.rtcm.Rtcm -- MSM after sigindex: sig[0] code=58 idx=2
04:09:10.679 [main] DEBUG org.rtklib.java.rtcm.Rtcm -- MSM after sigindex: sig[1] code=2 idx=4
04:09:10.679 [main] DEBUG org.rtklib.java.rtcm.Rtcm -- RTCM3 decoded message type=1042, length=70
04:09:10.679 [main] DEBUG org.rtklib.java.rtcm.Rtcm -- RTCM3 decoded message type=1005, length=25
04:09:10.679 [main] DEBUG org.rtklib.java.rtcm.Rtcm -- RTCM3 decoded message type=1033, length=27
04:09:10.679 [main] DEBUG org.rtklib.java.rtcm.Rtcm -- RTCM3 decoded message type=1124, length=266
04:09:10.679 [main] DEBUG org.rtklib.java.rtcm.Rtcm -- MSM BDS TOW: raw=63784000, tow=63798.0
04:09:10.679 [main] DEBUG org.rtklib.java.rtcm.Rtcm -- MSM BDS after adjweek: time.time=1780854198, time.sec=0.0
04:09:10.679 [main] DEBUG org.rtklib.java.rtcm.Rtcm -- decode_msm_head: sys=32 staid=0 nsat=12 nsig=5 sync=1 iod=0 ncell=34
04:09:10.679 [main] DEBUG org.rtklib.java.rtcm.Rtcm -- MSM sig[0] sigid=2 sigstr=2I code=40 idx=0
04:09:10.679 [main] DEBUG org.rtklib.java.rtcm.Rtcm -- MSM sig[1] sigid=8 sigstr=6I code=42 idx=3
04:09:10.679 [main] DEBUG org.rtklib.java.rtcm.Rtcm -- MSM sig[2] sigid=14 sigstr=7I code=27 idx=1
04:09:10.679 [main] DEBUG org.rtklib.java.rtcm.Rtcm -- MSM sig[3] sigid=23 sigstr=5P code=58 idx=2
04:09:10.679 [main] DEBUG org.rtklib.java.rtcm.Rtcm -- MSM sig[4] sigid=31 sigstr=1P code=2 idx=4
04:09:10.679 [main] DEBUG org.rtklib.java.rtcm.Rtcm -- MSM after sigindex: sig[0] code=40 idx=0
04:09:10.679 [main] DEBUG org.rtklib.java.rtcm.Rtcm -- MSM after sigindex: sig[1] code=42 idx=3
04:09:10.679 [main] DEBUG org.rtklib.java.rtcm.Rtcm -- MSM after sigindex: sig[2] code=27 idx=1
04:09:10.679 [main] DEBUG org.rtklib.java.rtcm.Rtcm -- MSM after sigindex: sig[3] code=58 idx=2
04:09:10.679 [main] DEBUG org.rtklib.java.rtcm.Rtcm -- MSM after sigindex: sig[4] code=2 idx=4
04:09:10.679 [main] DEBUG org.rtklib.java.rtcm.Rtcm -- RTCM3 decoded message type=1124, length=42
04:09:10.679 [main] DEBUG org.rtklib.java.rtcm.Rtcm -- MSM BDS TOW: raw=63784000, tow=63798.0
04:09:10.679 [main] DEBUG org.rtklib.java.rtcm.Rtcm -- MSM BDS after adjweek: time.time=1780854198, time.sec=0.0
04:09:10.679 [main] DEBUG org.rtklib.java.rtcm.Rtcm -- decode_msm_head: sys=32 staid=0 nsat=1 nsig=2 sync=0 iod=0 ncell=2
04:09:10.679 [main] DEBUG org.rtklib.java.rtcm.Rtcm -- MSM sig[0] sigid=2 sigstr=2I code=40 idx=0
04:09:10.679 [main] DEBUG org.rtklib.java.rtcm.Rtcm -- MSM sig[1] sigid=31 sigstr=1P code=2 idx=4
04:09:10.679 [main] DEBUG org.rtklib.java.rtcm.Rtcm -- MSM after sigindex: sig[0] code=40 idx=0
04:09:10.679 [main] DEBUG org.rtklib.java.rtcm.Rtcm -- MSM after sigindex: sig[1] code=2 idx=4
04:09:10.679 [main] DEBUG org.rtklib.java.rtcm.Rtcm -- RTCM3 decoded message type=1042, length=70
04:09:10.679 [main] DEBUG org.rtklib.java.rtcm.Rtcm -- RTCM3 decoded message type=1005, length=25
04:09:10.679 [main] DEBUG org.rtklib.java.rtcm.Rtcm -- RTCM3 decoded message type=1033, length=27
04:09:10.679 [main] DEBUG org.rtklib.java.rtcm.Rtcm -- RTCM3 decoded message type=1124, length=266
04:09:10.679 [main] DEBUG org.rtklib.java.rtcm.Rtcm -- MSM BDS TOW: raw=63799000, tow=63813.0
04:09:10.679 [main] DEBUG org.rtklib.java.rtcm.Rtcm -- MSM BDS after adjweek: time.time=1780854213, time.sec=0.0
04:09:10.679 [main] DEBUG org.rtklib.java.rtcm.Rtcm -- decode_msm_head: sys=32 staid=0 nsat=12 nsig=5 sync=1 iod=0 ncell=34
04:09:10.679 [main] DEBUG org.rtklib.java.rtcm.Rtcm -- MSM sig[0] sigid=2 sigstr=2I code=40 idx=0
04:09:10.680 [main] DEBUG org.rtklib.java.rtcm.Rtcm -- MSM sig[1] sigid=8 sigstr=6I code=42 idx=3
04:09:10.680 [main] DEBUG org.rtklib.java.rtcm.Rtcm -- MSM sig[2] sigid=14 sigstr=7I code=27 idx=1
04:09:10.680 [main] DEBUG org.rtklib.java.rtcm.Rtcm -- MSM sig[3] sigid=23 sigstr=5P code=58 idx=2
04:09:10.680 [main] DEBUG org.rtklib.java.rtcm.Rtcm -- MSM sig[4] sigid=31 sigstr=1P code=2 idx=4
04:09:10.680 [main] DEBUG org.rtklib.java.rtcm.Rtcm -- MSM after sigindex: sig[0] code=40 idx=0
04:09:10.680 [main] DEBUG org.rtklib.java.rtcm.Rtcm -- MSM after sigindex: sig[1] code=42 idx=3
04:09:10.680 [main] DEBUG org.rtklib.java.rtcm.Rtcm -- MSM after sigindex: sig[2] code=27 idx=1
04:09:10.680 [main] DEBUG org.rtklib.java.rtcm.Rtcm -- MSM after sigindex: sig[3] code=58 idx=2
04:09:10.680 [main] DEBUG org.rtklib.java.rtcm.Rtcm -- MSM after sigindex: sig[4] code=2 idx=4
04:09:10.680 [main] DEBUG org.rtklib.java.rtcm.Rtcm -- RTCM3 decoded message type=1124, length=48
04:09:10.680 [main] DEBUG org.rtklib.java.rtcm.Rtcm -- MSM BDS TOW: raw=63799000, tow=63813.0
04:09:10.680 [main] DEBUG org.rtklib.java.rtcm.Rtcm -- MSM BDS after adjweek: time.time=1780854213, time.sec=0.0
04:09:10.680 [main] DEBUG org.rtklib.java.rtcm.Rtcm -- decode_msm_head: sys=32 staid=0 nsat=1 nsig=3 sync=0 iod=0 ncell=3
04:09:10.680 [main] DEBUG org.rtklib.java.rtcm.Rtcm -- MSM sig[0] sigid=2 sigstr=2I code=40 idx=0
04:09:10.680 [main] DEBUG org.rtklib.java.rtcm.Rtcm -- MSM sig[1] sigid=23 sigstr=5P code=58 idx=2
04:09:10.680 [main] DEBUG org.rtklib.java.rtcm.Rtcm -- MSM sig[2] sigid=31 sigstr=1P code=2 idx=4
04:09:10.680 [main] DEBUG org.rtklib.java.rtcm.Rtcm -- MSM after sigindex: sig[0] code=40 idx=0
04:09:10.680 [main] DEBUG org.rtklib.java.rtcm.Rtcm -- MSM after sigindex: sig[1] code=58 idx=2
04:09:10.680 [main] DEBUG org.rtklib.java.rtcm.Rtcm -- MSM after sigindex: sig[2] code=2 idx=4
04:09:10.680 [main] DEBUG org.rtklib.java.rtcm.Rtcm -- RTCM3 decoded message type=1042, length=70
04:09:10.680 [main] DEBUG org.rtklib.java.rtcm.Rtcm -- RTCM3 decoded message type=1005, length=25
04:09:10.680 [main] DEBUG org.rtklib.java.rtcm.Rtcm -- RTCM3 decoded message type=1033, length=27
04:09:10.680 [main] DEBUG org.rtklib.java.rtcm.Rtcm -- RTCM3 decoded message type=1124, length=248
04:09:10.680 [main] DEBUG org.rtklib.java.rtcm.Rtcm -- MSM BDS TOW: raw=63814000, tow=63828.0
04:09:10.680 [main] DEBUG org.rtklib.java.rtcm.Rtcm -- MSM BDS after adjweek: time.time=1780854228, time.sec=0.0
04:09:10.680 [main] DEBUG org.rtklib.java.rtcm.Rtcm -- decode_msm_head: sys=32 staid=0 nsat=12 nsig=5 sync=1 iod=0 ncell=31
04:09:10.680 [main] DEBUG org.rtklib.java.rtcm.Rtcm -- MSM sig[0] sigid=2 sigstr=2I code=40 idx=0
04:09:10.680 [main] DEBUG org.rtklib.java.rtcm.Rtcm -- MSM sig[1] sigid=8 sigstr=6I code=42 idx=3
04:09:10.680 [main] DEBUG org.rtklib.java.rtcm.Rtcm -- MSM sig[2] sigid=14 sigstr=7I code=27 idx=1
04:09:10.680 [main] DEBUG org.rtklib.java.rtcm.Rtcm -- MSM sig[3] sigid=23 sigstr=5P code=58 idx=2
04:09:10.680 [main] DEBUG org.rtklib.java.rtcm.Rtcm -- MSM sig[4] sigid=31 sigstr=1P code=2 idx=4
04:09:10.680 [main] DEBUG org.rtklib.java.rtcm.Rtcm -- MSM after sigindex: sig[0] code=40 idx=0
04:09:10.680 [main] DEBUG org.rtklib.java.rtcm.Rtcm -- MSM after sigindex: sig[1] code=42 idx=3
04:09:10.680 [main] DEBUG org.rtklib.java.rtcm.Rtcm -- MSM after sigindex: sig[2] code=27 idx=1
04:09:10.680 [main] DEBUG org.rtklib.java.rtcm.Rtcm -- MSM after sigindex: sig[3] code=58 idx=2
04:09:10.680 [main] DEBUG org.rtklib.java.rtcm.Rtcm -- MSM after sigindex: sig[4] code=2 idx=4
04:09:10.680 [main] DEBUG org.rtklib.java.rtcm.Rtcm -- RTCM3 decoded message type=1124, length=48
04:09:10.680 [main] DEBUG org.rtklib.java.rtcm.Rtcm -- MSM BDS TOW: raw=63814000, tow=63828.0
04:09:10.680 [main] DEBUG org.rtklib.java.rtcm.Rtcm -- MSM BDS after adjweek: time.time=1780854228, time.sec=0.0
04:09:10.680 [main] DEBUG org.rtklib.java.rtcm.Rtcm -- decode_msm_head: sys=32 staid=0 nsat=1 nsig=3 sync=0 iod=0 ncell=3
04:09:10.680 [main] DEBUG org.rtklib.java.rtcm.Rtcm -- MSM sig[0] sigid=2 sigstr=2I code=40 idx=0
04:09:10.680 [main] DEBUG org.rtklib.java.rtcm.Rtcm -- MSM sig[1] sigid=23 sigstr=5P code=58 idx=2
04:09:10.680 [main] DEBUG org.rtklib.java.rtcm.Rtcm -- MSM sig[2] sigid=31 sigstr=1P code=2 idx=4
04:09:10.680 [main] DEBUG org.rtklib.java.rtcm.Rtcm -- MSM after sigindex: sig[0] code=40 idx=0
04:09:10.680 [main] DEBUG org.rtklib.java.rtcm.Rtcm -- MSM after sigindex: sig[1] code=58 idx=2
04:09:10.680 [main] DEBUG org.rtklib.java.rtcm.Rtcm -- MSM after sigindex: sig[2] code=2 idx=4
04:09:10.680 [main] DEBUG org.rtklib.java.rtcm.Rtcm -- RTCM3 decoded message type=1042, length=70
04:09:10.680 [main] DEBUG org.rtklib.java.rtcm.Rtcm -- RTCM3 decoded message type=1005, length=25
04:09:10.680 [main] DEBUG org.rtklib.java.rtcm.Rtcm -- RTCM3 decoded message type=1033, length=27
04:09:10.680 [main] DEBUG org.rtklib.java.rtcm.Rtcm -- RTCM3 decoded message type=1124, length=260
04:09:10.680 [main] DEBUG org.rtklib.java.rtcm.Rtcm -- MSM BDS TOW: raw=63829000, tow=63843.0
04:09:10.680 [main] DEBUG org.rtklib.java.rtcm.Rtcm -- MSM BDS after adjweek: time.time=1780854243, time.sec=0.0
04:09:10.680 [main] DEBUG org.rtklib.java.rtcm.Rtcm -- decode_msm_head: sys=32 staid=0 nsat=12 nsig=5 sync=1 iod=0 ncell=33
04:09:10.680 [main] DEBUG org.rtklib.java.rtcm.Rtcm -- MSM sig[0] sigid=2 sigstr=2I code=40 idx=0
04:09:10.680 [main] DEBUG org.rtklib.java.rtcm.Rtcm -- MSM sig[1] sigid=8 sigstr=6I code=42 idx=3
04:09:10.680 [main] DEBUG org.rtklib.java.rtcm.Rtcm -- MSM sig[2] sigid=14 sigstr=7I code=27 idx=1
04:09:10.680 [main] DEBUG org.rtklib.java.rtcm.Rtcm -- MSM sig[3] sigid=23 sigstr=5P code=58 idx=2
04:09:10.680 [main] DEBUG org.rtklib.java.rtcm.Rtcm -- MSM sig[4] sigid=31 sigstr=1P code=2 idx=4
04:09:10.680 [main] DEBUG org.rtklib.java.rtcm.Rtcm -- MSM after sigindex: sig[0] code=40 idx=0
04:09:10.680 [main] DEBUG org.rtklib.java.rtcm.Rtcm -- MSM after sigindex: sig[1] code=42 idx=3
04:09:10.680 [main] DEBUG org.rtklib.java.rtcm.Rtcm -- MSM after sigindex: sig[2] code=27 idx=1
04:09:10.680 [main] DEBUG org.rtklib.java.rtcm.Rtcm -- MSM after sigindex: sig[3] code=58 idx=2
04:09:10.680 [main] DEBUG org.rtklib.java.rtcm.Rtcm -- MSM after sigindex: sig[4] code=2 idx=4
04:09:10.680 [main] DEBUG org.rtklib.java.rtcm.Rtcm -- RTCM3 decoded message type=1124, length=54
04:09:10.680 [main] DEBUG org.rtklib.java.rtcm.Rtcm -- MSM BDS TOW: raw=63829000, tow=63843.0
04:09:10.680 [main] DEBUG org.rtklib.java.rtcm.Rtcm -- MSM BDS after adjweek: time.time=1780854243, time.sec=0.0
04:09:10.680 [main] DEBUG org.rtklib.java.rtcm.Rtcm -- decode_msm_head: sys=32 staid=0 nsat=1 nsig=4 sync=0 iod=0 ncell=4
04:09:10.680 [main] DEBUG org.rtklib.java.rtcm.Rtcm -- MSM sig[0] sigid=2 sigstr=2I code=40 idx=0
04:09:10.680 [main] DEBUG org.rtklib.java.rtcm.Rtcm -- MSM sig[1] sigid=8 sigstr=6I code=42 idx=3
04:09:10.680 [main] DEBUG org.rtklib.java.rtcm.Rtcm -- MSM sig[2] sigid=23 sigstr=5P code=58 idx=2
04:09:10.680 [main] DEBUG org.rtklib.java.rtcm.Rtcm -- MSM sig[3] sigid=31 sigstr=1P code=2 idx=4
04:09:10.680 [main] DEBUG org.rtklib.java.rtcm.Rtcm -- MSM after sigindex: sig[0] code=40 idx=0
04:09:10.680 [main] DEBUG org.rtklib.java.rtcm.Rtcm -- MSM after sigindex: sig[1] code=42 idx=3
04:09:10.680 [main] DEBUG org.rtklib.java.rtcm.Rtcm -- MSM after sigindex: sig[2] code=58 idx=2
04:09:10.680 [main] DEBUG org.rtklib.java.rtcm.Rtcm -- MSM after sigindex: sig[3] code=2 idx=4
04:09:10.680 [main] DEBUG org.rtklib.java.rtcm.Rtcm -- RTCM3 decoded message type=1042, length=70
04:09:10.680 [main] DEBUG org.rtklib.java.rtcm.Rtcm -- RTCM3 decoded message type=1005, length=25
04:09:10.680 [main] DEBUG org.rtklib.java.rtcm.Rtcm -- RTCM3 decoded message type=1033, length=27
04:09:10.680 [main] DEBUG org.rtklib.java.rtcm.Rtcm -- RTCM3 decoded message type=1124, length=260
04:09:10.680 [main] DEBUG org.rtklib.java.rtcm.Rtcm -- MSM BDS TOW: raw=63844000, tow=63858.0
04:09:10.680 [main] DEBUG org.rtklib.java.rtcm.Rtcm -- MSM BDS after adjweek: time.time=1780854258, time.sec=0.0
04:09:10.680 [main] DEBUG org.rtklib.java.rtcm.Rtcm -- decode_msm_head: sys=32 staid=0 nsat=12 nsig=5 sync=1 iod=0 ncell=33
04:09:10.680 [main] DEBUG org.rtklib.java.rtcm.Rtcm -- MSM sig[0] sigid=2 sigstr=2I code=40 idx=0
04:09:10.680 [main] DEBUG org.rtklib.java.rtcm.Rtcm -- MSM sig[1] sigid=8 sigstr=6I code=42 idx=3
04:09:10.680 [main] DEBUG org.rtklib.java.rtcm.Rtcm -- MSM sig[2] sigid=14 sigstr=7I code=27 idx=1
04:09:10.680 [main] DEBUG org.rtklib.java.rtcm.Rtcm -- MSM sig[3] sigid=23 sigstr=5P code=58 idx=2
04:09:10.680 [main] DEBUG org.rtklib.java.rtcm.Rtcm -- MSM sig[4] sigid=31 sigstr=1P code=2 idx=4
04:09:10.680 [main] DEBUG org.rtklib.java.rtcm.Rtcm -- MSM after sigindex: sig[0] code=40 idx=0
04:09:10.680 [main] DEBUG org.rtklib.java.rtcm.Rtcm -- MSM after sigindex: sig[1] code=42 idx=3
04:09:10.680 [main] DEBUG org.rtklib.java.rtcm.Rtcm -- MSM after sigindex: sig[2] code=27 idx=1
04:09:10.680 [main] DEBUG org.rtklib.java.rtcm.Rtcm -- MSM after sigindex: sig[3] code=58 idx=2
04:09:10.680 [main] DEBUG org.rtklib.java.rtcm.Rtcm -- MSM after sigindex: sig[4] code=2 idx=4
04:09:10.680 [main] DEBUG org.rtklib.java.rtcm.Rtcm -- RTCM3 decoded message type=1124, length=48
04:09:10.680 [main] DEBUG org.rtklib.java.rtcm.Rtcm -- MSM BDS TOW: raw=63844000, tow=63858.0
04:09:10.680 [main] DEBUG org.rtklib.java.rtcm.Rtcm -- MSM BDS after adjweek: time.time=1780854258, time.sec=0.0
04:09:10.680 [main] DEBUG org.rtklib.java.rtcm.Rtcm -- decode_msm_head: sys=32 staid=0 nsat=1 nsig=3 sync=0 iod=0 ncell=3
04:09:10.680 [main] DEBUG org.rtklib.java.rtcm.Rtcm -- MSM sig[0] sigid=8 sigstr=6I code=42 idx=3
04:09:10.680 [main] DEBUG org.rtklib.java.rtcm.Rtcm -- MSM sig[1] sigid=23 sigstr=5P code=58 idx=2
04:09:10.680 [main] DEBUG org.rtklib.java.rtcm.Rtcm -- MSM sig[2] sigid=31 sigstr=1P code=2 idx=4
04:09:10.680 [main] DEBUG org.rtklib.java.rtcm.Rtcm -- MSM after sigindex: sig[0] code=42 idx=3
04:09:10.680 [main] DEBUG org.rtklib.java.rtcm.Rtcm -- MSM after sigindex: sig[1] code=58 idx=2
04:09:10.680 [main] DEBUG org.rtklib.java.rtcm.Rtcm -- MSM after sigindex: sig[2] code=2 idx=4
04:09:10.680 [main] DEBUG org.rtklib.java.rtcm.Rtcm -- RTCM3 decoded message type=1042, length=70
04:09:10.680 [main] DEBUG org.rtklib.java.rtcm.Rtcm -- RTCM3 decoded message type=1005, length=25
04:09:10.680 [main] DEBUG org.rtklib.java.rtcm.Rtcm -- RTCM3 decoded message type=1033, length=27
04:09:10.680 [main] DEBUG org.rtklib.java.rtcm.Rtcm -- RTCM3 decoded message type=1124, length=236
04:09:10.680 [main] DEBUG org.rtklib.java.rtcm.Rtcm -- MSM BDS TOW: raw=63859000, tow=63873.0
04:09:10.680 [main] DEBUG org.rtklib.java.rtcm.Rtcm -- MSM BDS after adjweek: time.time=1780854273, time.sec=0.0
04:09:10.680 [main] DEBUG org.rtklib.java.rtcm.Rtcm -- decode_msm_head: sys=32 staid=0 nsat=12 nsig=5 sync=1 iod=0 ncell=29
04:09:10.680 [main] DEBUG org.rtklib.java.rtcm.Rtcm -- MSM sig[0] sigid=2 sigstr=2I code=40 idx=0
04:09:10.680 [main] DEBUG org.rtklib.java.rtcm.Rtcm -- MSM sig[1] sigid=8 sigstr=6I code=42 idx=3
04:09:10.680 [main] DEBUG org.rtklib.java.rtcm.Rtcm -- MSM sig[2] sigid=14 sigstr=7I code=27 idx=1
04:09:10.680 [main] DEBUG org.rtklib.java.rtcm.Rtcm -- MSM sig[3] sigid=23 sigstr=5P code=58 idx=2
04:09:10.680 [main] DEBUG org.rtklib.java.rtcm.Rtcm -- MSM sig[4] sigid=31 sigstr=1P code=2 idx=4
04:09:10.680 [main] DEBUG org.rtklib.java.rtcm.Rtcm -- MSM after sigindex: sig[0] code=40 idx=0
04:09:10.680 [main] DEBUG org.rtklib.java.rtcm.Rtcm -- MSM after sigindex: sig[1] code=42 idx=3
04:09:10.680 [main] DEBUG org.rtklib.java.rtcm.Rtcm -- MSM after sigindex: sig[2] code=27 idx=1
04:09:10.680 [main] DEBUG org.rtklib.java.rtcm.Rtcm -- MSM after sigindex: sig[3] code=58 idx=2
04:09:10.680 [main] DEBUG org.rtklib.java.rtcm.Rtcm -- MSM after sigindex: sig[4] code=2 idx=4
04:09:10.680 [main] DEBUG org.rtklib.java.rtcm.Rtcm -- RTCM3 decoded message type=1124, length=75
04:09:10.680 [main] DEBUG org.rtklib.java.rtcm.Rtcm -- MSM BDS TOW: raw=63859000, tow=63873.0
04:09:10.680 [main] DEBUG org.rtklib.java.rtcm.Rtcm -- MSM BDS after adjweek: time.time=1780854273, time.sec=0.0
04:09:10.680 [main] DEBUG org.rtklib.java.rtcm.Rtcm -- decode_msm_head: sys=32 staid=0 nsat=2 nsig=4 sync=0 iod=0 ncell=7
04:09:10.680 [main] DEBUG org.rtklib.java.rtcm.Rtcm -- MSM sig[0] sigid=2 sigstr=2I code=40 idx=0
04:09:10.680 [main] DEBUG org.rtklib.java.rtcm.Rtcm -- MSM sig[1] sigid=8 sigstr=6I code=42 idx=3
04:09:10.680 [main] DEBUG org.rtklib.java.rtcm.Rtcm -- MSM sig[2] sigid=23 sigstr=5P code=58 idx=2
04:09:10.680 [main] DEBUG org.rtklib.java.rtcm.Rtcm -- MSM sig[3] sigid=31 sigstr=1P code=2 idx=4
04:09:10.680 [main] DEBUG org.rtklib.java.rtcm.Rtcm -- MSM after sigindex: sig[0] code=40 idx=0
04:09:10.680 [main] DEBUG org.rtklib.java.rtcm.Rtcm -- MSM after sigindex: sig[1] code=42 idx=3
04:09:10.680 [main] DEBUG org.rtklib.java.rtcm.Rtcm -- MSM after sigindex: sig[2] code=58 idx=2
04:09:10.680 [main] DEBUG org.rtklib.java.rtcm.Rtcm -- MSM after sigindex: sig[3] code=2 idx=4
04:09:10.680 [main] DEBUG org.rtklib.java.rtcm.Rtcm -- RTCM3 decoded message type=1042, length=70
04:09:10.680 [main] DEBUG org.rtklib.java.rtcm.Rtcm -- RTCM3 decoded message type=1005, length=25
04:09:10.680 [main] DEBUG org.rtklib.java.rtcm.Rtcm -- RTCM3 decoded message type=1033, length=27
04:09:10.680 [main] DEBUG org.rtklib.java.rtcm.Rtcm -- RTCM3 decoded message type=1124, length=248
04:09:10.680 [main] DEBUG org.rtklib.java.rtcm.Rtcm -- MSM BDS TOW: raw=63874000, tow=63888.0
04:09:10.680 [main] DEBUG org.rtklib.java.rtcm.Rtcm -- MSM BDS after adjweek: time.time=1780854288, time.sec=0.0
04:09:10.680 [main] DEBUG org.rtklib.java.rtcm.Rtcm -- decode_msm_head: sys=32 staid=0 nsat=12 nsig=5 sync=1 iod=0 ncell=31
04:09:10.680 [main] DEBUG org.rtklib.java.rtcm.Rtcm -- MSM sig[0] sigid=2 sigstr=2I code=40 idx=0
04:09:10.680 [main] DEBUG org.rtklib.java.rtcm.Rtcm -- MSM sig[1] sigid=8 sigstr=6I code=42 idx=3
04:09:10.680 [main] DEBUG org.rtklib.java.rtcm.Rtcm -- MSM sig[2] sigid=14 sigstr=7I code=27 idx=1
04:09:10.680 [main] DEBUG org.rtklib.java.rtcm.Rtcm -- MSM sig[3] sigid=23 sigstr=5P code=58 idx=2
04:09:10.680 [main] DEBUG org.rtklib.java.rtcm.Rtcm -- MSM sig[4] sigid=31 sigstr=1P code=2 idx=4
04:09:10.680 [main] DEBUG org.rtklib.java.rtcm.Rtcm -- MSM after sigindex: sig[0] code=40 idx=0
04:09:10.680 [main] DEBUG org.rtklib.java.rtcm.Rtcm -- MSM after sigindex: sig[1] code=42 idx=3
04:09:10.680 [main] DEBUG org.rtklib.java.rtcm.Rtcm -- MSM after sigindex: sig[2] code=27 idx=1
04:09:10.680 [main] DEBUG org.rtklib.java.rtcm.Rtcm -- MSM after sigindex: sig[3] code=58 idx=2
04:09:10.680 [main] DEBUG org.rtklib.java.rtcm.Rtcm -- MSM after sigindex: sig[4] code=2 idx=4
04:09:10.680 [main] DEBUG org.rtklib.java.rtcm.Rtcm -- RTCM3 decoded message type=1124, length=75
04:09:10.680 [main] DEBUG org.rtklib.java.rtcm.Rtcm -- MSM BDS TOW: raw=63874000, tow=63888.0
04:09:10.680 [main] DEBUG org.rtklib.java.rtcm.Rtcm -- MSM BDS after adjweek: time.time=1780854288, time.sec=0.0
04:09:10.680 [main] DEBUG org.rtklib.java.rtcm.Rtcm -- decode_msm_head: sys=32 staid=0 nsat=2 nsig=4 sync=0 iod=0 ncell=7
04:09:10.680 [main] DEBUG org.rtklib.java.rtcm.Rtcm -- MSM sig[0] sigid=2 sigstr=2I code=40 idx=0
04:09:10.680 [main] DEBUG org.rtklib.java.rtcm.Rtcm -- MSM sig[1] sigid=8 sigstr=6I code=42 idx=3
04:09:10.680 [main] DEBUG org.rtklib.java.rtcm.Rtcm -- MSM sig[2] sigid=23 sigstr=5P code=58 idx=2
04:09:10.680 [main] DEBUG org.rtklib.java.rtcm.Rtcm -- MSM sig[3] sigid=31 sigstr=1P code=2 idx=4
04:09:10.680 [main] DEBUG org.rtklib.java.rtcm.Rtcm -- MSM after sigindex: sig[0] code=40 idx=0
04:09:10.680 [main] DEBUG org.rtklib.java.rtcm.Rtcm -- MSM after sigindex: sig[1] code=42 idx=3
04:09:10.680 [main] DEBUG org.rtklib.java.rtcm.Rtcm -- MSM after sigindex: sig[2] code=58 idx=2
04:09:10.680 [main] DEBUG org.rtklib.java.rtcm.Rtcm -- MSM after sigindex: sig[3] code=2 idx=4
04:09:10.680 [main] DEBUG org.rtklib.java.rtcm.Rtcm -- RTCM3 decoded message type=1042, length=70
04:09:10.680 [main] DEBUG org.rtklib.java.rtcm.Rtcm -- RTCM3 decoded message type=1005, length=25
04:09:10.680 [main] DEBUG org.rtklib.java.rtcm.Rtcm -- RTCM3 decoded message type=1033, length=27
04:09:10.680 [main] DEBUG org.rtklib.java.rtcm.Rtcm -- RTCM3 decoded message type=1124, length=248
04:09:10.680 [main] DEBUG org.rtklib.java.rtcm.Rtcm -- MSM BDS TOW: raw=63889000, tow=63903.0
04:09:10.680 [main] DEBUG org.rtklib.java.rtcm.Rtcm -- MSM BDS after adjweek: time.time=1780854303, time.sec=0.0
04:09:10.680 [main] DEBUG org.rtklib.java.rtcm.Rtcm -- decode_msm_head: sys=32 staid=0 nsat=12 nsig=5 sync=1 iod=0 ncell=31
04:09:10.680 [main] DEBUG org.rtklib.java.rtcm.Rtcm -- MSM sig[0] sigid=2 sigstr=2I code=40 idx=0
04:09:10.680 [main] DEBUG org.rtklib.java.rtcm.Rtcm -- MSM sig[1] sigid=8 sigstr=6I code=42 idx=3
04:09:10.680 [main] DEBUG org.rtklib.java.rtcm.Rtcm -- MSM sig[2] sigid=14 sigstr=7I code=27 idx=1
04:09:10.680 [main] DEBUG org.rtklib.java.rtcm.Rtcm -- MSM sig[3] sigid=23 sigstr=5P code=58 idx=2
04:09:10.680 [main] DEBUG org.rtklib.java.rtcm.Rtcm -- MSM sig[4] sigid=31 sigstr=1P code=2 idx=4
04:09:10.680 [main] DEBUG org.rtklib.java.rtcm.Rtcm -- MSM after sigindex: sig[0] code=40 idx=0
04:09:10.680 [main] DEBUG org.rtklib.java.rtcm.Rtcm -- MSM after sigindex: sig[1] code=42 idx=3
04:09:10.680 [main] DEBUG org.rtklib.java.rtcm.Rtcm -- MSM after sigindex: sig[2] code=27 idx=1
04:09:10.680 [main] DEBUG org.rtklib.java.rtcm.Rtcm -- MSM after sigindex: sig[3] code=58 idx=2
04:09:10.680 [main] DEBUG org.rtklib.java.rtcm.Rtcm -- MSM after sigindex: sig[4] code=2 idx=4
04:09:10.680 [main] DEBUG org.rtklib.java.rtcm.Rtcm -- RTCM3 decoded message type=1124, length=75
04:09:10.680 [main] DEBUG org.rtklib.java.rtcm.Rtcm -- MSM BDS TOW: raw=63889000, tow=63903.0
04:09:10.680 [main] DEBUG org.rtklib.java.rtcm.Rtcm -- MSM BDS after adjweek: time.time=1780854303, time.sec=0.0
04:09:10.680 [main] DEBUG org.rtklib.java.rtcm.Rtcm -- decode_msm_head: sys=32 staid=0 nsat=2 nsig=4 sync=0 iod=0 ncell=7
04:09:10.680 [main] DEBUG org.rtklib.java.rtcm.Rtcm -- MSM sig[0] sigid=2 sigstr=2I code=40 idx=0
04:09:10.680 [main] DEBUG org.rtklib.java.rtcm.Rtcm -- MSM sig[1] sigid=8 sigstr=6I code=42 idx=3
04:09:10.680 [main] DEBUG org.rtklib.java.rtcm.Rtcm -- MSM sig[2] sigid=23 sigstr=5P code=58 idx=2
04:09:10.680 [main] DEBUG org.rtklib.java.rtcm.Rtcm -- MSM sig[3] sigid=31 sigstr=1P code=2 idx=4
04:09:10.680 [main] DEBUG org.rtklib.java.rtcm.Rtcm -- MSM after sigindex: sig[0] code=40 idx=0
04:09:10.680 [main] DEBUG org.rtklib.java.rtcm.Rtcm -- MSM after sigindex: sig[1] code=42 idx=3
04:09:10.680 [main] DEBUG org.rtklib.java.rtcm.Rtcm -- MSM after sigindex: sig[2] code=58 idx=2
04:09:10.680 [main] DEBUG org.rtklib.java.rtcm.Rtcm -- MSM after sigindex: sig[3] code=2 idx=4
04:09:10.680 [main] DEBUG org.rtklib.java.rtcm.Rtcm -- RTCM3 decoded message type=1042, length=70
04:09:10.680 [main] DEBUG org.rtklib.java.rtcm.Rtcm -- RTCM3 decoded message type=1005, length=25
04:09:10.680 [main] DEBUG org.rtklib.java.rtcm.Rtcm -- RTCM3 decoded message type=1033, length=27
04:09:10.680 [main] DEBUG org.rtklib.java.rtcm.Rtcm -- RTCM3 decoded message type=1124, length=248
04:09:10.680 [main] DEBUG org.rtklib.java.rtcm.Rtcm -- MSM BDS TOW: raw=63904000, tow=63918.0
04:09:10.680 [main] DEBUG org.rtklib.java.rtcm.Rtcm -- MSM BDS after adjweek: time.time=1780854318, time.sec=0.0
04:09:10.680 [main] DEBUG org.rtklib.java.rtcm.Rtcm -- decode_msm_head: sys=32 staid=0 nsat=12 nsig=5 sync=1 iod=0 ncell=31
04:09:10.680 [main] DEBUG org.rtklib.java.rtcm.Rtcm -- MSM sig[0] sigid=2 sigstr=2I code=40 idx=0
04:09:10.680 [main] DEBUG org.rtklib.java.rtcm.Rtcm -- MSM sig[1] sigid=8 sigstr=6I code=42 idx=3
04:09:10.680 [main] DEBUG org.rtklib.java.rtcm.Rtcm -- MSM sig[2] sigid=14 sigstr=7I code=27 idx=1
04:09:10.680 [main] DEBUG org.rtklib.java.rtcm.Rtcm -- MSM sig[3] sigid=23 sigstr=5P code=58 idx=2
04:09:10.680 [main] DEBUG org.rtklib.java.rtcm.Rtcm -- MSM sig[4] sigid=31 sigstr=1P code=2 idx=4
04:09:10.680 [main] DEBUG org.rtklib.java.rtcm.Rtcm -- MSM after sigindex: sig[0] code=40 idx=0
04:09:10.680 [main] DEBUG org.rtklib.java.rtcm.Rtcm -- MSM after sigindex: sig[1] code=42 idx=3
04:09:10.680 [main] DEBUG org.rtklib.java.rtcm.Rtcm -- MSM after sigindex: sig[2] code=27 idx=1
04:09:10.680 [main] DEBUG org.rtklib.java.rtcm.Rtcm -- MSM after sigindex: sig[3] code=58 idx=2
04:09:10.680 [main] DEBUG org.rtklib.java.rtcm.Rtcm -- MSM after sigindex: sig[4] code=2 idx=4
04:09:10.680 [main] DEBUG org.rtklib.java.rtcm.Rtcm -- RTCM3 decoded message type=1124, length=69
04:09:10.680 [main] DEBUG org.rtklib.java.rtcm.Rtcm -- MSM BDS TOW: raw=63904000, tow=63918.0
04:09:10.680 [main] DEBUG org.rtklib.java.rtcm.Rtcm -- MSM BDS after adjweek: time.time=1780854318, time.sec=0.0
04:09:10.680 [main] DEBUG org.rtklib.java.rtcm.Rtcm -- decode_msm_head: sys=32 staid=0 nsat=2 nsig=4 sync=0 iod=0 ncell=6
04:09:10.680 [main] DEBUG org.rtklib.java.rtcm.Rtcm -- MSM sig[0] sigid=2 sigstr=2I code=40 idx=0
04:09:10.680 [main] DEBUG org.rtklib.java.rtcm.Rtcm -- MSM sig[1] sigid=8 sigstr=6I code=42 idx=3
04:09:10.680 [main] DEBUG org.rtklib.java.rtcm.Rtcm -- MSM sig[2] sigid=23 sigstr=5P code=58 idx=2
04:09:10.680 [main] DEBUG org.rtklib.java.rtcm.Rtcm -- MSM sig[3] sigid=31 sigstr=1P code=2 idx=4
04:09:10.680 [main] DEBUG org.rtklib.java.rtcm.Rtcm -- MSM after sigindex: sig[0] code=40 idx=0
04:09:10.680 [main] DEBUG org.rtklib.java.rtcm.Rtcm -- MSM after sigindex: sig[1] code=42 idx=3
04:09:10.680 [main] DEBUG org.rtklib.java.rtcm.Rtcm -- MSM after sigindex: sig[2] code=58 idx=2
04:09:10.680 [main] DEBUG org.rtklib.java.rtcm.Rtcm -- MSM after sigindex: sig[3] code=2 idx=4
04:09:10.680 [main] DEBUG org.rtklib.java.rtcm.Rtcm -- RTCM3 decoded message type=1042, length=70
04:09:10.681 [main] DEBUG org.rtklib.java.rtcm.Rtcm -- RTCM3 decoded message type=1005, length=25
04:09:10.681 [main] DEBUG org.rtklib.java.rtcm.Rtcm -- RTCM3 decoded message type=1033, length=27
04:09:10.681 [main] DEBUG org.rtklib.java.rtcm.Rtcm -- RTCM3 decoded message type=1124, length=242
04:09:10.681 [main] DEBUG org.rtklib.java.rtcm.Rtcm -- MSM BDS TOW: raw=63919000, tow=63933.0
04:09:10.681 [main] DEBUG org.rtklib.java.rtcm.Rtcm -- MSM BDS after adjweek: time.time=1780854333, time.sec=0.0
04:09:10.681 [main] DEBUG org.rtklib.java.rtcm.Rtcm -- decode_msm_head: sys=32 staid=0 nsat=12 nsig=5 sync=1 iod=0 ncell=30
04:09:10.681 [main] DEBUG org.rtklib.java.rtcm.Rtcm -- MSM sig[0] sigid=2 sigstr=2I code=40 idx=0
04:09:10.681 [main] DEBUG org.rtklib.java.rtcm.Rtcm -- MSM sig[1] sigid=8 sigstr=6I code=42 idx=3
04:09:10.681 [main] DEBUG org.rtklib.java.rtcm.Rtcm -- MSM sig[2] sigid=14 sigstr=7I code=27 idx=1
04:09:10.681 [main] DEBUG org.rtklib.java.rtcm.Rtcm -- MSM sig[3] sigid=23 sigstr=5P code=58 idx=2
04:09:10.681 [main] DEBUG org.rtklib.java.rtcm.Rtcm -- MSM sig[4] sigid=31 sigstr=1P code=2 idx=4
04:09:10.681 [main] DEBUG org.rtklib.java.rtcm.Rtcm -- MSM after sigindex: sig[0] code=40 idx=0
04:09:10.681 [main] DEBUG org.rtklib.java.rtcm.Rtcm -- MSM after sigindex: sig[1] code=42 idx=3
04:09:10.681 [main] DEBUG org.rtklib.java.rtcm.Rtcm -- MSM after sigindex: sig[2] code=27 idx=1
04:09:10.681 [main] DEBUG org.rtklib.java.rtcm.Rtcm -- MSM after sigindex: sig[3] code=58 idx=2
04:09:10.681 [main] DEBUG org.rtklib.java.rtcm.Rtcm -- MSM after sigindex: sig[4] code=2 idx=4
04:09:10.681 [main] DEBUG org.rtklib.java.rtcm.Rtcm -- RTCM3 decoded message type=1124, length=75
04:09:10.681 [main] DEBUG org.rtklib.java.rtcm.Rtcm -- MSM BDS TOW: raw=63919000, tow=63933.0
04:09:10.681 [main] DEBUG org.rtklib.java.rtcm.Rtcm -- MSM BDS after adjweek: time.time=1780854333, time.sec=0.0
04:09:10.681 [main] DEBUG org.rtklib.java.rtcm.Rtcm -- decode_msm_head: sys=32 staid=0 nsat=2 nsig=4 sync=0 iod=0 ncell=7
04:09:10.681 [main] DEBUG org.rtklib.java.rtcm.Rtcm -- MSM sig[0] sigid=2 sigstr=2I code=40 idx=0
04:09:10.681 [main] DEBUG org.rtklib.java.rtcm.Rtcm -- MSM sig[1] sigid=8 sigstr=6I code=42 idx=3
04:09:10.681 [main] DEBUG org.rtklib.java.rtcm.Rtcm -- MSM sig[2] sigid=23 sigstr=5P code=58 idx=2
04:09:10.681 [main] DEBUG org.rtklib.java.rtcm.Rtcm -- MSM sig[3] sigid=31 sigstr=1P code=2 idx=4
04:09:10.681 [main] DEBUG org.rtklib.java.rtcm.Rtcm -- MSM after sigindex: sig[0] code=40 idx=0
04:09:10.681 [main] DEBUG org.rtklib.java.rtcm.Rtcm -- MSM after sigindex: sig[1] code=42 idx=3
04:09:10.681 [main] DEBUG org.rtklib.java.rtcm.Rtcm -- MSM after sigindex: sig[2] code=58 idx=2
04:09:10.681 [main] DEBUG org.rtklib.java.rtcm.Rtcm -- MSM after sigindex: sig[3] code=2 idx=4
04:09:10.681 [main] DEBUG org.rtklib.java.rtcm.Rtcm -- RTCM3 decoded message type=1042, length=70
04:09:10.681 [main] DEBUG org.rtklib.java.rtcm.Rtcm -- RTCM3 decoded message type=1005, length=25
04:09:10.681 [main] DEBUG org.rtklib.java.rtcm.Rtcm -- RTCM3 decoded message type=1033, length=27
04:09:10.681 [main] DEBUG org.rtklib.java.rtcm.Rtcm -- RTCM3 decoded message type=1124, length=254
04:09:10.681 [main] DEBUG org.rtklib.java.rtcm.Rtcm -- MSM BDS TOW: raw=63934000, tow=63948.0
04:09:10.681 [main] DEBUG org.rtklib.java.rtcm.Rtcm -- MSM BDS after adjweek: time.time=1780854348, time.sec=0.0
04:09:10.681 [main] DEBUG org.rtklib.java.rtcm.Rtcm -- decode_msm_head: sys=32 staid=0 nsat=12 nsig=5 sync=1 iod=0 ncell=32
04:09:10.681 [main] DEBUG org.rtklib.java.rtcm.Rtcm -- MSM sig[0] sigid=2 sigstr=2I code=40 idx=0
04:09:10.681 [main] DEBUG org.rtklib.java.rtcm.Rtcm -- MSM sig[1] sigid=8 sigstr=6I code=42 idx=3
04:09:10.681 [main] DEBUG org.rtklib.java.rtcm.Rtcm -- MSM sig[2] sigid=14 sigstr=7I code=27 idx=1
04:09:10.681 [main] DEBUG org.rtklib.java.rtcm.Rtcm -- MSM sig[3] sigid=23 sigstr=5P code=58 idx=2
04:09:10.681 [main] DEBUG org.rtklib.java.rtcm.Rtcm -- MSM sig[4] sigid=31 sigstr=1P code=2 idx=4
04:09:10.681 [main] DEBUG org.rtklib.java.rtcm.Rtcm -- MSM after sigindex: sig[0] code=40 idx=0
04:09:10.681 [main] DEBUG org.rtklib.java.rtcm.Rtcm -- MSM after sigindex: sig[1] code=42 idx=3
04:09:10.681 [main] DEBUG org.rtklib.java.rtcm.Rtcm -- MSM after sigindex: sig[2] code=27 idx=1
04:09:10.681 [main] DEBUG org.rtklib.java.rtcm.Rtcm -- MSM after sigindex: sig[3] code=58 idx=2
04:09:10.681 [main] DEBUG org.rtklib.java.rtcm.Rtcm -- MSM after sigindex: sig[4] code=2 idx=4
04:09:10.681 [main] DEBUG org.rtklib.java.rtcm.Rtcm -- RTCM3 decoded message type=1124, length=75
04:09:10.681 [main] DEBUG org.rtklib.java.rtcm.Rtcm -- MSM BDS TOW: raw=63934000, tow=63948.0
04:09:10.681 [main] DEBUG org.rtklib.java.rtcm.Rtcm -- MSM BDS after adjweek: time.time=1780854348, time.sec=0.0
04:09:10.681 [main] DEBUG org.rtklib.java.rtcm.Rtcm -- decode_msm_head: sys=32 staid=0 nsat=2 nsig=4 sync=0 iod=0 ncell=7
04:09:10.681 [main] DEBUG org.rtklib.java.rtcm.Rtcm -- MSM sig[0] sigid=2 sigstr=2I code=40 idx=0
04:09:10.681 [main] DEBUG org.rtklib.java.rtcm.Rtcm -- MSM sig[1] sigid=8 sigstr=6I code=42 idx=3
04:09:10.681 [main] DEBUG org.rtklib.java.rtcm.Rtcm -- MSM sig[2] sigid=23 sigstr=5P code=58 idx=2
04:09:10.681 [main] DEBUG org.rtklib.java.rtcm.Rtcm -- MSM sig[3] sigid=31 sigstr=1P code=2 idx=4
04:09:10.681 [main] DEBUG org.rtklib.java.rtcm.Rtcm -- MSM after sigindex: sig[0] code=40 idx=0
04:09:10.681 [main] DEBUG org.rtklib.java.rtcm.Rtcm -- MSM after sigindex: sig[1] code=42 idx=3
04:09:10.681 [main] DEBUG org.rtklib.java.rtcm.Rtcm -- MSM after sigindex: sig[2] code=58 idx=2
04:09:10.681 [main] DEBUG org.rtklib.java.rtcm.Rtcm -- MSM after sigindex: sig[3] code=2 idx=4
04:09:10.681 [main] DEBUG org.rtklib.java.rtcm.Rtcm -- RTCM3 decoded message type=1042, length=70
04:09:10.681 [main] DEBUG org.rtklib.java.rtcm.Rtcm -- RTCM3 decoded message type=1005, length=25
04:09:10.681 [main] DEBUG org.rtklib.java.rtcm.Rtcm -- RTCM3 decoded message type=1033, length=27
04:09:10.681 [main] DEBUG org.rtklib.java.rtcm.Rtcm -- RTCM3 decoded message type=1124, length=254
04:09:10.681 [main] DEBUG org.rtklib.java.rtcm.Rtcm -- MSM BDS TOW: raw=63949000, tow=63963.0
04:09:10.681 [main] DEBUG org.rtklib.java.rtcm.Rtcm -- MSM BDS after adjweek: time.time=1780854363, time.sec=0.0
04:09:10.681 [main] DEBUG org.rtklib.java.rtcm.Rtcm -- decode_msm_head: sys=32 staid=0 nsat=12 nsig=5 sync=1 iod=0 ncell=32
04:09:10.681 [main] DEBUG org.rtklib.java.rtcm.Rtcm -- MSM sig[0] sigid=2 sigstr=2I code=40 idx=0
04:09:10.681 [main] DEBUG org.rtklib.java.rtcm.Rtcm -- MSM sig[1] sigid=8 sigstr=6I code=42 idx=3
04:09:10.681 [main] DEBUG org.rtklib.java.rtcm.Rtcm -- MSM sig[2] sigid=14 sigstr=7I code=27 idx=1
04:09:10.681 [main] DEBUG org.rtklib.java.rtcm.Rtcm -- MSM sig[3] sigid=23 sigstr=5P code=58 idx=2
04:09:10.681 [main] DEBUG org.rtklib.java.rtcm.Rtcm -- MSM sig[4] sigid=31 sigstr=1P code=2 idx=4
04:09:10.681 [main] DEBUG org.rtklib.java.rtcm.Rtcm -- MSM after sigindex: sig[0] code=40 idx=0
04:09:10.681 [main] DEBUG org.rtklib.java.rtcm.Rtcm -- MSM after sigindex: sig[1] code=42 idx=3
04:09:10.681 [main] DEBUG org.rtklib.java.rtcm.Rtcm -- MSM after sigindex: sig[2] code=27 idx=1
04:09:10.681 [main] DEBUG org.rtklib.java.rtcm.Rtcm -- MSM after sigindex: sig[3] code=58 idx=2
04:09:10.681 [main] DEBUG org.rtklib.java.rtcm.Rtcm -- MSM after sigindex: sig[4] code=2 idx=4
04:09:10.681 [main] DEBUG org.rtklib.java.rtcm.Rtcm -- RTCM3 decoded message type=1124, length=81
04:09:10.681 [main] DEBUG org.rtklib.java.rtcm.Rtcm -- MSM BDS TOW: raw=63949000, tow=63963.0
04:09:10.681 [main] DEBUG org.rtklib.java.rtcm.Rtcm -- MSM BDS after adjweek: time.time=1780854363, time.sec=0.0
04:09:10.681 [main] DEBUG org.rtklib.java.rtcm.Rtcm -- decode_msm_head: sys=32 staid=0 nsat=2 nsig=4 sync=0 iod=0 ncell=8
04:09:10.681 [main] DEBUG org.rtklib.java.rtcm.Rtcm -- MSM sig[0] sigid=2 sigstr=2I code=40 idx=0
04:09:10.681 [main] DEBUG org.rtklib.java.rtcm.Rtcm -- MSM sig[1] sigid=8 sigstr=6I code=42 idx=3
04:09:10.681 [main] DEBUG org.rtklib.java.rtcm.Rtcm -- MSM sig[2] sigid=23 sigstr=5P code=58 idx=2
04:09:10.681 [main] DEBUG org.rtklib.java.rtcm.Rtcm -- MSM sig[3] sigid=31 sigstr=1P code=2 idx=4
04:09:10.681 [main] DEBUG org.rtklib.java.rtcm.Rtcm -- MSM after sigindex: sig[0] code=40 idx=0
04:09:10.681 [main] DEBUG org.rtklib.java.rtcm.Rtcm -- MSM after sigindex: sig[1] code=42 idx=3
04:09:10.681 [main] DEBUG org.rtklib.java.rtcm.Rtcm -- MSM after sigindex: sig[2] code=58 idx=2
04:09:10.681 [main] DEBUG org.rtklib.java.rtcm.Rtcm -- MSM after sigindex: sig[3] code=2 idx=4
04:09:10.681 [main] DEBUG org.rtklib.java.rtcm.Rtcm -- RTCM3 decoded message type=1042, length=70
04:09:10.681 [main] DEBUG org.rtklib.java.rtcm.Rtcm -- RTCM3 decoded message type=1005, length=25
04:09:10.681 [main] DEBUG org.rtklib.java.rtcm.Rtcm -- RTCM3 decoded message type=1033, length=27
04:09:10.681 [main] DEBUG org.rtklib.java.rtcm.Rtcm -- RTCM3 decoded message type=1124, length=254
04:09:10.681 [main] DEBUG org.rtklib.java.rtcm.Rtcm -- MSM BDS TOW: raw=63964000, tow=63978.0
04:09:10.681 [main] DEBUG org.rtklib.java.rtcm.Rtcm -- MSM BDS after adjweek: time.time=1780854378, time.sec=0.0
04:09:10.681 [main] DEBUG org.rtklib.java.rtcm.Rtcm -- decode_msm_head: sys=32 staid=0 nsat=12 nsig=5 sync=1 iod=0 ncell=32
04:09:10.681 [main] DEBUG org.rtklib.java.rtcm.Rtcm -- MSM sig[0] sigid=2 sigstr=2I code=40 idx=0
04:09:10.681 [main] DEBUG org.rtklib.java.rtcm.Rtcm -- MSM sig[1] sigid=8 sigstr=6I code=42 idx=3
04:09:10.681 [main] DEBUG org.rtklib.java.rtcm.Rtcm -- MSM sig[2] sigid=14 sigstr=7I code=27 idx=1
04:09:10.681 [main] DEBUG org.rtklib.java.rtcm.Rtcm -- MSM sig[3] sigid=23 sigstr=5P code=58 idx=2
04:09:10.681 [main] DEBUG org.rtklib.java.rtcm.Rtcm -- MSM sig[4] sigid=31 sigstr=1P code=2 idx=4
04:09:10.681 [main] DEBUG org.rtklib.java.rtcm.Rtcm -- MSM after sigindex: sig[0] code=40 idx=0
04:09:10.681 [main] DEBUG org.rtklib.java.rtcm.Rtcm -- MSM after sigindex: sig[1] code=42 idx=3
04:09:10.681 [main] DEBUG org.rtklib.java.rtcm.Rtcm -- MSM after sigindex: sig[2] code=27 idx=1
04:09:10.681 [main] DEBUG org.rtklib.java.rtcm.Rtcm -- MSM after sigindex: sig[3] code=58 idx=2
04:09:10.681 [main] DEBUG org.rtklib.java.rtcm.Rtcm -- MSM after sigindex: sig[4] code=2 idx=4
04:09:10.681 [main] DEBUG org.rtklib.java.rtcm.Rtcm -- RTCM3 decoded message type=1124, length=75
04:09:10.681 [main] DEBUG org.rtklib.java.rtcm.Rtcm -- MSM BDS TOW: raw=63964000, tow=63978.0
04:09:10.681 [main] DEBUG org.rtklib.java.rtcm.Rtcm -- MSM BDS after adjweek: time.time=1780854378, time.sec=0.0
04:09:10.681 [main] DEBUG org.rtklib.java.rtcm.Rtcm -- decode_msm_head: sys=32 staid=0 nsat=2 nsig=4 sync=0 iod=0 ncell=7
04:09:10.681 [main] DEBUG org.rtklib.java.rtcm.Rtcm -- MSM sig[0] sigid=2 sigstr=2I code=40 idx=0
04:09:10.681 [main] DEBUG org.rtklib.java.rtcm.Rtcm -- MSM sig[1] sigid=8 sigstr=6I code=42 idx=3
04:09:10.681 [main] DEBUG org.rtklib.java.rtcm.Rtcm -- MSM sig[2] sigid=23 sigstr=5P code=58 idx=2
04:09:10.681 [main] DEBUG org.rtklib.java.rtcm.Rtcm -- MSM sig[3] sigid=31 sigstr=1P code=2 idx=4
04:09:10.681 [main] DEBUG org.rtklib.java.rtcm.Rtcm -- MSM after sigindex: sig[0] code=40 idx=0
04:09:10.681 [main] DEBUG org.rtklib.java.rtcm.Rtcm -- MSM after sigindex: sig[1] code=42 idx=3
04:09:10.681 [main] DEBUG org.rtklib.java.rtcm.Rtcm -- MSM after sigindex: sig[2] code=58 idx=2
04:09:10.681 [main] DEBUG org.rtklib.java.rtcm.Rtcm -- MSM after sigindex: sig[3] code=2 idx=4
04:09:10.681 [main] DEBUG org.rtklib.java.rtcm.Rtcm -- RTCM3 decoded message type=1042, length=70
04:09:10.681 [main] INFO org.rtklib.java.rtcm.Rtcm -- RTCM 1042 eph stored: sat=116 prn=11 week=1066 toe=61200.0 A=27906290.3
04:09:10.681 [main] DEBUG org.rtklib.java.rtcm.Rtcm -- RTCM3 decoded message type=1005, length=25
04:09:10.681 [main] DEBUG org.rtklib.java.rtcm.Rtcm -- RTCM3 decoded message type=1033, length=27
04:09:10.681 [main] DEBUG org.rtklib.java.rtcm.Rtcm -- RTCM3 decoded message type=1124, length=254
04:09:10.681 [main] DEBUG org.rtklib.java.rtcm.Rtcm -- MSM BDS TOW: raw=63979000, tow=63993.0
04:09:10.681 [main] DEBUG org.rtklib.java.rtcm.Rtcm -- MSM BDS after adjweek: time.time=1780854393, time.sec=0.0
04:09:10.681 [main] DEBUG org.rtklib.java.rtcm.Rtcm -- decode_msm_head: sys=32 staid=0 nsat=12 nsig=5 sync=1 iod=0 ncell=32
04:09:10.681 [main] DEBUG org.rtklib.java.rtcm.Rtcm -- MSM sig[0] sigid=2 sigstr=2I code=40 idx=0
04:09:10.681 [main] DEBUG org.rtklib.java.rtcm.Rtcm -- MSM sig[1] sigid=8 sigstr=6I code=42 idx=3
04:09:10.681 [main] DEBUG org.rtklib.java.rtcm.Rtcm -- MSM sig[2] sigid=14 sigstr=7I code=27 idx=1
04:09:10.681 [main] DEBUG org.rtklib.java.rtcm.Rtcm -- MSM sig[3] sigid=23 sigstr=5P code=58 idx=2
04:09:10.681 [main] DEBUG org.rtklib.java.rtcm.Rtcm -- MSM sig[4] sigid=31 sigstr=1P code=2 idx=4
04:09:10.681 [main] DEBUG org.rtklib.java.rtcm.Rtcm -- MSM after sigindex: sig[0] code=40 idx=0
04:09:10.681 [main] DEBUG org.rtklib.java.rtcm.Rtcm -- MSM after sigindex: sig[1] code=42 idx=3
04:09:10.681 [main] DEBUG org.rtklib.java.rtcm.Rtcm -- MSM after sigindex: sig[2] code=27 idx=1
04:09:10.681 [main] DEBUG org.rtklib.java.rtcm.Rtcm -- MSM after sigindex: sig[3] code=58 idx=2
04:09:10.681 [main] DEBUG org.rtklib.java.rtcm.Rtcm -- MSM after sigindex: sig[4] code=2 idx=4
04:09:10.681 [main] DEBUG org.rtklib.java.rtcm.Rtcm -- RTCM3 decoded message type=1124, length=81
04:09:10.681 [main] DEBUG org.rtklib.java.rtcm.Rtcm -- MSM BDS TOW: raw=63979000, tow=63993.0
04:09:10.681 [main] DEBUG org.rtklib.java.rtcm.Rtcm -- MSM BDS after adjweek: time.time=1780854393, time.sec=0.0
04:09:10.681 [main] DEBUG org.rtklib.java.rtcm.Rtcm -- decode_msm_head: sys=32 staid=0 nsat=2 nsig=4 sync=0 iod=0 ncell=8
04:09:10.681 [main] DEBUG org.rtklib.java.rtcm.Rtcm -- MSM sig[0] sigid=2 sigstr=2I code=40 idx=0
04:09:10.681 [main] DEBUG org.rtklib.java.rtcm.Rtcm -- MSM sig[1] sigid=8 sigstr=6I code=42 idx=3
04:09:10.681 [main] DEBUG org.rtklib.java.rtcm.Rtcm -- MSM sig[2] sigid=23 sigstr=5P code=58 idx=2
04:09:10.681 [main] DEBUG org.rtklib.java.rtcm.Rtcm -- MSM sig[3] sigid=31 sigstr=1P code=2 idx=4
04:09:10.681 [main] DEBUG org.rtklib.java.rtcm.Rtcm -- MSM after sigindex: sig[0] code=40 idx=0
04:09:10.681 [main] DEBUG org.rtklib.java.rtcm.Rtcm -- MSM after sigindex: sig[1] code=42 idx=3
04:09:10.681 [main] DEBUG org.rtklib.java.rtcm.Rtcm -- MSM after sigindex: sig[2] code=58 idx=2
04:09:10.681 [main] DEBUG org.rtklib.java.rtcm.Rtcm -- MSM after sigindex: sig[3] code=2 idx=4
04:09:10.681 [main] DEBUG org.rtklib.java.rtcm.Rtcm -- RTCM3 decoded message type=1042, length=70
04:09:10.681 [main] DEBUG org.rtklib.java.rtcm.Rtcm -- RTCM3 decoded message type=1005, length=25
04:09:10.681 [main] DEBUG org.rtklib.java.rtcm.Rtcm -- RTCM3 decoded message type=1033, length=27
04:09:10.681 [main] DEBUG org.rtklib.java.rtcm.Rtcm -- RTCM3 decoded message type=1124, length=242
04:09:10.681 [main] DEBUG org.rtklib.java.rtcm.Rtcm -- MSM BDS TOW: raw=63994000, tow=64008.0
04:09:10.681 [main] DEBUG org.rtklib.java.rtcm.Rtcm -- MSM BDS after adjweek: time.time=1780854408, time.sec=0.0
04:09:10.681 [main] DEBUG org.rtklib.java.rtcm.Rtcm -- decode_msm_head: sys=32 staid=0 nsat=12 nsig=5 sync=1 iod=0 ncell=30
04:09:10.681 [main] DEBUG org.rtklib.java.rtcm.Rtcm -- MSM sig[0] sigid=2 sigstr=2I code=40 idx=0
04:09:10.682 [main] DEBUG org.rtklib.java.rtcm.Rtcm -- MSM sig[1] sigid=8 sigstr=6I code=42 idx=3
04:09:10.682 [main] DEBUG org.rtklib.java.rtcm.Rtcm -- MSM sig[2] sigid=14 sigstr=7I code=27 idx=1
04:09:10.682 [main] DEBUG org.rtklib.java.rtcm.Rtcm -- MSM sig[3] sigid=23 sigstr=5P code=58 idx=2
04:09:10.682 [main] DEBUG org.rtklib.java.rtcm.Rtcm -- MSM sig[4] sigid=31 sigstr=1P code=2 idx=4
04:09:10.682 [main] DEBUG org.rtklib.java.rtcm.Rtcm -- MSM after sigindex: sig[0] code=40 idx=0
04:09:10.682 [main] DEBUG org.rtklib.java.rtcm.Rtcm -- MSM after sigindex: sig[1] code=42 idx=3
04:09:10.682 [main] DEBUG org.rtklib.java.rtcm.Rtcm -- MSM after sigindex: sig[2] code=27 idx=1
04:09:10.682 [main] DEBUG org.rtklib.java.rtcm.Rtcm -- MSM after sigindex: sig[3] code=58 idx=2
04:09:10.682 [main] DEBUG org.rtklib.java.rtcm.Rtcm -- MSM after sigindex: sig[4] code=2 idx=4
04:09:10.682 [main] DEBUG org.rtklib.java.rtcm.Rtcm -- RTCM3 decoded message type=1124, length=81
04:09:10.682 [main] DEBUG org.rtklib.java.rtcm.Rtcm -- MSM BDS TOW: raw=63994000, tow=64008.0
04:09:10.682 [main] DEBUG org.rtklib.java.rtcm.Rtcm -- MSM BDS after adjweek: time.time=1780854408, time.sec=0.0
04:09:10.682 [main] DEBUG org.rtklib.java.rtcm.Rtcm -- decode_msm_head: sys=32 staid=0 nsat=2 nsig=4 sync=0 iod=0 ncell=8
04:09:10.682 [main] DEBUG org.rtklib.java.rtcm.Rtcm -- MSM sig[0] sigid=2 sigstr=2I code=40 idx=0
04:09:10.682 [main] DEBUG org.rtklib.java.rtcm.Rtcm -- MSM sig[1] sigid=8 sigstr=6I code=42 idx=3
04:09:10.682 [main] DEBUG org.rtklib.java.rtcm.Rtcm -- MSM sig[2] sigid=23 sigstr=5P code=58 idx=2
04:09:10.682 [main] DEBUG org.rtklib.java.rtcm.Rtcm -- MSM sig[3] sigid=31 sigstr=1P code=2 idx=4
04:09:10.682 [main] DEBUG org.rtklib.java.rtcm.Rtcm -- MSM after sigindex: sig[0] code=40 idx=0
04:09:10.682 [main] DEBUG org.rtklib.java.rtcm.Rtcm -- MSM after sigindex: sig[1] code=42 idx=3
04:09:10.682 [main] DEBUG org.rtklib.java.rtcm.Rtcm -- MSM after sigindex: sig[2] code=58 idx=2
04:09:10.682 [main] DEBUG org.rtklib.java.rtcm.Rtcm -- MSM after sigindex: sig[3] code=2 idx=4
04:09:10.682 [main] DEBUG org.rtklib.java.rtcm.Rtcm -- RTCM3 decoded message type=1042, length=70
04:09:10.682 [main] DEBUG org.rtklib.java.rtcm.Rtcm -- RTCM3 decoded message type=1005, length=25
04:09:10.682 [main] DEBUG org.rtklib.java.rtcm.Rtcm -- RTCM3 decoded message type=1033, length=27
04:09:10.682 [main] DEBUG org.rtklib.java.rtcm.Rtcm -- RTCM3 decoded message type=1124, length=236
04:09:10.682 [main] DEBUG org.rtklib.java.rtcm.Rtcm -- MSM BDS TOW: raw=64009000, tow=64023.0
04:09:10.682 [main] DEBUG org.rtklib.java.rtcm.Rtcm -- MSM BDS after adjweek: time.time=1780854423, time.sec=0.0
04:09:10.682 [main] DEBUG org.rtklib.java.rtcm.Rtcm -- decode_msm_head: sys=32 staid=0 nsat=12 nsig=5 sync=1 iod=0 ncell=29
04:09:10.682 [main] DEBUG org.rtklib.java.rtcm.Rtcm -- MSM sig[0] sigid=2 sigstr=2I code=40 idx=0
04:09:10.682 [main] DEBUG org.rtklib.java.rtcm.Rtcm -- MSM sig[1] sigid=8 sigstr=6I code=42 idx=3
04:09:10.682 [main] DEBUG org.rtklib.java.rtcm.Rtcm -- MSM sig[2] sigid=14 sigstr=7I code=27 idx=1
04:09:10.682 [main] DEBUG org.rtklib.java.rtcm.Rtcm -- MSM sig[3] sigid=23 sigstr=5P code=58 idx=2
04:09:10.682 [main] DEBUG org.rtklib.java.rtcm.Rtcm -- MSM sig[4] sigid=31 sigstr=1P code=2 idx=4
04:09:10.682 [main] DEBUG org.rtklib.java.rtcm.Rtcm -- MSM after sigindex: sig[0] code=40 idx=0
04:09:10.682 [main] DEBUG org.rtklib.java.rtcm.Rtcm -- MSM after sigindex: sig[1] code=42 idx=3
04:09:10.682 [main] DEBUG org.rtklib.java.rtcm.Rtcm -- MSM after sigindex: sig[2] code=27 idx=1
04:09:10.682 [main] DEBUG org.rtklib.java.rtcm.Rtcm -- MSM after sigindex: sig[3] code=58 idx=2
04:09:10.682 [main] DEBUG org.rtklib.java.rtcm.Rtcm -- MSM after sigindex: sig[4] code=2 idx=4
04:09:10.682 [main] DEBUG org.rtklib.java.rtcm.Rtcm -- RTCM3 decoded message type=1124, length=81
04:09:10.682 [main] DEBUG org.rtklib.java.rtcm.Rtcm -- MSM BDS TOW: raw=64009000, tow=64023.0
04:09:10.682 [main] DEBUG org.rtklib.java.rtcm.Rtcm -- MSM BDS after adjweek: time.time=1780854423, time.sec=0.0
04:09:10.682 [main] DEBUG org.rtklib.java.rtcm.Rtcm -- decode_msm_head: sys=32 staid=0 nsat=2 nsig=4 sync=0 iod=0 ncell=8
04:09:10.682 [main] DEBUG org.rtklib.java.rtcm.Rtcm -- MSM sig[0] sigid=2 sigstr=2I code=40 idx=0
04:09:10.682 [main] DEBUG org.rtklib.java.rtcm.Rtcm -- MSM sig[1] sigid=8 sigstr=6I code=42 idx=3
04:09:10.682 [main] DEBUG org.rtklib.java.rtcm.Rtcm -- MSM sig[2] sigid=23 sigstr=5P code=58 idx=2
04:09:10.682 [main] DEBUG org.rtklib.java.rtcm.Rtcm -- MSM sig[3] sigid=31 sigstr=1P code=2 idx=4
04:09:10.682 [main] DEBUG org.rtklib.java.rtcm.Rtcm -- MSM after sigindex: sig[0] code=40 idx=0
04:09:10.682 [main] DEBUG org.rtklib.java.rtcm.Rtcm -- MSM after sigindex: sig[1] code=42 idx=3
04:09:10.682 [main] DEBUG org.rtklib.java.rtcm.Rtcm -- MSM after sigindex: sig[2] code=58 idx=2
04:09:10.682 [main] DEBUG org.rtklib.java.rtcm.Rtcm -- MSM after sigindex: sig[3] code=2 idx=4
04:09:10.682 [main] DEBUG org.rtklib.java.rtcm.Rtcm -- RTCM3 decoded message type=1042, length=70
04:09:10.682 [main] DEBUG org.rtklib.java.rtcm.Rtcm -- RTCM3 decoded message type=1005, length=25
04:09:10.682 [main] DEBUG org.rtklib.java.rtcm.Rtcm -- RTCM3 decoded message type=1033, length=27
04:09:10.682 [main] DEBUG org.rtklib.java.rtcm.Rtcm -- RTCM3 decoded message type=1124, length=242
04:09:10.682 [main] DEBUG org.rtklib.java.rtcm.Rtcm -- MSM BDS TOW: raw=64024000, tow=64038.0
04:09:10.682 [main] DEBUG org.rtklib.java.rtcm.Rtcm -- MSM BDS after adjweek: time.time=1780854438, time.sec=0.0
04:09:10.682 [main] DEBUG org.rtklib.java.rtcm.Rtcm -- decode_msm_head: sys=32 staid=0 nsat=12 nsig=5 sync=1 iod=0 ncell=30
04:09:10.682 [main] DEBUG org.rtklib.java.rtcm.Rtcm -- MSM sig[0] sigid=2 sigstr=2I code=40 idx=0
04:09:10.682 [main] DEBUG org.rtklib.java.rtcm.Rtcm -- MSM sig[1] sigid=8 sigstr=6I code=42 idx=3
04:09:10.682 [main] DEBUG org.rtklib.java.rtcm.Rtcm -- MSM sig[2] sigid=14 sigstr=7I code=27 idx=1
04:09:10.682 [main] DEBUG org.rtklib.java.rtcm.Rtcm -- MSM sig[3] sigid=23 sigstr=5P code=58 idx=2
04:09:10.682 [main] DEBUG org.rtklib.java.rtcm.Rtcm -- MSM sig[4] sigid=31 sigstr=1P code=2 idx=4
04:09:10.682 [main] DEBUG org.rtklib.java.rtcm.Rtcm -- MSM after sigindex: sig[0] code=40 idx=0
04:09:10.682 [main] DEBUG org.rtklib.java.rtcm.Rtcm -- MSM after sigindex: sig[1] code=42 idx=3
04:09:10.682 [main] DEBUG org.rtklib.java.rtcm.Rtcm -- MSM after sigindex: sig[2] code=27 idx=1
04:09:10.682 [main] DEBUG org.rtklib.java.rtcm.Rtcm -- MSM after sigindex: sig[3] code=58 idx=2
04:09:10.682 [main] DEBUG org.rtklib.java.rtcm.Rtcm -- MSM after sigindex: sig[4] code=2 idx=4
04:09:10.682 [main] DEBUG org.rtklib.java.rtcm.Rtcm -- RTCM3 decoded message type=1124, length=75
04:09:10.682 [main] DEBUG org.rtklib.java.rtcm.Rtcm -- MSM BDS TOW: raw=64024000, tow=64038.0
04:09:10.682 [main] DEBUG org.rtklib.java.rtcm.Rtcm -- MSM BDS after adjweek: time.time=1780854438, time.sec=0.0
04:09:10.682 [main] DEBUG org.rtklib.java.rtcm.Rtcm -- decode_msm_head: sys=32 staid=0 nsat=2 nsig=4 sync=0 iod=0 ncell=7
04:09:10.682 [main] DEBUG org.rtklib.java.rtcm.Rtcm -- MSM sig[0] sigid=2 sigstr=2I code=40 idx=0
04:09:10.682 [main] DEBUG org.rtklib.java.rtcm.Rtcm -- MSM sig[1] sigid=8 sigstr=6I code=42 idx=3
04:09:10.682 [main] DEBUG org.rtklib.java.rtcm.Rtcm -- MSM sig[2] sigid=23 sigstr=5P code=58 idx=2
04:09:10.682 [main] DEBUG org.rtklib.java.rtcm.Rtcm -- MSM sig[3] sigid=31 sigstr=1P code=2 idx=4
04:09:10.682 [main] DEBUG org.rtklib.java.rtcm.Rtcm -- MSM after sigindex: sig[0] code=40 idx=0
04:09:10.682 [main] DEBUG org.rtklib.java.rtcm.Rtcm -- MSM after sigindex: sig[1] code=42 idx=3
04:09:10.682 [main] DEBUG org.rtklib.java.rtcm.Rtcm -- MSM after sigindex: sig[2] code=58 idx=2
04:09:10.682 [main] DEBUG org.rtklib.java.rtcm.Rtcm -- MSM after sigindex: sig[3] code=2 idx=4
04:09:10.682 [main] DEBUG org.rtklib.java.rtcm.Rtcm -- RTCM3 decoded message type=1042, length=70
04:09:10.682 [main] DEBUG org.rtklib.java.rtcm.Rtcm -- RTCM3 decoded message type=1005, length=25
04:09:10.682 [main] DEBUG org.rtklib.java.rtcm.Rtcm -- RTCM3 decoded message type=1033, length=27
04:09:10.682 [main] DEBUG org.rtklib.java.rtcm.Rtcm -- RTCM3 decoded message type=1124, length=236
04:09:10.682 [main] DEBUG org.rtklib.java.rtcm.Rtcm -- MSM BDS TOW: raw=64039000, tow=64053.0
04:09:10.682 [main] DEBUG org.rtklib.java.rtcm.Rtcm -- MSM BDS after adjweek: time.time=1780854453, time.sec=0.0
04:09:10.682 [main] DEBUG org.rtklib.java.rtcm.Rtcm -- decode_msm_head: sys=32 staid=0 nsat=12 nsig=5 sync=1 iod=0 ncell=29
04:09:10.682 [main] DEBUG org.rtklib.java.rtcm.Rtcm -- MSM sig[0] sigid=2 sigstr=2I code=40 idx=0
04:09:10.682 [main] DEBUG org.rtklib.java.rtcm.Rtcm -- MSM sig[1] sigid=8 sigstr=6I code=42 idx=3
04:09:10.682 [main] DEBUG org.rtklib.java.rtcm.Rtcm -- MSM sig[2] sigid=14 sigstr=7I code=27 idx=1
04:09:10.682 [main] DEBUG org.rtklib.java.rtcm.Rtcm -- MSM sig[3] sigid=23 sigstr=5P code=58 idx=2
04:09:10.682 [main] DEBUG org.rtklib.java.rtcm.Rtcm -- MSM sig[4] sigid=31 sigstr=1P code=2 idx=4
04:09:10.682 [main] DEBUG org.rtklib.java.rtcm.Rtcm -- MSM after sigindex: sig[0] code=40 idx=0
04:09:10.682 [main] DEBUG org.rtklib.java.rtcm.Rtcm -- MSM after sigindex: sig[1] code=42 idx=3
04:09:10.682 [main] DEBUG org.rtklib.java.rtcm.Rtcm -- MSM after sigindex: sig[2] code=27 idx=1
04:09:10.682 [main] DEBUG org.rtklib.java.rtcm.Rtcm -- MSM after sigindex: sig[3] code=58 idx=2
04:09:10.682 [main] DEBUG org.rtklib.java.rtcm.Rtcm -- MSM after sigindex: sig[4] code=2 idx=4
04:09:10.682 [main] DEBUG org.rtklib.java.rtcm.Rtcm -- RTCM3 decoded message type=1124, length=69
04:09:10.682 [main] DEBUG org.rtklib.java.rtcm.Rtcm -- MSM BDS TOW: raw=64039000, tow=64053.0
04:09:10.682 [main] DEBUG org.rtklib.java.rtcm.Rtcm -- MSM BDS after adjweek: time.time=1780854453, time.sec=0.0
04:09:10.682 [main] DEBUG org.rtklib.java.rtcm.Rtcm -- decode_msm_head: sys=32 staid=0 nsat=2 nsig=4 sync=0 iod=0 ncell=6
04:09:10.682 [main] DEBUG org.rtklib.java.rtcm.Rtcm -- MSM sig[0] sigid=2 sigstr=2I code=40 idx=0
04:09:10.682 [main] DEBUG org.rtklib.java.rtcm.Rtcm -- MSM sig[1] sigid=8 sigstr=6I code=42 idx=3
04:09:10.682 [main] DEBUG org.rtklib.java.rtcm.Rtcm -- MSM sig[2] sigid=23 sigstr=5P code=58 idx=2
04:09:10.682 [main] DEBUG org.rtklib.java.rtcm.Rtcm -- MSM sig[3] sigid=31 sigstr=1P code=2 idx=4
04:09:10.682 [main] DEBUG org.rtklib.java.rtcm.Rtcm -- MSM after sigindex: sig[0] code=40 idx=0
04:09:10.682 [main] DEBUG org.rtklib.java.rtcm.Rtcm -- MSM after sigindex: sig[1] code=42 idx=3
04:09:10.682 [main] DEBUG org.rtklib.java.rtcm.Rtcm -- MSM after sigindex: sig[2] code=58 idx=2
04:09:10.682 [main] DEBUG org.rtklib.java.rtcm.Rtcm -- MSM after sigindex: sig[3] code=2 idx=4
04:09:10.682 [main] DEBUG org.rtklib.java.rtcm.Rtcm -- RTCM3 decoded message type=1042, length=70
04:09:10.682 [main] DEBUG org.rtklib.java.rtcm.Rtcm -- RTCM3 decoded message type=1005, length=25
04:09:10.682 [main] DEBUG org.rtklib.java.rtcm.Rtcm -- RTCM3 decoded message type=1033, length=27
04:09:10.682 [main] DEBUG org.rtklib.java.rtcm.Rtcm -- RTCM3 decoded message type=1124, length=248
04:09:10.682 [main] DEBUG org.rtklib.java.rtcm.Rtcm -- MSM BDS TOW: raw=64054000, tow=64068.0
04:09:10.682 [main] DEBUG org.rtklib.java.rtcm.Rtcm -- MSM BDS after adjweek: time.time=1780854468, time.sec=0.0
04:09:10.682 [main] DEBUG org.rtklib.java.rtcm.Rtcm -- decode_msm_head: sys=32 staid=0 nsat=12 nsig=5 sync=1 iod=0 ncell=31
04:09:10.682 [main] DEBUG org.rtklib.java.rtcm.Rtcm -- MSM sig[0] sigid=2 sigstr=2I code=40 idx=0
04:09:10.682 [main] DEBUG org.rtklib.java.rtcm.Rtcm -- MSM sig[1] sigid=8 sigstr=6I code=42 idx=3
04:09:10.682 [main] DEBUG org.rtklib.java.rtcm.Rtcm -- MSM sig[2] sigid=14 sigstr=7I code=27 idx=1
04:09:10.682 [main] DEBUG org.rtklib.java.rtcm.Rtcm -- MSM sig[3] sigid=23 sigstr=5P code=58 idx=2
04:09:10.682 [main] DEBUG org.rtklib.java.rtcm.Rtcm -- MSM sig[4] sigid=31 sigstr=1P code=2 idx=4
04:09:10.682 [main] DEBUG org.rtklib.java.rtcm.Rtcm -- MSM after sigindex: sig[0] code=40 idx=0
04:09:10.682 [main] DEBUG org.rtklib.java.rtcm.Rtcm -- MSM after sigindex: sig[1] code=42 idx=3
04:09:10.682 [main] DEBUG org.rtklib.java.rtcm.Rtcm -- MSM after sigindex: sig[2] code=27 idx=1
04:09:10.682 [main] DEBUG org.rtklib.java.rtcm.Rtcm -- MSM after sigindex: sig[3] code=58 idx=2
04:09:10.682 [main] DEBUG org.rtklib.java.rtcm.Rtcm -- MSM after sigindex: sig[4] code=2 idx=4
04:09:10.682 [main] DEBUG org.rtklib.java.rtcm.Rtcm -- RTCM3 decoded message type=1124, length=75
04:09:10.682 [main] DEBUG org.rtklib.java.rtcm.Rtcm -- MSM BDS TOW: raw=64054000, tow=64068.0
04:09:10.682 [main] DEBUG org.rtklib.java.rtcm.Rtcm -- MSM BDS after adjweek: time.time=1780854468, time.sec=0.0
04:09:10.682 [main] DEBUG org.rtklib.java.rtcm.Rtcm -- decode_msm_head: sys=32 staid=0 nsat=2 nsig=4 sync=0 iod=0 ncell=7
04:09:10.682 [main] DEBUG org.rtklib.java.rtcm.Rtcm -- MSM sig[0] sigid=2 sigstr=2I code=40 idx=0
04:09:10.682 [main] DEBUG org.rtklib.java.rtcm.Rtcm -- MSM sig[1] sigid=8 sigstr=6I code=42 idx=3
04:09:10.682 [main] DEBUG org.rtklib.java.rtcm.Rtcm -- MSM sig[2] sigid=23 sigstr=5P code=58 idx=2
04:09:10.682 [main] DEBUG org.rtklib.java.rtcm.Rtcm -- MSM sig[3] sigid=31 sigstr=1P code=2 idx=4
04:09:10.682 [main] DEBUG org.rtklib.java.rtcm.Rtcm -- MSM after sigindex: sig[0] code=40 idx=0
04:09:10.682 [main] DEBUG org.rtklib.java.rtcm.Rtcm -- MSM after sigindex: sig[1] code=42 idx=3
04:09:10.682 [main] DEBUG org.rtklib.java.rtcm.Rtcm -- MSM after sigindex: sig[2] code=58 idx=2
04:09:10.682 [main] DEBUG org.rtklib.java.rtcm.Rtcm -- MSM after sigindex: sig[3] code=2 idx=4
04:09:10.682 [main] DEBUG org.rtklib.java.rtcm.Rtcm -- RTCM3 decoded message type=1042, length=70
04:09:10.682 [main] DEBUG org.rtklib.java.rtcm.Rtcm -- RTCM3 decoded message type=1005, length=25
04:09:10.682 [main] DEBUG org.rtklib.java.rtcm.Rtcm -- RTCM3 decoded message type=1033, length=27
04:09:10.682 [main] DEBUG org.rtklib.java.rtcm.Rtcm -- RTCM3 decoded message type=1124, length=242
04:09:10.682 [main] DEBUG org.rtklib.java.rtcm.Rtcm -- MSM BDS TOW: raw=64069000, tow=64083.0
04:09:10.682 [main] DEBUG org.rtklib.java.rtcm.Rtcm -- MSM BDS after adjweek: time.time=1780854483, time.sec=0.0
04:09:10.682 [main] DEBUG org.rtklib.java.rtcm.Rtcm -- decode_msm_head: sys=32 staid=0 nsat=12 nsig=5 sync=1 iod=0 ncell=30
04:09:10.682 [main] DEBUG org.rtklib.java.rtcm.Rtcm -- MSM sig[0] sigid=2 sigstr=2I code=40 idx=0
04:09:10.682 [main] DEBUG org.rtklib.java.rtcm.Rtcm -- MSM sig[1] sigid=8 sigstr=6I code=42 idx=3
04:09:10.682 [main] DEBUG org.rtklib.java.rtcm.Rtcm -- MSM sig[2] sigid=14 sigstr=7I code=27 idx=1
04:09:10.682 [main] DEBUG org.rtklib.java.rtcm.Rtcm -- MSM sig[3] sigid=23 sigstr=5P code=58 idx=2
04:09:10.682 [main] DEBUG org.rtklib.java.rtcm.Rtcm -- MSM sig[4] sigid=31 sigstr=1P code=2 idx=4
04:09:10.682 [main] DEBUG org.rtklib.java.rtcm.Rtcm -- MSM after sigindex: sig[0] code=40 idx=0
04:09:10.682 [main] DEBUG org.rtklib.java.rtcm.Rtcm -- MSM after sigindex: sig[1] code=42 idx=3
04:09:10.682 [main] DEBUG org.rtklib.java.rtcm.Rtcm -- MSM after sigindex: sig[2] code=27 idx=1
04:09:10.682 [main] DEBUG org.rtklib.java.rtcm.Rtcm -- MSM after sigindex: sig[3] code=58 idx=2
04:09:10.682 [main] DEBUG org.rtklib.java.rtcm.Rtcm -- MSM after sigindex: sig[4] code=2 idx=4
04:09:10.682 [main] DEBUG org.rtklib.java.rtcm.Rtcm -- RTCM3 decoded message type=1124, length=69
04:09:10.682 [main] DEBUG org.rtklib.java.rtcm.Rtcm -- MSM BDS TOW: raw=64069000, tow=64083.0
04:09:10.682 [main] DEBUG org.rtklib.java.rtcm.Rtcm -- MSM BDS after adjweek: time.time=1780854483, time.sec=0.0
04:09:10.682 [main] DEBUG org.rtklib.java.rtcm.Rtcm -- decode_msm_head: sys=32 staid=0 nsat=2 nsig=4 sync=0 iod=0 ncell=6
04:09:10.682 [main] DEBUG org.rtklib.java.rtcm.Rtcm -- MSM sig[0] sigid=2 sigstr=2I code=40 idx=0
04:09:10.682 [main] DEBUG org.rtklib.java.rtcm.Rtcm -- MSM sig[1] sigid=8 sigstr=6I code=42 idx=3
04:09:10.682 [main] DEBUG org.rtklib.java.rtcm.Rtcm -- MSM sig[2] sigid=23 sigstr=5P code=58 idx=2
04:09:10.682 [main] DEBUG org.rtklib.java.rtcm.Rtcm -- MSM sig[3] sigid=31 sigstr=1P code=2 idx=4
04:09:10.682 [main] DEBUG org.rtklib.java.rtcm.Rtcm -- MSM after sigindex: sig[0] code=40 idx=0
04:09:10.682 [main] DEBUG org.rtklib.java.rtcm.Rtcm -- MSM after sigindex: sig[1] code=42 idx=3
04:09:10.682 [main] DEBUG org.rtklib.java.rtcm.Rtcm -- MSM after sigindex: sig[2] code=58 idx=2
04:09:10.682 [main] DEBUG org.rtklib.java.rtcm.Rtcm -- MSM after sigindex: sig[3] code=2 idx=4
04:09:10.683 [main] DEBUG org.rtklib.java.rtcm.Rtcm -- RTCM3 decoded message type=1042, length=70
04:09:10.683 [main] DEBUG org.rtklib.java.rtcm.Rtcm -- RTCM3 decoded message type=1005, length=25
04:09:10.683 [main] DEBUG org.rtklib.java.rtcm.Rtcm -- RTCM3 decoded message type=1033, length=27
04:09:10.683 [main] DEBUG org.rtklib.java.rtcm.Rtcm -- RTCM3 decoded message type=1124, length=248
04:09:10.683 [main] DEBUG org.rtklib.java.rtcm.Rtcm -- MSM BDS TOW: raw=64084000, tow=64098.0
04:09:10.683 [main] DEBUG org.rtklib.java.rtcm.Rtcm -- MSM BDS after adjweek: time.time=1780854498, time.sec=0.0
04:09:10.683 [main] DEBUG org.rtklib.java.rtcm.Rtcm -- decode_msm_head: sys=32 staid=0 nsat=12 nsig=5 sync=1 iod=0 ncell=31
04:09:10.683 [main] DEBUG org.rtklib.java.rtcm.Rtcm -- MSM sig[0] sigid=2 sigstr=2I code=40 idx=0
04:09:10.683 [main] DEBUG org.rtklib.java.rtcm.Rtcm -- MSM sig[1] sigid=8 sigstr=6I code=42 idx=3
04:09:10.683 [main] DEBUG org.rtklib.java.rtcm.Rtcm -- MSM sig[2] sigid=14 sigstr=7I code=27 idx=1
04:09:10.683 [main] DEBUG org.rtklib.java.rtcm.Rtcm -- MSM sig[3] sigid=23 sigstr=5P code=58 idx=2
04:09:10.683 [main] DEBUG org.rtklib.java.rtcm.Rtcm -- MSM sig[4] sigid=31 sigstr=1P code=2 idx=4
04:09:10.683 [main] DEBUG org.rtklib.java.rtcm.Rtcm -- MSM after sigindex: sig[0] code=40 idx=0
04:09:10.683 [main] DEBUG org.rtklib.java.rtcm.Rtcm -- MSM after sigindex: sig[1] code=42 idx=3
04:09:10.683 [main] DEBUG org.rtklib.java.rtcm.Rtcm -- MSM after sigindex: sig[2] code=27 idx=1
04:09:10.683 [main] DEBUG org.rtklib.java.rtcm.Rtcm -- MSM after sigindex: sig[3] code=58 idx=2
04:09:10.683 [main] DEBUG org.rtklib.java.rtcm.Rtcm -- MSM after sigindex: sig[4] code=2 idx=4
04:09:10.683 [main] DEBUG org.rtklib.java.rtcm.Rtcm -- RTCM3 decoded message type=1124, length=75
04:09:10.683 [main] DEBUG org.rtklib.java.rtcm.Rtcm -- MSM BDS TOW: raw=64084000, tow=64098.0
04:09:10.683 [main] DEBUG org.rtklib.java.rtcm.Rtcm -- MSM BDS after adjweek: time.time=1780854498, time.sec=0.0
04:09:10.683 [main] DEBUG org.rtklib.java.rtcm.Rtcm -- decode_msm_head: sys=32 staid=0 nsat=2 nsig=4 sync=0 iod=0 ncell=7
04:09:10.683 [main] DEBUG org.rtklib.java.rtcm.Rtcm -- MSM sig[0] sigid=2 sigstr=2I code=40 idx=0
04:09:10.683 [main] DEBUG org.rtklib.java.rtcm.Rtcm -- MSM sig[1] sigid=8 sigstr=6I code=42 idx=3
04:09:10.683 [main] DEBUG org.rtklib.java.rtcm.Rtcm -- MSM sig[2] sigid=23 sigstr=5P code=58 idx=2
04:09:10.683 [main] DEBUG org.rtklib.java.rtcm.Rtcm -- MSM sig[3] sigid=31 sigstr=1P code=2 idx=4
04:09:10.683 [main] DEBUG org.rtklib.java.rtcm.Rtcm -- MSM after sigindex: sig[0] code=40 idx=0
04:09:10.683 [main] DEBUG org.rtklib.java.rtcm.Rtcm -- MSM after sigindex: sig[1] code=42 idx=3
04:09:10.683 [main] DEBUG org.rtklib.java.rtcm.Rtcm -- MSM after sigindex: sig[2] code=58 idx=2
04:09:10.683 [main] DEBUG org.rtklib.java.rtcm.Rtcm -- MSM after sigindex: sig[3] code=2 idx=4
04:09:10.683 [main] DEBUG org.rtklib.java.rtcm.Rtcm -- RTCM3 decoded message type=1042, length=70
04:09:10.683 [main] DEBUG org.rtklib.java.rtcm.Rtcm -- RTCM3 decoded message type=1005, length=25
04:09:10.683 [main] DEBUG org.rtklib.java.rtcm.Rtcm -- RTCM3 decoded message type=1033, length=27
04:09:10.683 [main] DEBUG org.rtklib.java.rtcm.Rtcm -- RTCM3 decoded message type=1124, length=248
04:09:10.683 [main] DEBUG org.rtklib.java.rtcm.Rtcm -- MSM BDS TOW: raw=64099000, tow=64113.0
04:09:10.683 [main] DEBUG org.rtklib.java.rtcm.Rtcm -- MSM BDS after adjweek: time.time=1780854513, time.sec=0.0
04:09:10.683 [main] DEBUG org.rtklib.java.rtcm.Rtcm -- decode_msm_head: sys=32 staid=0 nsat=12 nsig=5 sync=1 iod=0 ncell=31
04:09:10.683 [main] DEBUG org.rtklib.java.rtcm.Rtcm -- MSM sig[0] sigid=2 sigstr=2I code=40 idx=0
04:09:10.683 [main] DEBUG org.rtklib.java.rtcm.Rtcm -- MSM sig[1] sigid=8 sigstr=6I code=42 idx=3
04:09:10.683 [main] DEBUG org.rtklib.java.rtcm.Rtcm -- MSM sig[2] sigid=14 sigstr=7I code=27 idx=1
04:09:10.683 [main] DEBUG org.rtklib.java.rtcm.Rtcm -- MSM sig[3] sigid=23 sigstr=5P code=58 idx=2
04:09:10.683 [main] DEBUG org.rtklib.java.rtcm.Rtcm -- MSM sig[4] sigid=31 sigstr=1P code=2 idx=4
04:09:10.683 [main] DEBUG org.rtklib.java.rtcm.Rtcm -- MSM after sigindex: sig[0] code=40 idx=0
04:09:10.683 [main] DEBUG org.rtklib.java.rtcm.Rtcm -- MSM after sigindex: sig[1] code=42 idx=3
04:09:10.683 [main] DEBUG org.rtklib.java.rtcm.Rtcm -- MSM after sigindex: sig[2] code=27 idx=1
04:09:10.683 [main] DEBUG org.rtklib.java.rtcm.Rtcm -- MSM after sigindex: sig[3] code=58 idx=2
04:09:10.683 [main] DEBUG org.rtklib.java.rtcm.Rtcm -- MSM after sigindex: sig[4] code=2 idx=4
04:09:10.683 [main] DEBUG org.rtklib.java.rtcm.Rtcm -- RTCM3 decoded message type=1124, length=75
04:09:10.683 [main] DEBUG org.rtklib.java.rtcm.Rtcm -- MSM BDS TOW: raw=64099000, tow=64113.0
04:09:10.683 [main] DEBUG org.rtklib.java.rtcm.Rtcm -- MSM BDS after adjweek: time.time=1780854513, time.sec=0.0
04:09:10.683 [main] DEBUG org.rtklib.java.rtcm.Rtcm -- decode_msm_head: sys=32 staid=0 nsat=2 nsig=4 sync=0 iod=0 ncell=7
04:09:10.683 [main] DEBUG org.rtklib.java.rtcm.Rtcm -- MSM sig[0] sigid=2 sigstr=2I code=40 idx=0
04:09:10.683 [main] DEBUG org.rtklib.java.rtcm.Rtcm -- MSM sig[1] sigid=8 sigstr=6I code=42 idx=3
04:09:10.683 [main] DEBUG org.rtklib.java.rtcm.Rtcm -- MSM sig[2] sigid=23 sigstr=5P code=58 idx=2
04:09:10.683 [main] DEBUG org.rtklib.java.rtcm.Rtcm -- MSM sig[3] sigid=31 sigstr=1P code=2 idx=4
04:09:10.683 [main] DEBUG org.rtklib.java.rtcm.Rtcm -- MSM after sigindex: sig[0] code=40 idx=0
04:09:10.683 [main] DEBUG org.rtklib.java.rtcm.Rtcm -- MSM after sigindex: sig[1] code=42 idx=3
04:09:10.683 [main] DEBUG org.rtklib.java.rtcm.Rtcm -- MSM after sigindex: sig[2] code=58 idx=2
04:09:10.683 [main] DEBUG org.rtklib.java.rtcm.Rtcm -- MSM after sigindex: sig[3] code=2 idx=4
04:09:10.683 [main] DEBUG org.rtklib.java.rtcm.Rtcm -- RTCM3 decoded message type=1042, length=70
04:09:10.683 [main] DEBUG org.rtklib.java.rtcm.Rtcm -- RTCM3 decoded message type=1005, length=25
04:09:10.683 [main] DEBUG org.rtklib.java.rtcm.Rtcm -- RTCM3 decoded message type=1033, length=27
04:09:10.683 [main] DEBUG org.rtklib.java.rtcm.Rtcm -- RTCM3 decoded message type=1124, length=254
04:09:10.683 [main] DEBUG org.rtklib.java.rtcm.Rtcm -- MSM BDS TOW: raw=64114000, tow=64128.0
04:09:10.683 [main] DEBUG org.rtklib.java.rtcm.Rtcm -- MSM BDS after adjweek: time.time=1780854528, time.sec=0.0
04:09:10.683 [main] DEBUG org.rtklib.java.rtcm.Rtcm -- decode_msm_head: sys=32 staid=0 nsat=12 nsig=5 sync=1 iod=0 ncell=32
04:09:10.683 [main] DEBUG org.rtklib.java.rtcm.Rtcm -- MSM sig[0] sigid=2 sigstr=2I code=40 idx=0
04:09:10.683 [main] DEBUG org.rtklib.java.rtcm.Rtcm -- MSM sig[1] sigid=8 sigstr=6I code=42 idx=3
04:09:10.683 [main] DEBUG org.rtklib.java.rtcm.Rtcm -- MSM sig[2] sigid=14 sigstr=7I code=27 idx=1
04:09:10.683 [main] DEBUG org.rtklib.java.rtcm.Rtcm -- MSM sig[3] sigid=23 sigstr=5P code=58 idx=2
04:09:10.683 [main] DEBUG org.rtklib.java.rtcm.Rtcm -- MSM sig[4] sigid=31 sigstr=1P code=2 idx=4
04:09:10.683 [main] DEBUG org.rtklib.java.rtcm.Rtcm -- MSM after sigindex: sig[0] code=40 idx=0
04:09:10.683 [main] DEBUG org.rtklib.java.rtcm.Rtcm -- MSM after sigindex: sig[1] code=42 idx=3
04:09:10.683 [main] DEBUG org.rtklib.java.rtcm.Rtcm -- MSM after sigindex: sig[2] code=27 idx=1
04:09:10.683 [main] DEBUG org.rtklib.java.rtcm.Rtcm -- MSM after sigindex: sig[3] code=58 idx=2
04:09:10.683 [main] DEBUG org.rtklib.java.rtcm.Rtcm -- MSM after sigindex: sig[4] code=2 idx=4
04:09:10.683 [main] DEBUG org.rtklib.java.rtcm.Rtcm -- RTCM3 decoded message type=1124, length=75
04:09:10.683 [main] DEBUG org.rtklib.java.rtcm.Rtcm -- MSM BDS TOW: raw=64114000, tow=64128.0
04:09:10.683 [main] DEBUG org.rtklib.java.rtcm.Rtcm -- MSM BDS after adjweek: time.time=1780854528, time.sec=0.0
04:09:10.683 [main] DEBUG org.rtklib.java.rtcm.Rtcm -- decode_msm_head: sys=32 staid=0 nsat=2 nsig=4 sync=0 iod=0 ncell=7
04:09:10.683 [main] DEBUG org.rtklib.java.rtcm.Rtcm -- MSM sig[0] sigid=2 sigstr=2I code=40 idx=0
04:09:10.683 [main] DEBUG org.rtklib.java.rtcm.Rtcm -- MSM sig[1] sigid=8 sigstr=6I code=42 idx=3
04:09:10.683 [main] DEBUG org.rtklib.java.rtcm.Rtcm -- MSM sig[2] sigid=23 sigstr=5P code=58 idx=2
04:09:10.683 [main] DEBUG org.rtklib.java.rtcm.Rtcm -- MSM sig[3] sigid=31 sigstr=1P code=2 idx=4
04:09:10.683 [main] DEBUG org.rtklib.java.rtcm.Rtcm -- MSM after sigindex: sig[0] code=40 idx=0
04:09:10.683 [main] DEBUG org.rtklib.java.rtcm.Rtcm -- MSM after sigindex: sig[1] code=42 idx=3
04:09:10.683 [main] DEBUG org.rtklib.java.rtcm.Rtcm -- MSM after sigindex: sig[2] code=58 idx=2
04:09:10.683 [main] DEBUG org.rtklib.java.rtcm.Rtcm -- MSM after sigindex: sig[3] code=2 idx=4
04:09:10.683 [main] DEBUG org.rtklib.java.rtcm.Rtcm -- RTCM3 decoded message type=1042, length=70
04:09:10.683 [main] DEBUG org.rtklib.java.rtcm.Rtcm -- RTCM3 decoded message type=1005, length=25
04:09:10.683 [main] DEBUG org.rtklib.java.rtcm.Rtcm -- RTCM3 decoded message type=1033, length=27
04:09:10.683 [main] DEBUG org.rtklib.java.rtcm.Rtcm -- RTCM3 decoded message type=1124, length=254
04:09:10.683 [main] DEBUG org.rtklib.java.rtcm.Rtcm -- MSM BDS TOW: raw=64129000, tow=64143.0
04:09:10.683 [main] DEBUG org.rtklib.java.rtcm.Rtcm -- MSM BDS after adjweek: time.time=1780854543, time.sec=0.0
04:09:10.683 [main] DEBUG org.rtklib.java.rtcm.Rtcm -- decode_msm_head: sys=32 staid=0 nsat=12 nsig=5 sync=1 iod=0 ncell=32
04:09:10.683 [main] DEBUG org.rtklib.java.rtcm.Rtcm -- MSM sig[0] sigid=2 sigstr=2I code=40 idx=0
04:09:10.683 [main] DEBUG org.rtklib.java.rtcm.Rtcm -- MSM sig[1] sigid=8 sigstr=6I code=42 idx=3
04:09:10.683 [main] DEBUG org.rtklib.java.rtcm.Rtcm -- MSM sig[2] sigid=14 sigstr=7I code=27 idx=1
04:09:10.683 [main] DEBUG org.rtklib.java.rtcm.Rtcm -- MSM sig[3] sigid=23 sigstr=5P code=58 idx=2
04:09:10.683 [main] DEBUG org.rtklib.java.rtcm.Rtcm -- MSM sig[4] sigid=31 sigstr=1P code=2 idx=4
04:09:10.683 [main] DEBUG org.rtklib.java.rtcm.Rtcm -- MSM after sigindex: sig[0] code=40 idx=0
04:09:10.683 [main] DEBUG org.rtklib.java.rtcm.Rtcm -- MSM after sigindex: sig[1] code=42 idx=3
04:09:10.683 [main] DEBUG org.rtklib.java.rtcm.Rtcm -- MSM after sigindex: sig[2] code=27 idx=1
04:09:10.683 [main] DEBUG org.rtklib.java.rtcm.Rtcm -- MSM after sigindex: sig[3] code=58 idx=2
04:09:10.683 [main] DEBUG org.rtklib.java.rtcm.Rtcm -- MSM after sigindex: sig[4] code=2 idx=4
04:09:10.683 [main] DEBUG org.rtklib.java.rtcm.Rtcm -- RTCM3 decoded message type=1124, length=75
04:09:10.683 [main] DEBUG org.rtklib.java.rtcm.Rtcm -- MSM BDS TOW: raw=64129000, tow=64143.0
04:09:10.683 [main] DEBUG org.rtklib.java.rtcm.Rtcm -- MSM BDS after adjweek: time.time=1780854543, time.sec=0.0
04:09:10.683 [main] DEBUG org.rtklib.java.rtcm.Rtcm -- decode_msm_head: sys=32 staid=0 nsat=2 nsig=4 sync=0 iod=0 ncell=7
04:09:10.683 [main] DEBUG org.rtklib.java.rtcm.Rtcm -- MSM sig[0] sigid=2 sigstr=2I code=40 idx=0
04:09:10.683 [main] DEBUG org.rtklib.java.rtcm.Rtcm -- MSM sig[1] sigid=8 sigstr=6I code=42 idx=3
04:09:10.683 [main] DEBUG org.rtklib.java.rtcm.Rtcm -- MSM sig[2] sigid=23 sigstr=5P code=58 idx=2
04:09:10.683 [main] DEBUG org.rtklib.java.rtcm.Rtcm -- MSM sig[3] sigid=31 sigstr=1P code=2 idx=4
04:09:10.683 [main] DEBUG org.rtklib.java.rtcm.Rtcm -- MSM after sigindex: sig[0] code=40 idx=0
04:09:10.683 [main] DEBUG org.rtklib.java.rtcm.Rtcm -- MSM after sigindex: sig[1] code=42 idx=3
04:09:10.683 [main] DEBUG org.rtklib.java.rtcm.Rtcm -- MSM after sigindex: sig[2] code=58 idx=2
04:09:10.683 [main] DEBUG org.rtklib.java.rtcm.Rtcm -- MSM after sigindex: sig[3] code=2 idx=4
04:09:10.683 [main] DEBUG org.rtklib.java.rtcm.Rtcm -- RTCM3 decoded message type=1042, length=70
04:09:10.683 [main] DEBUG org.rtklib.java.rtcm.Rtcm -- RTCM3 decoded message type=1005, length=25
04:09:10.683 [main] DEBUG org.rtklib.java.rtcm.Rtcm -- RTCM3 decoded message type=1033, length=27
04:09:10.683 [main] DEBUG org.rtklib.java.rtcm.Rtcm -- RTCM3 decoded message type=1124, length=236
04:09:10.683 [main] DEBUG org.rtklib.java.rtcm.Rtcm -- MSM BDS TOW: raw=64144000, tow=64158.0
04:09:10.683 [main] DEBUG org.rtklib.java.rtcm.Rtcm -- MSM BDS after adjweek: time.time=1780854558, time.sec=0.0
04:09:10.683 [main] DEBUG org.rtklib.java.rtcm.Rtcm -- decode_msm_head: sys=32 staid=0 nsat=12 nsig=5 sync=1 iod=0 ncell=29
04:09:10.683 [main] DEBUG org.rtklib.java.rtcm.Rtcm -- MSM sig[0] sigid=2 sigstr=2I code=40 idx=0
04:09:10.683 [main] DEBUG org.rtklib.java.rtcm.Rtcm -- MSM sig[1] sigid=8 sigstr=6I code=42 idx=3
04:09:10.683 [main] DEBUG org.rtklib.java.rtcm.Rtcm -- MSM sig[2] sigid=14 sigstr=7I code=27 idx=1
04:09:10.683 [main] DEBUG org.rtklib.java.rtcm.Rtcm -- MSM sig[3] sigid=23 sigstr=5P code=58 idx=2
04:09:10.683 [main] DEBUG org.rtklib.java.rtcm.Rtcm -- MSM sig[4] sigid=31 sigstr=1P code=2 idx=4
04:09:10.683 [main] DEBUG org.rtklib.java.rtcm.Rtcm -- MSM after sigindex: sig[0] code=40 idx=0
04:09:10.683 [main] DEBUG org.rtklib.java.rtcm.Rtcm -- MSM after sigindex: sig[1] code=42 idx=3
04:09:10.683 [main] DEBUG org.rtklib.java.rtcm.Rtcm -- MSM after sigindex: sig[2] code=27 idx=1
04:09:10.683 [main] DEBUG org.rtklib.java.rtcm.Rtcm -- MSM after sigindex: sig[3] code=58 idx=2
04:09:10.683 [main] DEBUG org.rtklib.java.rtcm.Rtcm -- MSM after sigindex: sig[4] code=2 idx=4
04:09:10.683 [main] DEBUG org.rtklib.java.rtcm.Rtcm -- RTCM3 decoded message type=1124, length=75
04:09:10.683 [main] DEBUG org.rtklib.java.rtcm.Rtcm -- MSM BDS TOW: raw=64144000, tow=64158.0
04:09:10.683 [main] DEBUG org.rtklib.java.rtcm.Rtcm -- MSM BDS after adjweek: time.time=1780854558, time.sec=0.0
04:09:10.683 [main] DEBUG org.rtklib.java.rtcm.Rtcm -- decode_msm_head: sys=32 staid=0 nsat=2 nsig=4 sync=0 iod=0 ncell=7
04:09:10.683 [main] DEBUG org.rtklib.java.rtcm.Rtcm -- MSM sig[0] sigid=2 sigstr=2I code=40 idx=0
04:09:10.683 [main] DEBUG org.rtklib.java.rtcm.Rtcm -- MSM sig[1] sigid=8 sigstr=6I code=42 idx=3
04:09:10.683 [main] DEBUG org.rtklib.java.rtcm.Rtcm -- MSM sig[2] sigid=23 sigstr=5P code=58 idx=2
04:09:10.683 [main] DEBUG org.rtklib.java.rtcm.Rtcm -- MSM sig[3] sigid=31 sigstr=1P code=2 idx=4
04:09:10.683 [main] DEBUG org.rtklib.java.rtcm.Rtcm -- MSM after sigindex: sig[0] code=40 idx=0
04:09:10.683 [main] DEBUG org.rtklib.java.rtcm.Rtcm -- MSM after sigindex: sig[1] code=42 idx=3
04:09:10.683 [main] DEBUG org.rtklib.java.rtcm.Rtcm -- MSM after sigindex: sig[2] code=58 idx=2
04:09:10.683 [main] DEBUG org.rtklib.java.rtcm.Rtcm -- MSM after sigindex: sig[3] code=2 idx=4
04:09:10.683 [main] DEBUG org.rtklib.java.rtcm.Rtcm -- RTCM3 decoded message type=1042, length=70
04:09:10.683 [main] DEBUG org.rtklib.java.rtcm.Rtcm -- RTCM3 decoded message type=1005, length=25
04:09:10.683 [main] DEBUG org.rtklib.java.rtcm.Rtcm -- RTCM3 decoded message type=1033, length=27
04:09:10.683 [main] DEBUG org.rtklib.java.rtcm.Rtcm -- RTCM3 decoded message type=1124, length=242
04:09:10.683 [main] DEBUG org.rtklib.java.rtcm.Rtcm -- MSM BDS TOW: raw=64159000, tow=64173.0
04:09:10.683 [main] DEBUG org.rtklib.java.rtcm.Rtcm -- MSM BDS after adjweek: time.time=1780854573, time.sec=0.0
04:09:10.683 [main] DEBUG org.rtklib.java.rtcm.Rtcm -- decode_msm_head: sys=32 staid=0 nsat=12 nsig=5 sync=1 iod=0 ncell=30
04:09:10.683 [main] DEBUG org.rtklib.java.rtcm.Rtcm -- MSM sig[0] sigid=2 sigstr=2I code=40 idx=0
04:09:10.683 [main] DEBUG org.rtklib.java.rtcm.Rtcm -- MSM sig[1] sigid=8 sigstr=6I code=42 idx=3
04:09:10.683 [main] DEBUG org.rtklib.java.rtcm.Rtcm -- MSM sig[2] sigid=14 sigstr=7I code=27 idx=1
04:09:10.683 [main] DEBUG org.rtklib.java.rtcm.Rtcm -- MSM sig[3] sigid=23 sigstr=5P code=58 idx=2
04:09:10.683 [main] DEBUG org.rtklib.java.rtcm.Rtcm -- MSM sig[4] sigid=31 sigstr=1P code=2 idx=4
04:09:10.683 [main] DEBUG org.rtklib.java.rtcm.Rtcm -- MSM after sigindex: sig[0] code=40 idx=0
04:09:10.683 [main] DEBUG org.rtklib.java.rtcm.Rtcm -- MSM after sigindex: sig[1] code=42 idx=3
04:09:10.683 [main] DEBUG org.rtklib.java.rtcm.Rtcm -- MSM after sigindex: sig[2] code=27 idx=1
04:09:10.683 [main] DEBUG org.rtklib.java.rtcm.Rtcm -- MSM after sigindex: sig[3] code=58 idx=2
04:09:10.683 [main] DEBUG org.rtklib.java.rtcm.Rtcm -- MSM after sigindex: sig[4] code=2 idx=4
04:09:10.683 [main] DEBUG org.rtklib.java.rtcm.Rtcm -- RTCM3 decoded message type=1124, length=81
04:09:10.683 [main] DEBUG org.rtklib.java.rtcm.Rtcm -- MSM BDS TOW: raw=64159000, tow=64173.0
04:09:10.683 [main] DEBUG org.rtklib.java.rtcm.Rtcm -- MSM BDS after adjweek: time.time=1780854573, time.sec=0.0
04:09:10.683 [main] DEBUG org.rtklib.java.rtcm.Rtcm -- decode_msm_head: sys=32 staid=0 nsat=2 nsig=4 sync=0 iod=0 ncell=8
04:09:10.683 [main] DEBUG org.rtklib.java.rtcm.Rtcm -- MSM sig[0] sigid=2 sigstr=2I code=40 idx=0
04:09:10.683 [main] DEBUG org.rtklib.java.rtcm.Rtcm -- MSM sig[1] sigid=8 sigstr=6I code=42 idx=3
04:09:10.683 [main] DEBUG org.rtklib.java.rtcm.Rtcm -- MSM sig[2] sigid=23 sigstr=5P code=58 idx=2
04:09:10.683 [main] DEBUG org.rtklib.java.rtcm.Rtcm -- MSM sig[3] sigid=31 sigstr=1P code=2 idx=4
04:09:10.683 [main] DEBUG org.rtklib.java.rtcm.Rtcm -- MSM after sigindex: sig[0] code=40 idx=0
04:09:10.683 [main] DEBUG org.rtklib.java.rtcm.Rtcm -- MSM after sigindex: sig[1] code=42 idx=3
04:09:10.683 [main] DEBUG org.rtklib.java.rtcm.Rtcm -- MSM after sigindex: sig[2] code=58 idx=2
04:09:10.683 [main] DEBUG org.rtklib.java.rtcm.Rtcm -- MSM after sigindex: sig[3] code=2 idx=4
04:09:10.683 [main] DEBUG org.rtklib.java.rtcm.Rtcm -- RTCM3 decoded message type=1042, length=70
04:09:10.683 [main] DEBUG org.rtklib.java.rtcm.Rtcm -- RTCM3 decoded message type=1005, length=25
04:09:10.683 [main] DEBUG org.rtklib.java.rtcm.Rtcm -- RTCM3 decoded message type=1033, length=27
04:09:10.683 [main] DEBUG org.rtklib.java.rtcm.Rtcm -- RTCM3 decoded message type=1124, length=248
04:09:10.683 [main] DEBUG org.rtklib.java.rtcm.Rtcm -- MSM BDS TOW: raw=64174000, tow=64188.0
04:09:10.683 [main] DEBUG org.rtklib.java.rtcm.Rtcm -- MSM BDS after adjweek: time.time=1780854588, time.sec=0.0
04:09:10.683 [main] DEBUG org.rtklib.java.rtcm.Rtcm -- decode_msm_head: sys=32 staid=0 nsat=12 nsig=5 sync=1 iod=0 ncell=31
04:09:10.683 [main] DEBUG org.rtklib.java.rtcm.Rtcm -- MSM sig[0] sigid=2 sigstr=2I code=40 idx=0
04:09:10.683 [main] DEBUG org.rtklib.java.rtcm.Rtcm -- MSM sig[1] sigid=8 sigstr=6I code=42 idx=3
04:09:10.683 [main] DEBUG org.rtklib.java.rtcm.Rtcm -- MSM sig[2] sigid=14 sigstr=7I code=27 idx=1
04:09:10.683 [main] DEBUG org.rtklib.java.rtcm.Rtcm -- MSM sig[3] sigid=23 sigstr=5P code=58 idx=2
04:09:10.683 [main] DEBUG org.rtklib.java.rtcm.Rtcm -- MSM sig[4] sigid=31 sigstr=1P code=2 idx=4
04:09:10.683 [main] DEBUG org.rtklib.java.rtcm.Rtcm -- MSM after sigindex: sig[0] code=40 idx=0
04:09:10.683 [main] DEBUG org.rtklib.java.rtcm.Rtcm -- MSM after sigindex: sig[1] code=42 idx=3
04:09:10.683 [main] DEBUG org.rtklib.java.rtcm.Rtcm -- MSM after sigindex: sig[2] code=27 idx=1
04:09:10.683 [main] DEBUG org.rtklib.java.rtcm.Rtcm -- MSM after sigindex: sig[3] code=58 idx=2
04:09:10.683 [main] DEBUG org.rtklib.java.rtcm.Rtcm -- MSM after sigindex: sig[4] code=2 idx=4
04:09:10.683 [main] DEBUG org.rtklib.java.rtcm.Rtcm -- RTCM3 decoded message type=1124, length=81
04:09:10.683 [main] DEBUG org.rtklib.java.rtcm.Rtcm -- MSM BDS TOW: raw=64174000, tow=64188.0
04:09:10.683 [main] DEBUG org.rtklib.java.rtcm.Rtcm -- MSM BDS after adjweek: time.time=1780854588, time.sec=0.0
04:09:10.683 [main] DEBUG org.rtklib.java.rtcm.Rtcm -- decode_msm_head: sys=32 staid=0 nsat=2 nsig=4 sync=0 iod=0 ncell=8
04:09:10.683 [main] DEBUG org.rtklib.java.rtcm.Rtcm -- MSM sig[0] sigid=2 sigstr=2I code=40 idx=0
04:09:10.684 [main] DEBUG org.rtklib.java.rtcm.Rtcm -- MSM sig[1] sigid=8 sigstr=6I code=42 idx=3
04:09:10.684 [main] DEBUG org.rtklib.java.rtcm.Rtcm -- MSM sig[2] sigid=23 sigstr=5P code=58 idx=2
04:09:10.684 [main] DEBUG org.rtklib.java.rtcm.Rtcm -- MSM sig[3] sigid=31 sigstr=1P code=2 idx=4
04:09:10.684 [main] DEBUG org.rtklib.java.rtcm.Rtcm -- MSM after sigindex: sig[0] code=40 idx=0
04:09:10.684 [main] DEBUG org.rtklib.java.rtcm.Rtcm -- MSM after sigindex: sig[1] code=42 idx=3
04:09:10.684 [main] DEBUG org.rtklib.java.rtcm.Rtcm -- MSM after sigindex: sig[2] code=58 idx=2
04:09:10.684 [main] DEBUG org.rtklib.java.rtcm.Rtcm -- MSM after sigindex: sig[3] code=2 idx=4
04:09:10.684 [main] DEBUG org.rtklib.java.rtcm.Rtcm -- RTCM3 decoded message type=1042, length=70
04:09:10.684 [main] DEBUG org.rtklib.java.rtcm.Rtcm -- RTCM3 decoded message type=1005, length=25
04:09:10.684 [main] DEBUG org.rtklib.java.rtcm.Rtcm -- RTCM3 decoded message type=1033, length=27
04:09:10.684 [main] DEBUG org.rtklib.java.rtcm.Rtcm -- RTCM3 decoded message type=1124, length=254
04:09:10.684 [main] DEBUG org.rtklib.java.rtcm.Rtcm -- MSM BDS TOW: raw=64189000, tow=64203.0
04:09:10.684 [main] DEBUG org.rtklib.java.rtcm.Rtcm -- MSM BDS after adjweek: time.time=1780854603, time.sec=0.0
04:09:10.684 [main] DEBUG org.rtklib.java.rtcm.Rtcm -- decode_msm_head: sys=32 staid=0 nsat=12 nsig=5 sync=1 iod=0 ncell=32
04:09:10.684 [main] DEBUG org.rtklib.java.rtcm.Rtcm -- MSM sig[0] sigid=2 sigstr=2I code=40 idx=0
04:09:10.684 [main] DEBUG org.rtklib.java.rtcm.Rtcm -- MSM sig[1] sigid=8 sigstr=6I code=42 idx=3
04:09:10.684 [main] DEBUG org.rtklib.java.rtcm.Rtcm -- MSM sig[2] sigid=14 sigstr=7I code=27 idx=1
04:09:10.684 [main] DEBUG org.rtklib.java.rtcm.Rtcm -- MSM sig[3] sigid=23 sigstr=5P code=58 idx=2
04:09:10.684 [main] DEBUG org.rtklib.java.rtcm.Rtcm -- MSM sig[4] sigid=31 sigstr=1P code=2 idx=4
04:09:10.684 [main] DEBUG org.rtklib.java.rtcm.Rtcm -- MSM after sigindex: sig[0] code=40 idx=0
04:09:10.684 [main] DEBUG org.rtklib.java.rtcm.Rtcm -- MSM after sigindex: sig[1] code=42 idx=3
04:09:10.684 [main] DEBUG org.rtklib.java.rtcm.Rtcm -- MSM after sigindex: sig[2] code=27 idx=1
04:09:10.684 [main] DEBUG org.rtklib.java.rtcm.Rtcm -- MSM after sigindex: sig[3] code=58 idx=2
04:09:10.684 [main] DEBUG org.rtklib.java.rtcm.Rtcm -- MSM after sigindex: sig[4] code=2 idx=4
04:09:10.684 [main] DEBUG org.rtklib.java.rtcm.Rtcm -- RTCM3 decoded message type=1124, length=81
04:09:10.684 [main] DEBUG org.rtklib.java.rtcm.Rtcm -- MSM BDS TOW: raw=64189000, tow=64203.0
04:09:10.684 [main] DEBUG org.rtklib.java.rtcm.Rtcm -- MSM BDS after adjweek: time.time=1780854603, time.sec=0.0
04:09:10.684 [main] DEBUG org.rtklib.java.rtcm.Rtcm -- decode_msm_head: sys=32 staid=0 nsat=2 nsig=4 sync=0 iod=0 ncell=8
04:09:10.684 [main] DEBUG org.rtklib.java.rtcm.Rtcm -- MSM sig[0] sigid=2 sigstr=2I code=40 idx=0
04:09:10.684 [main] DEBUG org.rtklib.java.rtcm.Rtcm -- MSM sig[1] sigid=8 sigstr=6I code=42 idx=3
04:09:10.684 [main] DEBUG org.rtklib.java.rtcm.Rtcm -- MSM sig[2] sigid=23 sigstr=5P code=58 idx=2
04:09:10.684 [main] DEBUG org.rtklib.java.rtcm.Rtcm -- MSM sig[3] sigid=31 sigstr=1P code=2 idx=4
04:09:10.684 [main] DEBUG org.rtklib.java.rtcm.Rtcm -- MSM after sigindex: sig[0] code=40 idx=0
04:09:10.684 [main] DEBUG org.rtklib.java.rtcm.Rtcm -- MSM after sigindex: sig[1] code=42 idx=3
04:09:10.684 [main] DEBUG org.rtklib.java.rtcm.Rtcm -- MSM after sigindex: sig[2] code=58 idx=2
04:09:10.684 [main] DEBUG org.rtklib.java.rtcm.Rtcm -- MSM after sigindex: sig[3] code=2 idx=4
04:09:10.684 [main] DEBUG org.rtklib.java.rtcm.Rtcm -- RTCM3 decoded message type=1042, length=70
04:09:10.684 [main] DEBUG org.rtklib.java.rtcm.Rtcm -- RTCM3 decoded message type=1005, length=25
04:09:10.684 [main] DEBUG org.rtklib.java.rtcm.Rtcm -- RTCM3 decoded message type=1033, length=27
04:09:10.684 [main] DEBUG org.rtklib.java.rtcm.Rtcm -- RTCM3 decoded message type=1124, length=248
04:09:10.684 [main] DEBUG org.rtklib.java.rtcm.Rtcm -- MSM BDS TOW: raw=64204000, tow=64218.0
04:09:10.684 [main] DEBUG org.rtklib.java.rtcm.Rtcm -- MSM BDS after adjweek: time.time=1780854618, time.sec=0.0
04:09:10.684 [main] DEBUG org.rtklib.java.rtcm.Rtcm -- decode_msm_head: sys=32 staid=0 nsat=12 nsig=5 sync=1 iod=0 ncell=31
04:09:10.684 [main] DEBUG org.rtklib.java.rtcm.Rtcm -- MSM sig[0] sigid=2 sigstr=2I code=40 idx=0
04:09:10.684 [main] DEBUG org.rtklib.java.rtcm.Rtcm -- MSM sig[1] sigid=8 sigstr=6I code=42 idx=3
04:09:10.684 [main] DEBUG org.rtklib.java.rtcm.Rtcm -- MSM sig[2] sigid=14 sigstr=7I code=27 idx=1
04:09:10.684 [main] DEBUG org.rtklib.java.rtcm.Rtcm -- MSM sig[3] sigid=23 sigstr=5P code=58 idx=2
04:09:10.684 [main] DEBUG org.rtklib.java.rtcm.Rtcm -- MSM sig[4] sigid=31 sigstr=1P code=2 idx=4
04:09:10.684 [main] DEBUG org.rtklib.java.rtcm.Rtcm -- MSM after sigindex: sig[0] code=40 idx=0
04:09:10.684 [main] DEBUG org.rtklib.java.rtcm.Rtcm -- MSM after sigindex: sig[1] code=42 idx=3
04:09:10.684 [main] DEBUG org.rtklib.java.rtcm.Rtcm -- MSM after sigindex: sig[2] code=27 idx=1
04:09:10.684 [main] DEBUG org.rtklib.java.rtcm.Rtcm -- MSM after sigindex: sig[3] code=58 idx=2
04:09:10.684 [main] DEBUG org.rtklib.java.rtcm.Rtcm -- MSM after sigindex: sig[4] code=2 idx=4
04:09:10.684 [main] DEBUG org.rtklib.java.rtcm.Rtcm -- RTCM3 decoded message type=1124, length=75
04:09:10.684 [main] DEBUG org.rtklib.java.rtcm.Rtcm -- MSM BDS TOW: raw=64204000, tow=64218.0
04:09:10.684 [main] DEBUG org.rtklib.java.rtcm.Rtcm -- MSM BDS after adjweek: time.time=1780854618, time.sec=0.0
04:09:10.684 [main] DEBUG org.rtklib.java.rtcm.Rtcm -- decode_msm_head: sys=32 staid=0 nsat=2 nsig=4 sync=0 iod=0 ncell=7
04:09:10.684 [main] DEBUG org.rtklib.java.rtcm.Rtcm -- MSM sig[0] sigid=2 sigstr=2I code=40 idx=0
04:09:10.684 [main] DEBUG org.rtklib.java.rtcm.Rtcm -- MSM sig[1] sigid=8 sigstr=6I code=42 idx=3
04:09:10.684 [main] DEBUG org.rtklib.java.rtcm.Rtcm -- MSM sig[2] sigid=23 sigstr=5P code=58 idx=2
04:09:10.684 [main] DEBUG org.rtklib.java.rtcm.Rtcm -- MSM sig[3] sigid=31 sigstr=1P code=2 idx=4
04:09:10.684 [main] DEBUG org.rtklib.java.rtcm.Rtcm -- MSM after sigindex: sig[0] code=40 idx=0
04:09:10.684 [main] DEBUG org.rtklib.java.rtcm.Rtcm -- MSM after sigindex: sig[1] code=42 idx=3
04:09:10.684 [main] DEBUG org.rtklib.java.rtcm.Rtcm -- MSM after sigindex: sig[2] code=58 idx=2
04:09:10.684 [main] DEBUG org.rtklib.java.rtcm.Rtcm -- MSM after sigindex: sig[3] code=2 idx=4
04:09:10.684 [main] DEBUG org.rtklib.java.rtcm.Rtcm -- RTCM3 decoded message type=1042, length=70
04:09:10.684 [main] DEBUG org.rtklib.java.rtcm.Rtcm -- RTCM3 decoded message type=1005, length=25
04:09:10.684 [main] DEBUG org.rtklib.java.rtcm.Rtcm -- RTCM3 decoded message type=1033, length=27
04:09:10.684 [main] DEBUG org.rtklib.java.rtcm.Rtcm -- RTCM3 decoded message type=1124, length=248
04:09:10.684 [main] DEBUG org.rtklib.java.rtcm.Rtcm -- MSM BDS TOW: raw=64219000, tow=64233.0
04:09:10.684 [main] DEBUG org.rtklib.java.rtcm.Rtcm -- MSM BDS after adjweek: time.time=1780854633, time.sec=0.0
04:09:10.684 [main] DEBUG org.rtklib.java.rtcm.Rtcm -- decode_msm_head: sys=32 staid=0 nsat=12 nsig=5 sync=1 iod=0 ncell=31
04:09:10.684 [main] DEBUG org.rtklib.java.rtcm.Rtcm -- MSM sig[0] sigid=2 sigstr=2I code=40 idx=0
04:09:10.684 [main] DEBUG org.rtklib.java.rtcm.Rtcm -- MSM sig[1] sigid=8 sigstr=6I code=42 idx=3
04:09:10.684 [main] DEBUG org.rtklib.java.rtcm.Rtcm -- MSM sig[2] sigid=14 sigstr=7I code=27 idx=1
04:09:10.684 [main] DEBUG org.rtklib.java.rtcm.Rtcm -- MSM sig[3] sigid=23 sigstr=5P code=58 idx=2
04:09:10.684 [main] DEBUG org.rtklib.java.rtcm.Rtcm -- MSM sig[4] sigid=31 sigstr=1P code=2 idx=4
04:09:10.684 [main] DEBUG org.rtklib.java.rtcm.Rtcm -- MSM after sigindex: sig[0] code=40 idx=0
04:09:10.684 [main] DEBUG org.rtklib.java.rtcm.Rtcm -- MSM after sigindex: sig[1] code=42 idx=3
04:09:10.684 [main] DEBUG org.rtklib.java.rtcm.Rtcm -- MSM after sigindex: sig[2] code=27 idx=1
04:09:10.684 [main] DEBUG org.rtklib.java.rtcm.Rtcm -- MSM after sigindex: sig[3] code=58 idx=2
04:09:10.684 [main] DEBUG org.rtklib.java.rtcm.Rtcm -- MSM after sigindex: sig[4] code=2 idx=4
04:09:10.684 [main] DEBUG org.rtklib.java.rtcm.Rtcm -- RTCM3 decoded message type=1124, length=75
04:09:10.684 [main] DEBUG org.rtklib.java.rtcm.Rtcm -- MSM BDS TOW: raw=64219000, tow=64233.0
04:09:10.684 [main] DEBUG org.rtklib.java.rtcm.Rtcm -- MSM BDS after adjweek: time.time=1780854633, time.sec=0.0
04:09:10.684 [main] DEBUG org.rtklib.java.rtcm.Rtcm -- decode_msm_head: sys=32 staid=0 nsat=2 nsig=4 sync=0 iod=0 ncell=7
04:09:10.684 [main] DEBUG org.rtklib.java.rtcm.Rtcm -- MSM sig[0] sigid=2 sigstr=2I code=40 idx=0
04:09:10.684 [main] DEBUG org.rtklib.java.rtcm.Rtcm -- MSM sig[1] sigid=8 sigstr=6I code=42 idx=3
04:09:10.684 [main] DEBUG org.rtklib.java.rtcm.Rtcm -- MSM sig[2] sigid=23 sigstr=5P code=58 idx=2
04:09:10.684 [main] DEBUG org.rtklib.java.rtcm.Rtcm -- MSM sig[3] sigid=31 sigstr=1P code=2 idx=4
04:09:10.684 [main] DEBUG org.rtklib.java.rtcm.Rtcm -- MSM after sigindex: sig[0] code=40 idx=0
04:09:10.684 [main] DEBUG org.rtklib.java.rtcm.Rtcm -- MSM after sigindex: sig[1] code=42 idx=3
04:09:10.684 [main] DEBUG org.rtklib.java.rtcm.Rtcm -- MSM after sigindex: sig[2] code=58 idx=2
04:09:10.684 [main] DEBUG org.rtklib.java.rtcm.Rtcm -- MSM after sigindex: sig[3] code=2 idx=4
04:09:10.684 [main] DEBUG org.rtklib.java.rtcm.Rtcm -- RTCM3 decoded message type=1042, length=70
04:09:10.684 [main] DEBUG org.rtklib.java.rtcm.Rtcm -- RTCM3 decoded message type=1005, length=25
04:09:10.684 [main] DEBUG org.rtklib.java.rtcm.Rtcm -- RTCM3 decoded message type=1033, length=27
04:09:10.684 [main] DEBUG org.rtklib.java.rtcm.Rtcm -- RTCM3 decoded message type=1124, length=248
04:09:10.684 [main] DEBUG org.rtklib.java.rtcm.Rtcm -- MSM BDS TOW: raw=64234000, tow=64248.0
04:09:10.684 [main] DEBUG org.rtklib.java.rtcm.Rtcm -- MSM BDS after adjweek: time.time=1780854648, time.sec=0.0
04:09:10.684 [main] DEBUG org.rtklib.java.rtcm.Rtcm -- decode_msm_head: sys=32 staid=0 nsat=12 nsig=5 sync=1 iod=0 ncell=31
04:09:10.684 [main] DEBUG org.rtklib.java.rtcm.Rtcm -- MSM sig[0] sigid=2 sigstr=2I code=40 idx=0
04:09:10.684 [main] DEBUG org.rtklib.java.rtcm.Rtcm -- MSM sig[1] sigid=8 sigstr=6I code=42 idx=3
04:09:10.684 [main] DEBUG org.rtklib.java.rtcm.Rtcm -- MSM sig[2] sigid=14 sigstr=7I code=27 idx=1
04:09:10.684 [main] DEBUG org.rtklib.java.rtcm.Rtcm -- MSM sig[3] sigid=23 sigstr=5P code=58 idx=2
04:09:10.684 [main] DEBUG org.rtklib.java.rtcm.Rtcm -- MSM sig[4] sigid=31 sigstr=1P code=2 idx=4
04:09:10.684 [main] DEBUG org.rtklib.java.rtcm.Rtcm -- MSM after sigindex: sig[0] code=40 idx=0
04:09:10.684 [main] DEBUG org.rtklib.java.rtcm.Rtcm -- MSM after sigindex: sig[1] code=42 idx=3
04:09:10.684 [main] DEBUG org.rtklib.java.rtcm.Rtcm -- MSM after sigindex: sig[2] code=27 idx=1
04:09:10.684 [main] DEBUG org.rtklib.java.rtcm.Rtcm -- MSM after sigindex: sig[3] code=58 idx=2
04:09:10.684 [main] DEBUG org.rtklib.java.rtcm.Rtcm -- MSM after sigindex: sig[4] code=2 idx=4
04:09:10.684 [main] DEBUG org.rtklib.java.rtcm.Rtcm -- RTCM3 decoded message type=1124, length=81
04:09:10.684 [main] DEBUG org.rtklib.java.rtcm.Rtcm -- MSM BDS TOW: raw=64234000, tow=64248.0
04:09:10.684 [main] DEBUG org.rtklib.java.rtcm.Rtcm -- MSM BDS after adjweek: time.time=1780854648, time.sec=0.0
04:09:10.684 [main] DEBUG org.rtklib.java.rtcm.Rtcm -- decode_msm_head: sys=32 staid=0 nsat=2 nsig=4 sync=0 iod=0 ncell=8
04:09:10.684 [main] DEBUG org.rtklib.java.rtcm.Rtcm -- MSM sig[0] sigid=2 sigstr=2I code=40 idx=0
04:09:10.684 [main] DEBUG org.rtklib.java.rtcm.Rtcm -- MSM sig[1] sigid=8 sigstr=6I code=42 idx=3
04:09:10.684 [main] DEBUG org.rtklib.java.rtcm.Rtcm -- MSM sig[2] sigid=23 sigstr=5P code=58 idx=2
04:09:10.684 [main] DEBUG org.rtklib.java.rtcm.Rtcm -- MSM sig[3] sigid=31 sigstr=1P code=2 idx=4
04:09:10.684 [main] DEBUG org.rtklib.java.rtcm.Rtcm -- MSM after sigindex: sig[0] code=40 idx=0
04:09:10.684 [main] DEBUG org.rtklib.java.rtcm.Rtcm -- MSM after sigindex: sig[1] code=42 idx=3
04:09:10.684 [main] DEBUG org.rtklib.java.rtcm.Rtcm -- MSM after sigindex: sig[2] code=58 idx=2
04:09:10.684 [main] DEBUG org.rtklib.java.rtcm.Rtcm -- MSM after sigindex: sig[3] code=2 idx=4
04:09:10.684 [main] DEBUG org.rtklib.java.rtcm.Rtcm -- RTCM3 decoded message type=1042, length=70
04:09:10.684 [main] DEBUG org.rtklib.java.rtcm.Rtcm -- RTCM3 decoded message type=1005, length=25
04:09:10.684 [main] DEBUG org.rtklib.java.rtcm.Rtcm -- RTCM3 decoded message type=1033, length=27
04:09:10.684 [main] DEBUG org.rtklib.java.rtcm.Rtcm -- RTCM3 decoded message type=1124, length=248
04:09:10.684 [main] DEBUG org.rtklib.java.rtcm.Rtcm -- MSM BDS TOW: raw=64249000, tow=64263.0
04:09:10.684 [main] DEBUG org.rtklib.java.rtcm.Rtcm -- MSM BDS after adjweek: time.time=1780854663, time.sec=0.0
04:09:10.684 [main] DEBUG org.rtklib.java.rtcm.Rtcm -- decode_msm_head: sys=32 staid=0 nsat=12 nsig=5 sync=1 iod=0 ncell=31
04:09:10.684 [main] DEBUG org.rtklib.java.rtcm.Rtcm -- MSM sig[0] sigid=2 sigstr=2I code=40 idx=0
04:09:10.684 [main] DEBUG org.rtklib.java.rtcm.Rtcm -- MSM sig[1] sigid=8 sigstr=6I code=42 idx=3
04:09:10.684 [main] DEBUG org.rtklib.java.rtcm.Rtcm -- MSM sig[2] sigid=14 sigstr=7I code=27 idx=1
04:09:10.684 [main] DEBUG org.rtklib.java.rtcm.Rtcm -- MSM sig[3] sigid=23 sigstr=5P code=58 idx=2
04:09:10.684 [main] DEBUG org.rtklib.java.rtcm.Rtcm -- MSM sig[4] sigid=31 sigstr=1P code=2 idx=4
04:09:10.684 [main] DEBUG org.rtklib.java.rtcm.Rtcm -- MSM after sigindex: sig[0] code=40 idx=0
04:09:10.684 [main] DEBUG org.rtklib.java.rtcm.Rtcm -- MSM after sigindex: sig[1] code=42 idx=3
04:09:10.684 [main] DEBUG org.rtklib.java.rtcm.Rtcm -- MSM after sigindex: sig[2] code=27 idx=1
04:09:10.684 [main] DEBUG org.rtklib.java.rtcm.Rtcm -- MSM after sigindex: sig[3] code=58 idx=2
04:09:10.684 [main] DEBUG org.rtklib.java.rtcm.Rtcm -- MSM after sigindex: sig[4] code=2 idx=4
04:09:10.684 [main] DEBUG org.rtklib.java.rtcm.Rtcm -- RTCM3 decoded message type=1124, length=69
04:09:10.684 [main] DEBUG org.rtklib.java.rtcm.Rtcm -- MSM BDS TOW: raw=64249000, tow=64263.0
04:09:10.684 [main] DEBUG org.rtklib.java.rtcm.Rtcm -- MSM BDS after adjweek: time.time=1780854663, time.sec=0.0
04:09:10.684 [main] DEBUG org.rtklib.java.rtcm.Rtcm -- decode_msm_head: sys=32 staid=0 nsat=2 nsig=4 sync=0 iod=0 ncell=6
04:09:10.684 [main] DEBUG org.rtklib.java.rtcm.Rtcm -- MSM sig[0] sigid=2 sigstr=2I code=40 idx=0
04:09:10.684 [main] DEBUG org.rtklib.java.rtcm.Rtcm -- MSM sig[1] sigid=8 sigstr=6I code=42 idx=3
04:09:10.684 [main] DEBUG org.rtklib.java.rtcm.Rtcm -- MSM sig[2] sigid=23 sigstr=5P code=58 idx=2
04:09:10.684 [main] DEBUG org.rtklib.java.rtcm.Rtcm -- MSM sig[3] sigid=31 sigstr=1P code=2 idx=4
04:09:10.684 [main] DEBUG org.rtklib.java.rtcm.Rtcm -- MSM after sigindex: sig[0] code=40 idx=0
04:09:10.684 [main] DEBUG org.rtklib.java.rtcm.Rtcm -- MSM after sigindex: sig[1] code=42 idx=3
04:09:10.684 [main] DEBUG org.rtklib.java.rtcm.Rtcm -- MSM after sigindex: sig[2] code=58 idx=2
04:09:10.684 [main] DEBUG org.rtklib.java.rtcm.Rtcm -- MSM after sigindex: sig[3] code=2 idx=4
04:09:10.684 [main] DEBUG org.rtklib.java.rtcm.Rtcm -- RTCM3 decoded message type=1042, length=70
04:09:10.684 [main] DEBUG org.rtklib.java.rtcm.Rtcm -- RTCM3 decoded message type=1005, length=25
04:09:10.684 [main] DEBUG org.rtklib.java.rtcm.Rtcm -- RTCM3 decoded message type=1033, length=27
04:09:10.684 [main] DEBUG org.rtklib.java.rtcm.Rtcm -- RTCM3 decoded message type=1124, length=230
04:09:10.684 [main] DEBUG org.rtklib.java.rtcm.Rtcm -- MSM BDS TOW: raw=64264000, tow=64278.0
04:09:10.684 [main] DEBUG org.rtklib.java.rtcm.Rtcm -- MSM BDS after adjweek: time.time=1780854678, time.sec=0.0
04:09:10.684 [main] DEBUG org.rtklib.java.rtcm.Rtcm -- decode_msm_head: sys=32 staid=0 nsat=12 nsig=5 sync=1 iod=0 ncell=28
04:09:10.684 [main] DEBUG org.rtklib.java.rtcm.Rtcm -- MSM sig[0] sigid=2 sigstr=2I code=40 idx=0
04:09:10.684 [main] DEBUG org.rtklib.java.rtcm.Rtcm -- MSM sig[1] sigid=8 sigstr=6I code=42 idx=3
04:09:10.684 [main] DEBUG org.rtklib.java.rtcm.Rtcm -- MSM sig[2] sigid=14 sigstr=7I code=27 idx=1
04:09:10.684 [main] DEBUG org.rtklib.java.rtcm.Rtcm -- MSM sig[3] sigid=23 sigstr=5P code=58 idx=2
04:09:10.684 [main] DEBUG org.rtklib.java.rtcm.Rtcm -- MSM sig[4] sigid=31 sigstr=1P code=2 idx=4
04:09:10.684 [main] DEBUG org.rtklib.java.rtcm.Rtcm -- MSM after sigindex: sig[0] code=40 idx=0
04:09:10.684 [main] DEBUG org.rtklib.java.rtcm.Rtcm -- MSM after sigindex: sig[1] code=42 idx=3
04:09:10.684 [main] DEBUG org.rtklib.java.rtcm.Rtcm -- MSM after sigindex: sig[2] code=27 idx=1
04:09:10.684 [main] DEBUG org.rtklib.java.rtcm.Rtcm -- MSM after sigindex: sig[3] code=58 idx=2
04:09:10.684 [main] DEBUG org.rtklib.java.rtcm.Rtcm -- MSM after sigindex: sig[4] code=2 idx=4
04:09:10.684 [main] DEBUG org.rtklib.java.rtcm.Rtcm -- RTCM3 decoded message type=1124, length=75
04:09:10.684 [main] DEBUG org.rtklib.java.rtcm.Rtcm -- MSM BDS TOW: raw=64264000, tow=64278.0
04:09:10.684 [main] DEBUG org.rtklib.java.rtcm.Rtcm -- MSM BDS after adjweek: time.time=1780854678, time.sec=0.0
04:09:10.684 [main] DEBUG org.rtklib.java.rtcm.Rtcm -- decode_msm_head: sys=32 staid=0 nsat=2 nsig=4 sync=0 iod=0 ncell=7
04:09:10.684 [main] DEBUG org.rtklib.java.rtcm.Rtcm -- MSM sig[0] sigid=2 sigstr=2I code=40 idx=0
04:09:10.684 [main] DEBUG org.rtklib.java.rtcm.Rtcm -- MSM sig[1] sigid=8 sigstr=6I code=42 idx=3
04:09:10.684 [main] DEBUG org.rtklib.java.rtcm.Rtcm -- MSM sig[2] sigid=23 sigstr=5P code=58 idx=2
04:09:10.684 [main] DEBUG org.rtklib.java.rtcm.Rtcm -- MSM sig[3] sigid=31 sigstr=1P code=2 idx=4
04:09:10.684 [main] DEBUG org.rtklib.java.rtcm.Rtcm -- MSM after sigindex: sig[0] code=40 idx=0
04:09:10.684 [main] DEBUG org.rtklib.java.rtcm.Rtcm -- MSM after sigindex: sig[1] code=42 idx=3
04:09:10.684 [main] DEBUG org.rtklib.java.rtcm.Rtcm -- MSM after sigindex: sig[2] code=58 idx=2
04:09:10.684 [main] DEBUG org.rtklib.java.rtcm.Rtcm -- MSM after sigindex: sig[3] code=2 idx=4
04:09:10.685 [main] DEBUG org.rtklib.java.rtcm.Rtcm -- RTCM3 decoded message type=1042, length=70
04:09:10.685 [main] DEBUG org.rtklib.java.rtcm.Rtcm -- RTCM3 decoded message type=1005, length=25
04:09:10.685 [main] DEBUG org.rtklib.java.rtcm.Rtcm -- RTCM3 decoded message type=1033, length=27
04:09:10.685 [main] DEBUG org.rtklib.java.rtcm.Rtcm -- RTCM3 decoded message type=1124, length=230
04:09:10.685 [main] DEBUG org.rtklib.java.rtcm.Rtcm -- MSM BDS TOW: raw=64279000, tow=64293.0
04:09:10.685 [main] DEBUG org.rtklib.java.rtcm.Rtcm -- MSM BDS after adjweek: time.time=1780854693, time.sec=0.0
04:09:10.685 [main] DEBUG org.rtklib.java.rtcm.Rtcm -- decode_msm_head: sys=32 staid=0 nsat=12 nsig=5 sync=1 iod=0 ncell=28
04:09:10.685 [main] DEBUG org.rtklib.java.rtcm.Rtcm -- MSM sig[0] sigid=2 sigstr=2I code=40 idx=0
04:09:10.685 [main] DEBUG org.rtklib.java.rtcm.Rtcm -- MSM sig[1] sigid=8 sigstr=6I code=42 idx=3
04:09:10.685 [main] DEBUG org.rtklib.java.rtcm.Rtcm -- MSM sig[2] sigid=14 sigstr=7I code=27 idx=1
04:09:10.685 [main] DEBUG org.rtklib.java.rtcm.Rtcm -- MSM sig[3] sigid=23 sigstr=5P code=58 idx=2
04:09:10.685 [main] DEBUG org.rtklib.java.rtcm.Rtcm -- MSM sig[4] sigid=31 sigstr=1P code=2 idx=4
04:09:10.685 [main] DEBUG org.rtklib.java.rtcm.Rtcm -- MSM after sigindex: sig[0] code=40 idx=0
04:09:10.685 [main] DEBUG org.rtklib.java.rtcm.Rtcm -- MSM after sigindex: sig[1] code=42 idx=3
04:09:10.685 [main] DEBUG org.rtklib.java.rtcm.Rtcm -- MSM after sigindex: sig[2] code=27 idx=1
04:09:10.685 [main] DEBUG org.rtklib.java.rtcm.Rtcm -- MSM after sigindex: sig[3] code=58 idx=2
04:09:10.685 [main] DEBUG org.rtklib.java.rtcm.Rtcm -- MSM after sigindex: sig[4] code=2 idx=4
04:09:10.685 [main] DEBUG org.rtklib.java.rtcm.Rtcm -- RTCM3 decoded message type=1124, length=75
04:09:10.685 [main] DEBUG org.rtklib.java.rtcm.Rtcm -- MSM BDS TOW: raw=64279000, tow=64293.0
04:09:10.685 [main] DEBUG org.rtklib.java.rtcm.Rtcm -- MSM BDS after adjweek: time.time=1780854693, time.sec=0.0
04:09:10.685 [main] DEBUG org.rtklib.java.rtcm.Rtcm -- decode_msm_head: sys=32 staid=0 nsat=2 nsig=4 sync=0 iod=0 ncell=7
04:09:10.685 [main] DEBUG org.rtklib.java.rtcm.Rtcm -- MSM sig[0] sigid=2 sigstr=2I code=40 idx=0
04:09:10.685 [main] DEBUG org.rtklib.java.rtcm.Rtcm -- MSM sig[1] sigid=8 sigstr=6I code=42 idx=3
04:09:10.685 [main] DEBUG org.rtklib.java.rtcm.Rtcm -- MSM sig[2] sigid=23 sigstr=5P code=58 idx=2
04:09:10.685 [main] DEBUG org.rtklib.java.rtcm.Rtcm -- MSM sig[3] sigid=31 sigstr=1P code=2 idx=4
04:09:10.685 [main] DEBUG org.rtklib.java.rtcm.Rtcm -- MSM after sigindex: sig[0] code=40 idx=0
04:09:10.685 [main] DEBUG org.rtklib.java.rtcm.Rtcm -- MSM after sigindex: sig[1] code=42 idx=3
04:09:10.685 [main] DEBUG org.rtklib.java.rtcm.Rtcm -- MSM after sigindex: sig[2] code=58 idx=2
04:09:10.685 [main] DEBUG org.rtklib.java.rtcm.Rtcm -- MSM after sigindex: sig[3] code=2 idx=4
04:09:10.685 [main] DEBUG org.rtklib.java.rtcm.Rtcm -- RTCM3 decoded message type=1042, length=70
04:09:10.685 [main] DEBUG org.rtklib.java.rtcm.Rtcm -- RTCM3 decoded message type=1005, length=25
04:09:10.685 [main] DEBUG org.rtklib.java.rtcm.Rtcm -- RTCM3 decoded message type=1033, length=27
04:09:10.685 [main] DEBUG org.rtklib.java.rtcm.Rtcm -- RTCM3 decoded message type=1124, length=230
04:09:10.685 [main] DEBUG org.rtklib.java.rtcm.Rtcm -- MSM BDS TOW: raw=64294000, tow=64308.0
04:09:10.685 [main] DEBUG org.rtklib.java.rtcm.Rtcm -- MSM BDS after adjweek: time.time=1780854708, time.sec=0.0
04:09:10.685 [main] DEBUG org.rtklib.java.rtcm.Rtcm -- decode_msm_head: sys=32 staid=0 nsat=12 nsig=5 sync=1 iod=0 ncell=28
04:09:10.685 [main] DEBUG org.rtklib.java.rtcm.Rtcm -- MSM sig[0] sigid=2 sigstr=2I code=40 idx=0
04:09:10.685 [main] DEBUG org.rtklib.java.rtcm.Rtcm -- MSM sig[1] sigid=8 sigstr=6I code=42 idx=3
04:09:10.685 [main] DEBUG org.rtklib.java.rtcm.Rtcm -- MSM sig[2] sigid=14 sigstr=7I code=27 idx=1
04:09:10.685 [main] DEBUG org.rtklib.java.rtcm.Rtcm -- MSM sig[3] sigid=23 sigstr=5P code=58 idx=2
04:09:10.685 [main] DEBUG org.rtklib.java.rtcm.Rtcm -- MSM sig[4] sigid=31 sigstr=1P code=2 idx=4
04:09:10.685 [main] DEBUG org.rtklib.java.rtcm.Rtcm -- MSM after sigindex: sig[0] code=40 idx=0
04:09:10.685 [main] DEBUG org.rtklib.java.rtcm.Rtcm -- MSM after sigindex: sig[1] code=42 idx=3
04:09:10.685 [main] DEBUG org.rtklib.java.rtcm.Rtcm -- MSM after sigindex: sig[2] code=27 idx=1
04:09:10.685 [main] DEBUG org.rtklib.java.rtcm.Rtcm -- MSM after sigindex: sig[3] code=58 idx=2
04:09:10.685 [main] DEBUG org.rtklib.java.rtcm.Rtcm -- MSM after sigindex: sig[4] code=2 idx=4
04:09:10.685 [main] DEBUG org.rtklib.java.rtcm.Rtcm -- RTCM3 decoded message type=1124, length=69
04:09:10.685 [main] DEBUG org.rtklib.java.rtcm.Rtcm -- MSM BDS TOW: raw=64294000, tow=64308.0
04:09:10.685 [main] DEBUG org.rtklib.java.rtcm.Rtcm -- MSM BDS after adjweek: time.time=1780854708, time.sec=0.0
04:09:10.685 [main] DEBUG org.rtklib.java.rtcm.Rtcm -- decode_msm_head: sys=32 staid=0 nsat=2 nsig=4 sync=0 iod=0 ncell=6
04:09:10.685 [main] DEBUG org.rtklib.java.rtcm.Rtcm -- MSM sig[0] sigid=2 sigstr=2I code=40 idx=0
04:09:10.685 [main] DEBUG org.rtklib.java.rtcm.Rtcm -- MSM sig[1] sigid=8 sigstr=6I code=42 idx=3
04:09:10.685 [main] DEBUG org.rtklib.java.rtcm.Rtcm -- MSM sig[2] sigid=23 sigstr=5P code=58 idx=2
04:09:10.685 [main] DEBUG org.rtklib.java.rtcm.Rtcm -- MSM sig[3] sigid=31 sigstr=1P code=2 idx=4
04:09:10.685 [main] DEBUG org.rtklib.java.rtcm.Rtcm -- MSM after sigindex: sig[0] code=40 idx=0
04:09:10.685 [main] DEBUG org.rtklib.java.rtcm.Rtcm -- MSM after sigindex: sig[1] code=42 idx=3
04:09:10.685 [main] DEBUG org.rtklib.java.rtcm.Rtcm -- MSM after sigindex: sig[2] code=58 idx=2
04:09:10.685 [main] DEBUG org.rtklib.java.rtcm.Rtcm -- MSM after sigindex: sig[3] code=2 idx=4
04:09:10.685 [main] DEBUG org.rtklib.java.rtcm.Rtcm -- RTCM3 decoded message type=1042, length=70
04:09:10.685 [main] DEBUG org.rtklib.java.rtcm.Rtcm -- RTCM3 decoded message type=1005, length=25
04:09:10.685 [main] DEBUG org.rtklib.java.rtcm.Rtcm -- RTCM3 decoded message type=1033, length=27
04:09:10.685 [main] DEBUG org.rtklib.java.rtcm.Rtcm -- RTCM3 decoded message type=1124, length=236
04:09:10.685 [main] DEBUG org.rtklib.java.rtcm.Rtcm -- MSM BDS TOW: raw=64309000, tow=64323.0
04:09:10.685 [main] DEBUG org.rtklib.java.rtcm.Rtcm -- MSM BDS after adjweek: time.time=1780854723, time.sec=0.0
04:09:10.685 [main] DEBUG org.rtklib.java.rtcm.Rtcm -- decode_msm_head: sys=32 staid=0 nsat=12 nsig=5 sync=1 iod=0 ncell=29
04:09:10.685 [main] DEBUG org.rtklib.java.rtcm.Rtcm -- MSM sig[0] sigid=2 sigstr=2I code=40 idx=0
04:09:10.685 [main] DEBUG org.rtklib.java.rtcm.Rtcm -- MSM sig[1] sigid=8 sigstr=6I code=42 idx=3
04:09:10.685 [main] DEBUG org.rtklib.java.rtcm.Rtcm -- MSM sig[2] sigid=14 sigstr=7I code=27 idx=1
04:09:10.685 [main] DEBUG org.rtklib.java.rtcm.Rtcm -- MSM sig[3] sigid=23 sigstr=5P code=58 idx=2
04:09:10.685 [main] DEBUG org.rtklib.java.rtcm.Rtcm -- MSM sig[4] sigid=31 sigstr=1P code=2 idx=4
04:09:10.685 [main] DEBUG org.rtklib.java.rtcm.Rtcm -- MSM after sigindex: sig[0] code=40 idx=0
04:09:10.685 [main] DEBUG org.rtklib.java.rtcm.Rtcm -- MSM after sigindex: sig[1] code=42 idx=3
04:09:10.685 [main] DEBUG org.rtklib.java.rtcm.Rtcm -- MSM after sigindex: sig[2] code=27 idx=1
04:09:10.685 [main] DEBUG org.rtklib.java.rtcm.Rtcm -- MSM after sigindex: sig[3] code=58 idx=2
04:09:10.685 [main] DEBUG org.rtklib.java.rtcm.Rtcm -- MSM after sigindex: sig[4] code=2 idx=4
04:09:10.685 [main] DEBUG org.rtklib.java.rtcm.Rtcm -- RTCM3 decoded message type=1124, length=69
04:09:10.685 [main] DEBUG org.rtklib.java.rtcm.Rtcm -- MSM BDS TOW: raw=64309000, tow=64323.0
04:09:10.685 [main] DEBUG org.rtklib.java.rtcm.Rtcm -- MSM BDS after adjweek: time.time=1780854723, time.sec=0.0
04:09:10.685 [main] DEBUG org.rtklib.java.rtcm.Rtcm -- decode_msm_head: sys=32 staid=0 nsat=2 nsig=4 sync=0 iod=0 ncell=6
04:09:10.685 [main] DEBUG org.rtklib.java.rtcm.Rtcm -- MSM sig[0] sigid=2 sigstr=2I code=40 idx=0
04:09:10.685 [main] DEBUG org.rtklib.java.rtcm.Rtcm -- MSM sig[1] sigid=8 sigstr=6I code=42 idx=3
04:09:10.685 [main] DEBUG org.rtklib.java.rtcm.Rtcm -- MSM sig[2] sigid=23 sigstr=5P code=58 idx=2
04:09:10.685 [main] DEBUG org.rtklib.java.rtcm.Rtcm -- MSM sig[3] sigid=31 sigstr=1P code=2 idx=4
04:09:10.685 [main] DEBUG org.rtklib.java.rtcm.Rtcm -- MSM after sigindex: sig[0] code=40 idx=0
04:09:10.685 [main] DEBUG org.rtklib.java.rtcm.Rtcm -- MSM after sigindex: sig[1] code=42 idx=3
04:09:10.685 [main] DEBUG org.rtklib.java.rtcm.Rtcm -- MSM after sigindex: sig[2] code=58 idx=2
04:09:10.685 [main] DEBUG org.rtklib.java.rtcm.Rtcm -- MSM after sigindex: sig[3] code=2 idx=4
04:09:10.685 [main] DEBUG org.rtklib.java.rtcm.Rtcm -- RTCM3 decoded message type=1042, length=70
04:09:10.685 [main] DEBUG org.rtklib.java.rtcm.Rtcm -- RTCM3 decoded message type=1005, length=25
04:09:10.686 [main] DEBUG org.rtklib.java.rtcm.Rtcm -- RTCM3 decoded message type=1033, length=27
04:09:10.686 [main] DEBUG org.rtklib.java.rtcm.Rtcm -- RTCM3 decoded message type=1124, length=236
04:09:10.686 [main] DEBUG org.rtklib.java.rtcm.Rtcm -- MSM BDS TOW: raw=64324000, tow=64338.0
04:09:10.686 [main] DEBUG org.rtklib.java.rtcm.Rtcm -- MSM BDS after adjweek: time.time=1780854738, time.sec=0.0
04:09:10.686 [main] DEBUG org.rtklib.java.rtcm.Rtcm -- decode_msm_head: sys=32 staid=0 nsat=12 nsig=5 sync=1 iod=0 ncell=29
04:09:10.686 [main] DEBUG org.rtklib.java.rtcm.Rtcm -- MSM sig[0] sigid=2 sigstr=2I code=40 idx=0
04:09:10.686 [main] DEBUG org.rtklib.java.rtcm.Rtcm -- MSM sig[1] sigid=8 sigstr=6I code=42 idx=3
04:09:10.686 [main] DEBUG org.rtklib.java.rtcm.Rtcm -- MSM sig[2] sigid=14 sigstr=7I code=27 idx=1
04:09:10.686 [main] DEBUG org.rtklib.java.rtcm.Rtcm -- MSM sig[3] sigid=23 sigstr=5P code=58 idx=2
04:09:10.686 [main] DEBUG org.rtklib.java.rtcm.Rtcm -- MSM sig[4] sigid=31 sigstr=1P code=2 idx=4
04:09:10.686 [main] DEBUG org.rtklib.java.rtcm.Rtcm -- MSM after sigindex: sig[0] code=40 idx=0
04:09:10.686 [main] DEBUG org.rtklib.java.rtcm.Rtcm -- MSM after sigindex: sig[1] code=42 idx=3
04:09:10.686 [main] DEBUG org.rtklib.java.rtcm.Rtcm -- MSM after sigindex: sig[2] code=27 idx=1
04:09:10.686 [main] DEBUG org.rtklib.java.rtcm.Rtcm -- MSM after sigindex: sig[3] code=58 idx=2
04:09:10.686 [main] DEBUG org.rtklib.java.rtcm.Rtcm -- MSM after sigindex: sig[4] code=2 idx=4
04:09:10.686 [main] DEBUG org.rtklib.java.rtcm.Rtcm -- RTCM3 decoded message type=1124, length=75
04:09:10.686 [main] DEBUG org.rtklib.java.rtcm.Rtcm -- MSM BDS TOW: raw=64324000, tow=64338.0
04:09:10.686 [main] DEBUG org.rtklib.java.rtcm.Rtcm -- MSM BDS after adjweek: time.time=1780854738, time.sec=0.0
04:09:10.686 [main] DEBUG org.rtklib.java.rtcm.Rtcm -- decode_msm_head: sys=32 staid=0 nsat=2 nsig=4 sync=0 iod=0 ncell=7
04:09:10.686 [main] DEBUG org.rtklib.java.rtcm.Rtcm -- MSM sig[0] sigid=2 sigstr=2I code=40 idx=0
04:09:10.686 [main] DEBUG org.rtklib.java.rtcm.Rtcm -- MSM sig[1] sigid=8 sigstr=6I code=42 idx=3
04:09:10.686 [main] DEBUG org.rtklib.java.rtcm.Rtcm -- MSM sig[2] sigid=23 sigstr=5P code=58 idx=2
04:09:10.686 [main] DEBUG org.rtklib.java.rtcm.Rtcm -- MSM sig[3] sigid=31 sigstr=1P code=2 idx=4
04:09:10.686 [main] DEBUG org.rtklib.java.rtcm.Rtcm -- MSM after sigindex: sig[0] code=40 idx=0
04:09:10.686 [main] DEBUG org.rtklib.java.rtcm.Rtcm -- MSM after sigindex: sig[1] code=42 idx=3
04:09:10.686 [main] DEBUG org.rtklib.java.rtcm.Rtcm -- MSM after sigindex: sig[2] code=58 idx=2
04:09:10.686 [main] DEBUG org.rtklib.java.rtcm.Rtcm -- MSM after sigindex: sig[3] code=2 idx=4
04:09:10.686 [main] DEBUG org.rtklib.java.rtcm.Rtcm -- RTCM3 decoded message type=1042, length=70
04:09:10.686 [main] DEBUG org.rtklib.java.rtcm.Rtcm -- RTCM3 decoded message type=1005, length=25
04:09:10.686 [main] DEBUG org.rtklib.java.rtcm.Rtcm -- RTCM3 decoded message type=1033, length=27
04:09:10.686 [main] DEBUG org.rtklib.java.rtcm.Rtcm -- RTCM3 decoded message type=1124, length=224
04:09:10.686 [main] DEBUG org.rtklib.java.rtcm.Rtcm -- MSM BDS TOW: raw=64339000, tow=64353.0
04:09:10.686 [main] DEBUG org.rtklib.java.rtcm.Rtcm -- MSM BDS after adjweek: time.time=1780854753, time.sec=0.0
04:09:10.686 [main] DEBUG org.rtklib.java.rtcm.Rtcm -- decode_msm_head: sys=32 staid=0 nsat=12 nsig=5 sync=1 iod=0 ncell=27
04:09:10.686 [main] DEBUG org.rtklib.java.rtcm.Rtcm -- MSM sig[0] sigid=2 sigstr=2I code=40 idx=0
04:09:10.686 [main] DEBUG org.rtklib.java.rtcm.Rtcm -- MSM sig[1] sigid=8 sigstr=6I code=42 idx=3
04:09:10.686 [main] DEBUG org.rtklib.java.rtcm.Rtcm -- MSM sig[2] sigid=14 sigstr=7I code=27 idx=1
04:09:10.686 [main] DEBUG org.rtklib.java.rtcm.Rtcm -- MSM sig[3] sigid=23 sigstr=5P code=58 idx=2
04:09:10.686 [main] DEBUG org.rtklib.java.rtcm.Rtcm -- MSM sig[4] sigid=31 sigstr=1P code=2 idx=4
04:09:10.686 [main] DEBUG org.rtklib.java.rtcm.Rtcm -- MSM after sigindex: sig[0] code=40 idx=0
04:09:10.686 [main] DEBUG org.rtklib.java.rtcm.Rtcm -- MSM after sigindex: sig[1] code=42 idx=3
04:09:10.686 [main] DEBUG org.rtklib.java.rtcm.Rtcm -- MSM after sigindex: sig[2] code=27 idx=1
04:09:10.686 [main] DEBUG org.rtklib.java.rtcm.Rtcm -- MSM after sigindex: sig[3] code=58 idx=2
04:09:10.686 [main] DEBUG org.rtklib.java.rtcm.Rtcm -- MSM after sigindex: sig[4] code=2 idx=4
04:09:10.686 [main] DEBUG org.rtklib.java.rtcm.Rtcm -- RTCM3 decoded message type=1124, length=75
04:09:10.686 [main] DEBUG org.rtklib.java.rtcm.Rtcm -- MSM BDS TOW: raw=64339000, tow=64353.0
04:09:10.686 [main] DEBUG org.rtklib.java.rtcm.Rtcm -- MSM BDS after adjweek: time.time=1780854753, time.sec=0.0
04:09:10.686 [main] DEBUG org.rtklib.java.rtcm.Rtcm -- decode_msm_head: sys=32 staid=0 nsat=2 nsig=4 sync=0 iod=0 ncell=7
04:09:10.686 [main] DEBUG org.rtklib.java.rtcm.Rtcm -- MSM sig[0] sigid=2 sigstr=2I code=40 idx=0
04:09:10.686 [main] DEBUG org.rtklib.java.rtcm.Rtcm -- MSM sig[1] sigid=8 sigstr=6I code=42 idx=3
04:09:10.686 [main] DEBUG org.rtklib.java.rtcm.Rtcm -- MSM sig[2] sigid=23 sigstr=5P code=58 idx=2
04:09:10.686 [main] DEBUG org.rtklib.java.rtcm.Rtcm -- MSM sig[3] sigid=31 sigstr=1P code=2 idx=4
04:09:10.686 [main] DEBUG org.rtklib.java.rtcm.Rtcm -- MSM after sigindex: sig[0] code=40 idx=0
04:09:10.686 [main] DEBUG org.rtklib.java.rtcm.Rtcm -- MSM after sigindex: sig[1] code=42 idx=3
04:09:10.686 [main] DEBUG org.rtklib.java.rtcm.Rtcm -- MSM after sigindex: sig[2] code=58 idx=2
04:09:10.686 [main] DEBUG org.rtklib.java.rtcm.Rtcm -- MSM after sigindex: sig[3] code=2 idx=4
04:09:10.686 [main] DEBUG org.rtklib.java.rtcm.Rtcm -- RTCM3 decoded message type=1042, length=70
04:09:10.686 [main] DEBUG org.rtklib.java.rtcm.Rtcm -- RTCM3 decoded message type=1005, length=25
04:09:10.686 [main] DEBUG org.rtklib.java.rtcm.Rtcm -- RTCM3 decoded message type=1033, length=27
04:09:10.686 [main] DEBUG org.rtklib.java.rtcm.Rtcm -- RTCM3 decoded message type=1124, length=230
04:09:10.686 [main] DEBUG org.rtklib.java.rtcm.Rtcm -- MSM BDS TOW: raw=64354000, tow=64368.0
04:09:10.686 [main] DEBUG org.rtklib.java.rtcm.Rtcm -- MSM BDS after adjweek: time.time=1780854768, time.sec=0.0
04:09:10.686 [main] DEBUG org.rtklib.java.rtcm.Rtcm -- decode_msm_head: sys=32 staid=0 nsat=12 nsig=5 sync=1 iod=0 ncell=28
04:09:10.686 [main] DEBUG org.rtklib.java.rtcm.Rtcm -- MSM sig[0] sigid=2 sigstr=2I code=40 idx=0
04:09:10.686 [main] DEBUG org.rtklib.java.rtcm.Rtcm -- MSM sig[1] sigid=8 sigstr=6I code=42 idx=3
04:09:10.686 [main] DEBUG org.rtklib.java.rtcm.Rtcm -- MSM sig[2] sigid=14 sigstr=7I code=27 idx=1
04:09:10.686 [main] DEBUG org.rtklib.java.rtcm.Rtcm -- MSM sig[3] sigid=23 sigstr=5P code=58 idx=2
04:09:10.686 [main] DEBUG org.rtklib.java.rtcm.Rtcm -- MSM sig[4] sigid=31 sigstr=1P code=2 idx=4
04:09:10.686 [main] DEBUG org.rtklib.java.rtcm.Rtcm -- MSM after sigindex: sig[0] code=40 idx=0
04:09:10.686 [main] DEBUG org.rtklib.java.rtcm.Rtcm -- MSM after sigindex: sig[1] code=42 idx=3
04:09:10.686 [main] DEBUG org.rtklib.java.rtcm.Rtcm -- MSM after sigindex: sig[2] code=27 idx=1
04:09:10.686 [main] DEBUG org.rtklib.java.rtcm.Rtcm -- MSM after sigindex: sig[3] code=58 idx=2
04:09:10.686 [main] DEBUG org.rtklib.java.rtcm.Rtcm -- MSM after sigindex: sig[4] code=2 idx=4
04:09:10.686 [main] DEBUG org.rtklib.java.rtcm.Rtcm -- RTCM3 decoded message type=1124, length=75
04:09:10.686 [main] DEBUG org.rtklib.java.rtcm.Rtcm -- MSM BDS TOW: raw=64354000, tow=64368.0
04:09:10.686 [main] DEBUG org.rtklib.java.rtcm.Rtcm -- MSM BDS after adjweek: time.time=1780854768, time.sec=0.0
04:09:10.686 [main] DEBUG org.rtklib.java.rtcm.Rtcm -- decode_msm_head: sys=32 staid=0 nsat=2 nsig=4 sync=0 iod=0 ncell=7
04:09:10.686 [main] DEBUG org.rtklib.java.rtcm.Rtcm -- MSM sig[0] sigid=2 sigstr=2I code=40 idx=0
04:09:10.686 [main] DEBUG org.rtklib.java.rtcm.Rtcm -- MSM sig[1] sigid=8 sigstr=6I code=42 idx=3
04:09:10.686 [main] DEBUG org.rtklib.java.rtcm.Rtcm -- MSM sig[2] sigid=23 sigstr=5P code=58 idx=2
04:09:10.686 [main] DEBUG org.rtklib.java.rtcm.Rtcm -- MSM sig[3] sigid=31 sigstr=1P code=2 idx=4
04:09:10.686 [main] DEBUG org.rtklib.java.rtcm.Rtcm -- MSM after sigindex: sig[0] code=40 idx=0
04:09:10.686 [main] DEBUG org.rtklib.java.rtcm.Rtcm -- MSM after sigindex: sig[1] code=42 idx=3
04:09:10.686 [main] DEBUG org.rtklib.java.rtcm.Rtcm -- MSM after sigindex: sig[2] code=58 idx=2
04:09:10.686 [main] DEBUG org.rtklib.java.rtcm.Rtcm -- MSM after sigindex: sig[3] code=2 idx=4
04:09:10.686 [main] DEBUG org.rtklib.java.rtcm.Rtcm -- RTCM3 decoded message type=1042, length=70
04:09:10.687 [main] DEBUG org.rtklib.java.rtcm.Rtcm -- RTCM3 decoded message type=1005, length=25
04:09:10.687 [main] DEBUG org.rtklib.java.rtcm.Rtcm -- RTCM3 decoded message type=1033, length=27
04:09:10.687 [main] DEBUG org.rtklib.java.rtcm.Rtcm -- RTCM3 decoded message type=1124, length=230
04:09:10.687 [main] DEBUG org.rtklib.java.rtcm.Rtcm -- MSM BDS TOW: raw=64369000, tow=64383.0
04:09:10.687 [main] DEBUG org.rtklib.java.rtcm.Rtcm -- MSM BDS after adjweek: time.time=1780854783, time.sec=0.0
04:09:10.687 [main] DEBUG org.rtklib.java.rtcm.Rtcm -- decode_msm_head: sys=32 staid=0 nsat=12 nsig=5 sync=1 iod=0 ncell=28
04:09:10.687 [main] DEBUG org.rtklib.java.rtcm.Rtcm -- MSM sig[0] sigid=2 sigstr=2I code=40 idx=0
04:09:10.687 [main] DEBUG org.rtklib.java.rtcm.Rtcm -- MSM sig[1] sigid=8 sigstr=6I code=42 idx=3
04:09:10.687 [main] DEBUG org.rtklib.java.rtcm.Rtcm -- MSM sig[2] sigid=14 sigstr=7I code=27 idx=1
04:09:10.687 [main] DEBUG org.rtklib.java.rtcm.Rtcm -- MSM sig[3] sigid=23 sigstr=5P code=58 idx=2
04:09:10.687 [main] DEBUG org.rtklib.java.rtcm.Rtcm -- MSM sig[4] sigid=31 sigstr=1P code=2 idx=4
04:09:10.687 [main] DEBUG org.rtklib.java.rtcm.Rtcm -- MSM after sigindex: sig[0] code=40 idx=0
04:09:10.687 [main] DEBUG org.rtklib.java.rtcm.Rtcm -- MSM after sigindex: sig[1] code=42 idx=3
04:09:10.687 [main] DEBUG org.rtklib.java.rtcm.Rtcm -- MSM after sigindex: sig[2] code=27 idx=1
04:09:10.687 [main] DEBUG org.rtklib.java.rtcm.Rtcm -- MSM after sigindex: sig[3] code=58 idx=2
04:09:10.687 [main] DEBUG org.rtklib.java.rtcm.Rtcm -- MSM after sigindex: sig[4] code=2 idx=4
04:09:10.687 [main] DEBUG org.rtklib.java.rtcm.Rtcm -- RTCM3 decoded message type=1124, length=75
04:09:10.687 [main] DEBUG org.rtklib.java.rtcm.Rtcm -- MSM BDS TOW: raw=64369000, tow=64383.0
04:09:10.687 [main] DEBUG org.rtklib.java.rtcm.Rtcm -- MSM BDS after adjweek: time.time=1780854783, time.sec=0.0
04:09:10.687 [main] DEBUG org.rtklib.java.rtcm.Rtcm -- decode_msm_head: sys=32 staid=0 nsat=2 nsig=4 sync=0 iod=0 ncell=7
04:09:10.687 [main] DEBUG org.rtklib.java.rtcm.Rtcm -- MSM sig[0] sigid=2 sigstr=2I code=40 idx=0
04:09:10.687 [main] DEBUG org.rtklib.java.rtcm.Rtcm -- MSM sig[1] sigid=8 sigstr=6I code=42 idx=3
04:09:10.687 [main] DEBUG org.rtklib.java.rtcm.Rtcm -- MSM sig[2] sigid=23 sigstr=5P code=58 idx=2
04:09:10.687 [main] DEBUG org.rtklib.java.rtcm.Rtcm -- MSM sig[3] sigid=31 sigstr=1P code=2 idx=4
04:09:10.687 [main] DEBUG org.rtklib.java.rtcm.Rtcm -- MSM after sigindex: sig[0] code=40 idx=0
04:09:10.687 [main] DEBUG org.rtklib.java.rtcm.Rtcm -- MSM after sigindex: sig[1] code=42 idx=3
04:09:10.687 [main] DEBUG org.rtklib.java.rtcm.Rtcm -- MSM after sigindex: sig[2] code=58 idx=2
04:09:10.687 [main] DEBUG org.rtklib.java.rtcm.Rtcm -- MSM after sigindex: sig[3] code=2 idx=4
04:09:10.687 [main] DEBUG org.rtklib.java.rtcm.Rtcm -- RTCM3 decoded message type=1042, length=70
04:09:10.687 [main] DEBUG org.rtklib.java.rtcm.Rtcm -- RTCM3 decoded message type=1005, length=25
04:09:10.687 [main] DEBUG org.rtklib.java.rtcm.Rtcm -- RTCM3 decoded message type=1033, length=27
04:09:10.687 [main] DEBUG org.rtklib.java.rtcm.Rtcm -- RTCM3 decoded message type=1124, length=236
04:09:10.687 [main] DEBUG org.rtklib.java.rtcm.Rtcm -- MSM BDS TOW: raw=64384000, tow=64398.0
04:09:10.687 [main] DEBUG org.rtklib.java.rtcm.Rtcm -- MSM BDS after adjweek: time.time=1780854798, time.sec=0.0
04:09:10.687 [main] DEBUG org.rtklib.java.rtcm.Rtcm -- decode_msm_head: sys=32 staid=0 nsat=12 nsig=5 sync=1 iod=0 ncell=29
04:09:10.687 [main] DEBUG org.rtklib.java.rtcm.Rtcm -- MSM sig[0] sigid=2 sigstr=2I code=40 idx=0
04:09:10.687 [main] DEBUG org.rtklib.java.rtcm.Rtcm -- MSM sig[1] sigid=8 sigstr=6I code=42 idx=3
04:09:10.687 [main] DEBUG org.rtklib.java.rtcm.Rtcm -- MSM sig[2] sigid=14 sigstr=7I code=27 idx=1
04:09:10.687 [main] DEBUG org.rtklib.java.rtcm.Rtcm -- MSM sig[3] sigid=23 sigstr=5P code=58 idx=2
04:09:10.687 [main] DEBUG org.rtklib.java.rtcm.Rtcm -- MSM sig[4] sigid=31 sigstr=1P code=2 idx=4
04:09:10.687 [main] DEBUG org.rtklib.java.rtcm.Rtcm -- MSM after sigindex: sig[0] code=40 idx=0
04:09:10.687 [main] DEBUG org.rtklib.java.rtcm.Rtcm -- MSM after sigindex: sig[1] code=42 idx=3
04:09:10.687 [main] DEBUG org.rtklib.java.rtcm.Rtcm -- MSM after sigindex: sig[2] code=27 idx=1
04:09:10.687 [main] DEBUG org.rtklib.java.rtcm.Rtcm -- MSM after sigindex: sig[3] code=58 idx=2
04:09:10.687 [main] DEBUG org.rtklib.java.rtcm.Rtcm -- MSM after sigindex: sig[4] code=2 idx=4
04:09:10.687 [main] DEBUG org.rtklib.java.rtcm.Rtcm -- RTCM3 decoded message type=1124, length=81
04:09:10.687 [main] DEBUG org.rtklib.java.rtcm.Rtcm -- MSM BDS TOW: raw=64384000, tow=64398.0
04:09:10.687 [main] DEBUG org.rtklib.java.rtcm.Rtcm -- MSM BDS after adjweek: time.time=1780854798, time.sec=0.0
04:09:10.687 [main] DEBUG org.rtklib.java.rtcm.Rtcm -- decode_msm_head: sys=32 staid=0 nsat=2 nsig=4 sync=0 iod=0 ncell=8
04:09:10.687 [main] DEBUG org.rtklib.java.rtcm.Rtcm -- MSM sig[0] sigid=2 sigstr=2I code=40 idx=0
04:09:10.687 [main] DEBUG org.rtklib.java.rtcm.Rtcm -- MSM sig[1] sigid=8 sigstr=6I code=42 idx=3
04:09:10.687 [main] DEBUG org.rtklib.java.rtcm.Rtcm -- MSM sig[2] sigid=23 sigstr=5P code=58 idx=2
04:09:10.687 [main] DEBUG org.rtklib.java.rtcm.Rtcm -- MSM sig[3] sigid=31 sigstr=1P code=2 idx=4
04:09:10.687 [main] DEBUG org.rtklib.java.rtcm.Rtcm -- MSM after sigindex: sig[0] code=40 idx=0
04:09:10.687 [main] DEBUG org.rtklib.java.rtcm.Rtcm -- MSM after sigindex: sig[1] code=42 idx=3
04:09:10.687 [main] DEBUG org.rtklib.java.rtcm.Rtcm -- MSM after sigindex: sig[2] code=58 idx=2
04:09:10.687 [main] DEBUG org.rtklib.java.rtcm.Rtcm -- MSM after sigindex: sig[3] code=2 idx=4
04:09:10.687 [main] DEBUG org.rtklib.java.rtcm.Rtcm -- RTCM3 decoded message type=1042, length=70
04:09:10.687 [main] DEBUG org.rtklib.java.rtcm.Rtcm -- RTCM3 decoded message type=1005, length=25
04:09:10.687 [main] DEBUG org.rtklib.java.rtcm.Rtcm -- RTCM3 decoded message type=1033, length=27
04:09:10.687 [main] DEBUG org.rtklib.java.rtcm.Rtcm -- RTCM3 decoded message type=1124, length=236
04:09:10.687 [main] DEBUG org.rtklib.java.rtcm.Rtcm -- MSM BDS TOW: raw=64399000, tow=64413.0
04:09:10.687 [main] DEBUG org.rtklib.java.rtcm.Rtcm -- MSM BDS after adjweek: time.time=1780854813, time.sec=0.0
04:09:10.687 [main] DEBUG org.rtklib.java.rtcm.Rtcm -- decode_msm_head: sys=32 staid=0 nsat=12 nsig=5 sync=1 iod=0 ncell=29
04:09:10.687 [main] DEBUG org.rtklib.java.rtcm.Rtcm -- MSM sig[0] sigid=2 sigstr=2I code=40 idx=0
04:09:10.687 [main] DEBUG org.rtklib.java.rtcm.Rtcm -- MSM sig[1] sigid=8 sigstr=6I code=42 idx=3
04:09:10.687 [main] DEBUG org.rtklib.java.rtcm.Rtcm -- MSM sig[2] sigid=14 sigstr=7I code=27 idx=1
04:09:10.687 [main] DEBUG org.rtklib.java.rtcm.Rtcm -- MSM sig[3] sigid=23 sigstr=5P code=58 idx=2
04:09:10.687 [main] DEBUG org.rtklib.java.rtcm.Rtcm -- MSM sig[4] sigid=31 sigstr=1P code=2 idx=4
04:09:10.687 [main] DEBUG org.rtklib.java.rtcm.Rtcm -- MSM after sigindex: sig[0] code=40 idx=0
04:09:10.687 [main] DEBUG org.rtklib.java.rtcm.Rtcm -- MSM after sigindex: sig[1] code=42 idx=3
04:09:10.687 [main] DEBUG org.rtklib.java.rtcm.Rtcm -- MSM after sigindex: sig[2] code=27 idx=1
04:09:10.687 [main] DEBUG org.rtklib.java.rtcm.Rtcm -- MSM after sigindex: sig[3] code=58 idx=2
04:09:10.687 [main] DEBUG org.rtklib.java.rtcm.Rtcm -- MSM after sigindex: sig[4] code=2 idx=4
04:09:10.687 [main] DEBUG org.rtklib.java.rtcm.Rtcm -- RTCM3 decoded message type=1124, length=81
04:09:10.687 [main] DEBUG org.rtklib.java.rtcm.Rtcm -- MSM BDS TOW: raw=64399000, tow=64413.0
04:09:10.687 [main] DEBUG org.rtklib.java.rtcm.Rtcm -- MSM BDS after adjweek: time.time=1780854813, time.sec=0.0
04:09:10.687 [main] DEBUG org.rtklib.java.rtcm.Rtcm -- decode_msm_head: sys=32 staid=0 nsat=2 nsig=4 sync=0 iod=0 ncell=8
04:09:10.687 [main] DEBUG org.rtklib.java.rtcm.Rtcm -- MSM sig[0] sigid=2 sigstr=2I code=40 idx=0
04:09:10.687 [main] DEBUG org.rtklib.java.rtcm.Rtcm -- MSM sig[1] sigid=8 sigstr=6I code=42 idx=3
04:09:10.687 [main] DEBUG org.rtklib.java.rtcm.Rtcm -- MSM sig[2] sigid=23 sigstr=5P code=58 idx=2
04:09:10.687 [main] DEBUG org.rtklib.java.rtcm.Rtcm -- MSM sig[3] sigid=31 sigstr=1P code=2 idx=4
04:09:10.687 [main] DEBUG org.rtklib.java.rtcm.Rtcm -- MSM after sigindex: sig[0] code=40 idx=0
04:09:10.687 [main] DEBUG org.rtklib.java.rtcm.Rtcm -- MSM after sigindex: sig[1] code=42 idx=3
04:09:10.687 [main] DEBUG org.rtklib.java.rtcm.Rtcm -- MSM after sigindex: sig[2] code=58 idx=2
04:09:10.687 [main] DEBUG org.rtklib.java.rtcm.Rtcm -- MSM after sigindex: sig[3] code=2 idx=4
04:09:10.687 [main] DEBUG org.rtklib.java.rtcm.Rtcm -- RTCM3 decoded message type=1042, length=70
04:09:10.687 [main] DEBUG org.rtklib.java.rtcm.Rtcm -- RTCM3 decoded message type=1005, length=25
04:09:10.687 [main] DEBUG org.rtklib.java.rtcm.Rtcm -- RTCM3 decoded message type=1033, length=27
04:09:10.687 [main] DEBUG org.rtklib.java.rtcm.Rtcm -- RTCM3 decoded message type=1124, length=236
04:09:10.687 [main] DEBUG org.rtklib.java.rtcm.Rtcm -- MSM BDS TOW: raw=64414000, tow=64428.0
04:09:10.687 [main] DEBUG org.rtklib.java.rtcm.Rtcm -- MSM BDS after adjweek: time.time=1780854828, time.sec=0.0
04:09:10.687 [main] DEBUG org.rtklib.java.rtcm.Rtcm -- decode_msm_head: sys=32 staid=0 nsat=12 nsig=5 sync=1 iod=0 ncell=29
04:09:10.687 [main] DEBUG org.rtklib.java.rtcm.Rtcm -- MSM sig[0] sigid=2 sigstr=2I code=40 idx=0
04:09:10.687 [main] DEBUG org.rtklib.java.rtcm.Rtcm -- MSM sig[1] sigid=8 sigstr=6I code=42 idx=3
04:09:10.687 [main] DEBUG org.rtklib.java.rtcm.Rtcm -- MSM sig[2] sigid=14 sigstr=7I code=27 idx=1
04:09:10.687 [main] DEBUG org.rtklib.java.rtcm.Rtcm -- MSM sig[3] sigid=23 sigstr=5P code=58 idx=2
04:09:10.687 [main] DEBUG org.rtklib.java.rtcm.Rtcm -- MSM sig[4] sigid=31 sigstr=1P code=2 idx=4
04:09:10.687 [main] DEBUG org.rtklib.java.rtcm.Rtcm -- MSM after sigindex: sig[0] code=40 idx=0
04:09:10.687 [main] DEBUG org.rtklib.java.rtcm.Rtcm -- MSM after sigindex: sig[1] code=42 idx=3
04:09:10.687 [main] DEBUG org.rtklib.java.rtcm.Rtcm -- MSM after sigindex: sig[2] code=27 idx=1
04:09:10.687 [main] DEBUG org.rtklib.java.rtcm.Rtcm -- MSM after sigindex: sig[3] code=58 idx=2
04:09:10.687 [main] DEBUG org.rtklib.java.rtcm.Rtcm -- MSM after sigindex: sig[4] code=2 idx=4
04:09:10.687 [main] DEBUG org.rtklib.java.rtcm.Rtcm -- RTCM3 decoded message type=1124, length=75
04:09:10.687 [main] DEBUG org.rtklib.java.rtcm.Rtcm -- MSM BDS TOW: raw=64414000, tow=64428.0
04:09:10.687 [main] DEBUG org.rtklib.java.rtcm.Rtcm -- MSM BDS after adjweek: time.time=1780854828, time.sec=0.0
04:09:10.687 [main] DEBUG org.rtklib.java.rtcm.Rtcm -- decode_msm_head: sys=32 staid=0 nsat=2 nsig=4 sync=0 iod=0 ncell=7
04:09:10.687 [main] DEBUG org.rtklib.java.rtcm.Rtcm -- MSM sig[0] sigid=2 sigstr=2I code=40 idx=0
04:09:10.687 [main] DEBUG org.rtklib.java.rtcm.Rtcm -- MSM sig[1] sigid=8 sigstr=6I code=42 idx=3
04:09:10.687 [main] DEBUG org.rtklib.java.rtcm.Rtcm -- MSM sig[2] sigid=23 sigstr=5P code=58 idx=2
04:09:10.687 [main] DEBUG org.rtklib.java.rtcm.Rtcm -- MSM sig[3] sigid=31 sigstr=1P code=2 idx=4
04:09:10.687 [main] DEBUG org.rtklib.java.rtcm.Rtcm -- MSM after sigindex: sig[0] code=40 idx=0
04:09:10.687 [main] DEBUG org.rtklib.java.rtcm.Rtcm -- MSM after sigindex: sig[1] code=42 idx=3
04:09:10.687 [main] DEBUG org.rtklib.java.rtcm.Rtcm -- MSM after sigindex: sig[2] code=58 idx=2
04:09:10.687 [main] DEBUG org.rtklib.java.rtcm.Rtcm -- MSM after sigindex: sig[3] code=2 idx=4
04:09:10.687 [main] DEBUG org.rtklib.java.rtcm.Rtcm -- RTCM3 decoded message type=1042, length=70
04:09:10.687 [main] DEBUG org.rtklib.java.rtcm.Rtcm -- RTCM3 decoded message type=1005, length=25
04:09:10.687 [main] DEBUG org.rtklib.java.rtcm.Rtcm -- RTCM3 decoded message type=1033, length=27
04:09:10.687 [main] DEBUG org.rtklib.java.rtcm.Rtcm -- RTCM3 decoded message type=1124, length=224
04:09:10.687 [main] DEBUG org.rtklib.java.rtcm.Rtcm -- MSM BDS TOW: raw=64429000, tow=64443.0
04:09:10.687 [main] DEBUG org.rtklib.java.rtcm.Rtcm -- MSM BDS after adjweek: time.time=1780854843, time.sec=0.0
04:09:10.687 [main] DEBUG org.rtklib.java.rtcm.Rtcm -- decode_msm_head: sys=32 staid=0 nsat=12 nsig=5 sync=1 iod=0 ncell=27
04:09:10.687 [main] DEBUG org.rtklib.java.rtcm.Rtcm -- MSM sig[0] sigid=2 sigstr=2I code=40 idx=0
04:09:10.687 [main] DEBUG org.rtklib.java.rtcm.Rtcm -- MSM sig[1] sigid=8 sigstr=6I code=42 idx=3
04:09:10.687 [main] DEBUG org.rtklib.java.rtcm.Rtcm -- MSM sig[2] sigid=14 sigstr=7I code=27 idx=1
04:09:10.688 [main] DEBUG org.rtklib.java.rtcm.Rtcm -- MSM sig[3] sigid=23 sigstr=5P code=58 idx=2
04:09:10.688 [main] DEBUG org.rtklib.java.rtcm.Rtcm -- MSM sig[4] sigid=31 sigstr=1P code=2 idx=4
04:09:10.688 [main] DEBUG org.rtklib.java.rtcm.Rtcm -- MSM after sigindex: sig[0] code=40 idx=0
04:09:10.688 [main] DEBUG org.rtklib.java.rtcm.Rtcm -- MSM after sigindex: sig[1] code=42 idx=3
04:09:10.688 [main] DEBUG org.rtklib.java.rtcm.Rtcm -- MSM after sigindex: sig[2] code=27 idx=1
04:09:10.688 [main] DEBUG org.rtklib.java.rtcm.Rtcm -- MSM after sigindex: sig[3] code=58 idx=2
04:09:10.688 [main] DEBUG org.rtklib.java.rtcm.Rtcm -- MSM after sigindex: sig[4] code=2 idx=4
04:09:10.688 [main] DEBUG org.rtklib.java.rtcm.Rtcm -- RTCM3 decoded message type=1124, length=69
04:09:10.688 [main] DEBUG org.rtklib.java.rtcm.Rtcm -- MSM BDS TOW: raw=64429000, tow=64443.0
04:09:10.688 [main] DEBUG org.rtklib.java.rtcm.Rtcm -- MSM BDS after adjweek: time.time=1780854843, time.sec=0.0
04:09:10.688 [main] DEBUG org.rtklib.java.rtcm.Rtcm -- decode_msm_head: sys=32 staid=0 nsat=2 nsig=4 sync=0 iod=0 ncell=6
04:09:10.688 [main] DEBUG org.rtklib.java.rtcm.Rtcm -- MSM sig[0] sigid=2 sigstr=2I code=40 idx=0
04:09:10.688 [main] DEBUG org.rtklib.java.rtcm.Rtcm -- MSM sig[1] sigid=8 sigstr=6I code=42 idx=3
04:09:10.688 [main] DEBUG org.rtklib.java.rtcm.Rtcm -- MSM sig[2] sigid=23 sigstr=5P code=58 idx=2
04:09:10.688 [main] DEBUG org.rtklib.java.rtcm.Rtcm -- MSM sig[3] sigid=31 sigstr=1P code=2 idx=4
04:09:10.688 [main] DEBUG org.rtklib.java.rtcm.Rtcm -- MSM after sigindex: sig[0] code=40 idx=0
04:09:10.688 [main] DEBUG org.rtklib.java.rtcm.Rtcm -- MSM after sigindex: sig[1] code=42 idx=3
04:09:10.688 [main] DEBUG org.rtklib.java.rtcm.Rtcm -- MSM after sigindex: sig[2] code=58 idx=2
04:09:10.688 [main] DEBUG org.rtklib.java.rtcm.Rtcm -- MSM after sigindex: sig[3] code=2 idx=4
04:09:10.688 [main] DEBUG org.rtklib.java.rtcm.Rtcm -- RTCM3 decoded message type=1042, length=70
04:09:10.688 [main] DEBUG org.rtklib.java.rtcm.Rtcm -- RTCM3 decoded message type=1005, length=25
04:09:10.688 [main] DEBUG org.rtklib.java.rtcm.Rtcm -- RTCM3 decoded message type=1033, length=27
04:09:10.688 [main] DEBUG org.rtklib.java.rtcm.Rtcm -- RTCM3 decoded message type=1124, length=224
04:09:10.688 [main] DEBUG org.rtklib.java.rtcm.Rtcm -- MSM BDS TOW: raw=64444000, tow=64458.0
04:09:10.688 [main] DEBUG org.rtklib.java.rtcm.Rtcm -- MSM BDS after adjweek: time.time=1780854858, time.sec=0.0
04:09:10.688 [main] DEBUG org.rtklib.java.rtcm.Rtcm -- decode_msm_head: sys=32 staid=0 nsat=12 nsig=5 sync=1 iod=0 ncell=27
04:09:10.688 [main] DEBUG org.rtklib.java.rtcm.Rtcm -- MSM sig[0] sigid=2 sigstr=2I code=40 idx=0
04:09:10.688 [main] DEBUG org.rtklib.java.rtcm.Rtcm -- MSM sig[1] sigid=8 sigstr=6I code=42 idx=3
04:09:10.688 [main] DEBUG org.rtklib.java.rtcm.Rtcm -- MSM sig[2] sigid=14 sigstr=7I code=27 idx=1
04:09:10.688 [main] DEBUG org.rtklib.java.rtcm.Rtcm -- MSM sig[3] sigid=23 sigstr=5P code=58 idx=2
04:09:10.688 [main] DEBUG org.rtklib.java.rtcm.Rtcm -- MSM sig[4] sigid=31 sigstr=1P code=2 idx=4
04:09:10.688 [main] DEBUG org.rtklib.java.rtcm.Rtcm -- MSM after sigindex: sig[0] code=40 idx=0
04:09:10.688 [main] DEBUG org.rtklib.java.rtcm.Rtcm -- MSM after sigindex: sig[1] code=42 idx=3
04:09:10.688 [main] DEBUG org.rtklib.java.rtcm.Rtcm -- MSM after sigindex: sig[2] code=27 idx=1
04:09:10.688 [main] DEBUG org.rtklib.java.rtcm.Rtcm -- MSM after sigindex: sig[3] code=58 idx=2
04:09:10.688 [main] DEBUG org.rtklib.java.rtcm.Rtcm -- MSM after sigindex: sig[4] code=2 idx=4
04:09:10.688 [main] DEBUG org.rtklib.java.rtcm.Rtcm -- RTCM3 decoded message type=1124, length=69
04:09:10.688 [main] DEBUG org.rtklib.java.rtcm.Rtcm -- MSM BDS TOW: raw=64444000, tow=64458.0
04:09:10.688 [main] DEBUG org.rtklib.java.rtcm.Rtcm -- MSM BDS after adjweek: time.time=1780854858, time.sec=0.0
04:09:10.688 [main] DEBUG org.rtklib.java.rtcm.Rtcm -- decode_msm_head: sys=32 staid=0 nsat=2 nsig=4 sync=0 iod=0 ncell=6
04:09:10.688 [main] DEBUG org.rtklib.java.rtcm.Rtcm -- MSM sig[0] sigid=2 sigstr=2I code=40 idx=0
04:09:10.688 [main] DEBUG org.rtklib.java.rtcm.Rtcm -- MSM sig[1] sigid=8 sigstr=6I code=42 idx=3
04:09:10.688 [main] DEBUG org.rtklib.java.rtcm.Rtcm -- MSM sig[2] sigid=23 sigstr=5P code=58 idx=2
04:09:10.688 [main] DEBUG org.rtklib.java.rtcm.Rtcm -- MSM sig[3] sigid=31 sigstr=1P code=2 idx=4
04:09:10.688 [main] DEBUG org.rtklib.java.rtcm.Rtcm -- MSM after sigindex: sig[0] code=40 idx=0
04:09:10.688 [main] DEBUG org.rtklib.java.rtcm.Rtcm -- MSM after sigindex: sig[1] code=42 idx=3
04:09:10.688 [main] DEBUG org.rtklib.java.rtcm.Rtcm -- MSM after sigindex: sig[2] code=58 idx=2
04:09:10.688 [main] DEBUG org.rtklib.java.rtcm.Rtcm -- MSM after sigindex: sig[3] code=2 idx=4
04:09:10.688 [main] DEBUG org.rtklib.java.rtcm.Rtcm -- RTCM3 decoded message type=1042, length=70
04:09:10.688 [main] DEBUG org.rtklib.java.rtcm.Rtcm -- RTCM3 decoded message type=1005, length=25
04:09:10.688 [main] DEBUG org.rtklib.java.rtcm.Rtcm -- RTCM3 decoded message type=1033, length=27
04:09:10.688 [main] DEBUG org.rtklib.java.rtcm.Rtcm -- RTCM3 decoded message type=1124, length=242
04:09:10.688 [main] DEBUG org.rtklib.java.rtcm.Rtcm -- MSM BDS TOW: raw=64459000, tow=64473.0
04:09:10.688 [main] DEBUG org.rtklib.java.rtcm.Rtcm -- MSM BDS after adjweek: time.time=1780854873, time.sec=0.0
04:09:10.688 [main] DEBUG org.rtklib.java.rtcm.Rtcm -- decode_msm_head: sys=32 staid=0 nsat=12 nsig=5 sync=1 iod=0 ncell=30
04:09:10.688 [main] DEBUG org.rtklib.java.rtcm.Rtcm -- MSM sig[0] sigid=2 sigstr=2I code=40 idx=0
04:09:10.688 [main] DEBUG org.rtklib.java.rtcm.Rtcm -- MSM sig[1] sigid=8 sigstr=6I code=42 idx=3
04:09:10.688 [main] DEBUG org.rtklib.java.rtcm.Rtcm -- MSM sig[2] sigid=14 sigstr=7I code=27 idx=1
04:09:10.688 [main] DEBUG org.rtklib.java.rtcm.Rtcm -- MSM sig[3] sigid=23 sigstr=5P code=58 idx=2
04:09:10.688 [main] DEBUG org.rtklib.java.rtcm.Rtcm -- MSM sig[4] sigid=31 sigstr=1P code=2 idx=4
04:09:10.688 [main] DEBUG org.rtklib.java.rtcm.Rtcm -- MSM after sigindex: sig[0] code=40 idx=0
04:09:10.688 [main] DEBUG org.rtklib.java.rtcm.Rtcm -- MSM after sigindex: sig[1] code=42 idx=3
04:09:10.688 [main] DEBUG org.rtklib.java.rtcm.Rtcm -- MSM after sigindex: sig[2] code=27 idx=1
04:09:10.688 [main] DEBUG org.rtklib.java.rtcm.Rtcm -- MSM after sigindex: sig[3] code=58 idx=2
04:09:10.688 [main] DEBUG org.rtklib.java.rtcm.Rtcm -- MSM after sigindex: sig[4] code=2 idx=4
04:09:10.688 [main] DEBUG org.rtklib.java.rtcm.Rtcm -- RTCM3 decoded message type=1124, length=42
04:09:10.688 [main] DEBUG org.rtklib.java.rtcm.Rtcm -- MSM BDS TOW: raw=64459000, tow=64473.0
04:09:10.688 [main] DEBUG org.rtklib.java.rtcm.Rtcm -- MSM BDS after adjweek: time.time=1780854873, time.sec=0.0
04:09:10.688 [main] DEBUG org.rtklib.java.rtcm.Rtcm -- decode_msm_head: sys=32 staid=0 nsat=1 nsig=2 sync=0 iod=0 ncell=2
04:09:10.688 [main] DEBUG org.rtklib.java.rtcm.Rtcm -- MSM sig[0] sigid=2 sigstr=2I code=40 idx=0
04:09:10.688 [main] DEBUG org.rtklib.java.rtcm.Rtcm -- MSM sig[1] sigid=31 sigstr=1P code=2 idx=4
04:09:10.688 [main] DEBUG org.rtklib.java.rtcm.Rtcm -- MSM after sigindex: sig[0] code=40 idx=0
04:09:10.688 [main] DEBUG org.rtklib.java.rtcm.Rtcm -- MSM after sigindex: sig[1] code=2 idx=4
04:09:10.688 [main] DEBUG org.rtklib.java.rtcm.Rtcm -- RTCM3 decoded message type=1042, length=70
04:09:10.688 [main] DEBUG org.rtklib.java.rtcm.Rtcm -- RTCM3 decoded message type=1005, length=25
04:09:10.688 [main] DEBUG org.rtklib.java.rtcm.Rtcm -- RTCM3 decoded message type=1033, length=27
04:09:10.688 [main] DEBUG org.rtklib.java.rtcm.Rtcm -- RTCM3 decoded message type=1124, length=218
04:09:10.688 [main] DEBUG org.rtklib.java.rtcm.Rtcm -- MSM BDS TOW: raw=64474000, tow=64488.0
04:09:10.688 [main] DEBUG org.rtklib.java.rtcm.Rtcm -- MSM BDS after adjweek: time.time=1780854888, time.sec=0.0
04:09:10.688 [main] DEBUG org.rtklib.java.rtcm.Rtcm -- decode_msm_head: sys=32 staid=0 nsat=12 nsig=5 sync=1 iod=0 ncell=26
04:09:10.688 [main] DEBUG org.rtklib.java.rtcm.Rtcm -- MSM sig[0] sigid=2 sigstr=2I code=40 idx=0
04:09:10.688 [main] DEBUG org.rtklib.java.rtcm.Rtcm -- MSM sig[1] sigid=8 sigstr=6I code=42 idx=3
04:09:10.688 [main] DEBUG org.rtklib.java.rtcm.Rtcm -- MSM sig[2] sigid=14 sigstr=7I code=27 idx=1
04:09:10.688 [main] DEBUG org.rtklib.java.rtcm.Rtcm -- MSM sig[3] sigid=23 sigstr=5P code=58 idx=2
04:09:10.688 [main] DEBUG org.rtklib.java.rtcm.Rtcm -- MSM sig[4] sigid=31 sigstr=1P code=2 idx=4
04:09:10.688 [main] DEBUG org.rtklib.java.rtcm.Rtcm -- MSM after sigindex: sig[0] code=40 idx=0
04:09:10.688 [main] DEBUG org.rtklib.java.rtcm.Rtcm -- MSM after sigindex: sig[1] code=42 idx=3
04:09:10.688 [main] DEBUG org.rtklib.java.rtcm.Rtcm -- MSM after sigindex: sig[2] code=27 idx=1
04:09:10.688 [main] DEBUG org.rtklib.java.rtcm.Rtcm -- MSM after sigindex: sig[3] code=58 idx=2
04:09:10.688 [main] DEBUG org.rtklib.java.rtcm.Rtcm -- MSM after sigindex: sig[4] code=2 idx=4
04:09:10.688 [main] DEBUG org.rtklib.java.rtcm.Rtcm -- RTCM3 decoded message type=1124, length=69
04:09:10.688 [main] DEBUG org.rtklib.java.rtcm.Rtcm -- MSM BDS TOW: raw=64474000, tow=64488.0
04:09:10.688 [main] DEBUG org.rtklib.java.rtcm.Rtcm -- MSM BDS after adjweek: time.time=1780854888, time.sec=0.0
04:09:10.688 [main] DEBUG org.rtklib.java.rtcm.Rtcm -- decode_msm_head: sys=32 staid=0 nsat=2 nsig=4 sync=0 iod=0 ncell=6
04:09:10.688 [main] DEBUG org.rtklib.java.rtcm.Rtcm -- MSM sig[0] sigid=2 sigstr=2I code=40 idx=0
04:09:10.688 [main] DEBUG org.rtklib.java.rtcm.Rtcm -- MSM sig[1] sigid=8 sigstr=6I code=42 idx=3
04:09:10.688 [main] DEBUG org.rtklib.java.rtcm.Rtcm -- MSM sig[2] sigid=23 sigstr=5P code=58 idx=2
04:09:10.688 [main] DEBUG org.rtklib.java.rtcm.Rtcm -- MSM sig[3] sigid=31 sigstr=1P code=2 idx=4
04:09:10.688 [main] DEBUG org.rtklib.java.rtcm.Rtcm -- MSM after sigindex: sig[0] code=40 idx=0
04:09:10.688 [main] DEBUG org.rtklib.java.rtcm.Rtcm -- MSM after sigindex: sig[1] code=42 idx=3
04:09:10.688 [main] DEBUG org.rtklib.java.rtcm.Rtcm -- MSM after sigindex: sig[2] code=58 idx=2
04:09:10.688 [main] DEBUG org.rtklib.java.rtcm.Rtcm -- MSM after sigindex: sig[3] code=2 idx=4
04:09:10.688 [main] DEBUG org.rtklib.java.rtcm.Rtcm -- RTCM3 decoded message type=1042, length=70
04:09:10.689 [main] DEBUG org.rtklib.java.rtcm.Rtcm -- RTCM3 decoded message type=1005, length=25
04:09:10.689 [main] DEBUG org.rtklib.java.rtcm.Rtcm -- RTCM3 decoded message type=1033, length=27
04:09:10.689 [main] DEBUG org.rtklib.java.rtcm.Rtcm -- RTCM3 decoded message type=1124, length=224
04:09:10.689 [main] DEBUG org.rtklib.java.rtcm.Rtcm -- MSM BDS TOW: raw=64489000, tow=64503.0
04:09:10.689 [main] DEBUG org.rtklib.java.rtcm.Rtcm -- MSM BDS after adjweek: time.time=1780854903, time.sec=0.0
04:09:10.689 [main] DEBUG org.rtklib.java.rtcm.Rtcm -- decode_msm_head: sys=32 staid=0 nsat=12 nsig=5 sync=1 iod=0 ncell=27
04:09:10.689 [main] DEBUG org.rtklib.java.rtcm.Rtcm -- MSM sig[0] sigid=2 sigstr=2I code=40 idx=0
04:09:10.689 [main] DEBUG org.rtklib.java.rtcm.Rtcm -- MSM sig[1] sigid=8 sigstr=6I code=42 idx=3
04:09:10.689 [main] DEBUG org.rtklib.java.rtcm.Rtcm -- MSM sig[2] sigid=14 sigstr=7I code=27 idx=1
04:09:10.689 [main] DEBUG org.rtklib.java.rtcm.Rtcm -- MSM sig[3] sigid=23 sigstr=5P code=58 idx=2
04:09:10.689 [main] DEBUG org.rtklib.java.rtcm.Rtcm -- MSM sig[4] sigid=31 sigstr=1P code=2 idx=4
04:09:10.689 [main] DEBUG org.rtklib.java.rtcm.Rtcm -- MSM after sigindex: sig[0] code=40 idx=0
04:09:10.689 [main] DEBUG org.rtklib.java.rtcm.Rtcm -- MSM after sigindex: sig[1] code=42 idx=3
04:09:10.689 [main] DEBUG org.rtklib.java.rtcm.Rtcm -- MSM after sigindex: sig[2] code=27 idx=1
04:09:10.689 [main] DEBUG org.rtklib.java.rtcm.Rtcm -- MSM after sigindex: sig[3] code=58 idx=2
04:09:10.689 [main] DEBUG org.rtklib.java.rtcm.Rtcm -- MSM after sigindex: sig[4] code=2 idx=4
04:09:10.689 [main] DEBUG org.rtklib.java.rtcm.Rtcm -- RTCM3 decoded message type=1124, length=75
04:09:10.689 [main] DEBUG org.rtklib.java.rtcm.Rtcm -- MSM BDS TOW: raw=64489000, tow=64503.0
04:09:10.689 [main] DEBUG org.rtklib.java.rtcm.Rtcm -- MSM BDS after adjweek: time.time=1780854903, time.sec=0.0
04:09:10.689 [main] DEBUG org.rtklib.java.rtcm.Rtcm -- decode_msm_head: sys=32 staid=0 nsat=2 nsig=4 sync=0 iod=0 ncell=7
04:09:10.689 [main] DEBUG org.rtklib.java.rtcm.Rtcm -- MSM sig[0] sigid=2 sigstr=2I code=40 idx=0
04:09:10.689 [main] DEBUG org.rtklib.java.rtcm.Rtcm -- MSM sig[1] sigid=8 sigstr=6I code=42 idx=3
04:09:10.689 [main] DEBUG org.rtklib.java.rtcm.Rtcm -- MSM sig[2] sigid=23 sigstr=5P code=58 idx=2
04:09:10.689 [main] DEBUG org.rtklib.java.rtcm.Rtcm -- MSM sig[3] sigid=31 sigstr=1P code=2 idx=4
04:09:10.689 [main] DEBUG org.rtklib.java.rtcm.Rtcm -- MSM after sigindex: sig[0] code=40 idx=0
04:09:10.689 [main] DEBUG org.rtklib.java.rtcm.Rtcm -- MSM after sigindex: sig[1] code=42 idx=3
04:09:10.689 [main] DEBUG org.rtklib.java.rtcm.Rtcm -- MSM after sigindex: sig[2] code=58 idx=2
04:09:10.689 [main] DEBUG org.rtklib.java.rtcm.Rtcm -- MSM after sigindex: sig[3] code=2 idx=4
04:09:10.689 [main] DEBUG org.rtklib.java.rtcm.Rtcm -- RTCM3 decoded message type=1042, length=70
04:09:10.689 [main] DEBUG org.rtklib.java.rtcm.Rtcm -- RTCM3 decoded message type=1005, length=25
04:09:10.689 [main] DEBUG org.rtklib.java.rtcm.Rtcm -- RTCM3 decoded message type=1033, length=27
04:09:10.689 [main] DEBUG org.rtklib.java.rtcm.Rtcm -- RTCM3 decoded message type=1124, length=230
04:09:10.689 [main] DEBUG org.rtklib.java.rtcm.Rtcm -- MSM BDS TOW: raw=64504000, tow=64518.0
04:09:10.689 [main] DEBUG org.rtklib.java.rtcm.Rtcm -- MSM BDS after adjweek: time.time=1780854918, time.sec=0.0
04:09:10.689 [main] DEBUG org.rtklib.java.rtcm.Rtcm -- decode_msm_head: sys=32 staid=0 nsat=12 nsig=5 sync=1 iod=0 ncell=28
04:09:10.689 [main] DEBUG org.rtklib.java.rtcm.Rtcm -- MSM sig[0] sigid=2 sigstr=2I code=40 idx=0
04:09:10.689 [main] DEBUG org.rtklib.java.rtcm.Rtcm -- MSM sig[1] sigid=8 sigstr=6I code=42 idx=3
04:09:10.689 [main] DEBUG org.rtklib.java.rtcm.Rtcm -- MSM sig[2] sigid=14 sigstr=7I code=27 idx=1
04:09:10.689 [main] DEBUG org.rtklib.java.rtcm.Rtcm -- MSM sig[3] sigid=23 sigstr=5P code=58 idx=2
04:09:10.689 [main] DEBUG org.rtklib.java.rtcm.Rtcm -- MSM sig[4] sigid=31 sigstr=1P code=2 idx=4
04:09:10.689 [main] DEBUG org.rtklib.java.rtcm.Rtcm -- MSM after sigindex: sig[0] code=40 idx=0
04:09:10.689 [main] DEBUG org.rtklib.java.rtcm.Rtcm -- MSM after sigindex: sig[1] code=42 idx=3
04:09:10.689 [main] DEBUG org.rtklib.java.rtcm.Rtcm -- MSM after sigindex: sig[2] code=27 idx=1
04:09:10.689 [main] DEBUG org.rtklib.java.rtcm.Rtcm -- MSM after sigindex: sig[3] code=58 idx=2
04:09:10.689 [main] DEBUG org.rtklib.java.rtcm.Rtcm -- MSM after sigindex: sig[4] code=2 idx=4
04:09:10.689 [main] DEBUG org.rtklib.java.rtcm.Rtcm -- RTCM3 decoded message type=1124, length=81
04:09:10.689 [main] DEBUG org.rtklib.java.rtcm.Rtcm -- MSM BDS TOW: raw=64504000, tow=64518.0
04:09:10.689 [main] DEBUG org.rtklib.java.rtcm.Rtcm -- MSM BDS after adjweek: time.time=1780854918, time.sec=0.0
04:09:10.689 [main] DEBUG org.rtklib.java.rtcm.Rtcm -- decode_msm_head: sys=32 staid=0 nsat=2 nsig=4 sync=0 iod=0 ncell=8
04:09:10.689 [main] DEBUG org.rtklib.java.rtcm.Rtcm -- MSM sig[0] sigid=2 sigstr=2I code=40 idx=0
04:09:10.689 [main] DEBUG org.rtklib.java.rtcm.Rtcm -- MSM sig[1] sigid=8 sigstr=6I code=42 idx=3
04:09:10.689 [main] DEBUG org.rtklib.java.rtcm.Rtcm -- MSM sig[2] sigid=23 sigstr=5P code=58 idx=2
04:09:10.689 [main] DEBUG org.rtklib.java.rtcm.Rtcm -- MSM sig[3] sigid=31 sigstr=1P code=2 idx=4
04:09:10.689 [main] DEBUG org.rtklib.java.rtcm.Rtcm -- MSM after sigindex: sig[0] code=40 idx=0
04:09:10.689 [main] DEBUG org.rtklib.java.rtcm.Rtcm -- MSM after sigindex: sig[1] code=42 idx=3
04:09:10.689 [main] DEBUG org.rtklib.java.rtcm.Rtcm -- MSM after sigindex: sig[2] code=58 idx=2
04:09:10.689 [main] DEBUG org.rtklib.java.rtcm.Rtcm -- MSM after sigindex: sig[3] code=2 idx=4
04:09:10.689 [main] DEBUG org.rtklib.java.rtcm.Rtcm -- RTCM3 decoded message type=1042, length=70
04:09:10.689 [main] DEBUG org.rtklib.java.rtcm.Rtcm -- RTCM3 decoded message type=1005, length=25
04:09:10.689 [main] DEBUG org.rtklib.java.rtcm.Rtcm -- RTCM3 decoded message type=1033, length=27
04:09:10.689 [main] DEBUG org.rtklib.java.rtcm.Rtcm -- RTCM3 decoded message type=1124, length=236
04:09:10.689 [main] DEBUG org.rtklib.java.rtcm.Rtcm -- MSM BDS TOW: raw=64519000, tow=64533.0
04:09:10.689 [main] DEBUG org.rtklib.java.rtcm.Rtcm -- MSM BDS after adjweek: time.time=1780854933, time.sec=0.0
04:09:10.689 [main] DEBUG org.rtklib.java.rtcm.Rtcm -- decode_msm_head: sys=32 staid=0 nsat=12 nsig=5 sync=1 iod=0 ncell=29
04:09:10.689 [main] DEBUG org.rtklib.java.rtcm.Rtcm -- MSM sig[0] sigid=2 sigstr=2I code=40 idx=0
04:09:10.689 [main] DEBUG org.rtklib.java.rtcm.Rtcm -- MSM sig[1] sigid=8 sigstr=6I code=42 idx=3
04:09:10.689 [main] DEBUG org.rtklib.java.rtcm.Rtcm -- MSM sig[2] sigid=14 sigstr=7I code=27 idx=1
04:09:10.689 [main] DEBUG org.rtklib.java.rtcm.Rtcm -- MSM sig[3] sigid=23 sigstr=5P code=58 idx=2
04:09:10.689 [main] DEBUG org.rtklib.java.rtcm.Rtcm -- MSM sig[4] sigid=31 sigstr=1P code=2 idx=4
04:09:10.689 [main] DEBUG org.rtklib.java.rtcm.Rtcm -- MSM after sigindex: sig[0] code=40 idx=0
04:09:10.689 [main] DEBUG org.rtklib.java.rtcm.Rtcm -- MSM after sigindex: sig[1] code=42 idx=3
04:09:10.689 [main] DEBUG org.rtklib.java.rtcm.Rtcm -- MSM after sigindex: sig[2] code=27 idx=1
04:09:10.689 [main] DEBUG org.rtklib.java.rtcm.Rtcm -- MSM after sigindex: sig[3] code=58 idx=2
04:09:10.689 [main] DEBUG org.rtklib.java.rtcm.Rtcm -- MSM after sigindex: sig[4] code=2 idx=4
04:09:10.689 [main] DEBUG org.rtklib.java.rtcm.Rtcm -- RTCM3 decoded message type=1124, length=54
04:09:10.689 [main] DEBUG org.rtklib.java.rtcm.Rtcm -- MSM BDS TOW: raw=64519000, tow=64533.0
04:09:10.689 [main] DEBUG org.rtklib.java.rtcm.Rtcm -- MSM BDS after adjweek: time.time=1780854933, time.sec=0.0
04:09:10.689 [main] DEBUG org.rtklib.java.rtcm.Rtcm -- decode_msm_head: sys=32 staid=0 nsat=1 nsig=4 sync=0 iod=0 ncell=4
04:09:10.689 [main] DEBUG org.rtklib.java.rtcm.Rtcm -- MSM sig[0] sigid=2 sigstr=2I code=40 idx=0
04:09:10.689 [main] DEBUG org.rtklib.java.rtcm.Rtcm -- MSM sig[1] sigid=8 sigstr=6I code=42 idx=3
04:09:10.689 [main] DEBUG org.rtklib.java.rtcm.Rtcm -- MSM sig[2] sigid=23 sigstr=5P code=58 idx=2
04:09:10.689 [main] DEBUG org.rtklib.java.rtcm.Rtcm -- MSM sig[3] sigid=31 sigstr=1P code=2 idx=4
04:09:10.689 [main] DEBUG org.rtklib.java.rtcm.Rtcm -- MSM after sigindex: sig[0] code=40 idx=0
04:09:10.689 [main] DEBUG org.rtklib.java.rtcm.Rtcm -- MSM after sigindex: sig[1] code=42 idx=3
04:09:10.689 [main] DEBUG org.rtklib.java.rtcm.Rtcm -- MSM after sigindex: sig[2] code=58 idx=2
04:09:10.689 [main] DEBUG org.rtklib.java.rtcm.Rtcm -- MSM after sigindex: sig[3] code=2 idx=4
04:09:10.689 [main] DEBUG org.rtklib.java.rtcm.Rtcm -- RTCM3 decoded message type=1042, length=70
04:09:10.689 [main] DEBUG org.rtklib.java.rtcm.Rtcm -- RTCM3 decoded message type=1005, length=25
04:09:10.689 [main] DEBUG org.rtklib.java.rtcm.Rtcm -- RTCM3 decoded message type=1033, length=27
04:09:10.689 [main] DEBUG org.rtklib.java.rtcm.Rtcm -- RTCM3 decoded message type=1124, length=248
04:09:10.689 [main] DEBUG org.rtklib.java.rtcm.Rtcm -- MSM BDS TOW: raw=64534000, tow=64548.0
04:09:10.689 [main] DEBUG org.rtklib.java.rtcm.Rtcm -- MSM BDS after adjweek: time.time=1780854948, time.sec=0.0
04:09:10.689 [main] DEBUG org.rtklib.java.rtcm.Rtcm -- decode_msm_head: sys=32 staid=0 nsat=12 nsig=5 sync=1 iod=0 ncell=31
04:09:10.689 [main] DEBUG org.rtklib.java.rtcm.Rtcm -- MSM sig[0] sigid=2 sigstr=2I code=40 idx=0
04:09:10.689 [main] DEBUG org.rtklib.java.rtcm.Rtcm -- MSM sig[1] sigid=8 sigstr=6I code=42 idx=3
04:09:10.689 [main] DEBUG org.rtklib.java.rtcm.Rtcm -- MSM sig[2] sigid=14 sigstr=7I code=27 idx=1
04:09:10.689 [main] DEBUG org.rtklib.java.rtcm.Rtcm -- MSM sig[3] sigid=23 sigstr=5P code=58 idx=2
04:09:10.689 [main] DEBUG org.rtklib.java.rtcm.Rtcm -- MSM sig[4] sigid=31 sigstr=1P code=2 idx=4
04:09:10.689 [main] DEBUG org.rtklib.java.rtcm.Rtcm -- MSM after sigindex: sig[0] code=40 idx=0
04:09:10.689 [main] DEBUG org.rtklib.java.rtcm.Rtcm -- MSM after sigindex: sig[1] code=42 idx=3
04:09:10.689 [main] DEBUG org.rtklib.java.rtcm.Rtcm -- MSM after sigindex: sig[2] code=27 idx=1
04:09:10.689 [main] DEBUG org.rtklib.java.rtcm.Rtcm -- MSM after sigindex: sig[3] code=58 idx=2
04:09:10.689 [main] DEBUG org.rtklib.java.rtcm.Rtcm -- MSM after sigindex: sig[4] code=2 idx=4
04:09:10.689 [main] DEBUG org.rtklib.java.rtcm.Rtcm -- RTCM3 decoded message type=1124, length=42
04:09:10.689 [main] DEBUG org.rtklib.java.rtcm.Rtcm -- MSM BDS TOW: raw=64534000, tow=64548.0
04:09:10.689 [main] DEBUG org.rtklib.java.rtcm.Rtcm -- MSM BDS after adjweek: time.time=1780854948, time.sec=0.0
04:09:10.689 [main] DEBUG org.rtklib.java.rtcm.Rtcm -- decode_msm_head: sys=32 staid=0 nsat=1 nsig=2 sync=0 iod=0 ncell=2
04:09:10.689 [main] DEBUG org.rtklib.java.rtcm.Rtcm -- MSM sig[0] sigid=2 sigstr=2I code=40 idx=0
04:09:10.689 [main] DEBUG org.rtklib.java.rtcm.Rtcm -- MSM sig[1] sigid=8 sigstr=6I code=42 idx=3
04:09:10.689 [main] DEBUG org.rtklib.java.rtcm.Rtcm -- MSM after sigindex: sig[0] code=40 idx=0
04:09:10.689 [main] DEBUG org.rtklib.java.rtcm.Rtcm -- MSM after sigindex: sig[1] code=42 idx=3
04:09:10.689 [main] DEBUG org.rtklib.java.rtcm.Rtcm -- RTCM3 decoded message type=1042, length=70
04:09:10.689 [main] DEBUG org.rtklib.java.rtcm.Rtcm -- RTCM3 decoded message type=1005, length=25
04:09:10.689 [main] DEBUG org.rtklib.java.rtcm.Rtcm -- RTCM3 decoded message type=1033, length=27
04:09:10.689 [main] DEBUG org.rtklib.java.rtcm.Rtcm -- RTCM3 decoded message type=1124, length=236
04:09:10.689 [main] DEBUG org.rtklib.java.rtcm.Rtcm -- MSM BDS TOW: raw=64549000, tow=64563.0
04:09:10.689 [main] DEBUG org.rtklib.java.rtcm.Rtcm -- MSM BDS after adjweek: time.time=1780854963, time.sec=0.0
04:09:10.689 [main] DEBUG org.rtklib.java.rtcm.Rtcm -- decode_msm_head: sys=32 staid=0 nsat=12 nsig=5 sync=1 iod=0 ncell=29
04:09:10.689 [main] DEBUG org.rtklib.java.rtcm.Rtcm -- MSM sig[0] sigid=2 sigstr=2I code=40 idx=0
04:09:10.689 [main] DEBUG org.rtklib.java.rtcm.Rtcm -- MSM sig[1] sigid=8 sigstr=6I code=42 idx=3
04:09:10.689 [main] DEBUG org.rtklib.java.rtcm.Rtcm -- MSM sig[2] sigid=14 sigstr=7I code=27 idx=1
04:09:10.689 [main] DEBUG org.rtklib.java.rtcm.Rtcm -- MSM sig[3] sigid=23 sigstr=5P code=58 idx=2
04:09:10.689 [main] DEBUG org.rtklib.java.rtcm.Rtcm -- MSM sig[4] sigid=31 sigstr=1P code=2 idx=4
04:09:10.689 [main] DEBUG org.rtklib.java.rtcm.Rtcm -- MSM after sigindex: sig[0] code=40 idx=0
04:09:10.689 [main] DEBUG org.rtklib.java.rtcm.Rtcm -- MSM after sigindex: sig[1] code=42 idx=3
04:09:10.689 [main] DEBUG org.rtklib.java.rtcm.Rtcm -- MSM after sigindex: sig[2] code=27 idx=1
04:09:10.689 [main] DEBUG org.rtklib.java.rtcm.Rtcm -- MSM after sigindex: sig[3] code=58 idx=2
04:09:10.689 [main] DEBUG org.rtklib.java.rtcm.Rtcm -- MSM after sigindex: sig[4] code=2 idx=4
04:09:10.689 [main] DEBUG org.rtklib.java.rtcm.Rtcm -- RTCM3 decoded message type=1124, length=48
04:09:10.689 [main] DEBUG org.rtklib.java.rtcm.Rtcm -- MSM BDS TOW: raw=64549000, tow=64563.0
04:09:10.689 [main] DEBUG org.rtklib.java.rtcm.Rtcm -- MSM BDS after adjweek: time.time=1780854963, time.sec=0.0
04:09:10.689 [main] DEBUG org.rtklib.java.rtcm.Rtcm -- decode_msm_head: sys=32 staid=0 nsat=1 nsig=3 sync=0 iod=0 ncell=3
04:09:10.689 [main] DEBUG org.rtklib.java.rtcm.Rtcm -- MSM sig[0] sigid=2 sigstr=2I code=40 idx=0
04:09:10.689 [main] DEBUG org.rtklib.java.rtcm.Rtcm -- MSM sig[1] sigid=8 sigstr=6I code=42 idx=3
04:09:10.689 [main] DEBUG org.rtklib.java.rtcm.Rtcm -- MSM sig[2] sigid=23 sigstr=5P code=58 idx=2
04:09:10.689 [main] DEBUG org.rtklib.java.rtcm.Rtcm -- MSM after sigindex: sig[0] code=40 idx=0
04:09:10.689 [main] DEBUG org.rtklib.java.rtcm.Rtcm -- MSM after sigindex: sig[1] code=42 idx=3
04:09:10.689 [main] DEBUG org.rtklib.java.rtcm.Rtcm -- MSM after sigindex: sig[2] code=58 idx=2
04:09:10.689 [main] DEBUG org.rtklib.java.rtcm.Rtcm -- RTCM3 decoded message type=1042, length=70
04:09:10.689 [main] DEBUG org.rtklib.java.rtcm.Rtcm -- RTCM3 decoded message type=1005, length=25
04:09:10.689 [main] DEBUG org.rtklib.java.rtcm.Rtcm -- RTCM3 decoded message type=1033, length=27
04:09:10.689 [main] DEBUG org.rtklib.java.rtcm.Rtcm -- RTCM3 decoded message type=1124, length=230
04:09:10.689 [main] DEBUG org.rtklib.java.rtcm.Rtcm -- MSM BDS TOW: raw=64564000, tow=64578.0
04:09:10.689 [main] DEBUG org.rtklib.java.rtcm.Rtcm -- MSM BDS after adjweek: time.time=1780854978, time.sec=0.0
04:09:10.689 [main] DEBUG org.rtklib.java.rtcm.Rtcm -- decode_msm_head: sys=32 staid=0 nsat=12 nsig=5 sync=1 iod=0 ncell=28
04:09:10.689 [main] DEBUG org.rtklib.java.rtcm.Rtcm -- MSM sig[0] sigid=2 sigstr=2I code=40 idx=0
04:09:10.689 [main] DEBUG org.rtklib.java.rtcm.Rtcm -- MSM sig[1] sigid=8 sigstr=6I code=42 idx=3
04:09:10.689 [main] DEBUG org.rtklib.java.rtcm.Rtcm -- MSM sig[2] sigid=14 sigstr=7I code=27 idx=1
04:09:10.689 [main] DEBUG org.rtklib.java.rtcm.Rtcm -- MSM sig[3] sigid=23 sigstr=5P code=58 idx=2
04:09:10.689 [main] DEBUG org.rtklib.java.rtcm.Rtcm -- MSM sig[4] sigid=31 sigstr=1P code=2 idx=4
04:09:10.689 [main] DEBUG org.rtklib.java.rtcm.Rtcm -- MSM after sigindex: sig[0] code=40 idx=0
04:09:10.689 [main] DEBUG org.rtklib.java.rtcm.Rtcm -- MSM after sigindex: sig[1] code=42 idx=3
04:09:10.689 [main] DEBUG org.rtklib.java.rtcm.Rtcm -- MSM after sigindex: sig[2] code=27 idx=1
04:09:10.689 [main] DEBUG org.rtklib.java.rtcm.Rtcm -- MSM after sigindex: sig[3] code=58 idx=2
04:09:10.689 [main] DEBUG org.rtklib.java.rtcm.Rtcm -- MSM after sigindex: sig[4] code=2 idx=4
04:09:10.689 [main] DEBUG org.rtklib.java.rtcm.Rtcm -- RTCM3 decoded message type=1124, length=42
04:09:10.689 [main] DEBUG org.rtklib.java.rtcm.Rtcm -- MSM BDS TOW: raw=64564000, tow=64578.0
04:09:10.689 [main] DEBUG org.rtklib.java.rtcm.Rtcm -- MSM BDS after adjweek: time.time=1780854978, time.sec=0.0
04:09:10.689 [main] DEBUG org.rtklib.java.rtcm.Rtcm -- decode_msm_head: sys=32 staid=0 nsat=1 nsig=2 sync=0 iod=0 ncell=2
04:09:10.689 [main] DEBUG org.rtklib.java.rtcm.Rtcm -- MSM sig[0] sigid=2 sigstr=2I code=40 idx=0
04:09:10.689 [main] DEBUG org.rtklib.java.rtcm.Rtcm -- MSM sig[1] sigid=23 sigstr=5P code=58 idx=2
04:09:10.689 [main] DEBUG org.rtklib.java.rtcm.Rtcm -- MSM after sigindex: sig[0] code=40 idx=0
04:09:10.689 [main] DEBUG org.rtklib.java.rtcm.Rtcm -- MSM after sigindex: sig[1] code=58 idx=2
04:09:10.689 [main] DEBUG org.rtklib.java.rtcm.Rtcm -- RTCM3 decoded message type=1042, length=70
04:09:10.689 [main] DEBUG org.rtklib.java.rtcm.Rtcm -- RTCM3 decoded message type=1005, length=25
04:09:10.689 [main] DEBUG org.rtklib.java.rtcm.Rtcm -- RTCM3 decoded message type=1033, length=27
04:09:10.689 [main] DEBUG org.rtklib.java.rtcm.Rtcm -- RTCM3 decoded message type=1124, length=224
04:09:10.689 [main] DEBUG org.rtklib.java.rtcm.Rtcm -- MSM BDS TOW: raw=64579000, tow=64593.0
04:09:10.689 [main] DEBUG org.rtklib.java.rtcm.Rtcm -- MSM BDS after adjweek: time.time=1780854993, time.sec=0.0
04:09:10.689 [main] DEBUG org.rtklib.java.rtcm.Rtcm -- decode_msm_head: sys=32 staid=0 nsat=12 nsig=5 sync=0 iod=0 ncell=27
04:09:10.689 [main] DEBUG org.rtklib.java.rtcm.Rtcm -- MSM sig[0] sigid=2 sigstr=2I code=40 idx=0
04:09:10.689 [main] DEBUG org.rtklib.java.rtcm.Rtcm -- MSM sig[1] sigid=8 sigstr=6I code=42 idx=3
04:09:10.689 [main] DEBUG org.rtklib.java.rtcm.Rtcm -- MSM sig[2] sigid=14 sigstr=7I code=27 idx=1
04:09:10.689 [main] DEBUG org.rtklib.java.rtcm.Rtcm -- MSM sig[3] sigid=23 sigstr=5P code=58 idx=2
04:09:10.689 [main] DEBUG org.rtklib.java.rtcm.Rtcm -- MSM sig[4] sigid=31 sigstr=1P code=2 idx=4
04:09:10.689 [main] DEBUG org.rtklib.java.rtcm.Rtcm -- MSM after sigindex: sig[0] code=40 idx=0
04:09:10.689 [main] DEBUG org.rtklib.java.rtcm.Rtcm -- MSM after sigindex: sig[1] code=42 idx=3
04:09:10.689 [main] DEBUG org.rtklib.java.rtcm.Rtcm -- MSM after sigindex: sig[2] code=27 idx=1
04:09:10.689 [main] DEBUG org.rtklib.java.rtcm.Rtcm -- MSM after sigindex: sig[3] code=58 idx=2
04:09:10.689 [main] DEBUG org.rtklib.java.rtcm.Rtcm -- MSM after sigindex: sig[4] code=2 idx=4
04:09:10.689 [main] DEBUG org.rtklib.java.rtcm.Rtcm -- RTCM3 decoded message type=1042, length=70
04:09:10.689 [main] DEBUG org.rtklib.java.rtcm.Rtcm -- RTCM3 decoded message type=1005, length=25
04:09:10.689 [main] DEBUG org.rtklib.java.rtcm.Rtcm -- RTCM3 decoded message type=1033, length=27
04:09:10.689 [main] DEBUG org.rtklib.java.rtcm.Rtcm -- RTCM3 decoded message type=1124, length=236
04:09:10.689 [main] DEBUG org.rtklib.java.rtcm.Rtcm -- MSM BDS TOW: raw=64594000, tow=64608.0
04:09:10.689 [main] DEBUG org.rtklib.java.rtcm.Rtcm -- MSM BDS after adjweek: time.time=1780855008, time.sec=0.0
04:09:10.689 [main] DEBUG org.rtklib.java.rtcm.Rtcm -- decode_msm_head: sys=32 staid=0 nsat=12 nsig=5 sync=1 iod=0 ncell=29
04:09:10.689 [main] DEBUG org.rtklib.java.rtcm.Rtcm -- MSM sig[0] sigid=2 sigstr=2I code=40 idx=0
04:09:10.689 [main] DEBUG org.rtklib.java.rtcm.Rtcm -- MSM sig[1] sigid=8 sigstr=6I code=42 idx=3
04:09:10.689 [main] DEBUG org.rtklib.java.rtcm.Rtcm -- MSM sig[2] sigid=14 sigstr=7I code=27 idx=1
04:09:10.689 [main] DEBUG org.rtklib.java.rtcm.Rtcm -- MSM sig[3] sigid=23 sigstr=5P code=58 idx=2
04:09:10.689 [main] DEBUG org.rtklib.java.rtcm.Rtcm -- MSM sig[4] sigid=31 sigstr=1P code=2 idx=4
04:09:10.689 [main] DEBUG org.rtklib.java.rtcm.Rtcm -- MSM after sigindex: sig[0] code=40 idx=0
04:09:10.689 [main] DEBUG org.rtklib.java.rtcm.Rtcm -- MSM after sigindex: sig[1] code=42 idx=3
04:09:10.689 [main] DEBUG org.rtklib.java.rtcm.Rtcm -- MSM after sigindex: sig[2] code=27 idx=1
04:09:10.689 [main] DEBUG org.rtklib.java.rtcm.Rtcm -- MSM after sigindex: sig[3] code=58 idx=2
04:09:10.689 [main] DEBUG org.rtklib.java.rtcm.Rtcm -- MSM after sigindex: sig[4] code=2 idx=4
04:09:10.689 [main] DEBUG org.rtklib.java.rtcm.Rtcm -- RTCM3 decoded message type=1124, length=48
04:09:10.689 [main] DEBUG org.rtklib.java.rtcm.Rtcm -- MSM BDS TOW: raw=64594000, tow=64608.0
04:09:10.689 [main] DEBUG org.rtklib.java.rtcm.Rtcm -- MSM BDS after adjweek: time.time=1780855008, time.sec=0.0
04:09:10.689 [main] DEBUG org.rtklib.java.rtcm.Rtcm -- decode_msm_head: sys=32 staid=0 nsat=1 nsig=3 sync=0 iod=0 ncell=3
04:09:10.689 [main] DEBUG org.rtklib.java.rtcm.Rtcm -- MSM sig[0] sigid=2 sigstr=2I code=40 idx=0
04:09:10.689 [main] DEBUG org.rtklib.java.rtcm.Rtcm -- MSM sig[1] sigid=23 sigstr=5P code=58 idx=2
04:09:10.689 [main] DEBUG org.rtklib.java.rtcm.Rtcm -- MSM sig[2] sigid=31 sigstr=1P code=2 idx=4
04:09:10.689 [main] DEBUG org.rtklib.java.rtcm.Rtcm -- MSM after sigindex: sig[0] code=40 idx=0
04:09:10.689 [main] DEBUG org.rtklib.java.rtcm.Rtcm -- MSM after sigindex: sig[1] code=58 idx=2
04:09:10.689 [main] DEBUG org.rtklib.java.rtcm.Rtcm -- MSM after sigindex: sig[2] code=2 idx=4
04:09:10.690 [main] DEBUG org.rtklib.java.rtcm.Rtcm -- RTCM3 decoded message type=1042, length=70
04:09:10.690 [main] DEBUG org.rtklib.java.rtcm.Rtcm -- RTCM3 decoded message type=1005, length=25
04:09:10.690 [main] DEBUG org.rtklib.java.rtcm.Rtcm -- RTCM3 decoded message type=1033, length=27
04:09:10.690 [main] DEBUG org.rtklib.java.rtcm.Rtcm -- RTCM3 decoded message type=1124, length=236
04:09:10.690 [main] DEBUG org.rtklib.java.rtcm.Rtcm -- MSM BDS TOW: raw=64609000, tow=64623.0
04:09:10.690 [main] DEBUG org.rtklib.java.rtcm.Rtcm -- MSM BDS after adjweek: time.time=1780855023, time.sec=0.0
04:09:10.690 [main] DEBUG org.rtklib.java.rtcm.Rtcm -- decode_msm_head: sys=32 staid=0 nsat=12 nsig=5 sync=0 iod=0 ncell=29
04:09:10.690 [main] DEBUG org.rtklib.java.rtcm.Rtcm -- MSM sig[0] sigid=2 sigstr=2I code=40 idx=0
04:09:10.690 [main] DEBUG org.rtklib.java.rtcm.Rtcm -- MSM sig[1] sigid=8 sigstr=6I code=42 idx=3
04:09:10.690 [main] DEBUG org.rtklib.java.rtcm.Rtcm -- MSM sig[2] sigid=14 sigstr=7I code=27 idx=1
04:09:10.690 [main] DEBUG org.rtklib.java.rtcm.Rtcm -- MSM sig[3] sigid=23 sigstr=5P code=58 idx=2
04:09:10.690 [main] DEBUG org.rtklib.java.rtcm.Rtcm -- MSM sig[4] sigid=31 sigstr=1P code=2 idx=4
04:09:10.690 [main] DEBUG org.rtklib.java.rtcm.Rtcm -- MSM after sigindex: sig[0] code=40 idx=0
04:09:10.690 [main] DEBUG org.rtklib.java.rtcm.Rtcm -- MSM after sigindex: sig[1] code=42 idx=3
04:09:10.690 [main] DEBUG org.rtklib.java.rtcm.Rtcm -- MSM after sigindex: sig[2] code=27 idx=1
04:09:10.690 [main] DEBUG org.rtklib.java.rtcm.Rtcm -- MSM after sigindex: sig[3] code=58 idx=2
04:09:10.690 [main] DEBUG org.rtklib.java.rtcm.Rtcm -- MSM after sigindex: sig[4] code=2 idx=4
04:09:10.690 [main] DEBUG org.rtklib.java.rtcm.Rtcm -- RTCM3 decoded message type=1042, length=70
04:09:10.690 [main] DEBUG org.rtklib.java.rtcm.Rtcm -- RTCM3 decoded message type=1005, length=25
04:09:10.690 [main] DEBUG org.rtklib.java.rtcm.Rtcm -- RTCM3 decoded message type=1033, length=27
04:09:10.690 [main] DEBUG org.rtklib.java.rtcm.Rtcm -- RTCM3 decoded message type=1124, length=230
04:09:10.690 [main] DEBUG org.rtklib.java.rtcm.Rtcm -- MSM BDS TOW: raw=64624000, tow=64638.0
04:09:10.690 [main] DEBUG org.rtklib.java.rtcm.Rtcm -- MSM BDS after adjweek: time.time=1780855038, time.sec=0.0
04:09:10.690 [main] DEBUG org.rtklib.java.rtcm.Rtcm -- decode_msm_head: sys=32 staid=0 nsat=12 nsig=5 sync=1 iod=0 ncell=28
04:09:10.690 [main] DEBUG org.rtklib.java.rtcm.Rtcm -- MSM sig[0] sigid=2 sigstr=2I code=40 idx=0
04:09:10.690 [main] DEBUG org.rtklib.java.rtcm.Rtcm -- MSM sig[1] sigid=8 sigstr=6I code=42 idx=3
04:09:10.690 [main] DEBUG org.rtklib.java.rtcm.Rtcm -- MSM sig[2] sigid=14 sigstr=7I code=27 idx=1
04:09:10.690 [main] DEBUG org.rtklib.java.rtcm.Rtcm -- MSM sig[3] sigid=23 sigstr=5P code=58 idx=2
04:09:10.690 [main] DEBUG org.rtklib.java.rtcm.Rtcm -- MSM sig[4] sigid=31 sigstr=1P code=2 idx=4
04:09:10.690 [main] DEBUG org.rtklib.java.rtcm.Rtcm -- MSM after sigindex: sig[0] code=40 idx=0
04:09:10.690 [main] DEBUG org.rtklib.java.rtcm.Rtcm -- MSM after sigindex: sig[1] code=42 idx=3
04:09:10.690 [main] DEBUG org.rtklib.java.rtcm.Rtcm -- MSM after sigindex: sig[2] code=27 idx=1
04:09:10.690 [main] DEBUG org.rtklib.java.rtcm.Rtcm -- MSM after sigindex: sig[3] code=58 idx=2
04:09:10.690 [main] DEBUG org.rtklib.java.rtcm.Rtcm -- MSM after sigindex: sig[4] code=2 idx=4
04:09:10.690 [main] DEBUG org.rtklib.java.rtcm.Rtcm -- RTCM3 decoded message type=1124, length=42
04:09:10.690 [main] DEBUG org.rtklib.java.rtcm.Rtcm -- MSM BDS TOW: raw=64624000, tow=64638.0
04:09:10.690 [main] DEBUG org.rtklib.java.rtcm.Rtcm -- MSM BDS after adjweek: time.time=1780855038, time.sec=0.0
04:09:10.690 [main] DEBUG org.rtklib.java.rtcm.Rtcm -- decode_msm_head: sys=32 staid=0 nsat=1 nsig=2 sync=0 iod=0 ncell=2
04:09:10.690 [main] DEBUG org.rtklib.java.rtcm.Rtcm -- MSM sig[0] sigid=2 sigstr=2I code=40 idx=0
04:09:10.690 [main] DEBUG org.rtklib.java.rtcm.Rtcm -- MSM sig[1] sigid=31 sigstr=1P code=2 idx=4
04:09:10.690 [main] DEBUG org.rtklib.java.rtcm.Rtcm -- MSM after sigindex: sig[0] code=40 idx=0
04:09:10.690 [main] DEBUG org.rtklib.java.rtcm.Rtcm -- MSM after sigindex: sig[1] code=2 idx=4
04:09:10.690 [main] DEBUG org.rtklib.java.rtcm.Rtcm -- RTCM3 decoded message type=1042, length=70
04:09:10.690 [main] DEBUG org.rtklib.java.rtcm.Rtcm -- RTCM3 decoded message type=1005, length=25
04:09:10.690 [main] DEBUG org.rtklib.java.rtcm.Rtcm -- RTCM3 decoded message type=1033, length=27
04:09:10.690 [main] DEBUG org.rtklib.java.rtcm.Rtcm -- RTCM3 decoded message type=1124, length=254
04:09:10.690 [main] DEBUG org.rtklib.java.rtcm.Rtcm -- MSM BDS TOW: raw=64639000, tow=64653.0
04:09:10.690 [main] DEBUG org.rtklib.java.rtcm.Rtcm -- MSM BDS after adjweek: time.time=1780855053, time.sec=0.0
04:09:10.690 [main] DEBUG org.rtklib.java.rtcm.Rtcm -- decode_msm_head: sys=32 staid=0 nsat=12 nsig=5 sync=0 iod=0 ncell=32
04:09:10.690 [main] DEBUG org.rtklib.java.rtcm.Rtcm -- MSM sig[0] sigid=2 sigstr=2I code=40 idx=0
04:09:10.690 [main] DEBUG org.rtklib.java.rtcm.Rtcm -- MSM sig[1] sigid=8 sigstr=6I code=42 idx=3
04:09:10.690 [main] DEBUG org.rtklib.java.rtcm.Rtcm -- MSM sig[2] sigid=14 sigstr=7I code=27 idx=1
04:09:10.690 [main] DEBUG org.rtklib.java.rtcm.Rtcm -- MSM sig[3] sigid=23 sigstr=5P code=58 idx=2
04:09:10.690 [main] DEBUG org.rtklib.java.rtcm.Rtcm -- MSM sig[4] sigid=31 sigstr=1P code=2 idx=4
04:09:10.690 [main] DEBUG org.rtklib.java.rtcm.Rtcm -- MSM after sigindex: sig[0] code=40 idx=0
04:09:10.690 [main] DEBUG org.rtklib.java.rtcm.Rtcm -- MSM after sigindex: sig[1] code=42 idx=3
04:09:10.690 [main] DEBUG org.rtklib.java.rtcm.Rtcm -- MSM after sigindex: sig[2] code=27 idx=1
04:09:10.690 [main] DEBUG org.rtklib.java.rtcm.Rtcm -- MSM after sigindex: sig[3] code=58 idx=2
04:09:10.690 [main] DEBUG org.rtklib.java.rtcm.Rtcm -- MSM after sigindex: sig[4] code=2 idx=4
04:09:10.690 [main] DEBUG org.rtklib.java.rtcm.Rtcm -- RTCM3 decoded message type=1042, length=70
04:09:10.690 [main] DEBUG org.rtklib.java.rtcm.Rtcm -- RTCM3 decoded message type=1005, length=25
04:09:10.690 [main] DEBUG org.rtklib.java.rtcm.Rtcm -- RTCM3 decoded message type=1033, length=27
04:09:10.690 [main] DEBUG org.rtklib.java.rtcm.Rtcm -- RTCM3 decoded message type=1124, length=233
04:09:10.690 [main] DEBUG org.rtklib.java.rtcm.Rtcm -- MSM BDS TOW: raw=64654000, tow=64668.0
04:09:10.690 [main] DEBUG org.rtklib.java.rtcm.Rtcm -- MSM BDS after adjweek: time.time=1780855068, time.sec=0.0
04:09:10.690 [main] DEBUG org.rtklib.java.rtcm.Rtcm -- decode_msm_head: sys=32 staid=0 nsat=11 nsig=5 sync=0 iod=0 ncell=29
04:09:10.690 [main] DEBUG org.rtklib.java.rtcm.Rtcm -- MSM sig[0] sigid=2 sigstr=2I code=40 idx=0
04:09:10.690 [main] DEBUG org.rtklib.java.rtcm.Rtcm -- MSM sig[1] sigid=8 sigstr=6I code=42 idx=3
04:09:10.690 [main] DEBUG org.rtklib.java.rtcm.Rtcm -- MSM sig[2] sigid=14 sigstr=7I code=27 idx=1
04:09:10.690 [main] DEBUG org.rtklib.java.rtcm.Rtcm -- MSM sig[3] sigid=23 sigstr=5P code=58 idx=2
04:09:10.690 [main] DEBUG org.rtklib.java.rtcm.Rtcm -- MSM sig[4] sigid=31 sigstr=1P code=2 idx=4
04:09:10.690 [main] DEBUG org.rtklib.java.rtcm.Rtcm -- MSM after sigindex: sig[0] code=40 idx=0
04:09:10.690 [main] DEBUG org.rtklib.java.rtcm.Rtcm -- MSM after sigindex: sig[1] code=42 idx=3
04:09:10.690 [main] DEBUG org.rtklib.java.rtcm.Rtcm -- MSM after sigindex: sig[2] code=27 idx=1
04:09:10.690 [main] DEBUG org.rtklib.java.rtcm.Rtcm -- MSM after sigindex: sig[3] code=58 idx=2
04:09:10.690 [main] DEBUG org.rtklib.java.rtcm.Rtcm -- MSM after sigindex: sig[4] code=2 idx=4
04:09:10.690 [main] DEBUG org.rtklib.java.rtcm.Rtcm -- RTCM3 decoded message type=1042, length=70
04:09:10.690 [main] DEBUG org.rtklib.java.rtcm.Rtcm -- RTCM3 decoded message type=1005, length=25
04:09:10.690 [main] DEBUG org.rtklib.java.rtcm.Rtcm -- RTCM3 decoded message type=1033, length=27
04:09:10.690 [main] DEBUG org.rtklib.java.rtcm.Rtcm -- RTCM3 decoded message type=1124, length=248
04:09:10.690 [main] DEBUG org.rtklib.java.rtcm.Rtcm -- MSM BDS TOW: raw=64669000, tow=64683.0
04:09:10.690 [main] DEBUG org.rtklib.java.rtcm.Rtcm -- MSM BDS after adjweek: time.time=1780855083, time.sec=0.0
04:09:10.690 [main] DEBUG org.rtklib.java.rtcm.Rtcm -- decode_msm_head: sys=32 staid=0 nsat=12 nsig=5 sync=0 iod=0 ncell=31
04:09:10.690 [main] DEBUG org.rtklib.java.rtcm.Rtcm -- MSM sig[0] sigid=2 sigstr=2I code=40 idx=0
04:09:10.690 [main] DEBUG org.rtklib.java.rtcm.Rtcm -- MSM sig[1] sigid=8 sigstr=6I code=42 idx=3
04:09:10.690 [main] DEBUG org.rtklib.java.rtcm.Rtcm -- MSM sig[2] sigid=14 sigstr=7I code=27 idx=1
04:09:10.690 [main] DEBUG org.rtklib.java.rtcm.Rtcm -- MSM sig[3] sigid=23 sigstr=5P code=58 idx=2
04:09:10.690 [main] DEBUG org.rtklib.java.rtcm.Rtcm -- MSM sig[4] sigid=31 sigstr=1P code=2 idx=4
04:09:10.690 [main] DEBUG org.rtklib.java.rtcm.Rtcm -- MSM after sigindex: sig[0] code=40 idx=0
04:09:10.690 [main] DEBUG org.rtklib.java.rtcm.Rtcm -- MSM after sigindex: sig[1] code=42 idx=3
04:09:10.690 [main] DEBUG org.rtklib.java.rtcm.Rtcm -- MSM after sigindex: sig[2] code=27 idx=1
04:09:10.690 [main] DEBUG org.rtklib.java.rtcm.Rtcm -- MSM after sigindex: sig[3] code=58 idx=2
04:09:10.690 [main] DEBUG org.rtklib.java.rtcm.Rtcm -- MSM after sigindex: sig[4] code=2 idx=4
04:09:10.690 [main] DEBUG org.rtklib.java.rtcm.Rtcm -- RTCM3 decoded message type=1042, length=70
04:09:10.690 [main] DEBUG org.rtklib.java.rtcm.Rtcm -- RTCM3 decoded message type=1005, length=25
04:09:10.690 [main] DEBUG org.rtklib.java.rtcm.Rtcm -- RTCM3 decoded message type=1033, length=27
04:09:10.690 [main] DEBUG org.rtklib.java.rtcm.Rtcm -- RTCM3 decoded message type=1124, length=242
04:09:10.690 [main] DEBUG org.rtklib.java.rtcm.Rtcm -- MSM BDS TOW: raw=64684000, tow=64698.0
04:09:10.690 [main] DEBUG org.rtklib.java.rtcm.Rtcm -- MSM BDS after adjweek: time.time=1780855098, time.sec=0.0
04:09:10.690 [main] DEBUG org.rtklib.java.rtcm.Rtcm -- decode_msm_head: sys=32 staid=0 nsat=12 nsig=5 sync=1 iod=0 ncell=30
04:09:10.690 [main] DEBUG org.rtklib.java.rtcm.Rtcm -- MSM sig[0] sigid=2 sigstr=2I code=40 idx=0
04:09:10.690 [main] DEBUG org.rtklib.java.rtcm.Rtcm -- MSM sig[1] sigid=8 sigstr=6I code=42 idx=3
04:09:10.690 [main] DEBUG org.rtklib.java.rtcm.Rtcm -- MSM sig[2] sigid=14 sigstr=7I code=27 idx=1
04:09:10.690 [main] DEBUG org.rtklib.java.rtcm.Rtcm -- MSM sig[3] sigid=23 sigstr=5P code=58 idx=2
04:09:10.690 [main] DEBUG org.rtklib.java.rtcm.Rtcm -- MSM sig[4] sigid=31 sigstr=1P code=2 idx=4
04:09:10.690 [main] DEBUG org.rtklib.java.rtcm.Rtcm -- MSM after sigindex: sig[0] code=40 idx=0
04:09:10.690 [main] DEBUG org.rtklib.java.rtcm.Rtcm -- MSM after sigindex: sig[1] code=42 idx=3
04:09:10.690 [main] DEBUG org.rtklib.java.rtcm.Rtcm -- MSM after sigindex: sig[2] code=27 idx=1
04:09:10.690 [main] DEBUG org.rtklib.java.rtcm.Rtcm -- MSM after sigindex: sig[3] code=58 idx=2
04:09:10.690 [main] DEBUG org.rtklib.java.rtcm.Rtcm -- MSM after sigindex: sig[4] code=2 idx=4
04:09:10.690 [main] DEBUG org.rtklib.java.rtcm.Rtcm -- RTCM3 decoded message type=1124, length=48
04:09:10.690 [main] DEBUG org.rtklib.java.rtcm.Rtcm -- MSM BDS TOW: raw=64684000, tow=64698.0
04:09:10.690 [main] DEBUG org.rtklib.java.rtcm.Rtcm -- MSM BDS after adjweek: time.time=1780855098, time.sec=0.0
04:09:10.690 [main] DEBUG org.rtklib.java.rtcm.Rtcm -- decode_msm_head: sys=32 staid=0 nsat=1 nsig=3 sync=0 iod=0 ncell=3
04:09:10.690 [main] DEBUG org.rtklib.java.rtcm.Rtcm -- MSM sig[0] sigid=2 sigstr=2I code=40 idx=0
04:09:10.690 [main] DEBUG org.rtklib.java.rtcm.Rtcm -- MSM sig[1] sigid=8 sigstr=6I code=42 idx=3
04:09:10.690 [main] DEBUG org.rtklib.java.rtcm.Rtcm -- MSM sig[2] sigid=23 sigstr=5P code=58 idx=2
04:09:10.694 [main] DEBUG org.rtklib.java.rtcm.Rtcm -- MSM after sigindex: sig[0] code=40 idx=0
04:09:10.694 [main] DEBUG org.rtklib.java.rtcm.Rtcm -- MSM after sigindex: sig[1] code=42 idx=3
04:09:10.694 [main] DEBUG org.rtklib.java.rtcm.Rtcm -- MSM after sigindex: sig[2] code=58 idx=2
04:09:10.694 [main] DEBUG org.rtklib.java.rtcm.Rtcm -- RTCM3 decoded message type=1042, length=70
04:09:10.694 [main] DEBUG org.rtklib.java.rtcm.Rtcm -- RTCM3 decoded message type=1005, length=25
04:09:10.694 [main] DEBUG org.rtklib.java.rtcm.Rtcm -- RTCM3 decoded message type=1033, length=27
04:09:10.694 [main] DEBUG org.rtklib.java.rtcm.Rtcm -- RTCM3 decoded message type=1124, length=248
04:09:10.694 [main] DEBUG org.rtklib.java.rtcm.Rtcm -- MSM BDS TOW: raw=64699000, tow=64713.0
04:09:10.694 [main] DEBUG org.rtklib.java.rtcm.Rtcm -- MSM BDS after adjweek: time.time=1780855113, time.sec=0.0
04:09:10.694 [main] DEBUG org.rtklib.java.rtcm.Rtcm -- decode_msm_head: sys=32 staid=0 nsat=12 nsig=5 sync=0 iod=0 ncell=31
04:09:10.694 [main] DEBUG org.rtklib.java.rtcm.Rtcm -- MSM sig[0] sigid=2 sigstr=2I code=40 idx=0
04:09:10.694 [main] DEBUG org.rtklib.java.rtcm.Rtcm -- MSM sig[1] sigid=8 sigstr=6I code=42 idx=3
04:09:10.694 [main] DEBUG org.rtklib.java.rtcm.Rtcm -- MSM sig[2] sigid=14 sigstr=7I code=27 idx=1
04:09:10.694 [main] DEBUG org.rtklib.java.rtcm.Rtcm -- MSM sig[3] sigid=23 sigstr=5P code=58 idx=2
04:09:10.694 [main] DEBUG org.rtklib.java.rtcm.Rtcm -- MSM sig[4] sigid=31 sigstr=1P code=2 idx=4
04:09:10.694 [main] DEBUG org.rtklib.java.rtcm.Rtcm -- MSM after sigindex: sig[0] code=40 idx=0
04:09:10.694 [main] DEBUG org.rtklib.java.rtcm.Rtcm -- MSM after sigindex: sig[1] code=42 idx=3
04:09:10.694 [main] DEBUG org.rtklib.java.rtcm.Rtcm -- MSM after sigindex: sig[2] code=27 idx=1
04:09:10.694 [main] DEBUG org.rtklib.java.rtcm.Rtcm -- MSM after sigindex: sig[3] code=58 idx=2
04:09:10.694 [main] DEBUG org.rtklib.java.rtcm.Rtcm -- MSM after sigindex: sig[4] code=2 idx=4
04:09:10.694 [main] DEBUG org.rtklib.java.rtcm.Rtcm -- RTCM3 decoded message type=1042, length=70
04:09:10.694 [main] DEBUG org.rtklib.java.rtcm.Rtcm -- RTCM3 decoded message type=1005, length=25
04:09:10.694 [main] DEBUG org.rtklib.java.rtcm.Rtcm -- RTCM3 decoded message type=1033, length=27
04:09:10.694 [main] DEBUG org.rtklib.java.rtcm.Rtcm -- RTCM3 decoded message type=1124, length=254
04:09:10.694 [main] DEBUG org.rtklib.java.rtcm.Rtcm -- MSM BDS TOW: raw=64714000, tow=64728.0
04:09:10.694 [main] DEBUG org.rtklib.java.rtcm.Rtcm -- MSM BDS after adjweek: time.time=1780855128, time.sec=0.0
04:09:10.694 [main] DEBUG org.rtklib.java.rtcm.Rtcm -- decode_msm_head: sys=32 staid=0 nsat=12 nsig=5 sync=0 iod=0 ncell=32
04:09:10.694 [main] DEBUG org.rtklib.java.rtcm.Rtcm -- MSM sig[0] sigid=2 sigstr=2I code=40 idx=0
04:09:10.694 [main] DEBUG org.rtklib.java.rtcm.Rtcm -- MSM sig[1] sigid=8 sigstr=6I code=42 idx=3
04:09:10.694 [main] DEBUG org.rtklib.java.rtcm.Rtcm -- MSM sig[2] sigid=14 sigstr=7I code=27 idx=1
04:09:10.694 [main] DEBUG org.rtklib.java.rtcm.Rtcm -- MSM sig[3] sigid=23 sigstr=5P code=58 idx=2
04:09:10.694 [main] DEBUG org.rtklib.java.rtcm.Rtcm -- MSM sig[4] sigid=31 sigstr=1P code=2 idx=4
04:09:10.694 [main] DEBUG org.rtklib.java.rtcm.Rtcm -- MSM after sigindex: sig[0] code=40 idx=0
04:09:10.694 [main] DEBUG org.rtklib.java.rtcm.Rtcm -- MSM after sigindex: sig[1] code=42 idx=3
04:09:10.694 [main] DEBUG org.rtklib.java.rtcm.Rtcm -- MSM after sigindex: sig[2] code=27 idx=1
04:09:10.694 [main] DEBUG org.rtklib.java.rtcm.Rtcm -- MSM after sigindex: sig[3] code=58 idx=2
04:09:10.694 [main] DEBUG org.rtklib.java.rtcm.Rtcm -- MSM after sigindex: sig[4] code=2 idx=4
04:09:10.694 [main] DEBUG org.rtklib.java.rtcm.Rtcm -- RTCM3 decoded message type=1042, length=70
04:09:10.694 [main] DEBUG org.rtklib.java.rtcm.Rtcm -- RTCM3 decoded message type=1005, length=25
04:09:10.694 [main] DEBUG org.rtklib.java.rtcm.Rtcm -- RTCM3 decoded message type=1033, length=27
04:09:10.694 [main] DEBUG org.rtklib.java.rtcm.Rtcm -- RTCM3 decoded message type=1124, length=260
04:09:10.694 [main] DEBUG org.rtklib.java.rtcm.Rtcm -- MSM BDS TOW: raw=64729000, tow=64743.0
04:09:10.694 [main] DEBUG org.rtklib.java.rtcm.Rtcm -- MSM BDS after adjweek: time.time=1780855143, time.sec=0.0
04:09:10.694 [main] DEBUG org.rtklib.java.rtcm.Rtcm -- decode_msm_head: sys=32 staid=0 nsat=12 nsig=5 sync=0 iod=0 ncell=33
04:09:10.694 [main] DEBUG org.rtklib.java.rtcm.Rtcm -- MSM sig[0] sigid=2 sigstr=2I code=40 idx=0
04:09:10.694 [main] DEBUG org.rtklib.java.rtcm.Rtcm -- MSM sig[1] sigid=8 sigstr=6I code=42 idx=3
04:09:10.694 [main] DEBUG org.rtklib.java.rtcm.Rtcm -- MSM sig[2] sigid=14 sigstr=7I code=27 idx=1
04:09:10.694 [main] DEBUG org.rtklib.java.rtcm.Rtcm -- MSM sig[3] sigid=23 sigstr=5P code=58 idx=2
04:09:10.694 [main] DEBUG org.rtklib.java.rtcm.Rtcm -- MSM sig[4] sigid=31 sigstr=1P code=2 idx=4
04:09:10.694 [main] DEBUG org.rtklib.java.rtcm.Rtcm -- MSM after sigindex: sig[0] code=40 idx=0
04:09:10.694 [main] DEBUG org.rtklib.java.rtcm.Rtcm -- MSM after sigindex: sig[1] code=42 idx=3
04:09:10.694 [main] DEBUG org.rtklib.java.rtcm.Rtcm -- MSM after sigindex: sig[2] code=27 idx=1
04:09:10.694 [main] DEBUG org.rtklib.java.rtcm.Rtcm -- MSM after sigindex: sig[3] code=58 idx=2
04:09:10.694 [main] DEBUG org.rtklib.java.rtcm.Rtcm -- MSM after sigindex: sig[4] code=2 idx=4
04:09:10.694 [main] DEBUG org.rtklib.java.rtcm.Rtcm -- RTCM3 decoded message type=1042, length=70
04:09:10.694 [main] DEBUG org.rtklib.java.rtcm.Rtcm -- RTCM3 decoded message type=1005, length=25
04:09:10.694 [main] DEBUG org.rtklib.java.rtcm.Rtcm -- RTCM3 decoded message type=1033, length=27
04:09:10.694 [main] DEBUG org.rtklib.java.rtcm.Rtcm -- RTCM3 decoded message type=1124, length=254
04:09:10.694 [main] DEBUG org.rtklib.java.rtcm.Rtcm -- MSM BDS TOW: raw=64744000, tow=64758.0
04:09:10.694 [main] DEBUG org.rtklib.java.rtcm.Rtcm -- MSM BDS after adjweek: time.time=1780855158, time.sec=0.0
04:09:10.694 [main] DEBUG org.rtklib.java.rtcm.Rtcm -- decode_msm_head: sys=32 staid=0 nsat=12 nsig=5 sync=0 iod=0 ncell=32
04:09:10.694 [main] DEBUG org.rtklib.java.rtcm.Rtcm -- MSM sig[0] sigid=2 sigstr=2I code=40 idx=0
04:09:10.694 [main] DEBUG org.rtklib.java.rtcm.Rtcm -- MSM sig[1] sigid=8 sigstr=6I code=42 idx=3
04:09:10.694 [main] DEBUG org.rtklib.java.rtcm.Rtcm -- MSM sig[2] sigid=14 sigstr=7I code=27 idx=1
04:09:10.694 [main] DEBUG org.rtklib.java.rtcm.Rtcm -- MSM sig[3] sigid=23 sigstr=5P code=58 idx=2
04:09:10.694 [main] DEBUG org.rtklib.java.rtcm.Rtcm -- MSM sig[4] sigid=31 sigstr=1P code=2 idx=4
04:09:10.694 [main] DEBUG org.rtklib.java.rtcm.Rtcm -- MSM after sigindex: sig[0] code=40 idx=0
04:09:10.694 [main] DEBUG org.rtklib.java.rtcm.Rtcm -- MSM after sigindex: sig[1] code=42 idx=3
04:09:10.694 [main] DEBUG org.rtklib.java.rtcm.Rtcm -- MSM after sigindex: sig[2] code=27 idx=1
04:09:10.694 [main] DEBUG org.rtklib.java.rtcm.Rtcm -- MSM after sigindex: sig[3] code=58 idx=2
04:09:10.694 [main] DEBUG org.rtklib.java.rtcm.Rtcm -- MSM after sigindex: sig[4] code=2 idx=4
04:09:10.694 [main] DEBUG org.rtklib.java.rtcm.Rtcm -- RTCM3 decoded message type=1042, length=70
04:09:10.694 [main] DEBUG org.rtklib.java.rtcm.Rtcm -- RTCM3 decoded message type=1005, length=25
04:09:10.694 [main] DEBUG org.rtklib.java.rtcm.Rtcm -- RTCM3 decoded message type=1033, length=27
04:09:10.694 [main] DEBUG org.rtklib.java.rtcm.Rtcm -- RTCM3 decoded message type=1124, length=266
04:09:10.694 [main] DEBUG org.rtklib.java.rtcm.Rtcm -- MSM BDS TOW: raw=64759000, tow=64773.0
04:09:10.694 [main] DEBUG org.rtklib.java.rtcm.Rtcm -- MSM BDS after adjweek: time.time=1780855173, time.sec=0.0
04:09:10.694 [main] DEBUG org.rtklib.java.rtcm.Rtcm -- decode_msm_head: sys=32 staid=0 nsat=12 nsig=5 sync=0 iod=0 ncell=34
04:09:10.694 [main] DEBUG org.rtklib.java.rtcm.Rtcm -- MSM sig[0] sigid=2 sigstr=2I code=40 idx=0
04:09:10.694 [main] DEBUG org.rtklib.java.rtcm.Rtcm -- MSM sig[1] sigid=8 sigstr=6I code=42 idx=3
04:09:10.694 [main] DEBUG org.rtklib.java.rtcm.Rtcm -- MSM sig[2] sigid=14 sigstr=7I code=27 idx=1
04:09:10.694 [main] DEBUG org.rtklib.java.rtcm.Rtcm -- MSM sig[3] sigid=23 sigstr=5P code=58 idx=2
04:09:10.694 [main] DEBUG org.rtklib.java.rtcm.Rtcm -- MSM sig[4] sigid=31 sigstr=1P code=2 idx=4
04:09:10.694 [main] DEBUG org.rtklib.java.rtcm.Rtcm -- MSM after sigindex: sig[0] code=40 idx=0
04:09:10.694 [main] DEBUG org.rtklib.java.rtcm.Rtcm -- MSM after sigindex: sig[1] code=42 idx=3
04:09:10.694 [main] DEBUG org.rtklib.java.rtcm.Rtcm -- MSM after sigindex: sig[2] code=27 idx=1
04:09:10.694 [main] DEBUG org.rtklib.java.rtcm.Rtcm -- MSM after sigindex: sig[3] code=58 idx=2
04:09:10.694 [main] DEBUG org.rtklib.java.rtcm.Rtcm -- MSM after sigindex: sig[4] code=2 idx=4
04:09:10.695 [main] DEBUG org.rtklib.java.rtcm.Rtcm -- RTCM3 decoded message type=1042, length=70
04:09:10.695 [main] DEBUG org.rtklib.java.rtcm.Rtcm -- RTCM3 decoded message type=1005, length=25
04:09:10.695 [main] DEBUG org.rtklib.java.rtcm.Rtcm -- RTCM3 decoded message type=1033, length=27
04:09:10.695 [main] DEBUG org.rtklib.java.rtcm.Rtcm -- RTCM3 decoded message type=1124, length=254
04:09:10.695 [main] DEBUG org.rtklib.java.rtcm.Rtcm -- MSM BDS TOW: raw=64774000, tow=64788.0
04:09:10.695 [main] DEBUG org.rtklib.java.rtcm.Rtcm -- MSM BDS after adjweek: time.time=1780855188, time.sec=0.0
04:09:10.695 [main] DEBUG org.rtklib.java.rtcm.Rtcm -- decode_msm_head: sys=32 staid=0 nsat=12 nsig=5 sync=0 iod=0 ncell=32
04:09:10.695 [main] DEBUG org.rtklib.java.rtcm.Rtcm -- MSM sig[0] sigid=2 sigstr=2I code=40 idx=0
04:09:10.695 [main] DEBUG org.rtklib.java.rtcm.Rtcm -- MSM sig[1] sigid=8 sigstr=6I code=42 idx=3
04:09:10.695 [main] DEBUG org.rtklib.java.rtcm.Rtcm -- MSM sig[2] sigid=14 sigstr=7I code=27 idx=1
04:09:10.695 [main] DEBUG org.rtklib.java.rtcm.Rtcm -- MSM sig[3] sigid=23 sigstr=5P code=58 idx=2
04:09:10.695 [main] DEBUG org.rtklib.java.rtcm.Rtcm -- MSM sig[4] sigid=31 sigstr=1P code=2 idx=4
04:09:10.695 [main] DEBUG org.rtklib.java.rtcm.Rtcm -- MSM after sigindex: sig[0] code=40 idx=0
04:09:10.695 [main] DEBUG org.rtklib.java.rtcm.Rtcm -- MSM after sigindex: sig[1] code=42 idx=3
04:09:10.695 [main] DEBUG org.rtklib.java.rtcm.Rtcm -- MSM after sigindex: sig[2] code=27 idx=1
04:09:10.695 [main] DEBUG org.rtklib.java.rtcm.Rtcm -- MSM after sigindex: sig[3] code=58 idx=2
04:09:10.695 [main] DEBUG org.rtklib.java.rtcm.Rtcm -- MSM after sigindex: sig[4] code=2 idx=4
04:09:10.695 [main] DEBUG org.rtklib.java.rtcm.Rtcm -- RTCM3 decoded message type=1042, length=70
04:09:10.695 [main] DEBUG org.rtklib.java.rtcm.Rtcm -- RTCM3 decoded message type=1005, length=25
04:09:10.695 [main] DEBUG org.rtklib.java.rtcm.Rtcm -- RTCM3 decoded message type=1033, length=27
04:09:10.695 [main] DEBUG org.rtklib.java.rtcm.Rtcm -- RTCM3 decoded message type=1124, length=254
04:09:10.695 [main] DEBUG org.rtklib.java.rtcm.Rtcm -- MSM BDS TOW: raw=64789000, tow=64803.0
04:09:10.695 [main] DEBUG org.rtklib.java.rtcm.Rtcm -- MSM BDS after adjweek: time.time=1780855203, time.sec=0.0
04:09:10.695 [main] DEBUG org.rtklib.java.rtcm.Rtcm -- decode_msm_head: sys=32 staid=0 nsat=12 nsig=5 sync=0 iod=0 ncell=32
04:09:10.695 [main] DEBUG org.rtklib.java.rtcm.Rtcm -- MSM sig[0] sigid=2 sigstr=2I code=40 idx=0
04:09:10.695 [main] DEBUG org.rtklib.java.rtcm.Rtcm -- MSM sig[1] sigid=8 sigstr=6I code=42 idx=3
04:09:10.695 [main] DEBUG org.rtklib.java.rtcm.Rtcm -- MSM sig[2] sigid=14 sigstr=7I code=27 idx=1
04:09:10.695 [main] DEBUG org.rtklib.java.rtcm.Rtcm -- MSM sig[3] sigid=23 sigstr=5P code=58 idx=2
04:09:10.695 [main] DEBUG org.rtklib.java.rtcm.Rtcm -- MSM sig[4] sigid=31 sigstr=1P code=2 idx=4
04:09:10.695 [main] DEBUG org.rtklib.java.rtcm.Rtcm -- MSM after sigindex: sig[0] code=40 idx=0
04:09:10.695 [main] DEBUG org.rtklib.java.rtcm.Rtcm -- MSM after sigindex: sig[1] code=42 idx=3
04:09:10.695 [main] DEBUG org.rtklib.java.rtcm.Rtcm -- MSM after sigindex: sig[2] code=27 idx=1
04:09:10.695 [main] DEBUG org.rtklib.java.rtcm.Rtcm -- MSM after sigindex: sig[3] code=58 idx=2
04:09:10.695 [main] DEBUG org.rtklib.java.rtcm.Rtcm -- MSM after sigindex: sig[4] code=2 idx=4
04:09:10.695 [main] DEBUG org.rtklib.java.rtcm.Rtcm -- RTCM3 decoded message type=1042, length=70
04:09:10.695 [main] DEBUG org.rtklib.java.rtcm.Rtcm -- RTCM3 decoded message type=1005, length=25
04:09:10.695 [main] DEBUG org.rtklib.java.rtcm.Rtcm -- RTCM3 decoded message type=1033, length=27
04:09:10.695 [main] DEBUG org.rtklib.java.rtcm.Rtcm -- RTCM3 decoded message type=1124, length=260
04:09:10.695 [main] DEBUG org.rtklib.java.rtcm.Rtcm -- MSM BDS TOW: raw=61204000, tow=61218.0
04:09:10.695 [main] DEBUG org.rtklib.java.rtcm.Rtcm -- MSM BDS after adjweek: time.time=316026018, time.sec=0.0
04:09:10.695 [main] DEBUG org.rtklib.java.rtcm.Rtcm -- decode_msm_head: sys=32 staid=0 nsat=12 nsig=5 sync=0 iod=0 ncell=33
04:09:10.695 [main] DEBUG org.rtklib.java.rtcm.Rtcm -- MSM sig[0] sigid=2 sigstr=2I code=40 idx=0
04:09:10.695 [main] DEBUG org.rtklib.java.rtcm.Rtcm -- MSM sig[1] sigid=8 sigstr=6I code=42 idx=3
04:09:10.695 [main] DEBUG org.rtklib.java.rtcm.Rtcm -- MSM sig[2] sigid=14 sigstr=7I code=27 idx=1
04:09:10.695 [main] DEBUG org.rtklib.java.rtcm.Rtcm -- MSM sig[3] sigid=23 sigstr=5P code=58 idx=2
04:09:10.695 [main] DEBUG org.rtklib.java.rtcm.Rtcm -- MSM sig[4] sigid=31 sigstr=1P code=2 idx=4
04:09:10.695 [main] DEBUG org.rtklib.java.rtcm.Rtcm -- MSM after sigindex: sig[0] code=40 idx=0
04:09:10.695 [main] DEBUG org.rtklib.java.rtcm.Rtcm -- MSM after sigindex: sig[1] code=42 idx=3
04:09:10.695 [main] DEBUG org.rtklib.java.rtcm.Rtcm -- MSM after sigindex: sig[2] code=27 idx=1
04:09:10.695 [main] DEBUG org.rtklib.java.rtcm.Rtcm -- MSM after sigindex: sig[3] code=58 idx=2
04:09:10.695 [main] DEBUG org.rtklib.java.rtcm.Rtcm -- MSM after sigindex: sig[4] code=2 idx=4
04:09:10.695 [main] DEBUG org.rtklib.java.rtcm.Rtcm -- RTCM3 decoded message type=1042, length=70
04:09:10.695 [main] INFO org.rtklib.java.rtcm.Rtcm -- RTCM 1042 eph stored: sat=117 prn=12 week=1066 toe=57600.0 A=27906329.3
04:09:10.695 [main] DEBUG org.rtklib.java.rtcm.Rtcm -- RTCM3 decoded message type=1005, length=25
04:09:10.695 [main] DEBUG org.rtklib.java.rtcm.Rtcm -- RTCM3 decoded message type=1033, length=27
04:09:10.695 [main] DEBUG org.rtklib.java.rtcm.Rtcm -- RTCM3 decoded message type=1124, length=260
04:09:10.695 [main] DEBUG org.rtklib.java.rtcm.Rtcm -- MSM BDS TOW: raw=61219000, tow=61233.0
04:09:10.695 [main] DEBUG org.rtklib.java.rtcm.Rtcm -- MSM BDS after adjweek: time.time=1780851633, time.sec=0.0
04:09:10.695 [main] DEBUG org.rtklib.java.rtcm.Rtcm -- decode_msm_head: sys=32 staid=0 nsat=12 nsig=5 sync=0 iod=0 ncell=33
04:09:10.695 [main] DEBUG org.rtklib.java.rtcm.Rtcm -- MSM sig[0] sigid=2 sigstr=2I code=40 idx=0
04:09:10.695 [main] DEBUG org.rtklib.java.rtcm.Rtcm -- MSM sig[1] sigid=8 sigstr=6I code=42 idx=3
04:09:10.695 [main] DEBUG org.rtklib.java.rtcm.Rtcm -- MSM sig[2] sigid=14 sigstr=7I code=27 idx=1
04:09:10.695 [main] DEBUG org.rtklib.java.rtcm.Rtcm -- MSM sig[3] sigid=23 sigstr=5P code=58 idx=2
04:09:10.695 [main] DEBUG org.rtklib.java.rtcm.Rtcm -- MSM sig[4] sigid=31 sigstr=1P code=2 idx=4
04:09:10.695 [main] DEBUG org.rtklib.java.rtcm.Rtcm -- MSM after sigindex: sig[0] code=40 idx=0
04:09:10.695 [main] DEBUG org.rtklib.java.rtcm.Rtcm -- MSM after sigindex: sig[1] code=42 idx=3
04:09:10.695 [main] DEBUG org.rtklib.java.rtcm.Rtcm -- MSM after sigindex: sig[2] code=27 idx=1
04:09:10.695 [main] DEBUG org.rtklib.java.rtcm.Rtcm -- MSM after sigindex: sig[3] code=58 idx=2
04:09:10.695 [main] DEBUG org.rtklib.java.rtcm.Rtcm -- MSM after sigindex: sig[4] code=2 idx=4
04:09:10.695 [main] DEBUG org.rtklib.java.rtcm.Rtcm -- RTCM3 decoded message type=1042, length=70
04:09:10.695 [main] INFO org.rtklib.java.rtcm.Rtcm -- RTCM 1042 eph stored: sat=112 prn=7 week=1066 toe=61200.0 A=42165725.8
04:09:10.695 [main] DEBUG org.rtklib.java.rtcm.Rtcm -- RTCM3 decoded message type=1005, length=25
04:09:10.695 [main] DEBUG org.rtklib.java.rtcm.Rtcm -- RTCM3 decoded message type=1033, length=27
04:09:10.695 [main] DEBUG org.rtklib.java.rtcm.Rtcm -- RTCM3 decoded message type=1124, length=260
04:09:10.695 [main] DEBUG org.rtklib.java.rtcm.Rtcm -- MSM BDS TOW: raw=61234000, tow=61248.0
04:09:10.695 [main] DEBUG org.rtklib.java.rtcm.Rtcm -- MSM BDS after adjweek: time.time=1780851648, time.sec=0.0
04:09:10.695 [main] DEBUG org.rtklib.java.rtcm.Rtcm -- decode_msm_head: sys=32 staid=0 nsat=12 nsig=5 sync=0 iod=0 ncell=33
04:09:10.695 [main] DEBUG org.rtklib.java.rtcm.Rtcm -- MSM sig[0] sigid=2 sigstr=2I code=40 idx=0
04:09:10.695 [main] DEBUG org.rtklib.java.rtcm.Rtcm -- MSM sig[1] sigid=8 sigstr=6I code=42 idx=3
04:09:10.695 [main] DEBUG org.rtklib.java.rtcm.Rtcm -- MSM sig[2] sigid=14 sigstr=7I code=27 idx=1
04:09:10.695 [main] DEBUG org.rtklib.java.rtcm.Rtcm -- MSM sig[3] sigid=23 sigstr=5P code=58 idx=2
04:09:10.695 [main] DEBUG org.rtklib.java.rtcm.Rtcm -- MSM sig[4] sigid=31 sigstr=1P code=2 idx=4
04:09:10.695 [main] DEBUG org.rtklib.java.rtcm.Rtcm -- MSM after sigindex: sig[0] code=40 idx=0
04:09:10.695 [main] DEBUG org.rtklib.java.rtcm.Rtcm -- MSM after sigindex: sig[1] code=42 idx=3
04:09:10.695 [main] DEBUG org.rtklib.java.rtcm.Rtcm -- MSM after sigindex: sig[2] code=27 idx=1
04:09:10.695 [main] DEBUG org.rtklib.java.rtcm.Rtcm -- MSM after sigindex: sig[3] code=58 idx=2
04:09:10.695 [main] DEBUG org.rtklib.java.rtcm.Rtcm -- MSM after sigindex: sig[4] code=2 idx=4
04:09:10.695 [main] DEBUG org.rtklib.java.rtcm.Rtcm -- RTCM3 decoded message type=1042, length=70
04:09:10.695 [main] INFO org.rtklib.java.rtcm.Rtcm -- RTCM 1042 eph stored: sat=106 prn=1 week=1066 toe=61200.0 A=42166232.7
04:09:10.695 [main] DEBUG org.rtklib.java.rtcm.Rtcm -- RTCM3 decoded message type=1005, length=25
04:09:10.695 [main] DEBUG org.rtklib.java.rtcm.Rtcm -- RTCM3 decoded message type=1033, length=27
04:09:10.695 [main] DEBUG org.rtklib.java.rtcm.Rtcm -- RTCM3 decoded message type=1124, length=254
04:09:10.695 [main] DEBUG org.rtklib.java.rtcm.Rtcm -- MSM BDS TOW: raw=61249000, tow=61263.0
04:09:10.695 [main] DEBUG org.rtklib.java.rtcm.Rtcm -- MSM BDS after adjweek: time.time=1780851663, time.sec=0.0
04:09:10.695 [main] DEBUG org.rtklib.java.rtcm.Rtcm -- decode_msm_head: sys=32 staid=0 nsat=12 nsig=5 sync=0 iod=0 ncell=32
04:09:10.695 [main] DEBUG org.rtklib.java.rtcm.Rtcm -- MSM sig[0] sigid=2 sigstr=2I code=40 idx=0
04:09:10.695 [main] DEBUG org.rtklib.java.rtcm.Rtcm -- MSM sig[1] sigid=8 sigstr=6I code=42 idx=3
04:09:10.695 [main] DEBUG org.rtklib.java.rtcm.Rtcm -- MSM sig[2] sigid=14 sigstr=7I code=27 idx=1
04:09:10.695 [main] DEBUG org.rtklib.java.rtcm.Rtcm -- MSM sig[3] sigid=23 sigstr=5P code=58 idx=2
04:09:10.695 [main] DEBUG org.rtklib.java.rtcm.Rtcm -- MSM sig[4] sigid=31 sigstr=1P code=2 idx=4
04:09:10.695 [main] DEBUG org.rtklib.java.rtcm.Rtcm -- MSM after sigindex: sig[0] code=40 idx=0
04:09:10.695 [main] DEBUG org.rtklib.java.rtcm.Rtcm -- MSM after sigindex: sig[1] code=42 idx=3
04:09:10.695 [main] DEBUG org.rtklib.java.rtcm.Rtcm -- MSM after sigindex: sig[2] code=27 idx=1
04:09:10.695 [main] DEBUG org.rtklib.java.rtcm.Rtcm -- MSM after sigindex: sig[3] code=58 idx=2
04:09:10.695 [main] DEBUG org.rtklib.java.rtcm.Rtcm -- MSM after sigindex: sig[4] code=2 idx=4
04:09:10.695 [main] DEBUG org.rtklib.java.rtcm.Rtcm -- RTCM3 decoded message type=1042, length=70
04:09:10.696 [main] INFO org.rtklib.java.rtcm.Rtcm -- RTCM 1042 eph stored: sat=107 prn=2 week=1066 toe=61200.0 A=42163941.3
04:09:10.696 [main] DEBUG org.rtklib.java.rtcm.Rtcm -- RTCM3 decoded message type=1005, length=25
04:09:10.696 [main] DEBUG org.rtklib.java.rtcm.Rtcm -- RTCM3 decoded message type=1033, length=27
04:09:10.696 [main] DEBUG org.rtklib.java.rtcm.Rtcm -- RTCM3 decoded message type=1124, length=260
04:09:10.696 [main] DEBUG org.rtklib.java.rtcm.Rtcm -- MSM BDS TOW: raw=61264000, tow=61278.0
04:09:10.696 [main] DEBUG org.rtklib.java.rtcm.Rtcm -- MSM BDS after adjweek: time.time=1780851678, time.sec=0.0
04:09:10.696 [main] DEBUG org.rtklib.java.rtcm.Rtcm -- decode_msm_head: sys=32 staid=0 nsat=12 nsig=5 sync=0 iod=0 ncell=33
04:09:10.696 [main] DEBUG org.rtklib.java.rtcm.Rtcm -- MSM sig[0] sigid=2 sigstr=2I code=40 idx=0
04:09:10.696 [main] DEBUG org.rtklib.java.rtcm.Rtcm -- MSM sig[1] sigid=8 sigstr=6I code=42 idx=3
04:09:10.696 [main] DEBUG org.rtklib.java.rtcm.Rtcm -- MSM sig[2] sigid=14 sigstr=7I code=27 idx=1
04:09:10.696 [main] DEBUG org.rtklib.java.rtcm.Rtcm -- MSM sig[3] sigid=23 sigstr=5P code=58 idx=2
04:09:10.696 [main] DEBUG org.rtklib.java.rtcm.Rtcm -- MSM sig[4] sigid=31 sigstr=1P code=2 idx=4
04:09:10.696 [main] DEBUG org.rtklib.java.rtcm.Rtcm -- MSM after sigindex: sig[0] code=40 idx=0
04:09:10.696 [main] DEBUG org.rtklib.java.rtcm.Rtcm -- MSM after sigindex: sig[1] code=42 idx=3
04:09:10.696 [main] DEBUG org.rtklib.java.rtcm.Rtcm -- MSM after sigindex: sig[2] code=27 idx=1
04:09:10.696 [main] DEBUG org.rtklib.java.rtcm.Rtcm -- MSM after sigindex: sig[3] code=58 idx=2
04:09:10.696 [main] DEBUG org.rtklib.java.rtcm.Rtcm -- MSM after sigindex: sig[4] code=2 idx=4
04:09:10.696 [main] DEBUG org.rtklib.java.rtcm.Rtcm -- RTCM3 decoded message type=1042, length=70
04:09:10.696 [main] INFO org.rtklib.java.rtcm.Rtcm -- RTCM 1042 eph stored: sat=108 prn=3 week=1066 toe=61200.0 A=42164777.8
04:09:10.696 [main] DEBUG org.rtklib.java.rtcm.Rtcm -- RTCM3 decoded message type=1005, length=25
04:09:10.696 [main] DEBUG org.rtklib.java.rtcm.Rtcm -- RTCM3 decoded message type=1033, length=27
04:09:10.696 [main] DEBUG org.rtklib.java.rtcm.Rtcm -- RTCM3 decoded message type=1124, length=254
04:09:10.696 [main] DEBUG org.rtklib.java.rtcm.Rtcm -- MSM BDS TOW: raw=61279000, tow=61293.0
04:09:10.696 [main] DEBUG org.rtklib.java.rtcm.Rtcm -- MSM BDS after adjweek: time.time=1780851693, time.sec=0.0
04:09:10.696 [main] DEBUG org.rtklib.java.rtcm.Rtcm -- decode_msm_head: sys=32 staid=0 nsat=12 nsig=5 sync=0 iod=0 ncell=32
04:09:10.696 [main] DEBUG org.rtklib.java.rtcm.Rtcm -- MSM sig[0] sigid=2 sigstr=2I code=40 idx=0
04:09:10.696 [main] DEBUG org.rtklib.java.rtcm.Rtcm -- MSM sig[1] sigid=8 sigstr=6I code=42 idx=3
04:09:10.696 [main] DEBUG org.rtklib.java.rtcm.Rtcm -- MSM sig[2] sigid=14 sigstr=7I code=27 idx=1
04:09:10.696 [main] DEBUG org.rtklib.java.rtcm.Rtcm -- MSM sig[3] sigid=23 sigstr=5P code=58 idx=2
04:09:10.696 [main] DEBUG org.rtklib.java.rtcm.Rtcm -- MSM sig[4] sigid=31 sigstr=1P code=2 idx=4
04:09:10.696 [main] DEBUG org.rtklib.java.rtcm.Rtcm -- MSM after sigindex: sig[0] code=40 idx=0
04:09:10.696 [main] DEBUG org.rtklib.java.rtcm.Rtcm -- MSM after sigindex: sig[1] code=42 idx=3
04:09:10.696 [main] DEBUG org.rtklib.java.rtcm.Rtcm -- MSM after sigindex: sig[2] code=27 idx=1
04:09:10.696 [main] DEBUG org.rtklib.java.rtcm.Rtcm -- MSM after sigindex: sig[3] code=58 idx=2
04:09:10.696 [main] DEBUG org.rtklib.java.rtcm.Rtcm -- MSM after sigindex: sig[4] code=2 idx=4
04:09:10.696 [main] DEBUG org.rtklib.java.rtcm.Rtcm -- RTCM3 decoded message type=1042, length=70
04:09:10.696 [main] INFO org.rtklib.java.rtcm.Rtcm -- RTCM 1042 eph stored: sat=113 prn=8 week=1066 toe=61200.0 A=42158272.3
04:09:10.696 [main] DEBUG org.rtklib.java.rtcm.Rtcm -- RTCM3 decoded message type=1005, length=25
04:09:10.696 [main] DEBUG org.rtklib.java.rtcm.Rtcm -- RTCM3 decoded message type=1033, length=27
04:09:10.696 [main] DEBUG org.rtklib.java.rtcm.Rtcm -- RTCM3 decoded message type=1124, length=254
04:09:10.696 [main] DEBUG org.rtklib.java.rtcm.Rtcm -- MSM BDS TOW: raw=61294000, tow=61308.0
04:09:10.696 [main] DEBUG org.rtklib.java.rtcm.Rtcm -- MSM BDS after adjweek: time.time=1780851708, time.sec=0.0
04:09:10.696 [main] DEBUG org.rtklib.java.rtcm.Rtcm -- decode_msm_head: sys=32 staid=0 nsat=12 nsig=5 sync=0 iod=0 ncell=32
04:09:10.696 [main] DEBUG org.rtklib.java.rtcm.Rtcm -- MSM sig[0] sigid=2 sigstr=2I code=40 idx=0
04:09:10.696 [main] DEBUG org.rtklib.java.rtcm.Rtcm -- MSM sig[1] sigid=8 sigstr=6I code=42 idx=3
04:09:10.696 [main] DEBUG org.rtklib.java.rtcm.Rtcm -- MSM sig[2] sigid=14 sigstr=7I code=27 idx=1
04:09:10.696 [main] DEBUG org.rtklib.java.rtcm.Rtcm -- MSM sig[3] sigid=23 sigstr=5P code=58 idx=2
04:09:10.696 [main] DEBUG org.rtklib.java.rtcm.Rtcm -- MSM sig[4] sigid=31 sigstr=1P code=2 idx=4
04:09:10.696 [main] DEBUG org.rtklib.java.rtcm.Rtcm -- MSM after sigindex: sig[0] code=40 idx=0
04:09:10.696 [main] DEBUG org.rtklib.java.rtcm.Rtcm -- MSM after sigindex: sig[1] code=42 idx=3
04:09:10.696 [main] DEBUG org.rtklib.java.rtcm.Rtcm -- MSM after sigindex: sig[2] code=27 idx=1
04:09:10.696 [main] DEBUG org.rtklib.java.rtcm.Rtcm -- MSM after sigindex: sig[3] code=58 idx=2
04:09:10.696 [main] DEBUG org.rtklib.java.rtcm.Rtcm -- MSM after sigindex: sig[4] code=2 idx=4
04:09:10.696 [main] DEBUG org.rtklib.java.rtcm.Rtcm -- RTCM3 decoded message type=1042, length=70
04:09:10.696 [main] INFO org.rtklib.java.rtcm.Rtcm -- RTCM 1042 eph stored: sat=114 prn=9 week=1066 toe=61200.0 A=42167667.7
04:09:10.696 [main] DEBUG org.rtklib.java.rtcm.Rtcm -- RTCM3 decoded message type=1005, length=25
04:09:10.696 [main] DEBUG org.rtklib.java.rtcm.Rtcm -- RTCM3 decoded message type=1033, length=27
04:09:10.696 [main] DEBUG org.rtklib.java.rtcm.Rtcm -- RTCM3 decoded message type=1124, length=266
04:09:10.696 [main] DEBUG org.rtklib.java.rtcm.Rtcm -- MSM BDS TOW: raw=61309000, tow=61323.0
04:09:10.696 [main] DEBUG org.rtklib.java.rtcm.Rtcm -- MSM BDS after adjweek: time.time=1780851723, time.sec=0.0
04:09:10.696 [main] DEBUG org.rtklib.java.rtcm.Rtcm -- decode_msm_head: sys=32 staid=0 nsat=12 nsig=5 sync=0 iod=0 ncell=34
04:09:10.696 [main] DEBUG org.rtklib.java.rtcm.Rtcm -- MSM sig[0] sigid=2 sigstr=2I code=40 idx=0
04:09:10.696 [main] DEBUG org.rtklib.java.rtcm.Rtcm -- MSM sig[1] sigid=8 sigstr=6I code=42 idx=3
04:09:10.696 [main] DEBUG org.rtklib.java.rtcm.Rtcm -- MSM sig[2] sigid=14 sigstr=7I code=27 idx=1
04:09:10.696 [main] DEBUG org.rtklib.java.rtcm.Rtcm -- MSM sig[3] sigid=23 sigstr=5P code=58 idx=2
04:09:10.696 [main] DEBUG org.rtklib.java.rtcm.Rtcm -- MSM sig[4] sigid=31 sigstr=1P code=2 idx=4
04:09:10.696 [main] DEBUG org.rtklib.java.rtcm.Rtcm -- MSM after sigindex: sig[0] code=40 idx=0
04:09:10.696 [main] DEBUG org.rtklib.java.rtcm.Rtcm -- MSM after sigindex: sig[1] code=42 idx=3
04:09:10.696 [main] DEBUG org.rtklib.java.rtcm.Rtcm -- MSM after sigindex: sig[2] code=27 idx=1
04:09:10.696 [main] DEBUG org.rtklib.java.rtcm.Rtcm -- MSM after sigindex: sig[3] code=58 idx=2
04:09:10.696 [main] DEBUG org.rtklib.java.rtcm.Rtcm -- MSM after sigindex: sig[4] code=2 idx=4
04:09:10.696 [main] DEBUG org.rtklib.java.rtcm.Rtcm -- RTCM3 decoded message type=1042, length=70
04:09:10.696 [main] INFO org.rtklib.java.rtcm.Rtcm -- RTCM 1042 eph stored: sat=117 prn=12 week=1066 toe=61200.0 A=27906348.6
04:09:10.696 [main] DEBUG org.rtklib.java.rtcm.Rtcm -- RTCM3 decoded message type=1005, length=25
04:09:10.696 [main] DEBUG org.rtklib.java.rtcm.Rtcm -- RTCM3 decoded message type=1033, length=27
04:09:10.696 [main] DEBUG org.rtklib.java.rtcm.Rtcm -- RTCM3 decoded message type=1124, length=272
04:09:10.696 [main] DEBUG org.rtklib.java.rtcm.Rtcm -- MSM BDS TOW: raw=61324000, tow=61338.0
04:09:10.696 [main] DEBUG org.rtklib.java.rtcm.Rtcm -- MSM BDS after adjweek: time.time=1780851738, time.sec=0.0
04:09:10.696 [main] DEBUG org.rtklib.java.rtcm.Rtcm -- decode_msm_head: sys=32 staid=0 nsat=12 nsig=5 sync=0 iod=0 ncell=35
04:09:10.696 [main] DEBUG org.rtklib.java.rtcm.Rtcm -- MSM sig[0] sigid=2 sigstr=2I code=40 idx=0
04:09:10.696 [main] DEBUG org.rtklib.java.rtcm.Rtcm -- MSM sig[1] sigid=8 sigstr=6I code=42 idx=3
04:09:10.696 [main] DEBUG org.rtklib.java.rtcm.Rtcm -- MSM sig[2] sigid=14 sigstr=7I code=27 idx=1
04:09:10.696 [main] DEBUG org.rtklib.java.rtcm.Rtcm -- MSM sig[3] sigid=23 sigstr=5P code=58 idx=2
04:09:10.696 [main] DEBUG org.rtklib.java.rtcm.Rtcm -- MSM sig[4] sigid=31 sigstr=1P code=2 idx=4
04:09:10.696 [main] DEBUG org.rtklib.java.rtcm.Rtcm -- MSM after sigindex: sig[0] code=40 idx=0
04:09:10.697 [main] DEBUG org.rtklib.java.rtcm.Rtcm -- MSM after sigindex: sig[1] code=42 idx=3
04:09:10.697 [main] DEBUG org.rtklib.java.rtcm.Rtcm -- MSM after sigindex: sig[2] code=27 idx=1
04:09:10.697 [main] DEBUG org.rtklib.java.rtcm.Rtcm -- MSM after sigindex: sig[3] code=58 idx=2
04:09:10.697 [main] DEBUG org.rtklib.java.rtcm.Rtcm -- MSM after sigindex: sig[4] code=2 idx=4
04:09:10.697 [main] DEBUG org.rtklib.java.rtcm.Rtcm -- RTCM3 decoded message type=1042, length=70
04:09:10.697 [main] INFO org.rtklib.java.rtcm.Rtcm -- RTCM 1042 eph stored: sat=124 prn=19 week=1066 toe=61200.0 A=27906196.7
04:09:10.697 [main] DEBUG org.rtklib.java.rtcm.Rtcm -- RTCM3 decoded message type=1005, length=25
04:09:10.697 [main] DEBUG org.rtklib.java.rtcm.Rtcm -- RTCM3 decoded message type=1033, length=27
04:09:10.697 [main] DEBUG org.rtklib.java.rtcm.Rtcm -- RTCM3 decoded message type=1124, length=254
04:09:10.697 [main] DEBUG org.rtklib.java.rtcm.Rtcm -- MSM BDS TOW: raw=61339000, tow=61353.0
04:09:10.697 [main] DEBUG org.rtklib.java.rtcm.Rtcm -- MSM BDS after adjweek: time.time=1780851753, time.sec=0.0
04:09:10.697 [main] DEBUG org.rtklib.java.rtcm.Rtcm -- decode_msm_head: sys=32 staid=0 nsat=12 nsig=5 sync=1 iod=0 ncell=32
04:09:10.697 [main] DEBUG org.rtklib.java.rtcm.Rtcm -- MSM sig[0] sigid=2 sigstr=2I code=40 idx=0
04:09:10.697 [main] DEBUG org.rtklib.java.rtcm.Rtcm -- MSM sig[1] sigid=8 sigstr=6I code=42 idx=3
04:09:10.697 [main] DEBUG org.rtklib.java.rtcm.Rtcm -- MSM sig[2] sigid=14 sigstr=7I code=27 idx=1
04:09:10.697 [main] DEBUG org.rtklib.java.rtcm.Rtcm -- MSM sig[3] sigid=23 sigstr=5P code=58 idx=2
04:09:10.697 [main] DEBUG org.rtklib.java.rtcm.Rtcm -- MSM sig[4] sigid=31 sigstr=1P code=2 idx=4
04:09:10.697 [main] DEBUG org.rtklib.java.rtcm.Rtcm -- MSM after sigindex: sig[0] code=40 idx=0
04:09:10.697 [main] DEBUG org.rtklib.java.rtcm.Rtcm -- MSM after sigindex: sig[1] code=42 idx=3
04:09:10.697 [main] DEBUG org.rtklib.java.rtcm.Rtcm -- MSM after sigindex: sig[2] code=27 idx=1
04:09:10.697 [main] DEBUG org.rtklib.java.rtcm.Rtcm -- MSM after sigindex: sig[3] code=58 idx=2
04:09:10.697 [main] DEBUG org.rtklib.java.rtcm.Rtcm -- MSM after sigindex: sig[4] code=2 idx=4
04:09:10.697 [main] DEBUG org.rtklib.java.rtcm.Rtcm -- RTCM3 decoded message type=1124, length=54
04:09:10.697 [main] DEBUG org.rtklib.java.rtcm.Rtcm -- MSM BDS TOW: raw=61339000, tow=61353.0
04:09:10.697 [main] DEBUG org.rtklib.java.rtcm.Rtcm -- MSM BDS after adjweek: time.time=1780851753, time.sec=0.0
04:09:10.697 [main] DEBUG org.rtklib.java.rtcm.Rtcm -- decode_msm_head: sys=32 staid=0 nsat=1 nsig=4 sync=0 iod=0 ncell=4
04:09:10.697 [main] DEBUG org.rtklib.java.rtcm.Rtcm -- MSM sig[0] sigid=2 sigstr=2I code=40 idx=0
04:09:10.697 [main] DEBUG org.rtklib.java.rtcm.Rtcm -- MSM sig[1] sigid=8 sigstr=6I code=42 idx=3
04:09:10.697 [main] DEBUG org.rtklib.java.rtcm.Rtcm -- MSM sig[2] sigid=23 sigstr=5P code=58 idx=2
04:09:10.697 [main] DEBUG org.rtklib.java.rtcm.Rtcm -- MSM sig[3] sigid=31 sigstr=1P code=2 idx=4
04:09:10.697 [main] DEBUG org.rtklib.java.rtcm.Rtcm -- MSM after sigindex: sig[0] code=40 idx=0
04:09:10.697 [main] DEBUG org.rtklib.java.rtcm.Rtcm -- MSM after sigindex: sig[1] code=42 idx=3
04:09:10.697 [main] DEBUG org.rtklib.java.rtcm.Rtcm -- MSM after sigindex: sig[2] code=58 idx=2
04:09:10.697 [main] DEBUG org.rtklib.java.rtcm.Rtcm -- MSM after sigindex: sig[3] code=2 idx=4
04:09:10.697 [main] DEBUG org.rtklib.java.rtcm.Rtcm -- RTCM3 decoded message type=1042, length=70
04:09:10.697 [main] INFO org.rtklib.java.rtcm.Rtcm -- RTCM 1042 eph stored: sat=125 prn=20 week=1066 toe=61200.0 A=27906274.3
04:09:10.697 [main] DEBUG org.rtklib.java.rtcm.Rtcm -- RTCM3 decoded message type=1005, length=25
04:09:10.697 [main] DEBUG org.rtklib.java.rtcm.Rtcm -- RTCM3 decoded message type=1033, length=27
04:09:10.697 [main] DEBUG org.rtklib.java.rtcm.Rtcm -- RTCM3 decoded message type=1124, length=272
04:09:10.697 [main] DEBUG org.rtklib.java.rtcm.Rtcm -- MSM BDS TOW: raw=61354000, tow=61368.0
04:09:10.697 [main] DEBUG org.rtklib.java.rtcm.Rtcm -- MSM BDS after adjweek: time.time=1780851768, time.sec=0.0
04:09:10.697 [main] DEBUG org.rtklib.java.rtcm.Rtcm -- decode_msm_head: sys=32 staid=0 nsat=12 nsig=5 sync=0 iod=0 ncell=35
04:09:10.697 [main] DEBUG org.rtklib.java.rtcm.Rtcm -- MSM sig[0] sigid=2 sigstr=2I code=40 idx=0
04:09:10.697 [main] DEBUG org.rtklib.java.rtcm.Rtcm -- MSM sig[1] sigid=8 sigstr=6I code=42 idx=3
04:09:10.697 [main] DEBUG org.rtklib.java.rtcm.Rtcm -- MSM sig[2] sigid=14 sigstr=7I code=27 idx=1
04:09:10.698 [main] DEBUG org.rtklib.java.rtcm.Rtcm -- MSM sig[3] sigid=23 sigstr=5P code=58 idx=2
04:09:10.698 [main] DEBUG org.rtklib.java.rtcm.Rtcm -- MSM sig[4] sigid=31 sigstr=1P code=2 idx=4
04:09:10.698 [main] DEBUG org.rtklib.java.rtcm.Rtcm -- MSM after sigindex: sig[0] code=40 idx=0
04:09:10.698 [main] DEBUG org.rtklib.java.rtcm.Rtcm -- MSM after sigindex: sig[1] code=42 idx=3
04:09:10.698 [main] DEBUG org.rtklib.java.rtcm.Rtcm -- MSM after sigindex: sig[2] code=27 idx=1
04:09:10.698 [main] DEBUG org.rtklib.java.rtcm.Rtcm -- MSM after sigindex: sig[3] code=58 idx=2
04:09:10.698 [main] DEBUG org.rtklib.java.rtcm.Rtcm -- MSM after sigindex: sig[4] code=2 idx=4
04:09:10.698 [main] DEBUG org.rtklib.java.rtcm.Rtcm -- RTCM3 decoded message type=1042, length=70
04:09:10.698 [main] INFO org.rtklib.java.rtcm.Rtcm -- RTCM 1042 eph stored: sat=127 prn=22 week=1066 toe=61200.0 A=27906228.7
04:09:10.698 [main] DEBUG org.rtklib.java.rtcm.Rtcm -- RTCM3 decoded message type=1005, length=25
04:09:10.698 [main] DEBUG org.rtklib.java.rtcm.Rtcm -- RTCM3 decoded message type=1033, length=27
04:09:10.698 [main] DEBUG org.rtklib.java.rtcm.Rtcm -- RTCM3 decoded message type=1124, length=254
04:09:10.698 [main] DEBUG org.rtklib.java.rtcm.Rtcm -- MSM BDS TOW: raw=61369000, tow=61383.0
04:09:10.698 [main] DEBUG org.rtklib.java.rtcm.Rtcm -- MSM BDS after adjweek: time.time=1780851783, time.sec=0.0
04:09:10.698 [main] DEBUG org.rtklib.java.rtcm.Rtcm -- decode_msm_head: sys=32 staid=0 nsat=12 nsig=5 sync=1 iod=0 ncell=32
04:09:10.698 [main] DEBUG org.rtklib.java.rtcm.Rtcm -- MSM sig[0] sigid=2 sigstr=2I code=40 idx=0
04:09:10.698 [main] DEBUG org.rtklib.java.rtcm.Rtcm -- MSM sig[1] sigid=8 sigstr=6I code=42 idx=3
04:09:10.698 [main] DEBUG org.rtklib.java.rtcm.Rtcm -- MSM sig[2] sigid=14 sigstr=7I code=27 idx=1
04:09:10.698 [main] DEBUG org.rtklib.java.rtcm.Rtcm -- MSM sig[3] sigid=23 sigstr=5P code=58 idx=2
04:09:10.698 [main] DEBUG org.rtklib.java.rtcm.Rtcm -- MSM sig[4] sigid=31 sigstr=1P code=2 idx=4
04:09:10.698 [main] DEBUG org.rtklib.java.rtcm.Rtcm -- MSM after sigindex: sig[0] code=40 idx=0
04:09:10.698 [main] DEBUG org.rtklib.java.rtcm.Rtcm -- MSM after sigindex: sig[1] code=42 idx=3
04:09:10.698 [main] DEBUG org.rtklib.java.rtcm.Rtcm -- MSM after sigindex: sig[2] code=27 idx=1
04:09:10.698 [main] DEBUG org.rtklib.java.rtcm.Rtcm -- MSM after sigindex: sig[3] code=58 idx=2
04:09:10.698 [main] DEBUG org.rtklib.java.rtcm.Rtcm -- MSM after sigindex: sig[4] code=2 idx=4
04:09:10.698 [main] DEBUG org.rtklib.java.rtcm.Rtcm -- RTCM3 decoded message type=1124, length=54
04:09:10.698 [main] DEBUG org.rtklib.java.rtcm.Rtcm -- MSM BDS TOW: raw=61369000, tow=61383.0
04:09:10.698 [main] DEBUG org.rtklib.java.rtcm.Rtcm -- MSM BDS after adjweek: time.time=1780851783, time.sec=0.0
04:09:10.698 [main] DEBUG org.rtklib.java.rtcm.Rtcm -- decode_msm_head: sys=32 staid=0 nsat=1 nsig=4 sync=0 iod=0 ncell=4
04:09:10.698 [main] DEBUG org.rtklib.java.rtcm.Rtcm -- MSM sig[0] sigid=2 sigstr=2I code=40 idx=0
04:09:10.698 [main] DEBUG org.rtklib.java.rtcm.Rtcm -- MSM sig[1] sigid=8 sigstr=6I code=42 idx=3
04:09:10.698 [main] DEBUG org.rtklib.java.rtcm.Rtcm -- MSM sig[2] sigid=23 sigstr=5P code=58 idx=2
04:09:10.698 [main] DEBUG org.rtklib.java.rtcm.Rtcm -- MSM sig[3] sigid=31 sigstr=1P code=2 idx=4
04:09:10.698 [main] DEBUG org.rtklib.java.rtcm.Rtcm -- MSM after sigindex: sig[0] code=40 idx=0
04:09:10.698 [main] DEBUG org.rtklib.java.rtcm.Rtcm -- MSM after sigindex: sig[1] code=42 idx=3
04:09:10.698 [main] DEBUG org.rtklib.java.rtcm.Rtcm -- MSM after sigindex: sig[2] code=58 idx=2
04:09:10.698 [main] DEBUG org.rtklib.java.rtcm.Rtcm -- MSM after sigindex: sig[3] code=2 idx=4
04:09:10.699 [main] DEBUG org.rtklib.java.rtcm.Rtcm -- RTCM3 decoded message type=1042, length=70
04:09:10.699 [main] INFO org.rtklib.java.rtcm.Rtcm -- RTCM 1042 eph stored: sat=137 prn=32 week=1066 toe=54000.0 A=27906219.4
04:09:10.700 [main] DEBUG org.rtklib.java.rtcm.Rtcm -- RTCM3 decoded message type=1005, length=25
04:09:10.700 [main] DEBUG org.rtklib.java.rtcm.Rtcm -- RTCM3 decoded message type=1033, length=27
04:09:10.700 [main] DEBUG org.rtklib.java.rtcm.Rtcm -- RTCM3 decoded message type=1124, length=248
04:09:10.700 [main] DEBUG org.rtklib.java.rtcm.Rtcm -- MSM BDS TOW: raw=61384000, tow=61398.0
04:09:10.700 [main] DEBUG org.rtklib.java.rtcm.Rtcm -- MSM BDS after adjweek: time.time=1780851798, time.sec=0.0
04:09:10.700 [main] DEBUG org.rtklib.java.rtcm.Rtcm -- decode_msm_head: sys=32 staid=0 nsat=12 nsig=5 sync=1 iod=0 ncell=31
04:09:10.700 [main] DEBUG org.rtklib.java.rtcm.Rtcm -- MSM sig[0] sigid=2 sigstr=2I code=40 idx=0
04:09:10.700 [main] DEBUG org.rtklib.java.rtcm.Rtcm -- MSM sig[1] sigid=8 sigstr=6I code=42 idx=3
04:09:10.700 [main] DEBUG org.rtklib.java.rtcm.Rtcm -- MSM sig[2] sigid=14 sigstr=7I code=27 idx=1
04:09:10.700 [main] DEBUG org.rtklib.java.rtcm.Rtcm -- MSM sig[3] sigid=23 sigstr=5P code=58 idx=2
04:09:10.700 [main] DEBUG org.rtklib.java.rtcm.Rtcm -- MSM sig[4] sigid=31 sigstr=1P code=2 idx=4
04:09:10.700 [main] DEBUG org.rtklib.java.rtcm.Rtcm -- MSM after sigindex: sig[0] code=40 idx=0
04:09:10.700 [main] DEBUG org.rtklib.java.rtcm.Rtcm -- MSM after sigindex: sig[1] code=42 idx=3
04:09:10.700 [main] DEBUG org.rtklib.java.rtcm.Rtcm -- MSM after sigindex: sig[2] code=27 idx=1
04:09:10.700 [main] DEBUG org.rtklib.java.rtcm.Rtcm -- MSM after sigindex: sig[3] code=58 idx=2
04:09:10.700 [main] DEBUG org.rtklib.java.rtcm.Rtcm -- MSM after sigindex: sig[4] code=2 idx=4
04:09:10.700 [main] DEBUG org.rtklib.java.rtcm.Rtcm -- RTCM3 decoded message type=1124, length=54
04:09:10.700 [main] DEBUG org.rtklib.java.rtcm.Rtcm -- MSM BDS TOW: raw=61384000, tow=61398.0
04:09:10.700 [main] DEBUG org.rtklib.java.rtcm.Rtcm -- MSM BDS after adjweek: time.time=1780851798, time.sec=0.0
04:09:10.700 [main] DEBUG org.rtklib.java.rtcm.Rtcm -- decode_msm_head: sys=32 staid=0 nsat=1 nsig=4 sync=0 iod=0 ncell=4
04:09:10.700 [main] DEBUG org.rtklib.java.rtcm.Rtcm -- MSM sig[0] sigid=2 sigstr=2I code=40 idx=0
04:09:10.700 [main] DEBUG org.rtklib.java.rtcm.Rtcm -- MSM sig[1] sigid=8 sigstr=6I code=42 idx=3
04:09:10.700 [main] DEBUG org.rtklib.java.rtcm.Rtcm -- MSM sig[2] sigid=23 sigstr=5P code=58 idx=2
04:09:10.700 [main] DEBUG org.rtklib.java.rtcm.Rtcm -- MSM sig[3] sigid=31 sigstr=1P code=2 idx=4
04:09:10.700 [main] DEBUG org.rtklib.java.rtcm.Rtcm -- MSM after sigindex: sig[0] code=40 idx=0
04:09:10.700 [main] DEBUG org.rtklib.java.rtcm.Rtcm -- MSM after sigindex: sig[1] code=42 idx=3
04:09:10.700 [main] DEBUG org.rtklib.java.rtcm.Rtcm -- MSM after sigindex: sig[2] code=58 idx=2
04:09:10.700 [main] DEBUG org.rtklib.java.rtcm.Rtcm -- MSM after sigindex: sig[3] code=2 idx=4
04:09:10.700 [main] DEBUG org.rtklib.java.rtcm.Rtcm -- RTCM3 decoded message type=1042, length=70
04:09:10.700 [main] INFO org.rtklib.java.rtcm.Rtcm -- RTCM 1042 eph stored: sat=141 prn=36 week=1066 toe=61200.0 A=27906401.4
04:09:10.700 [main] DEBUG org.rtklib.java.rtcm.Rtcm -- RTCM3 decoded message type=1005, length=25
04:09:10.700 [main] DEBUG org.rtklib.java.rtcm.Rtcm -- RTCM3 decoded message type=1033, length=27
04:09:10.700 [main] DEBUG org.rtklib.java.rtcm.Rtcm -- RTCM3 decoded message type=1124, length=248
04:09:10.700 [main] DEBUG org.rtklib.java.rtcm.Rtcm -- MSM BDS TOW: raw=61399000, tow=61413.0
04:09:10.700 [main] DEBUG org.rtklib.java.rtcm.Rtcm -- MSM BDS after adjweek: time.time=1780851813, time.sec=0.0
04:09:10.700 [main] DEBUG org.rtklib.java.rtcm.Rtcm -- decode_msm_head: sys=32 staid=0 nsat=12 nsig=5 sync=1 iod=0 ncell=31
04:09:10.700 [main] DEBUG org.rtklib.java.rtcm.Rtcm -- MSM sig[0] sigid=2 sigstr=2I code=40 idx=0
04:09:10.700 [main] DEBUG org.rtklib.java.rtcm.Rtcm -- MSM sig[1] sigid=8 sigstr=6I code=42 idx=3
04:09:10.700 [main] DEBUG org.rtklib.java.rtcm.Rtcm -- MSM sig[2] sigid=14 sigstr=7I code=27 idx=1
04:09:10.700 [main] DEBUG org.rtklib.java.rtcm.Rtcm -- MSM sig[3] sigid=23 sigstr=5P code=58 idx=2
04:09:10.700 [main] DEBUG org.rtklib.java.rtcm.Rtcm -- MSM sig[4] sigid=31 sigstr=1P code=2 idx=4
04:09:10.700 [main] DEBUG org.rtklib.java.rtcm.Rtcm -- MSM after sigindex: sig[0] code=40 idx=0
04:09:10.700 [main] DEBUG org.rtklib.java.rtcm.Rtcm -- MSM after sigindex: sig[1] code=42 idx=3
04:09:10.700 [main] DEBUG org.rtklib.java.rtcm.Rtcm -- MSM after sigindex: sig[2] code=27 idx=1
04:09:10.700 [main] DEBUG org.rtklib.java.rtcm.Rtcm -- MSM after sigindex: sig[3] code=58 idx=2
04:09:10.700 [main] DEBUG org.rtklib.java.rtcm.Rtcm -- MSM after sigindex: sig[4] code=2 idx=4
04:09:10.700 [main] DEBUG org.rtklib.java.rtcm.Rtcm -- RTCM3 decoded message type=1124, length=54
04:09:10.700 [main] DEBUG org.rtklib.java.rtcm.Rtcm -- MSM BDS TOW: raw=61399000, tow=61413.0
04:09:10.700 [main] DEBUG org.rtklib.java.rtcm.Rtcm -- MSM BDS after adjweek: time.time=1780851813, time.sec=0.0
04:09:10.700 [main] DEBUG org.rtklib.java.rtcm.Rtcm -- decode_msm_head: sys=32 staid=0 nsat=1 nsig=4 sync=0 iod=0 ncell=4
04:09:10.700 [main] DEBUG org.rtklib.java.rtcm.Rtcm -- MSM sig[0] sigid=2 sigstr=2I code=40 idx=0
04:09:10.700 [main] DEBUG org.rtklib.java.rtcm.Rtcm -- MSM sig[1] sigid=8 sigstr=6I code=42 idx=3
04:09:10.700 [main] DEBUG org.rtklib.java.rtcm.Rtcm -- MSM sig[2] sigid=23 sigstr=5P code=58 idx=2
04:09:10.700 [main] DEBUG org.rtklib.java.rtcm.Rtcm -- MSM sig[3] sigid=31 sigstr=1P code=2 idx=4
04:09:10.700 [main] DEBUG org.rtklib.java.rtcm.Rtcm -- MSM after sigindex: sig[0] code=40 idx=0
04:09:10.700 [main] DEBUG org.rtklib.java.rtcm.Rtcm -- MSM after sigindex: sig[1] code=42 idx=3
04:09:10.700 [main] DEBUG org.rtklib.java.rtcm.Rtcm -- MSM after sigindex: sig[2] code=58 idx=2
04:09:10.700 [main] DEBUG org.rtklib.java.rtcm.Rtcm -- MSM after sigindex: sig[3] code=2 idx=4
04:09:10.701 [main] DEBUG org.rtklib.java.rtcm.Rtcm -- RTCM3 decoded message type=1042, length=70
04:09:10.701 [main] INFO org.rtklib.java.rtcm.Rtcm -- RTCM 1042 eph stored: sat=115 prn=10 week=1066 toe=61200.0 A=42169927.7
04:09:10.701 [main] DEBUG org.rtklib.java.rtcm.Rtcm -- RTCM3 decoded message type=1005, length=25
04:09:10.701 [main] DEBUG org.rtklib.java.rtcm.Rtcm -- RTCM3 decoded message type=1033, length=27
04:09:10.701 [main] DEBUG org.rtklib.java.rtcm.Rtcm -- RTCM3 decoded message type=1124, length=266
04:09:10.701 [main] DEBUG org.rtklib.java.rtcm.Rtcm -- MSM BDS TOW: raw=61414000, tow=61428.0
04:09:10.701 [main] DEBUG org.rtklib.java.rtcm.Rtcm -- MSM BDS after adjweek: time.time=1780851828, time.sec=0.0
04:09:10.701 [main] DEBUG org.rtklib.java.rtcm.Rtcm -- decode_msm_head: sys=32 staid=0 nsat=12 nsig=5 sync=0 iod=0 ncell=34
04:09:10.701 [main] DEBUG org.rtklib.java.rtcm.Rtcm -- MSM sig[0] sigid=2 sigstr=2I code=40 idx=0
04:09:10.701 [main] DEBUG org.rtklib.java.rtcm.Rtcm -- MSM sig[1] sigid=8 sigstr=6I code=42 idx=3
04:09:10.701 [main] DEBUG org.rtklib.java.rtcm.Rtcm -- MSM sig[2] sigid=14 sigstr=7I code=27 idx=1
04:09:10.701 [main] DEBUG org.rtklib.java.rtcm.Rtcm -- MSM sig[3] sigid=23 sigstr=5P code=58 idx=2
04:09:10.701 [main] DEBUG org.rtklib.java.rtcm.Rtcm -- MSM sig[4] sigid=31 sigstr=1P code=2 idx=4
04:09:10.701 [main] DEBUG org.rtklib.java.rtcm.Rtcm -- MSM after sigindex: sig[0] code=40 idx=0
04:09:10.701 [main] DEBUG org.rtklib.java.rtcm.Rtcm -- MSM after sigindex: sig[1] code=42 idx=3
04:09:10.701 [main] DEBUG org.rtklib.java.rtcm.Rtcm -- MSM after sigindex: sig[2] code=27 idx=1
04:09:10.701 [main] DEBUG org.rtklib.java.rtcm.Rtcm -- MSM after sigindex: sig[3] code=58 idx=2
04:09:10.701 [main] DEBUG org.rtklib.java.rtcm.Rtcm -- MSM after sigindex: sig[4] code=2 idx=4
04:09:10.701 [main] DEBUG org.rtklib.java.rtcm.Rtcm -- RTCM3 decoded message type=1042, length=70
04:09:10.701 [main] INFO org.rtklib.java.rtcm.Rtcm -- RTCM 1042 eph stored: sat=142 prn=37 week=1066 toe=50400.0 A=27906591.4
04:09:10.701 [main] DEBUG org.rtklib.java.rtcm.Rtcm -- RTCM3 decoded message type=1005, length=25
04:09:10.701 [main] DEBUG org.rtklib.java.rtcm.Rtcm -- RTCM3 decoded message type=1033, length=27
04:09:10.701 [main] DEBUG org.rtklib.java.rtcm.Rtcm -- RTCM3 decoded message type=1124, length=266
04:09:10.701 [main] DEBUG org.rtklib.java.rtcm.Rtcm -- MSM BDS TOW: raw=61429000, tow=61443.0
04:09:10.701 [main] DEBUG org.rtklib.java.rtcm.Rtcm -- MSM BDS after adjweek: time.time=1780851843, time.sec=0.0
04:09:10.701 [main] DEBUG org.rtklib.java.rtcm.Rtcm -- decode_msm_head: sys=32 staid=0 nsat=12 nsig=5 sync=0 iod=0 ncell=34
04:09:10.701 [main] DEBUG org.rtklib.java.rtcm.Rtcm -- MSM sig[0] sigid=2 sigstr=2I code=40 idx=0
04:09:10.701 [main] DEBUG org.rtklib.java.rtcm.Rtcm -- MSM sig[1] sigid=8 sigstr=6I code=42 idx=3
04:09:10.701 [main] DEBUG org.rtklib.java.rtcm.Rtcm -- MSM sig[2] sigid=14 sigstr=7I code=27 idx=1
04:09:10.701 [main] DEBUG org.rtklib.java.rtcm.Rtcm -- MSM sig[3] sigid=23 sigstr=5P code=58 idx=2
04:09:10.701 [main] DEBUG org.rtklib.java.rtcm.Rtcm -- MSM sig[4] sigid=31 sigstr=1P code=2 idx=4
04:09:10.701 [main] DEBUG org.rtklib.java.rtcm.Rtcm -- MSM after sigindex: sig[0] code=40 idx=0
04:09:10.701 [main] DEBUG org.rtklib.java.rtcm.Rtcm -- MSM after sigindex: sig[1] code=42 idx=3
04:09:10.701 [main] DEBUG org.rtklib.java.rtcm.Rtcm -- MSM after sigindex: sig[2] code=27 idx=1
04:09:10.701 [main] DEBUG org.rtklib.java.rtcm.Rtcm -- MSM after sigindex: sig[3] code=58 idx=2
04:09:10.701 [main] DEBUG org.rtklib.java.rtcm.Rtcm -- MSM after sigindex: sig[4] code=2 idx=4
04:09:10.701 [main] DEBUG org.rtklib.java.rtcm.Rtcm -- RTCM3 decoded message type=1042, length=70
04:09:10.701 [main] INFO org.rtklib.java.rtcm.Rtcm -- RTCM 1042 eph stored: sat=144 prn=39 week=1066 toe=61200.0 A=27906542.7
04:09:10.701 [main] DEBUG org.rtklib.java.rtcm.Rtcm -- RTCM3 decoded message type=1005, length=25
04:09:10.701 [main] DEBUG org.rtklib.java.rtcm.Rtcm -- RTCM3 decoded message type=1033, length=27
04:09:10.701 [main] DEBUG org.rtklib.java.rtcm.Rtcm -- RTCM3 decoded message type=1124, length=257
04:09:10.701 [main] DEBUG org.rtklib.java.rtcm.Rtcm -- MSM BDS TOW: raw=61444000, tow=61458.0
04:09:10.701 [main] DEBUG org.rtklib.java.rtcm.Rtcm -- MSM BDS after adjweek: time.time=1780851858, time.sec=0.0
04:09:10.701 [main] DEBUG org.rtklib.java.rtcm.Rtcm -- decode_msm_head: sys=32 staid=0 nsat=11 nsig=5 sync=0 iod=0 ncell=33
04:09:10.701 [main] DEBUG org.rtklib.java.rtcm.Rtcm -- MSM sig[0] sigid=2 sigstr=2I code=40 idx=0
04:09:10.701 [main] DEBUG org.rtklib.java.rtcm.Rtcm -- MSM sig[1] sigid=8 sigstr=6I code=42 idx=3
04:09:10.701 [main] DEBUG org.rtklib.java.rtcm.Rtcm -- MSM sig[2] sigid=14 sigstr=7I code=27 idx=1
04:09:10.701 [main] DEBUG org.rtklib.java.rtcm.Rtcm -- MSM sig[3] sigid=23 sigstr=5P code=58 idx=2
04:09:10.701 [main] DEBUG org.rtklib.java.rtcm.Rtcm -- MSM sig[4] sigid=31 sigstr=1P code=2 idx=4
04:09:10.701 [main] DEBUG org.rtklib.java.rtcm.Rtcm -- MSM after sigindex: sig[0] code=40 idx=0
04:09:10.701 [main] DEBUG org.rtklib.java.rtcm.Rtcm -- MSM after sigindex: sig[1] code=42 idx=3
04:09:10.701 [main] DEBUG org.rtklib.java.rtcm.Rtcm -- MSM after sigindex: sig[2] code=27 idx=1
04:09:10.701 [main] DEBUG org.rtklib.java.rtcm.Rtcm -- MSM after sigindex: sig[3] code=58 idx=2
04:09:10.701 [main] DEBUG org.rtklib.java.rtcm.Rtcm -- MSM after sigindex: sig[4] code=2 idx=4
04:09:10.701 [main] DEBUG org.rtklib.java.rtcm.Rtcm -- RTCM3 decoded message type=1042, length=70
04:09:10.702 [main] DEBUG org.rtklib.java.rtcm.Rtcm -- RTCM3 decoded message type=1005, length=25
04:09:10.702 [main] DEBUG org.rtklib.java.rtcm.Rtcm -- RTCM3 decoded message type=1033, length=27
04:09:10.702 [main] DEBUG org.rtklib.java.rtcm.Rtcm -- RTCM3 decoded message type=1124, length=260
04:09:10.702 [main] DEBUG org.rtklib.java.rtcm.Rtcm -- MSM BDS TOW: raw=61459000, tow=61473.0
04:09:10.702 [main] DEBUG org.rtklib.java.rtcm.Rtcm -- MSM BDS after adjweek: time.time=1780851873, time.sec=0.0
04:09:10.702 [main] DEBUG org.rtklib.java.rtcm.Rtcm -- decode_msm_head: sys=32 staid=0 nsat=12 nsig=5 sync=0 iod=0 ncell=33
04:09:10.702 [main] DEBUG org.rtklib.java.rtcm.Rtcm -- MSM sig[0] sigid=2 sigstr=2I code=40 idx=0
04:09:10.702 [main] DEBUG org.rtklib.java.rtcm.Rtcm -- MSM sig[1] sigid=8 sigstr=6I code=42 idx=3
04:09:10.702 [main] DEBUG org.rtklib.java.rtcm.Rtcm -- MSM sig[2] sigid=14 sigstr=7I code=27 idx=1
04:09:10.702 [main] DEBUG org.rtklib.java.rtcm.Rtcm -- MSM sig[3] sigid=23 sigstr=5P code=58 idx=2
04:09:10.702 [main] DEBUG org.rtklib.java.rtcm.Rtcm -- MSM sig[4] sigid=31 sigstr=1P code=2 idx=4
04:09:10.702 [main] DEBUG org.rtklib.java.rtcm.Rtcm -- MSM after sigindex: sig[0] code=40 idx=0
04:09:10.702 [main] DEBUG org.rtklib.java.rtcm.Rtcm -- MSM after sigindex: sig[1] code=42 idx=3
04:09:10.702 [main] DEBUG org.rtklib.java.rtcm.Rtcm -- MSM after sigindex: sig[2] code=27 idx=1
04:09:10.702 [main] DEBUG org.rtklib.java.rtcm.Rtcm -- MSM after sigindex: sig[3] code=58 idx=2
04:09:10.702 [main] DEBUG org.rtklib.java.rtcm.Rtcm -- MSM after sigindex: sig[4] code=2 idx=4
04:09:10.702 [main] DEBUG org.rtklib.java.rtcm.Rtcm -- RTCM3 decoded message type=1042, length=70
04:09:10.702 [main] DEBUG org.rtklib.java.rtcm.Rtcm -- RTCM3 decoded message type=1005, length=25
04:09:10.702 [main] DEBUG org.rtklib.java.rtcm.Rtcm -- RTCM3 decoded message type=1033, length=27
04:09:10.702 [main] DEBUG org.rtklib.java.rtcm.Rtcm -- RTCM3 decoded message type=1124, length=266
04:09:10.702 [main] DEBUG org.rtklib.java.rtcm.Rtcm -- MSM BDS TOW: raw=61474000, tow=61488.0
04:09:10.702 [main] DEBUG org.rtklib.java.rtcm.Rtcm -- MSM BDS after adjweek: time.time=1780851888, time.sec=0.0
04:09:10.702 [main] DEBUG org.rtklib.java.rtcm.Rtcm -- decode_msm_head: sys=32 staid=0 nsat=12 nsig=5 sync=0 iod=0 ncell=34
04:09:10.702 [main] DEBUG org.rtklib.java.rtcm.Rtcm -- MSM sig[0] sigid=2 sigstr=2I code=40 idx=0
04:09:10.702 [main] DEBUG org.rtklib.java.rtcm.Rtcm -- MSM sig[1] sigid=8 sigstr=6I code=42 idx=3
04:09:10.702 [main] DEBUG org.rtklib.java.rtcm.Rtcm -- MSM sig[2] sigid=14 sigstr=7I code=27 idx=1
04:09:10.702 [main] DEBUG org.rtklib.java.rtcm.Rtcm -- MSM sig[3] sigid=23 sigstr=5P code=58 idx=2
04:09:10.702 [main] DEBUG org.rtklib.java.rtcm.Rtcm -- MSM sig[4] sigid=31 sigstr=1P code=2 idx=4
04:09:10.702 [main] DEBUG org.rtklib.java.rtcm.Rtcm -- MSM after sigindex: sig[0] code=40 idx=0
04:09:10.702 [main] DEBUG org.rtklib.java.rtcm.Rtcm -- MSM after sigindex: sig[1] code=42 idx=3
04:09:10.702 [main] DEBUG org.rtklib.java.rtcm.Rtcm -- MSM after sigindex: sig[2] code=27 idx=1
04:09:10.702 [main] DEBUG org.rtklib.java.rtcm.Rtcm -- MSM after sigindex: sig[3] code=58 idx=2
04:09:10.702 [main] DEBUG org.rtklib.java.rtcm.Rtcm -- MSM after sigindex: sig[4] code=2 idx=4
04:09:10.702 [main] DEBUG org.rtklib.java.rtcm.Rtcm -- RTCM3 decoded message type=1042, length=70
04:09:10.702 [main] DEBUG org.rtklib.java.rtcm.Rtcm -- RTCM3 decoded message type=1005, length=25
04:09:10.702 [main] DEBUG org.rtklib.java.rtcm.Rtcm -- RTCM3 decoded message type=1033, length=27
04:09:10.702 [main] DEBUG org.rtklib.java.rtcm.Rtcm -- RTCM3 decoded message type=1124, length=266
04:09:10.702 [main] DEBUG org.rtklib.java.rtcm.Rtcm -- MSM BDS TOW: raw=61489000, tow=61503.0
04:09:10.702 [main] DEBUG org.rtklib.java.rtcm.Rtcm -- MSM BDS after adjweek: time.time=1780851903, time.sec=0.0
04:09:10.702 [main] DEBUG org.rtklib.java.rtcm.Rtcm -- decode_msm_head: sys=32 staid=0 nsat=12 nsig=5 sync=0 iod=0 ncell=34
04:09:10.702 [main] DEBUG org.rtklib.java.rtcm.Rtcm -- MSM sig[0] sigid=2 sigstr=2I code=40 idx=0
04:09:10.702 [main] DEBUG org.rtklib.java.rtcm.Rtcm -- MSM sig[1] sigid=8 sigstr=6I code=42 idx=3
04:09:10.702 [main] DEBUG org.rtklib.java.rtcm.Rtcm -- MSM sig[2] sigid=14 sigstr=7I code=27 idx=1
04:09:10.702 [main] DEBUG org.rtklib.java.rtcm.Rtcm -- MSM sig[3] sigid=23 sigstr=5P code=58 idx=2
04:09:10.702 [main] DEBUG org.rtklib.java.rtcm.Rtcm -- MSM sig[4] sigid=31 sigstr=1P code=2 idx=4
04:09:10.702 [main] DEBUG org.rtklib.java.rtcm.Rtcm -- MSM after sigindex: sig[0] code=40 idx=0
04:09:10.702 [main] DEBUG org.rtklib.java.rtcm.Rtcm -- MSM after sigindex: sig[1] code=42 idx=3
04:09:10.702 [main] DEBUG org.rtklib.java.rtcm.Rtcm -- MSM after sigindex: sig[2] code=27 idx=1
04:09:10.702 [main] DEBUG org.rtklib.java.rtcm.Rtcm -- MSM after sigindex: sig[3] code=58 idx=2
04:09:10.702 [main] DEBUG org.rtklib.java.rtcm.Rtcm -- MSM after sigindex: sig[4] code=2 idx=4
04:09:10.702 [main] DEBUG org.rtklib.java.rtcm.Rtcm -- RTCM3 decoded message type=1042, length=70
04:09:10.702 [main] INFO org.rtklib.java.rtcm.Rtcm -- RTCM 1042 eph stored: sat=111 prn=6 week=1066 toe=57600.0 A=42158421.4
04:09:10.702 [main] DEBUG org.rtklib.java.rtcm.Rtcm -- RTCM3 decoded message type=1005, length=25
04:09:10.702 [main] DEBUG org.rtklib.java.rtcm.Rtcm -- RTCM3 decoded message type=1033, length=27
04:09:10.702 [main] DEBUG org.rtklib.java.rtcm.Rtcm -- RTCM3 decoded message type=1124, length=266
04:09:10.702 [main] DEBUG org.rtklib.java.rtcm.Rtcm -- MSM BDS TOW: raw=61504000, tow=61518.0
04:09:10.702 [main] DEBUG org.rtklib.java.rtcm.Rtcm -- MSM BDS after adjweek: time.time=1780851918, time.sec=0.0
04:09:10.702 [main] DEBUG org.rtklib.java.rtcm.Rtcm -- decode_msm_head: sys=32 staid=0 nsat=12 nsig=5 sync=0 iod=0 ncell=34
04:09:10.702 [main] DEBUG org.rtklib.java.rtcm.Rtcm -- MSM sig[0] sigid=2 sigstr=2I code=40 idx=0
04:09:10.702 [main] DEBUG org.rtklib.java.rtcm.Rtcm -- MSM sig[1] sigid=8 sigstr=6I code=42 idx=3
04:09:10.702 [main] DEBUG org.rtklib.java.rtcm.Rtcm -- MSM sig[2] sigid=14 sigstr=7I code=27 idx=1
04:09:10.702 [main] DEBUG org.rtklib.java.rtcm.Rtcm -- MSM sig[3] sigid=23 sigstr=5P code=58 idx=2
04:09:10.703 [main] DEBUG org.rtklib.java.rtcm.Rtcm -- MSM sig[4] sigid=31 sigstr=1P code=2 idx=4
04:09:10.703 [main] DEBUG org.rtklib.java.rtcm.Rtcm -- MSM after sigindex: sig[0] code=40 idx=0
04:09:10.703 [main] DEBUG org.rtklib.java.rtcm.Rtcm -- MSM after sigindex: sig[1] code=42 idx=3
04:09:10.703 [main] DEBUG org.rtklib.java.rtcm.Rtcm -- MSM after sigindex: sig[2] code=27 idx=1
04:09:10.703 [main] DEBUG org.rtklib.java.rtcm.Rtcm -- MSM after sigindex: sig[3] code=58 idx=2
04:09:10.703 [main] DEBUG org.rtklib.java.rtcm.Rtcm -- MSM after sigindex: sig[4] code=2 idx=4
04:09:10.703 [main] DEBUG org.rtklib.java.rtcm.Rtcm -- RTCM3 decoded message type=1042, length=70
04:09:10.703 [main] DEBUG org.rtklib.java.rtcm.Rtcm -- RTCM3 decoded message type=1005, length=25
04:09:10.703 [main] DEBUG org.rtklib.java.rtcm.Rtcm -- RTCM3 decoded message type=1033, length=27
04:09:10.703 [main] DEBUG org.rtklib.java.rtcm.Rtcm -- RTCM3 decoded message type=1124, length=257
04:09:10.703 [main] DEBUG org.rtklib.java.rtcm.Rtcm -- MSM BDS TOW: raw=61519000, tow=61533.0
04:09:10.703 [main] DEBUG org.rtklib.java.rtcm.Rtcm -- MSM BDS after adjweek: time.time=1780851933, time.sec=0.0
04:09:10.703 [main] DEBUG org.rtklib.java.rtcm.Rtcm -- decode_msm_head: sys=32 staid=0 nsat=11 nsig=5 sync=0 iod=0 ncell=33
04:09:10.703 [main] DEBUG org.rtklib.java.rtcm.Rtcm -- MSM sig[0] sigid=2 sigstr=2I code=40 idx=0
04:09:10.703 [main] DEBUG org.rtklib.java.rtcm.Rtcm -- MSM sig[1] sigid=8 sigstr=6I code=42 idx=3
04:09:10.703 [main] DEBUG org.rtklib.java.rtcm.Rtcm -- MSM sig[2] sigid=14 sigstr=7I code=27 idx=1
04:09:10.703 [main] DEBUG org.rtklib.java.rtcm.Rtcm -- MSM sig[3] sigid=23 sigstr=5P code=58 idx=2
04:09:10.703 [main] DEBUG org.rtklib.java.rtcm.Rtcm -- MSM sig[4] sigid=31 sigstr=1P code=2 idx=4
04:09:10.703 [main] DEBUG org.rtklib.java.rtcm.Rtcm -- MSM after sigindex: sig[0] code=40 idx=0
04:09:10.703 [main] DEBUG org.rtklib.java.rtcm.Rtcm -- MSM after sigindex: sig[1] code=42 idx=3
04:09:10.703 [main] DEBUG org.rtklib.java.rtcm.Rtcm -- MSM after sigindex: sig[2] code=27 idx=1
04:09:10.703 [main] DEBUG org.rtklib.java.rtcm.Rtcm -- MSM after sigindex: sig[3] code=58 idx=2
04:09:10.703 [main] DEBUG org.rtklib.java.rtcm.Rtcm -- MSM after sigindex: sig[4] code=2 idx=4
04:09:10.703 [main] DEBUG org.rtklib.java.rtcm.Rtcm -- RTCM3 decoded message type=1042, length=70
04:09:10.703 [main] DEBUG org.rtklib.java.rtcm.Rtcm -- RTCM3 decoded message type=1005, length=25
04:09:10.703 [main] DEBUG org.rtklib.java.rtcm.Rtcm -- RTCM3 decoded message type=1033, length=27
04:09:10.703 [main] DEBUG org.rtklib.java.rtcm.Rtcm -- RTCM3 decoded message type=1124, length=266
04:09:10.703 [main] DEBUG org.rtklib.java.rtcm.Rtcm -- MSM BDS TOW: raw=61534000, tow=61548.0
04:09:10.703 [main] DEBUG org.rtklib.java.rtcm.Rtcm -- MSM BDS after adjweek: time.time=1780851948, time.sec=0.0
04:09:10.703 [main] DEBUG org.rtklib.java.rtcm.Rtcm -- decode_msm_head: sys=32 staid=0 nsat=12 nsig=5 sync=0 iod=0 ncell=34
04:09:10.703 [main] DEBUG org.rtklib.java.rtcm.Rtcm -- MSM sig[0] sigid=2 sigstr=2I code=40 idx=0
04:09:10.703 [main] DEBUG org.rtklib.java.rtcm.Rtcm -- MSM sig[1] sigid=8 sigstr=6I code=42 idx=3
04:09:10.703 [main] DEBUG org.rtklib.java.rtcm.Rtcm -- MSM sig[2] sigid=14 sigstr=7I code=27 idx=1
04:09:10.703 [main] DEBUG org.rtklib.java.rtcm.Rtcm -- MSM sig[3] sigid=23 sigstr=5P code=58 idx=2
04:09:10.703 [main] DEBUG org.rtklib.java.rtcm.Rtcm -- MSM sig[4] sigid=31 sigstr=1P code=2 idx=4
04:09:10.703 [main] DEBUG org.rtklib.java.rtcm.Rtcm -- MSM after sigindex: sig[0] code=40 idx=0
04:09:10.703 [main] DEBUG org.rtklib.java.rtcm.Rtcm -- MSM after sigindex: sig[1] code=42 idx=3
04:09:10.703 [main] DEBUG org.rtklib.java.rtcm.Rtcm -- MSM after sigindex: sig[2] code=27 idx=1
04:09:10.703 [main] DEBUG org.rtklib.java.rtcm.Rtcm -- MSM after sigindex: sig[3] code=58 idx=2
04:09:10.703 [main] DEBUG org.rtklib.java.rtcm.Rtcm -- MSM after sigindex: sig[4] code=2 idx=4
04:09:10.703 [main] DEBUG org.rtklib.java.rtcm.Rtcm -- RTCM3 decoded message type=1042, length=70
04:09:10.703 [main] DEBUG org.rtklib.java.rtcm.Rtcm -- RTCM3 decoded message type=1005, length=25
04:09:10.703 [main] DEBUG org.rtklib.java.rtcm.Rtcm -- RTCM3 decoded message type=1033, length=27
04:09:10.703 [main] DEBUG org.rtklib.java.rtcm.Rtcm -- RTCM3 decoded message type=1124, length=257
04:09:10.703 [main] DEBUG org.rtklib.java.rtcm.Rtcm -- MSM BDS TOW: raw=61549000, tow=61563.0
04:09:10.703 [main] DEBUG org.rtklib.java.rtcm.Rtcm -- MSM BDS after adjweek: time.time=1780851963, time.sec=0.0
04:09:10.703 [main] DEBUG org.rtklib.java.rtcm.Rtcm -- decode_msm_head: sys=32 staid=0 nsat=11 nsig=5 sync=0 iod=0 ncell=33
04:09:10.703 [main] DEBUG org.rtklib.java.rtcm.Rtcm -- MSM sig[0] sigid=2 sigstr=2I code=40 idx=0
04:09:10.703 [main] DEBUG org.rtklib.java.rtcm.Rtcm -- MSM sig[1] sigid=8 sigstr=6I code=42 idx=3
04:09:10.703 [main] DEBUG org.rtklib.java.rtcm.Rtcm -- MSM sig[2] sigid=14 sigstr=7I code=27 idx=1
04:09:10.703 [main] DEBUG org.rtklib.java.rtcm.Rtcm -- MSM sig[3] sigid=23 sigstr=5P code=58 idx=2
04:09:10.703 [main] DEBUG org.rtklib.java.rtcm.Rtcm -- MSM sig[4] sigid=31 sigstr=1P code=2 idx=4
04:09:10.703 [main] DEBUG org.rtklib.java.rtcm.Rtcm -- MSM after sigindex: sig[0] code=40 idx=0
04:09:10.703 [main] DEBUG org.rtklib.java.rtcm.Rtcm -- MSM after sigindex: sig[1] code=42 idx=3
04:09:10.703 [main] DEBUG org.rtklib.java.rtcm.Rtcm -- MSM after sigindex: sig[2] code=27 idx=1
04:09:10.703 [main] DEBUG org.rtklib.java.rtcm.Rtcm -- MSM after sigindex: sig[3] code=58 idx=2
04:09:10.703 [main] DEBUG org.rtklib.java.rtcm.Rtcm -- MSM after sigindex: sig[4] code=2 idx=4
04:09:10.703 [main] DEBUG org.rtklib.java.rtcm.Rtcm -- RTCM3 decoded message type=1042, length=70
04:09:10.703 [main] DEBUG org.rtklib.java.rtcm.Rtcm -- RTCM3 decoded message type=1005, length=25
04:09:10.703 [main] DEBUG org.rtklib.java.rtcm.Rtcm -- RTCM3 decoded message type=1033, length=27
04:09:10.703 [main] DEBUG org.rtklib.java.rtcm.Rtcm -- RTCM3 decoded message type=1124, length=266
04:09:10.703 [main] DEBUG org.rtklib.java.rtcm.Rtcm -- MSM BDS TOW: raw=61564000, tow=61578.0
04:09:10.703 [main] DEBUG org.rtklib.java.rtcm.Rtcm -- MSM BDS after adjweek: time.time=1780851978, time.sec=0.0
04:09:10.703 [main] DEBUG org.rtklib.java.rtcm.Rtcm -- decode_msm_head: sys=32 staid=0 nsat=12 nsig=5 sync=0 iod=0 ncell=34
04:09:10.703 [main] DEBUG org.rtklib.java.rtcm.Rtcm -- MSM sig[0] sigid=2 sigstr=2I code=40 idx=0
04:09:10.703 [main] DEBUG org.rtklib.java.rtcm.Rtcm -- MSM sig[1] sigid=8 sigstr=6I code=42 idx=3
04:09:10.703 [main] DEBUG org.rtklib.java.rtcm.Rtcm -- MSM sig[2] sigid=14 sigstr=7I code=27 idx=1
04:09:10.703 [main] DEBUG org.rtklib.java.rtcm.Rtcm -- MSM sig[3] sigid=23 sigstr=5P code=58 idx=2
04:09:10.703 [main] DEBUG org.rtklib.java.rtcm.Rtcm -- MSM sig[4] sigid=31 sigstr=1P code=2 idx=4
04:09:10.703 [main] DEBUG org.rtklib.java.rtcm.Rtcm -- MSM after sigindex: sig[0] code=40 idx=0
04:09:10.703 [main] DEBUG org.rtklib.java.rtcm.Rtcm -- MSM after sigindex: sig[1] code=42 idx=3
04:09:10.703 [main] DEBUG org.rtklib.java.rtcm.Rtcm -- MSM after sigindex: sig[2] code=27 idx=1
04:09:10.703 [main] DEBUG org.rtklib.java.rtcm.Rtcm -- MSM after sigindex: sig[3] code=58 idx=2
04:09:10.703 [main] DEBUG org.rtklib.java.rtcm.Rtcm -- MSM after sigindex: sig[4] code=2 idx=4
04:09:10.703 [main] DEBUG org.rtklib.java.rtcm.Rtcm -- RTCM3 decoded message type=1042, length=70
04:09:10.703 [main] DEBUG org.rtklib.java.rtcm.Rtcm -- RTCM3 decoded message type=1005, length=25
04:09:10.703 [main] DEBUG org.rtklib.java.rtcm.Rtcm -- RTCM3 decoded message type=1033, length=27
04:09:10.703 [main] DEBUG org.rtklib.java.rtcm.Rtcm -- RTCM3 decoded message type=1124, length=266
04:09:10.703 [main] DEBUG org.rtklib.java.rtcm.Rtcm -- MSM BDS TOW: raw=61579000, tow=61593.0
04:09:10.703 [main] DEBUG org.rtklib.java.rtcm.Rtcm -- MSM BDS after adjweek: time.time=1780851993, time.sec=0.0
04:09:10.703 [main] DEBUG org.rtklib.java.rtcm.Rtcm -- decode_msm_head: sys=32 staid=0 nsat=12 nsig=5 sync=0 iod=0 ncell=34
04:09:10.703 [main] DEBUG org.rtklib.java.rtcm.Rtcm -- MSM sig[0] sigid=2 sigstr=2I code=40 idx=0
04:09:10.703 [main] DEBUG org.rtklib.java.rtcm.Rtcm -- MSM sig[1] sigid=8 sigstr=6I code=42 idx=3
04:09:10.703 [main] DEBUG org.rtklib.java.rtcm.Rtcm -- MSM sig[2] sigid=14 sigstr=7I code=27 idx=1
04:09:10.703 [main] DEBUG org.rtklib.java.rtcm.Rtcm -- MSM sig[3] sigid=23 sigstr=5P code=58 idx=2
04:09:10.703 [main] DEBUG org.rtklib.java.rtcm.Rtcm -- MSM sig[4] sigid=31 sigstr=1P code=2 idx=4
04:09:10.703 [main] DEBUG org.rtklib.java.rtcm.Rtcm -- MSM after sigindex: sig[0] code=40 idx=0
04:09:10.703 [main] DEBUG org.rtklib.java.rtcm.Rtcm -- MSM after sigindex: sig[1] code=42 idx=3
04:09:10.703 [main] DEBUG org.rtklib.java.rtcm.Rtcm -- MSM after sigindex: sig[2] code=27 idx=1
04:09:10.703 [main] DEBUG org.rtklib.java.rtcm.Rtcm -- MSM after sigindex: sig[3] code=58 idx=2
04:09:10.703 [main] DEBUG org.rtklib.java.rtcm.Rtcm -- MSM after sigindex: sig[4] code=2 idx=4
04:09:10.703 [main] DEBUG org.rtklib.java.rtcm.Rtcm -- RTCM3 decoded message type=1042, length=70
04:09:10.703 [main] DEBUG org.rtklib.java.rtcm.Rtcm -- RTCM3 decoded message type=1005, length=25
04:09:10.703 [main] DEBUG org.rtklib.java.rtcm.Rtcm -- RTCM3 decoded message type=1033, length=27
04:09:10.703 [main] DEBUG org.rtklib.java.rtcm.Rtcm -- RTCM3 decoded message type=1124, length=266
04:09:10.703 [main] DEBUG org.rtklib.java.rtcm.Rtcm -- MSM BDS TOW: raw=61594000, tow=61608.0
04:09:10.703 [main] DEBUG org.rtklib.java.rtcm.Rtcm -- MSM BDS after adjweek: time.time=1780852008, time.sec=0.0
04:09:10.703 [main] DEBUG org.rtklib.java.rtcm.Rtcm -- decode_msm_head: sys=32 staid=0 nsat=12 nsig=5 sync=0 iod=0 ncell=34
04:09:10.703 [main] DEBUG org.rtklib.java.rtcm.Rtcm -- MSM sig[0] sigid=2 sigstr=2I code=40 idx=0
04:09:10.703 [main] DEBUG org.rtklib.java.rtcm.Rtcm -- MSM sig[1] sigid=8 sigstr=6I code=42 idx=3
04:09:10.703 [main] DEBUG org.rtklib.java.rtcm.Rtcm -- MSM sig[2] sigid=14 sigstr=7I code=27 idx=1
04:09:10.703 [main] DEBUG org.rtklib.java.rtcm.Rtcm -- MSM sig[3] sigid=23 sigstr=5P code=58 idx=2
04:09:10.703 [main] DEBUG org.rtklib.java.rtcm.Rtcm -- MSM sig[4] sigid=31 sigstr=1P code=2 idx=4
04:09:10.703 [main] DEBUG org.rtklib.java.rtcm.Rtcm -- MSM after sigindex: sig[0] code=40 idx=0
04:09:10.703 [main] DEBUG org.rtklib.java.rtcm.Rtcm -- MSM after sigindex: sig[1] code=42 idx=3
04:09:10.703 [main] DEBUG org.rtklib.java.rtcm.Rtcm -- MSM after sigindex: sig[2] code=27 idx=1
04:09:10.703 [main] DEBUG org.rtklib.java.rtcm.Rtcm -- MSM after sigindex: sig[3] code=58 idx=2
04:09:10.703 [main] DEBUG org.rtklib.java.rtcm.Rtcm -- MSM after sigindex: sig[4] code=2 idx=4
04:09:10.703 [main] DEBUG org.rtklib.java.rtcm.Rtcm -- RTCM3 decoded message type=1042, length=70
04:09:10.703 [main] DEBUG org.rtklib.java.rtcm.Rtcm -- RTCM3 decoded message type=1005, length=25
04:09:10.703 [main] DEBUG org.rtklib.java.rtcm.Rtcm -- RTCM3 decoded message type=1033, length=27
04:09:10.703 [main] DEBUG org.rtklib.java.rtcm.Rtcm -- RTCM3 decoded message type=1124, length=266
04:09:10.703 [main] DEBUG org.rtklib.java.rtcm.Rtcm -- MSM BDS TOW: raw=61609000, tow=61623.0
04:09:10.703 [main] DEBUG org.rtklib.java.rtcm.Rtcm -- MSM BDS after adjweek: time.time=1780852023, time.sec=0.0
04:09:10.703 [main] DEBUG org.rtklib.java.rtcm.Rtcm -- decode_msm_head: sys=32 staid=0 nsat=12 nsig=5 sync=0 iod=0 ncell=34
04:09:10.703 [main] DEBUG org.rtklib.java.rtcm.Rtcm -- MSM sig[0] sigid=2 sigstr=2I code=40 idx=0
04:09:10.703 [main] DEBUG org.rtklib.java.rtcm.Rtcm -- MSM sig[1] sigid=8 sigstr=6I code=42 idx=3
04:09:10.703 [main] DEBUG org.rtklib.java.rtcm.Rtcm -- MSM sig[2] sigid=14 sigstr=7I code=27 idx=1
04:09:10.703 [main] DEBUG org.rtklib.java.rtcm.Rtcm -- MSM sig[3] sigid=23 sigstr=5P code=58 idx=2
04:09:10.703 [main] DEBUG org.rtklib.java.rtcm.Rtcm -- MSM sig[4] sigid=31 sigstr=1P code=2 idx=4
04:09:10.703 [main] DEBUG org.rtklib.java.rtcm.Rtcm -- MSM after sigindex: sig[0] code=40 idx=0
04:09:10.703 [main] DEBUG org.rtklib.java.rtcm.Rtcm -- MSM after sigindex: sig[1] code=42 idx=3
04:09:10.703 [main] DEBUG org.rtklib.java.rtcm.Rtcm -- MSM after sigindex: sig[2] code=27 idx=1
04:09:10.703 [main] DEBUG org.rtklib.java.rtcm.Rtcm -- MSM after sigindex: sig[3] code=58 idx=2
04:09:10.703 [main] DEBUG org.rtklib.java.rtcm.Rtcm -- MSM after sigindex: sig[4] code=2 idx=4
04:09:10.703 [main] DEBUG org.rtklib.java.rtcm.Rtcm -- RTCM3 decoded message type=1042, length=70
04:09:10.703 [main] DEBUG org.rtklib.java.rtcm.Rtcm -- RTCM3 decoded message type=1005, length=25
04:09:10.703 [main] DEBUG org.rtklib.java.rtcm.Rtcm -- RTCM3 decoded message type=1033, length=27
04:09:10.703 [main] DEBUG org.rtklib.java.rtcm.Rtcm -- RTCM3 decoded message type=1124, length=242
04:09:10.703 [main] DEBUG org.rtklib.java.rtcm.Rtcm -- MSM BDS TOW: raw=61624000, tow=61638.0
04:09:10.703 [main] DEBUG org.rtklib.java.rtcm.Rtcm -- MSM BDS after adjweek: time.time=1780852038, time.sec=0.0
04:09:10.703 [main] DEBUG org.rtklib.java.rtcm.Rtcm -- decode_msm_head: sys=32 staid=0 nsat=12 nsig=5 sync=1 iod=0 ncell=30
04:09:10.703 [main] DEBUG org.rtklib.java.rtcm.Rtcm -- MSM sig[0] sigid=2 sigstr=2I code=40 idx=0
04:09:10.703 [main] DEBUG org.rtklib.java.rtcm.Rtcm -- MSM sig[1] sigid=8 sigstr=6I code=42 idx=3
04:09:10.703 [main] DEBUG org.rtklib.java.rtcm.Rtcm -- MSM sig[2] sigid=14 sigstr=7I code=27 idx=1
04:09:10.703 [main] DEBUG org.rtklib.java.rtcm.Rtcm -- MSM sig[3] sigid=23 sigstr=5P code=58 idx=2
04:09:10.703 [main] DEBUG org.rtklib.java.rtcm.Rtcm -- MSM sig[4] sigid=31 sigstr=1P code=2 idx=4
04:09:10.703 [main] DEBUG org.rtklib.java.rtcm.Rtcm -- MSM after sigindex: sig[0] code=40 idx=0
04:09:10.703 [main] DEBUG org.rtklib.java.rtcm.Rtcm -- MSM after sigindex: sig[1] code=42 idx=3
04:09:10.703 [main] DEBUG org.rtklib.java.rtcm.Rtcm -- MSM after sigindex: sig[2] code=27 idx=1
04:09:10.703 [main] DEBUG org.rtklib.java.rtcm.Rtcm -- MSM after sigindex: sig[3] code=58 idx=2
04:09:10.703 [main] DEBUG org.rtklib.java.rtcm.Rtcm -- MSM after sigindex: sig[4] code=2 idx=4
04:09:10.703 [main] DEBUG org.rtklib.java.rtcm.Rtcm -- RTCM3 decoded message type=1124, length=54
04:09:10.703 [main] DEBUG org.rtklib.java.rtcm.Rtcm -- MSM BDS TOW: raw=61624000, tow=61638.0
04:09:10.703 [main] DEBUG org.rtklib.java.rtcm.Rtcm -- MSM BDS after adjweek: time.time=1780852038, time.sec=0.0
04:09:10.703 [main] DEBUG org.rtklib.java.rtcm.Rtcm -- decode_msm_head: sys=32 staid=0 nsat=1 nsig=4 sync=0 iod=0 ncell=4
04:09:10.703 [main] DEBUG org.rtklib.java.rtcm.Rtcm -- MSM sig[0] sigid=2 sigstr=2I code=40 idx=0
04:09:10.703 [main] DEBUG org.rtklib.java.rtcm.Rtcm -- MSM sig[1] sigid=8 sigstr=6I code=42 idx=3
04:09:10.703 [main] DEBUG org.rtklib.java.rtcm.Rtcm -- MSM sig[2] sigid=23 sigstr=5P code=58 idx=2
04:09:10.703 [main] DEBUG org.rtklib.java.rtcm.Rtcm -- MSM sig[3] sigid=31 sigstr=1P code=2 idx=4
04:09:10.703 [main] DEBUG org.rtklib.java.rtcm.Rtcm -- MSM after sigindex: sig[0] code=40 idx=0
04:09:10.703 [main] DEBUG org.rtklib.java.rtcm.Rtcm -- MSM after sigindex: sig[1] code=42 idx=3
04:09:10.703 [main] DEBUG org.rtklib.java.rtcm.Rtcm -- MSM after sigindex: sig[2] code=58 idx=2
04:09:10.703 [main] DEBUG org.rtklib.java.rtcm.Rtcm -- MSM after sigindex: sig[3] code=2 idx=4
04:09:10.703 [main] DEBUG org.rtklib.java.rtcm.Rtcm -- RTCM3 decoded message type=1042, length=70
04:09:10.703 [main] DEBUG org.rtklib.java.rtcm.Rtcm -- RTCM3 decoded message type=1005, length=25
04:09:10.703 [main] DEBUG org.rtklib.java.rtcm.Rtcm -- RTCM3 decoded message type=1033, length=27
04:09:10.703 [main] DEBUG org.rtklib.java.rtcm.Rtcm -- RTCM3 decoded message type=1124, length=242
04:09:10.703 [main] DEBUG org.rtklib.java.rtcm.Rtcm -- MSM BDS TOW: raw=61639000, tow=61653.0
04:09:10.703 [main] DEBUG org.rtklib.java.rtcm.Rtcm -- MSM BDS after adjweek: time.time=1780852053, time.sec=0.0
04:09:10.703 [main] DEBUG org.rtklib.java.rtcm.Rtcm -- decode_msm_head: sys=32 staid=0 nsat=12 nsig=5 sync=1 iod=0 ncell=30
04:09:10.703 [main] DEBUG org.rtklib.java.rtcm.Rtcm -- MSM sig[0] sigid=2 sigstr=2I code=40 idx=0
04:09:10.703 [main] DEBUG org.rtklib.java.rtcm.Rtcm -- MSM sig[1] sigid=8 sigstr=6I code=42 idx=3
04:09:10.703 [main] DEBUG org.rtklib.java.rtcm.Rtcm -- MSM sig[2] sigid=14 sigstr=7I code=27 idx=1
04:09:10.703 [main] DEBUG org.rtklib.java.rtcm.Rtcm -- MSM sig[3] sigid=23 sigstr=5P code=58 idx=2
04:09:10.703 [main] DEBUG org.rtklib.java.rtcm.Rtcm -- MSM sig[4] sigid=31 sigstr=1P code=2 idx=4
04:09:10.704 [main] DEBUG org.rtklib.java.rtcm.Rtcm -- MSM after sigindex: sig[0] code=40 idx=0
04:09:10.704 [main] DEBUG org.rtklib.java.rtcm.Rtcm -- MSM after sigindex: sig[1] code=42 idx=3
04:09:10.704 [main] DEBUG org.rtklib.java.rtcm.Rtcm -- MSM after sigindex: sig[2] code=27 idx=1
04:09:10.704 [main] DEBUG org.rtklib.java.rtcm.Rtcm -- MSM after sigindex: sig[3] code=58 idx=2
04:09:10.704 [main] DEBUG org.rtklib.java.rtcm.Rtcm -- MSM after sigindex: sig[4] code=2 idx=4
04:09:10.704 [main] DEBUG org.rtklib.java.rtcm.Rtcm -- RTCM3 decoded message type=1124, length=54
04:09:10.704 [main] DEBUG org.rtklib.java.rtcm.Rtcm -- MSM BDS TOW: raw=61639000, tow=61653.0
04:09:10.704 [main] DEBUG org.rtklib.java.rtcm.Rtcm -- MSM BDS after adjweek: time.time=1780852053, time.sec=0.0
04:09:10.704 [main] DEBUG org.rtklib.java.rtcm.Rtcm -- decode_msm_head: sys=32 staid=0 nsat=1 nsig=4 sync=0 iod=0 ncell=4
04:09:10.704 [main] DEBUG org.rtklib.java.rtcm.Rtcm -- MSM sig[0] sigid=2 sigstr=2I code=40 idx=0
04:09:10.704 [main] DEBUG org.rtklib.java.rtcm.Rtcm -- MSM sig[1] sigid=8 sigstr=6I code=42 idx=3
04:09:10.704 [main] DEBUG org.rtklib.java.rtcm.Rtcm -- MSM sig[2] sigid=23 sigstr=5P code=58 idx=2
04:09:10.704 [main] DEBUG org.rtklib.java.rtcm.Rtcm -- MSM sig[3] sigid=31 sigstr=1P code=2 idx=4
04:09:10.704 [main] DEBUG org.rtklib.java.rtcm.Rtcm -- MSM after sigindex: sig[0] code=40 idx=0
04:09:10.704 [main] DEBUG org.rtklib.java.rtcm.Rtcm -- MSM after sigindex: sig[1] code=42 idx=3
04:09:10.704 [main] DEBUG org.rtklib.java.rtcm.Rtcm -- MSM after sigindex: sig[2] code=58 idx=2
04:09:10.704 [main] DEBUG org.rtklib.java.rtcm.Rtcm -- MSM after sigindex: sig[3] code=2 idx=4
04:09:10.704 [main] DEBUG org.rtklib.java.rtcm.Rtcm -- RTCM3 decoded message type=1042, length=70
04:09:10.704 [main] DEBUG org.rtklib.java.rtcm.Rtcm -- RTCM3 decoded message type=1005, length=25
04:09:10.704 [main] DEBUG org.rtklib.java.rtcm.Rtcm -- RTCM3 decoded message type=1033, length=27
04:09:10.704 [main] DEBUG org.rtklib.java.rtcm.Rtcm -- RTCM3 decoded message type=1124, length=236
04:09:10.704 [main] DEBUG org.rtklib.java.rtcm.Rtcm -- MSM BDS TOW: raw=61654000, tow=61668.0
04:09:10.704 [main] DEBUG org.rtklib.java.rtcm.Rtcm -- MSM BDS after adjweek: time.time=1780852068, time.sec=0.0
04:09:10.704 [main] DEBUG org.rtklib.java.rtcm.Rtcm -- decode_msm_head: sys=32 staid=0 nsat=12 nsig=5 sync=1 iod=0 ncell=29
04:09:10.704 [main] DEBUG org.rtklib.java.rtcm.Rtcm -- MSM sig[0] sigid=2 sigstr=2I code=40 idx=0
04:09:10.704 [main] DEBUG org.rtklib.java.rtcm.Rtcm -- MSM sig[1] sigid=8 sigstr=6I code=42 idx=3
04:09:10.704 [main] DEBUG org.rtklib.java.rtcm.Rtcm -- MSM sig[2] sigid=14 sigstr=7I code=27 idx=1
04:09:10.704 [main] DEBUG org.rtklib.java.rtcm.Rtcm -- MSM sig[3] sigid=23 sigstr=5P code=58 idx=2
04:09:10.704 [main] DEBUG org.rtklib.java.rtcm.Rtcm -- MSM sig[4] sigid=31 sigstr=1P code=2 idx=4
04:09:10.704 [main] DEBUG org.rtklib.java.rtcm.Rtcm -- MSM after sigindex: sig[0] code=40 idx=0
04:09:10.704 [main] DEBUG org.rtklib.java.rtcm.Rtcm -- MSM after sigindex: sig[1] code=42 idx=3
04:09:10.704 [main] DEBUG org.rtklib.java.rtcm.Rtcm -- MSM after sigindex: sig[2] code=27 idx=1
04:09:10.704 [main] DEBUG org.rtklib.java.rtcm.Rtcm -- MSM after sigindex: sig[3] code=58 idx=2
04:09:10.704 [main] DEBUG org.rtklib.java.rtcm.Rtcm -- MSM after sigindex: sig[4] code=2 idx=4
04:09:10.704 [main] DEBUG org.rtklib.java.rtcm.Rtcm -- RTCM3 decoded message type=1124, length=54
04:09:10.704 [main] DEBUG org.rtklib.java.rtcm.Rtcm -- MSM BDS TOW: raw=61654000, tow=61668.0
04:09:10.704 [main] DEBUG org.rtklib.java.rtcm.Rtcm -- MSM BDS after adjweek: time.time=1780852068, time.sec=0.0
04:09:10.704 [main] DEBUG org.rtklib.java.rtcm.Rtcm -- decode_msm_head: sys=32 staid=0 nsat=1 nsig=4 sync=0 iod=0 ncell=4
04:09:10.704 [main] DEBUG org.rtklib.java.rtcm.Rtcm -- MSM sig[0] sigid=2 sigstr=2I code=40 idx=0
04:09:10.704 [main] DEBUG org.rtklib.java.rtcm.Rtcm -- MSM sig[1] sigid=8 sigstr=6I code=42 idx=3
04:09:10.704 [main] DEBUG org.rtklib.java.rtcm.Rtcm -- MSM sig[2] sigid=23 sigstr=5P code=58 idx=2
04:09:10.704 [main] DEBUG org.rtklib.java.rtcm.Rtcm -- MSM sig[3] sigid=31 sigstr=1P code=2 idx=4
04:09:10.704 [main] DEBUG org.rtklib.java.rtcm.Rtcm -- MSM after sigindex: sig[0] code=40 idx=0
04:09:10.704 [main] DEBUG org.rtklib.java.rtcm.Rtcm -- MSM after sigindex: sig[1] code=42 idx=3
04:09:10.704 [main] DEBUG org.rtklib.java.rtcm.Rtcm -- MSM after sigindex: sig[2] code=58 idx=2
04:09:10.704 [main] DEBUG org.rtklib.java.rtcm.Rtcm -- MSM after sigindex: sig[3] code=2 idx=4
04:09:10.704 [main] DEBUG org.rtklib.java.rtcm.Rtcm -- RTCM3 decoded message type=1042, length=70
04:09:10.704 [main] DEBUG org.rtklib.java.rtcm.Rtcm -- RTCM3 decoded message type=1005, length=25
04:09:10.704 [main] DEBUG org.rtklib.java.rtcm.Rtcm -- RTCM3 decoded message type=1033, length=27
04:09:10.704 [main] DEBUG org.rtklib.java.rtcm.Rtcm -- RTCM3 decoded message type=1124, length=242
04:09:10.704 [main] DEBUG org.rtklib.java.rtcm.Rtcm -- MSM BDS TOW: raw=61669000, tow=61683.0
04:09:10.704 [main] DEBUG org.rtklib.java.rtcm.Rtcm -- MSM BDS after adjweek: time.time=1780852083, time.sec=0.0
04:09:10.704 [main] DEBUG org.rtklib.java.rtcm.Rtcm -- decode_msm_head: sys=32 staid=0 nsat=12 nsig=5 sync=1 iod=0 ncell=30
04:09:10.704 [main] DEBUG org.rtklib.java.rtcm.Rtcm -- MSM sig[0] sigid=2 sigstr=2I code=40 idx=0
04:09:10.704 [main] DEBUG org.rtklib.java.rtcm.Rtcm -- MSM sig[1] sigid=8 sigstr=6I code=42 idx=3
04:09:10.704 [main] DEBUG org.rtklib.java.rtcm.Rtcm -- MSM sig[2] sigid=14 sigstr=7I code=27 idx=1
04:09:10.704 [main] DEBUG org.rtklib.java.rtcm.Rtcm -- MSM sig[3] sigid=23 sigstr=5P code=58 idx=2
04:09:10.704 [main] DEBUG org.rtklib.java.rtcm.Rtcm -- MSM sig[4] sigid=31 sigstr=1P code=2 idx=4
04:09:10.704 [main] DEBUG org.rtklib.java.rtcm.Rtcm -- MSM after sigindex: sig[0] code=40 idx=0
04:09:10.704 [main] DEBUG org.rtklib.java.rtcm.Rtcm -- MSM after sigindex: sig[1] code=42 idx=3
04:09:10.704 [main] DEBUG org.rtklib.java.rtcm.Rtcm -- MSM after sigindex: sig[2] code=27 idx=1
04:09:10.704 [main] DEBUG org.rtklib.java.rtcm.Rtcm -- MSM after sigindex: sig[3] code=58 idx=2
04:09:10.704 [main] DEBUG org.rtklib.java.rtcm.Rtcm -- MSM after sigindex: sig[4] code=2 idx=4
04:09:10.704 [main] DEBUG org.rtklib.java.rtcm.Rtcm -- RTCM3 decoded message type=1124, length=54
04:09:10.704 [main] DEBUG org.rtklib.java.rtcm.Rtcm -- MSM BDS TOW: raw=61669000, tow=61683.0
04:09:10.704 [main] DEBUG org.rtklib.java.rtcm.Rtcm -- MSM BDS after adjweek: time.time=1780852083, time.sec=0.0
04:09:10.704 [main] DEBUG org.rtklib.java.rtcm.Rtcm -- decode_msm_head: sys=32 staid=0 nsat=1 nsig=4 sync=0 iod=0 ncell=4
04:09:10.704 [main] DEBUG org.rtklib.java.rtcm.Rtcm -- MSM sig[0] sigid=2 sigstr=2I code=40 idx=0
04:09:10.704 [main] DEBUG org.rtklib.java.rtcm.Rtcm -- MSM sig[1] sigid=8 sigstr=6I code=42 idx=3
04:09:10.705 [main] DEBUG org.rtklib.java.rtcm.Rtcm -- MSM sig[2] sigid=23 sigstr=5P code=58 idx=2
04:09:10.705 [main] DEBUG org.rtklib.java.rtcm.Rtcm -- MSM sig[3] sigid=31 sigstr=1P code=2 idx=4
04:09:10.705 [main] DEBUG org.rtklib.java.rtcm.Rtcm -- MSM after sigindex: sig[0] code=40 idx=0
04:09:10.705 [main] DEBUG org.rtklib.java.rtcm.Rtcm -- MSM after sigindex: sig[1] code=42 idx=3
04:09:10.705 [main] DEBUG org.rtklib.java.rtcm.Rtcm -- MSM after sigindex: sig[2] code=58 idx=2
04:09:10.705 [main] DEBUG org.rtklib.java.rtcm.Rtcm -- MSM after sigindex: sig[3] code=2 idx=4
04:09:10.705 [main] DEBUG org.rtklib.java.rtcm.Rtcm -- RTCM3 decoded message type=1042, length=70
04:09:10.705 [main] DEBUG org.rtklib.java.rtcm.Rtcm -- RTCM3 decoded message type=1005, length=25
04:09:10.705 [main] DEBUG org.rtklib.java.rtcm.Rtcm -- RTCM3 decoded message type=1033, length=27
04:09:10.705 [main] DEBUG org.rtklib.java.rtcm.Rtcm -- RTCM3 decoded message type=1124, length=242
04:09:10.705 [main] DEBUG org.rtklib.java.rtcm.Rtcm -- MSM BDS TOW: raw=61684000, tow=61698.0
04:09:10.705 [main] DEBUG org.rtklib.java.rtcm.Rtcm -- MSM BDS after adjweek: time.time=1780852098, time.sec=0.0
04:09:10.705 [main] DEBUG org.rtklib.java.rtcm.Rtcm -- decode_msm_head: sys=32 staid=0 nsat=12 nsig=5 sync=1 iod=0 ncell=30
04:09:10.705 [main] DEBUG org.rtklib.java.rtcm.Rtcm -- MSM sig[0] sigid=2 sigstr=2I code=40 idx=0
04:09:10.705 [main] DEBUG org.rtklib.java.rtcm.Rtcm -- MSM sig[1] sigid=8 sigstr=6I code=42 idx=3
04:09:10.705 [main] DEBUG org.rtklib.java.rtcm.Rtcm -- MSM sig[2] sigid=14 sigstr=7I code=27 idx=1
04:09:10.705 [main] DEBUG org.rtklib.java.rtcm.Rtcm -- MSM sig[3] sigid=23 sigstr=5P code=58 idx=2
04:09:10.705 [main] DEBUG org.rtklib.java.rtcm.Rtcm -- MSM sig[4] sigid=31 sigstr=1P code=2 idx=4
04:09:10.705 [main] DEBUG org.rtklib.java.rtcm.Rtcm -- MSM after sigindex: sig[0] code=40 idx=0
04:09:10.705 [main] DEBUG org.rtklib.java.rtcm.Rtcm -- MSM after sigindex: sig[1] code=42 idx=3
04:09:10.705 [main] DEBUG org.rtklib.java.rtcm.Rtcm -- MSM after sigindex: sig[2] code=27 idx=1
04:09:10.705 [main] DEBUG org.rtklib.java.rtcm.Rtcm -- MSM after sigindex: sig[3] code=58 idx=2
04:09:10.705 [main] DEBUG org.rtklib.java.rtcm.Rtcm -- MSM after sigindex: sig[4] code=2 idx=4
04:09:10.705 [main] DEBUG org.rtklib.java.rtcm.Rtcm -- RTCM3 decoded message type=1124, length=54
04:09:10.705 [main] DEBUG org.rtklib.java.rtcm.Rtcm -- MSM BDS TOW: raw=61684000, tow=61698.0
04:09:10.705 [main] DEBUG org.rtklib.java.rtcm.Rtcm -- MSM BDS after adjweek: time.time=1780852098, time.sec=0.0
04:09:10.705 [main] DEBUG org.rtklib.java.rtcm.Rtcm -- decode_msm_head: sys=32 staid=0 nsat=1 nsig=4 sync=0 iod=0 ncell=4
04:09:10.705 [main] DEBUG org.rtklib.java.rtcm.Rtcm -- MSM sig[0] sigid=2 sigstr=2I code=40 idx=0
04:09:10.705 [main] DEBUG org.rtklib.java.rtcm.Rtcm -- MSM sig[1] sigid=8 sigstr=6I code=42 idx=3
04:09:10.705 [main] DEBUG org.rtklib.java.rtcm.Rtcm -- MSM sig[2] sigid=23 sigstr=5P code=58 idx=2
04:09:10.705 [main] DEBUG org.rtklib.java.rtcm.Rtcm -- MSM sig[3] sigid=31 sigstr=1P code=2 idx=4
04:09:10.705 [main] DEBUG org.rtklib.java.rtcm.Rtcm -- MSM after sigindex: sig[0] code=40 idx=0
04:09:10.705 [main] DEBUG org.rtklib.java.rtcm.Rtcm -- MSM after sigindex: sig[1] code=42 idx=3
04:09:10.705 [main] DEBUG org.rtklib.java.rtcm.Rtcm -- MSM after sigindex: sig[2] code=58 idx=2
04:09:10.705 [main] DEBUG org.rtklib.java.rtcm.Rtcm -- MSM after sigindex: sig[3] code=2 idx=4
04:09:10.705 [main] DEBUG org.rtklib.java.rtcm.Rtcm -- RTCM3 decoded message type=1042, length=70
04:09:10.705 [main] DEBUG org.rtklib.java.rtcm.Rtcm -- RTCM3 decoded message type=1005, length=25
04:09:10.705 [main] DEBUG org.rtklib.java.rtcm.Rtcm -- RTCM3 decoded message type=1033, length=27
04:09:10.705 [main] DEBUG org.rtklib.java.rtcm.Rtcm -- RTCM3 decoded message type=1124, length=266
04:09:10.705 [main] DEBUG org.rtklib.java.rtcm.Rtcm -- MSM BDS TOW: raw=61699000, tow=61713.0
04:09:10.705 [main] DEBUG org.rtklib.java.rtcm.Rtcm -- MSM BDS after adjweek: time.time=1780852113, time.sec=0.0
04:09:10.705 [main] DEBUG org.rtklib.java.rtcm.Rtcm -- decode_msm_head: sys=32 staid=0 nsat=12 nsig=5 sync=0 iod=0 ncell=34
04:09:10.705 [main] DEBUG org.rtklib.java.rtcm.Rtcm -- MSM sig[0] sigid=2 sigstr=2I code=40 idx=0
04:09:10.705 [main] DEBUG org.rtklib.java.rtcm.Rtcm -- MSM sig[1] sigid=8 sigstr=6I code=42 idx=3
04:09:10.705 [main] DEBUG org.rtklib.java.rtcm.Rtcm -- MSM sig[2] sigid=14 sigstr=7I code=27 idx=1
04:09:10.705 [main] DEBUG org.rtklib.java.rtcm.Rtcm -- MSM sig[3] sigid=23 sigstr=5P code=58 idx=2
04:09:10.705 [main] DEBUG org.rtklib.java.rtcm.Rtcm -- MSM sig[4] sigid=31 sigstr=1P code=2 idx=4
04:09:10.705 [main] DEBUG org.rtklib.java.rtcm.Rtcm -- MSM after sigindex: sig[0] code=40 idx=0
04:09:10.705 [main] DEBUG org.rtklib.java.rtcm.Rtcm -- MSM after sigindex: sig[1] code=42 idx=3
04:09:10.705 [main] DEBUG org.rtklib.java.rtcm.Rtcm -- MSM after sigindex: sig[2] code=27 idx=1
04:09:10.705 [main] DEBUG org.rtklib.java.rtcm.Rtcm -- MSM after sigindex: sig[3] code=58 idx=2
04:09:10.705 [main] DEBUG org.rtklib.java.rtcm.Rtcm -- MSM after sigindex: sig[4] code=2 idx=4
04:09:10.705 [main] DEBUG org.rtklib.java.rtcm.Rtcm -- RTCM3 decoded message type=1042, length=70
04:09:10.705 [main] DEBUG org.rtklib.java.rtcm.Rtcm -- RTCM3 decoded message type=1005, length=25
04:09:10.705 [main] DEBUG org.rtklib.java.rtcm.Rtcm -- RTCM3 decoded message type=1033, length=27
04:09:10.705 [main] DEBUG org.rtklib.java.rtcm.Rtcm -- RTCM3 decoded message type=1124, length=248
04:09:10.705 [main] DEBUG org.rtklib.java.rtcm.Rtcm -- MSM BDS TOW: raw=61714000, tow=61728.0
04:09:10.705 [main] DEBUG org.rtklib.java.rtcm.Rtcm -- MSM BDS after adjweek: time.time=1780852128, time.sec=0.0
04:09:10.705 [main] DEBUG org.rtklib.java.rtcm.Rtcm -- decode_msm_head: sys=32 staid=0 nsat=12 nsig=5 sync=1 iod=0 ncell=31
04:09:10.705 [main] DEBUG org.rtklib.java.rtcm.Rtcm -- MSM sig[0] sigid=2 sigstr=2I code=40 idx=0
04:09:10.705 [main] DEBUG org.rtklib.java.rtcm.Rtcm -- MSM sig[1] sigid=8 sigstr=6I code=42 idx=3
04:09:10.705 [main] DEBUG org.rtklib.java.rtcm.Rtcm -- MSM sig[2] sigid=14 sigstr=7I code=27 idx=1
04:09:10.705 [main] DEBUG org.rtklib.java.rtcm.Rtcm -- MSM sig[3] sigid=23 sigstr=5P code=58 idx=2
04:09:10.705 [main] DEBUG org.rtklib.java.rtcm.Rtcm -- MSM sig[4] sigid=31 sigstr=1P code=2 idx=4
04:09:10.705 [main] DEBUG org.rtklib.java.rtcm.Rtcm -- MSM after sigindex: sig[0] code=40 idx=0
04:09:10.705 [main] DEBUG org.rtklib.java.rtcm.Rtcm -- MSM after sigindex: sig[1] code=42 idx=3
04:09:10.705 [main] DEBUG org.rtklib.java.rtcm.Rtcm -- MSM after sigindex: sig[2] code=27 idx=1
04:09:10.705 [main] DEBUG org.rtklib.java.rtcm.Rtcm -- MSM after sigindex: sig[3] code=58 idx=2
04:09:10.705 [main] DEBUG org.rtklib.java.rtcm.Rtcm -- MSM after sigindex: sig[4] code=2 idx=4
04:09:10.705 [main] DEBUG org.rtklib.java.rtcm.Rtcm -- RTCM3 decoded message type=1124, length=54
04:09:10.705 [main] DEBUG org.rtklib.java.rtcm.Rtcm -- MSM BDS TOW: raw=61714000, tow=61728.0
04:09:10.705 [main] DEBUG org.rtklib.java.rtcm.Rtcm -- MSM BDS after adjweek: time.time=1780852128, time.sec=0.0
04:09:10.705 [main] DEBUG org.rtklib.java.rtcm.Rtcm -- decode_msm_head: sys=32 staid=0 nsat=1 nsig=4 sync=0 iod=0 ncell=4
04:09:10.705 [main] DEBUG org.rtklib.java.rtcm.Rtcm -- MSM sig[0] sigid=2 sigstr=2I code=40 idx=0
04:09:10.705 [main] DEBUG org.rtklib.java.rtcm.Rtcm -- MSM sig[1] sigid=8 sigstr=6I code=42 idx=3
04:09:10.705 [main] DEBUG org.rtklib.java.rtcm.Rtcm -- MSM sig[2] sigid=23 sigstr=5P code=58 idx=2
04:09:10.705 [main] DEBUG org.rtklib.java.rtcm.Rtcm -- MSM sig[3] sigid=31 sigstr=1P code=2 idx=4
04:09:10.705 [main] DEBUG org.rtklib.java.rtcm.Rtcm -- MSM after sigindex: sig[0] code=40 idx=0
04:09:10.705 [main] DEBUG org.rtklib.java.rtcm.Rtcm -- MSM after sigindex: sig[1] code=42 idx=3
04:09:10.705 [main] DEBUG org.rtklib.java.rtcm.Rtcm -- MSM after sigindex: sig[2] code=58 idx=2
04:09:10.705 [main] DEBUG org.rtklib.java.rtcm.Rtcm -- MSM after sigindex: sig[3] code=2 idx=4
04:09:10.705 [main] DEBUG org.rtklib.java.rtcm.Rtcm -- RTCM3 decoded message type=1042, length=70
04:09:10.705 [main] DEBUG org.rtklib.java.rtcm.Rtcm -- RTCM3 decoded message type=1005, length=25
04:09:10.705 [main] DEBUG org.rtklib.java.rtcm.Rtcm -- RTCM3 decoded message type=1033, length=27
04:09:10.705 [main] DEBUG org.rtklib.java.rtcm.Rtcm -- RTCM3 decoded message type=1124, length=266
04:09:10.705 [main] DEBUG org.rtklib.java.rtcm.Rtcm -- MSM BDS TOW: raw=61729000, tow=61743.0
04:09:10.705 [main] DEBUG org.rtklib.java.rtcm.Rtcm -- MSM BDS after adjweek: time.time=1780852143, time.sec=0.0
04:09:10.705 [main] DEBUG org.rtklib.java.rtcm.Rtcm -- decode_msm_head: sys=32 staid=0 nsat=12 nsig=5 sync=0 iod=0 ncell=34
04:09:10.705 [main] DEBUG org.rtklib.java.rtcm.Rtcm -- MSM sig[0] sigid=2 sigstr=2I code=40 idx=0
04:09:10.705 [main] DEBUG org.rtklib.java.rtcm.Rtcm -- MSM sig[1] sigid=8 sigstr=6I code=42 idx=3
04:09:10.705 [main] DEBUG org.rtklib.java.rtcm.Rtcm -- MSM sig[2] sigid=14 sigstr=7I code=27 idx=1
04:09:10.705 [main] DEBUG org.rtklib.java.rtcm.Rtcm -- MSM sig[3] sigid=23 sigstr=5P code=58 idx=2
04:09:10.705 [main] DEBUG org.rtklib.java.rtcm.Rtcm -- MSM sig[4] sigid=31 sigstr=1P code=2 idx=4
04:09:10.705 [main] DEBUG org.rtklib.java.rtcm.Rtcm -- MSM after sigindex: sig[0] code=40 idx=0
04:09:10.705 [main] DEBUG org.rtklib.java.rtcm.Rtcm -- MSM after sigindex: sig[1] code=42 idx=3
04:09:10.705 [main] DEBUG org.rtklib.java.rtcm.Rtcm -- MSM after sigindex: sig[2] code=27 idx=1
04:09:10.705 [main] DEBUG org.rtklib.java.rtcm.Rtcm -- MSM after sigindex: sig[3] code=58 idx=2
04:09:10.705 [main] DEBUG org.rtklib.java.rtcm.Rtcm -- MSM after sigindex: sig[4] code=2 idx=4
04:09:10.706 [main] DEBUG org.rtklib.java.rtcm.Rtcm -- RTCM3 decoded message type=1042, length=70
04:09:10.706 [main] DEBUG org.rtklib.java.rtcm.Rtcm -- RTCM3 decoded message type=1005, length=25
04:09:10.706 [main] DEBUG org.rtklib.java.rtcm.Rtcm -- RTCM3 decoded message type=1033, length=27
04:09:10.706 [main] DEBUG org.rtklib.java.rtcm.Rtcm -- RTCM3 decoded message type=1124, length=266
04:09:10.706 [main] DEBUG org.rtklib.java.rtcm.Rtcm -- MSM BDS TOW: raw=61744000, tow=61758.0
04:09:10.706 [main] DEBUG org.rtklib.java.rtcm.Rtcm -- MSM BDS after adjweek: time.time=1780852158, time.sec=0.0
04:09:10.706 [main] DEBUG org.rtklib.java.rtcm.Rtcm -- decode_msm_head: sys=32 staid=0 nsat=12 nsig=5 sync=0 iod=0 ncell=34
04:09:10.706 [main] DEBUG org.rtklib.java.rtcm.Rtcm -- MSM sig[0] sigid=2 sigstr=2I code=40 idx=0
04:09:10.706 [main] DEBUG org.rtklib.java.rtcm.Rtcm -- MSM sig[1] sigid=8 sigstr=6I code=42 idx=3
04:09:10.706 [main] DEBUG org.rtklib.java.rtcm.Rtcm -- MSM sig[2] sigid=14 sigstr=7I code=27 idx=1
04:09:10.706 [main] DEBUG org.rtklib.java.rtcm.Rtcm -- MSM sig[3] sigid=23 sigstr=5P code=58 idx=2
04:09:10.706 [main] DEBUG org.rtklib.java.rtcm.Rtcm -- MSM sig[4] sigid=31 sigstr=1P code=2 idx=4
04:09:10.706 [main] DEBUG org.rtklib.java.rtcm.Rtcm -- MSM after sigindex: sig[0] code=40 idx=0
04:09:10.706 [main] DEBUG org.rtklib.java.rtcm.Rtcm -- MSM after sigindex: sig[1] code=42 idx=3
04:09:10.706 [main] DEBUG org.rtklib.java.rtcm.Rtcm -- MSM after sigindex: sig[2] code=27 idx=1
04:09:10.706 [main] DEBUG org.rtklib.java.rtcm.Rtcm -- MSM after sigindex: sig[3] code=58 idx=2
04:09:10.706 [main] DEBUG org.rtklib.java.rtcm.Rtcm -- MSM after sigindex: sig[4] code=2 idx=4
04:09:10.706 [main] DEBUG org.rtklib.java.rtcm.Rtcm -- RTCM3 decoded message type=1042, length=70
04:09:10.706 [main] DEBUG org.rtklib.java.rtcm.Rtcm -- RTCM3 decoded message type=1005, length=25
04:09:10.706 [main] DEBUG org.rtklib.java.rtcm.Rtcm -- RTCM3 decoded message type=1033, length=27
04:09:10.706 [main] DEBUG org.rtklib.java.rtcm.Rtcm -- RTCM3 decoded message type=1124, length=266
04:09:10.706 [main] DEBUG org.rtklib.java.rtcm.Rtcm -- MSM BDS TOW: raw=61759000, tow=61773.0
04:09:10.706 [main] DEBUG org.rtklib.java.rtcm.Rtcm -- MSM BDS after adjweek: time.time=1780852173, time.sec=0.0
04:09:10.706 [main] DEBUG org.rtklib.java.rtcm.Rtcm -- decode_msm_head: sys=32 staid=0 nsat=12 nsig=5 sync=0 iod=0 ncell=34
04:09:10.706 [main] DEBUG org.rtklib.java.rtcm.Rtcm -- MSM sig[0] sigid=2 sigstr=2I code=40 idx=0
04:09:10.706 [main] DEBUG org.rtklib.java.rtcm.Rtcm -- MSM sig[1] sigid=8 sigstr=6I code=42 idx=3
04:09:10.706 [main] DEBUG org.rtklib.java.rtcm.Rtcm -- MSM sig[2] sigid=14 sigstr=7I code=27 idx=1
04:09:10.706 [main] DEBUG org.rtklib.java.rtcm.Rtcm -- MSM sig[3] sigid=23 sigstr=5P code=58 idx=2
04:09:10.706 [main] DEBUG org.rtklib.java.rtcm.Rtcm -- MSM sig[4] sigid=31 sigstr=1P code=2 idx=4
04:09:10.706 [main] DEBUG org.rtklib.java.rtcm.Rtcm -- MSM after sigindex: sig[0] code=40 idx=0
04:09:10.706 [main] DEBUG org.rtklib.java.rtcm.Rtcm -- MSM after sigindex: sig[1] code=42 idx=3
04:09:10.706 [main] DEBUG org.rtklib.java.rtcm.Rtcm -- MSM after sigindex: sig[2] code=27 idx=1
04:09:10.706 [main] DEBUG org.rtklib.java.rtcm.Rtcm -- MSM after sigindex: sig[3] code=58 idx=2
04:09:10.706 [main] DEBUG org.rtklib.java.rtcm.Rtcm -- MSM after sigindex: sig[4] code=2 idx=4
04:09:10.706 [main] DEBUG org.rtklib.java.rtcm.Rtcm -- RTCM3 decoded message type=1042, length=70
04:09:10.706 [main] DEBUG org.rtklib.java.rtcm.Rtcm -- RTCM3 decoded message type=1005, length=25
04:09:10.706 [main] DEBUG org.rtklib.java.rtcm.Rtcm -- RTCM3 decoded message type=1033, length=27
04:09:10.706 [main] DEBUG org.rtklib.java.rtcm.Rtcm -- RTCM3 decoded message type=1124, length=266
04:09:10.706 [main] DEBUG org.rtklib.java.rtcm.Rtcm -- MSM BDS TOW: raw=61774000, tow=61788.0
04:09:10.706 [main] DEBUG org.rtklib.java.rtcm.Rtcm -- MSM BDS after adjweek: time.time=1780852188, time.sec=0.0
04:09:10.706 [main] DEBUG org.rtklib.java.rtcm.Rtcm -- decode_msm_head: sys=32 staid=0 nsat=12 nsig=5 sync=0 iod=0 ncell=34
04:09:10.706 [main] DEBUG org.rtklib.java.rtcm.Rtcm -- MSM sig[0] sigid=2 sigstr=2I code=40 idx=0
04:09:10.707 [main] DEBUG org.rtklib.java.rtcm.Rtcm -- MSM sig[1] sigid=8 sigstr=6I code=42 idx=3
04:09:10.707 [main] DEBUG org.rtklib.java.rtcm.Rtcm -- MSM sig[2] sigid=14 sigstr=7I code=27 idx=1
04:09:10.707 [main] DEBUG org.rtklib.java.rtcm.Rtcm -- MSM sig[3] sigid=23 sigstr=5P code=58 idx=2
04:09:10.707 [main] DEBUG org.rtklib.java.rtcm.Rtcm -- MSM sig[4] sigid=31 sigstr=1P code=2 idx=4
04:09:10.707 [main] DEBUG org.rtklib.java.rtcm.Rtcm -- MSM after sigindex: sig[0] code=40 idx=0
04:09:10.707 [main] DEBUG org.rtklib.java.rtcm.Rtcm -- MSM after sigindex: sig[1] code=42 idx=3
04:09:10.707 [main] DEBUG org.rtklib.java.rtcm.Rtcm -- MSM after sigindex: sig[2] code=27 idx=1
04:09:10.707 [main] DEBUG org.rtklib.java.rtcm.Rtcm -- MSM after sigindex: sig[3] code=58 idx=2
04:09:10.707 [main] DEBUG org.rtklib.java.rtcm.Rtcm -- MSM after sigindex: sig[4] code=2 idx=4
04:09:10.707 [main] DEBUG org.rtklib.java.rtcm.Rtcm -- RTCM3 decoded message type=1042, length=70
04:09:10.707 [main] DEBUG org.rtklib.java.rtcm.Rtcm -- RTCM3 decoded message type=1005, length=25
04:09:10.707 [main] DEBUG org.rtklib.java.rtcm.Rtcm -- RTCM3 decoded message type=1033, length=27
04:09:10.707 [main] DEBUG org.rtklib.java.rtcm.Rtcm -- RTCM3 decoded message type=1124, length=257
04:09:10.707 [main] DEBUG org.rtklib.java.rtcm.Rtcm -- MSM BDS TOW: raw=61789000, tow=61803.0
04:09:10.707 [main] DEBUG org.rtklib.java.rtcm.Rtcm -- MSM BDS after adjweek: time.time=1780852203, time.sec=0.0
04:09:10.707 [main] DEBUG org.rtklib.java.rtcm.Rtcm -- decode_msm_head: sys=32 staid=0 nsat=11 nsig=5 sync=0 iod=0 ncell=33
04:09:10.707 [main] DEBUG org.rtklib.java.rtcm.Rtcm -- MSM sig[0] sigid=2 sigstr=2I code=40 idx=0
04:09:10.707 [main] DEBUG org.rtklib.java.rtcm.Rtcm -- MSM sig[1] sigid=8 sigstr=6I code=42 idx=3
04:09:10.707 [main] DEBUG org.rtklib.java.rtcm.Rtcm -- MSM sig[2] sigid=14 sigstr=7I code=27 idx=1
04:09:10.707 [main] DEBUG org.rtklib.java.rtcm.Rtcm -- MSM sig[3] sigid=23 sigstr=5P code=58 idx=2
04:09:10.707 [main] DEBUG org.rtklib.java.rtcm.Rtcm -- MSM sig[4] sigid=31 sigstr=1P code=2 idx=4
04:09:10.707 [main] DEBUG org.rtklib.java.rtcm.Rtcm -- MSM after sigindex: sig[0] code=40 idx=0
04:09:10.707 [main] DEBUG org.rtklib.java.rtcm.Rtcm -- MSM after sigindex: sig[1] code=42 idx=3
04:09:10.707 [main] DEBUG org.rtklib.java.rtcm.Rtcm -- MSM after sigindex: sig[2] code=27 idx=1
04:09:10.707 [main] DEBUG org.rtklib.java.rtcm.Rtcm -- MSM after sigindex: sig[3] code=58 idx=2
04:09:10.707 [main] DEBUG org.rtklib.java.rtcm.Rtcm -- MSM after sigindex: sig[4] code=2 idx=4
04:09:10.707 [main] DEBUG org.rtklib.java.rtcm.Rtcm -- RTCM3 decoded message type=1042, length=70
04:09:10.707 [main] DEBUG org.rtklib.java.rtcm.Rtcm -- RTCM3 decoded message type=1005, length=25
04:09:10.707 [main] DEBUG org.rtklib.java.rtcm.Rtcm -- RTCM3 decoded message type=1033, length=27
04:09:10.707 [main] DEBUG org.rtklib.java.rtcm.Rtcm -- RTCM3 decoded message type=1124, length=257
04:09:10.707 [main] DEBUG org.rtklib.java.rtcm.Rtcm -- MSM BDS TOW: raw=61804000, tow=61818.0
04:09:10.707 [main] DEBUG org.rtklib.java.rtcm.Rtcm -- MSM BDS after adjweek: time.time=1780852218, time.sec=0.0
04:09:10.707 [main] DEBUG org.rtklib.java.rtcm.Rtcm -- decode_msm_head: sys=32 staid=0 nsat=11 nsig=5 sync=0 iod=0 ncell=33
04:09:10.707 [main] DEBUG org.rtklib.java.rtcm.Rtcm -- MSM sig[0] sigid=2 sigstr=2I code=40 idx=0
04:09:10.707 [main] DEBUG org.rtklib.java.rtcm.Rtcm -- MSM sig[1] sigid=8 sigstr=6I code=42 idx=3
04:09:10.707 [main] DEBUG org.rtklib.java.rtcm.Rtcm -- MSM sig[2] sigid=14 sigstr=7I code=27 idx=1
04:09:10.707 [main] DEBUG org.rtklib.java.rtcm.Rtcm -- MSM sig[3] sigid=23 sigstr=5P code=58 idx=2
04:09:10.707 [main] DEBUG org.rtklib.java.rtcm.Rtcm -- MSM sig[4] sigid=31 sigstr=1P code=2 idx=4
04:09:10.707 [main] DEBUG org.rtklib.java.rtcm.Rtcm -- MSM after sigindex: sig[0] code=40 idx=0
04:09:10.707 [main] DEBUG org.rtklib.java.rtcm.Rtcm -- MSM after sigindex: sig[1] code=42 idx=3
04:09:10.707 [main] DEBUG org.rtklib.java.rtcm.Rtcm -- MSM after sigindex: sig[2] code=27 idx=1
04:09:10.707 [main] DEBUG org.rtklib.java.rtcm.Rtcm -- MSM after sigindex: sig[3] code=58 idx=2
04:09:10.707 [main] DEBUG org.rtklib.java.rtcm.Rtcm -- MSM after sigindex: sig[4] code=2 idx=4
04:09:10.707 [main] DEBUG org.rtklib.java.rtcm.Rtcm -- RTCM3 decoded message type=1042, length=70
04:09:10.707 [main] DEBUG org.rtklib.java.rtcm.Rtcm -- RTCM3 decoded message type=1005, length=25
04:09:10.707 [main] DEBUG org.rtklib.java.rtcm.Rtcm -- RTCM3 decoded message type=1033, length=27
04:09:10.707 [main] DEBUG org.rtklib.java.rtcm.Rtcm -- RTCM3 decoded message type=1124, length=266
04:09:10.707 [main] DEBUG org.rtklib.java.rtcm.Rtcm -- MSM BDS TOW: raw=61819000, tow=61833.0
04:09:10.707 [main] DEBUG org.rtklib.java.rtcm.Rtcm -- MSM BDS after adjweek: time.time=1780852233, time.sec=0.0
04:09:10.707 [main] DEBUG org.rtklib.java.rtcm.Rtcm -- decode_msm_head: sys=32 staid=0 nsat=12 nsig=5 sync=0 iod=0 ncell=34
04:09:10.707 [main] DEBUG org.rtklib.java.rtcm.Rtcm -- MSM sig[0] sigid=2 sigstr=2I code=40 idx=0
04:09:10.707 [main] DEBUG org.rtklib.java.rtcm.Rtcm -- MSM sig[1] sigid=8 sigstr=6I code=42 idx=3
04:09:10.707 [main] DEBUG org.rtklib.java.rtcm.Rtcm -- MSM sig[2] sigid=14 sigstr=7I code=27 idx=1
04:09:10.707 [main] DEBUG org.rtklib.java.rtcm.Rtcm -- MSM sig[3] sigid=23 sigstr=5P code=58 idx=2
04:09:10.707 [main] DEBUG org.rtklib.java.rtcm.Rtcm -- MSM sig[4] sigid=31 sigstr=1P code=2 idx=4
04:09:10.707 [main] DEBUG org.rtklib.java.rtcm.Rtcm -- MSM after sigindex: sig[0] code=40 idx=0
04:09:10.707 [main] DEBUG org.rtklib.java.rtcm.Rtcm -- MSM after sigindex: sig[1] code=42 idx=3
04:09:10.707 [main] DEBUG org.rtklib.java.rtcm.Rtcm -- MSM after sigindex: sig[2] code=27 idx=1
04:09:10.707 [main] DEBUG org.rtklib.java.rtcm.Rtcm -- MSM after sigindex: sig[3] code=58 idx=2
04:09:10.707 [main] DEBUG org.rtklib.java.rtcm.Rtcm -- MSM after sigindex: sig[4] code=2 idx=4
04:09:10.707 [main] DEBUG org.rtklib.java.rtcm.Rtcm -- RTCM3 decoded message type=1042, length=70
04:09:10.707 [main] DEBUG org.rtklib.java.rtcm.Rtcm -- RTCM3 decoded message type=1005, length=25
04:09:10.707 [main] DEBUG org.rtklib.java.rtcm.Rtcm -- RTCM3 decoded message type=1033, length=27
04:09:10.707 [main] DEBUG org.rtklib.java.rtcm.Rtcm -- RTCM3 decoded message type=1124, length=266
04:09:10.707 [main] DEBUG org.rtklib.java.rtcm.Rtcm -- MSM BDS TOW: raw=61834000, tow=61848.0
04:09:10.707 [main] DEBUG org.rtklib.java.rtcm.Rtcm -- MSM BDS after adjweek: time.time=1780852248, time.sec=0.0
04:09:10.707 [main] DEBUG org.rtklib.java.rtcm.Rtcm -- decode_msm_head: sys=32 staid=0 nsat=12 nsig=5 sync=0 iod=0 ncell=34
04:09:10.707 [main] DEBUG org.rtklib.java.rtcm.Rtcm -- MSM sig[0] sigid=2 sigstr=2I code=40 idx=0
04:09:10.707 [main] DEBUG org.rtklib.java.rtcm.Rtcm -- MSM sig[1] sigid=8 sigstr=6I code=42 idx=3
04:09:10.707 [main] DEBUG org.rtklib.java.rtcm.Rtcm -- MSM sig[2] sigid=14 sigstr=7I code=27 idx=1
04:09:10.707 [main] DEBUG org.rtklib.java.rtcm.Rtcm -- MSM sig[3] sigid=23 sigstr=5P code=58 idx=2
04:09:10.707 [main] DEBUG org.rtklib.java.rtcm.Rtcm -- MSM sig[4] sigid=31 sigstr=1P code=2 idx=4
04:09:10.707 [main] DEBUG org.rtklib.java.rtcm.Rtcm -- MSM after sigindex: sig[0] code=40 idx=0
04:09:10.707 [main] DEBUG org.rtklib.java.rtcm.Rtcm -- MSM after sigindex: sig[1] code=42 idx=3
04:09:10.707 [main] DEBUG org.rtklib.java.rtcm.Rtcm -- MSM after sigindex: sig[2] code=27 idx=1
04:09:10.707 [main] DEBUG org.rtklib.java.rtcm.Rtcm -- MSM after sigindex: sig[3] code=58 idx=2
04:09:10.707 [main] DEBUG org.rtklib.java.rtcm.Rtcm -- MSM after sigindex: sig[4] code=2 idx=4
04:09:10.707 [main] DEBUG org.rtklib.java.rtcm.Rtcm -- RTCM3 decoded message type=1042, length=70
04:09:10.707 [main] DEBUG org.rtklib.java.rtcm.Rtcm -- RTCM3 decoded message type=1005, length=25
04:09:10.707 [main] DEBUG org.rtklib.java.rtcm.Rtcm -- RTCM3 decoded message type=1033, length=27
04:09:10.707 [main] DEBUG org.rtklib.java.rtcm.Rtcm -- RTCM3 decoded message type=1124, length=257
04:09:10.707 [main] DEBUG org.rtklib.java.rtcm.Rtcm -- MSM BDS TOW: raw=61849000, tow=61863.0
04:09:10.707 [main] DEBUG org.rtklib.java.rtcm.Rtcm -- MSM BDS after adjweek: time.time=1780852263, time.sec=0.0
04:09:10.707 [main] DEBUG org.rtklib.java.rtcm.Rtcm -- decode_msm_head: sys=32 staid=0 nsat=11 nsig=5 sync=0 iod=0 ncell=33
04:09:10.707 [main] DEBUG org.rtklib.java.rtcm.Rtcm -- MSM sig[0] sigid=2 sigstr=2I code=40 idx=0
04:09:10.707 [main] DEBUG org.rtklib.java.rtcm.Rtcm -- MSM sig[1] sigid=8 sigstr=6I code=42 idx=3
04:09:10.707 [main] DEBUG org.rtklib.java.rtcm.Rtcm -- MSM sig[2] sigid=14 sigstr=7I code=27 idx=1
04:09:10.707 [main] DEBUG org.rtklib.java.rtcm.Rtcm -- MSM sig[3] sigid=23 sigstr=5P code=58 idx=2
04:09:10.707 [main] DEBUG org.rtklib.java.rtcm.Rtcm -- MSM sig[4] sigid=31 sigstr=1P code=2 idx=4
04:09:10.707 [main] DEBUG org.rtklib.java.rtcm.Rtcm -- MSM after sigindex: sig[0] code=40 idx=0
04:09:10.708 [main] DEBUG org.rtklib.java.rtcm.Rtcm -- MSM after sigindex: sig[1] code=42 idx=3
04:09:10.708 [main] DEBUG org.rtklib.java.rtcm.Rtcm -- MSM after sigindex: sig[2] code=27 idx=1
04:09:10.708 [main] DEBUG org.rtklib.java.rtcm.Rtcm -- MSM after sigindex: sig[3] code=58 idx=2
04:09:10.708 [main] DEBUG org.rtklib.java.rtcm.Rtcm -- MSM after sigindex: sig[4] code=2 idx=4
04:09:10.708 [main] DEBUG org.rtklib.java.rtcm.Rtcm -- RTCM3 decoded message type=1042, length=70
04:09:10.708 [main] DEBUG org.rtklib.java.rtcm.Rtcm -- RTCM3 decoded message type=1005, length=25
04:09:10.708 [main] DEBUG org.rtklib.java.rtcm.Rtcm -- RTCM3 decoded message type=1033, length=27
04:09:10.708 [main] DEBUG org.rtklib.java.rtcm.Rtcm -- RTCM3 decoded message type=1124, length=257
04:09:10.708 [main] DEBUG org.rtklib.java.rtcm.Rtcm -- MSM BDS TOW: raw=61864000, tow=61878.0
04:09:10.708 [main] DEBUG org.rtklib.java.rtcm.Rtcm -- MSM BDS after adjweek: time.time=1780852278, time.sec=0.0
04:09:10.708 [main] DEBUG org.rtklib.java.rtcm.Rtcm -- decode_msm_head: sys=32 staid=0 nsat=11 nsig=5 sync=0 iod=0 ncell=33
04:09:10.708 [main] DEBUG org.rtklib.java.rtcm.Rtcm -- MSM sig[0] sigid=2 sigstr=2I code=40 idx=0
04:09:10.708 [main] DEBUG org.rtklib.java.rtcm.Rtcm -- MSM sig[1] sigid=8 sigstr=6I code=42 idx=3
04:09:10.708 [main] DEBUG org.rtklib.java.rtcm.Rtcm -- MSM sig[2] sigid=14 sigstr=7I code=27 idx=1
04:09:10.708 [main] DEBUG org.rtklib.java.rtcm.Rtcm -- MSM sig[3] sigid=23 sigstr=5P code=58 idx=2
04:09:10.708 [main] DEBUG org.rtklib.java.rtcm.Rtcm -- MSM sig[4] sigid=31 sigstr=1P code=2 idx=4
04:09:10.708 [main] DEBUG org.rtklib.java.rtcm.Rtcm -- MSM after sigindex: sig[0] code=40 idx=0
04:09:10.708 [main] DEBUG org.rtklib.java.rtcm.Rtcm -- MSM after sigindex: sig[1] code=42 idx=3
04:09:10.708 [main] DEBUG org.rtklib.java.rtcm.Rtcm -- MSM after sigindex: sig[2] code=27 idx=1
04:09:10.708 [main] DEBUG org.rtklib.java.rtcm.Rtcm -- MSM after sigindex: sig[3] code=58 idx=2
04:09:10.708 [main] DEBUG org.rtklib.java.rtcm.Rtcm -- MSM after sigindex: sig[4] code=2 idx=4
04:09:10.708 [main] DEBUG org.rtklib.java.rtcm.Rtcm -- RTCM3 decoded message type=1042, length=70
04:09:10.708 [main] DEBUG org.rtklib.java.rtcm.Rtcm -- RTCM3 decoded message type=1005, length=25
04:09:10.708 [main] DEBUG org.rtklib.java.rtcm.Rtcm -- RTCM3 decoded message type=1033, length=27
04:09:10.708 [main] DEBUG org.rtklib.java.rtcm.Rtcm -- RTCM3 decoded message type=1124, length=257
04:09:10.708 [main] DEBUG org.rtklib.java.rtcm.Rtcm -- MSM BDS TOW: raw=61879000, tow=61893.0
04:09:10.708 [main] DEBUG org.rtklib.java.rtcm.Rtcm -- MSM BDS after adjweek: time.time=1780852293, time.sec=0.0
04:09:10.708 [main] DEBUG org.rtklib.java.rtcm.Rtcm -- decode_msm_head: sys=32 staid=0 nsat=11 nsig=5 sync=0 iod=0 ncell=33
04:09:10.708 [main] DEBUG org.rtklib.java.rtcm.Rtcm -- MSM sig[0] sigid=2 sigstr=2I code=40 idx=0
04:09:10.708 [main] DEBUG org.rtklib.java.rtcm.Rtcm -- MSM sig[1] sigid=8 sigstr=6I code=42 idx=3
04:09:10.708 [main] DEBUG org.rtklib.java.rtcm.Rtcm -- MSM sig[2] sigid=14 sigstr=7I code=27 idx=1
04:09:10.708 [main] DEBUG org.rtklib.java.rtcm.Rtcm -- MSM sig[3] sigid=23 sigstr=5P code=58 idx=2
04:09:10.708 [main] DEBUG org.rtklib.java.rtcm.Rtcm -- MSM sig[4] sigid=31 sigstr=1P code=2 idx=4
04:09:10.708 [main] DEBUG org.rtklib.java.rtcm.Rtcm -- MSM after sigindex: sig[0] code=40 idx=0
04:09:10.708 [main] DEBUG org.rtklib.java.rtcm.Rtcm -- MSM after sigindex: sig[1] code=42 idx=3
04:09:10.708 [main] DEBUG org.rtklib.java.rtcm.Rtcm -- MSM after sigindex: sig[2] code=27 idx=1
04:09:10.708 [main] DEBUG org.rtklib.java.rtcm.Rtcm -- MSM after sigindex: sig[3] code=58 idx=2
04:09:10.708 [main] DEBUG org.rtklib.java.rtcm.Rtcm -- MSM after sigindex: sig[4] code=2 idx=4
04:09:10.708 [main] DEBUG org.rtklib.java.rtcm.Rtcm -- RTCM3 decoded message type=1042, length=70
04:09:10.708 [main] DEBUG org.rtklib.java.rtcm.Rtcm -- RTCM3 decoded message type=1005, length=25
04:09:10.708 [main] DEBUG org.rtklib.java.rtcm.Rtcm -- RTCM3 decoded message type=1033, length=27
04:09:10.708 [main] DEBUG org.rtklib.java.rtcm.Rtcm -- RTCM3 decoded message type=1124, length=257
04:09:10.708 [main] DEBUG org.rtklib.java.rtcm.Rtcm -- MSM BDS TOW: raw=61894000, tow=61908.0
04:09:10.708 [main] DEBUG org.rtklib.java.rtcm.Rtcm -- MSM BDS after adjweek: time.time=1780852308, time.sec=0.0
04:09:10.708 [main] DEBUG org.rtklib.java.rtcm.Rtcm -- decode_msm_head: sys=32 staid=0 nsat=11 nsig=5 sync=0 iod=0 ncell=33
04:09:10.708 [main] DEBUG org.rtklib.java.rtcm.Rtcm -- MSM sig[0] sigid=2 sigstr=2I code=40 idx=0
04:09:10.708 [main] DEBUG org.rtklib.java.rtcm.Rtcm -- MSM sig[1] sigid=8 sigstr=6I code=42 idx=3
04:09:10.708 [main] DEBUG org.rtklib.java.rtcm.Rtcm -- MSM sig[2] sigid=14 sigstr=7I code=27 idx=1
04:09:10.708 [main] DEBUG org.rtklib.java.rtcm.Rtcm -- MSM sig[3] sigid=23 sigstr=5P code=58 idx=2
04:09:10.708 [main] DEBUG org.rtklib.java.rtcm.Rtcm -- MSM sig[4] sigid=31 sigstr=1P code=2 idx=4
04:09:10.708 [main] DEBUG org.rtklib.java.rtcm.Rtcm -- MSM after sigindex: sig[0] code=40 idx=0
04:09:10.708 [main] DEBUG org.rtklib.java.rtcm.Rtcm -- MSM after sigindex: sig[1] code=42 idx=3
04:09:10.708 [main] DEBUG org.rtklib.java.rtcm.Rtcm -- MSM after sigindex: sig[2] code=27 idx=1
04:09:10.708 [main] DEBUG org.rtklib.java.rtcm.Rtcm -- MSM after sigindex: sig[3] code=58 idx=2
04:09:10.708 [main] DEBUG org.rtklib.java.rtcm.Rtcm -- MSM after sigindex: sig[4] code=2 idx=4
04:09:10.708 [main] DEBUG org.rtklib.java.rtcm.Rtcm -- RTCM3 decoded message type=1042, length=70
04:09:10.708 [main] DEBUG org.rtklib.java.rtcm.Rtcm -- RTCM3 decoded message type=1005, length=25
04:09:10.708 [main] DEBUG org.rtklib.java.rtcm.Rtcm -- RTCM3 decoded message type=1033, length=27
04:09:10.708 [main] DEBUG org.rtklib.java.rtcm.Rtcm -- RTCM3 decoded message type=1124, length=257
04:09:10.708 [main] DEBUG org.rtklib.java.rtcm.Rtcm -- MSM BDS TOW: raw=61909000, tow=61923.0
04:09:10.708 [main] DEBUG org.rtklib.java.rtcm.Rtcm -- MSM BDS after adjweek: time.time=1780852323, time.sec=0.0
04:09:10.708 [main] DEBUG org.rtklib.java.rtcm.Rtcm -- decode_msm_head: sys=32 staid=0 nsat=11 nsig=5 sync=0 iod=0 ncell=33
04:09:10.708 [main] DEBUG org.rtklib.java.rtcm.Rtcm -- MSM sig[0] sigid=2 sigstr=2I code=40 idx=0
04:09:10.708 [main] DEBUG org.rtklib.java.rtcm.Rtcm -- MSM sig[1] sigid=8 sigstr=6I code=42 idx=3
04:09:10.708 [main] DEBUG org.rtklib.java.rtcm.Rtcm -- MSM sig[2] sigid=14 sigstr=7I code=27 idx=1
04:09:10.708 [main] DEBUG org.rtklib.java.rtcm.Rtcm -- MSM sig[3] sigid=23 sigstr=5P code=58 idx=2
04:09:10.708 [main] DEBUG org.rtklib.java.rtcm.Rtcm -- MSM sig[4] sigid=31 sigstr=1P code=2 idx=4
04:09:10.708 [main] DEBUG org.rtklib.java.rtcm.Rtcm -- MSM after sigindex: sig[0] code=40 idx=0
04:09:10.708 [main] DEBUG org.rtklib.java.rtcm.Rtcm -- MSM after sigindex: sig[1] code=42 idx=3
04:09:10.708 [main] DEBUG org.rtklib.java.rtcm.Rtcm -- MSM after sigindex: sig[2] code=27 idx=1
04:09:10.708 [main] DEBUG org.rtklib.java.rtcm.Rtcm -- MSM after sigindex: sig[3] code=58 idx=2
04:09:10.708 [main] DEBUG org.rtklib.java.rtcm.Rtcm -- MSM after sigindex: sig[4] code=2 idx=4
04:09:10.708 [main] DEBUG org.rtklib.java.rtcm.Rtcm -- RTCM3 decoded message type=1042, length=70
04:09:10.708 [main] DEBUG org.rtklib.java.rtcm.Rtcm -- RTCM3 decoded message type=1005, length=25
04:09:10.708 [main] DEBUG org.rtklib.java.rtcm.Rtcm -- RTCM3 decoded message type=1033, length=27
04:09:10.709 [main] DEBUG org.rtklib.java.rtcm.Rtcm -- RTCM3 decoded message type=1124, length=266
04:09:10.709 [main] DEBUG org.rtklib.java.rtcm.Rtcm -- MSM BDS TOW: raw=61924000, tow=61938.0
04:09:10.709 [main] DEBUG org.rtklib.java.rtcm.Rtcm -- MSM BDS after adjweek: time.time=1780852338, time.sec=0.0
04:09:10.709 [main] DEBUG org.rtklib.java.rtcm.Rtcm -- decode_msm_head: sys=32 staid=0 nsat=12 nsig=5 sync=0 iod=0 ncell=34
04:09:10.709 [main] DEBUG org.rtklib.java.rtcm.Rtcm -- MSM sig[0] sigid=2 sigstr=2I code=40 idx=0
04:09:10.709 [main] DEBUG org.rtklib.java.rtcm.Rtcm -- MSM sig[1] sigid=8 sigstr=6I code=42 idx=3
04:09:10.709 [main] DEBUG org.rtklib.java.rtcm.Rtcm -- MSM sig[2] sigid=14 sigstr=7I code=27 idx=1
04:09:10.709 [main] DEBUG org.rtklib.java.rtcm.Rtcm -- MSM sig[3] sigid=23 sigstr=5P code=58 idx=2
04:09:10.709 [main] DEBUG org.rtklib.java.rtcm.Rtcm -- MSM sig[4] sigid=31 sigstr=1P code=2 idx=4
04:09:10.709 [main] DEBUG org.rtklib.java.rtcm.Rtcm -- MSM after sigindex: sig[0] code=40 idx=0
04:09:10.709 [main] DEBUG org.rtklib.java.rtcm.Rtcm -- MSM after sigindex: sig[1] code=42 idx=3
04:09:10.709 [main] DEBUG org.rtklib.java.rtcm.Rtcm -- MSM after sigindex: sig[2] code=27 idx=1
04:09:10.709 [main] DEBUG org.rtklib.java.rtcm.Rtcm -- MSM after sigindex: sig[3] code=58 idx=2
04:09:10.709 [main] DEBUG org.rtklib.java.rtcm.Rtcm -- MSM after sigindex: sig[4] code=2 idx=4
04:09:10.709 [main] DEBUG org.rtklib.java.rtcm.Rtcm -- RTCM3 decoded message type=1042, length=70
04:09:10.709 [main] DEBUG org.rtklib.java.rtcm.Rtcm -- RTCM3 decoded message type=1005, length=25
04:09:10.709 [main] DEBUG org.rtklib.java.rtcm.Rtcm -- RTCM3 decoded message type=1033, length=27
04:09:10.709 [main] DEBUG org.rtklib.java.rtcm.Rtcm -- RTCM3 decoded message type=1124, length=266
04:09:10.709 [main] DEBUG org.rtklib.java.rtcm.Rtcm -- MSM BDS TOW: raw=61939000, tow=61953.0
04:09:10.709 [main] DEBUG org.rtklib.java.rtcm.Rtcm -- MSM BDS after adjweek: time.time=1780852353, time.sec=0.0
04:09:10.709 [main] DEBUG org.rtklib.java.rtcm.Rtcm -- decode_msm_head: sys=32 staid=0 nsat=12 nsig=5 sync=0 iod=0 ncell=34
04:09:10.709 [main] DEBUG org.rtklib.java.rtcm.Rtcm -- MSM sig[0] sigid=2 sigstr=2I code=40 idx=0
04:09:10.709 [main] DEBUG org.rtklib.java.rtcm.Rtcm -- MSM sig[1] sigid=8 sigstr=6I code=42 idx=3
04:09:10.709 [main] DEBUG org.rtklib.java.rtcm.Rtcm -- MSM sig[2] sigid=14 sigstr=7I code=27 idx=1
04:09:10.709 [main] DEBUG org.rtklib.java.rtcm.Rtcm -- MSM sig[3] sigid=23 sigstr=5P code=58 idx=2
04:09:10.709 [main] DEBUG org.rtklib.java.rtcm.Rtcm -- MSM sig[4] sigid=31 sigstr=1P code=2 idx=4
04:09:10.709 [main] DEBUG org.rtklib.java.rtcm.Rtcm -- MSM after sigindex: sig[0] code=40 idx=0
04:09:10.709 [main] DEBUG org.rtklib.java.rtcm.Rtcm -- MSM after sigindex: sig[1] code=42 idx=3
04:09:10.709 [main] DEBUG org.rtklib.java.rtcm.Rtcm -- MSM after sigindex: sig[2] code=27 idx=1
04:09:10.709 [main] DEBUG org.rtklib.java.rtcm.Rtcm -- MSM after sigindex: sig[3] code=58 idx=2
04:09:10.709 [main] DEBUG org.rtklib.java.rtcm.Rtcm -- MSM after sigindex: sig[4] code=2 idx=4
04:09:10.709 [main] DEBUG org.rtklib.java.rtcm.Rtcm -- RTCM3 decoded message type=1042, length=70
04:09:10.709 [main] DEBUG org.rtklib.java.rtcm.Rtcm -- RTCM3 decoded message type=1005, length=25
04:09:10.709 [main] DEBUG org.rtklib.java.rtcm.Rtcm -- RTCM3 decoded message type=1033, length=27
04:09:10.709 [main] DEBUG org.rtklib.java.rtcm.Rtcm -- RTCM3 decoded message type=1124, length=272
04:09:10.709 [main] DEBUG org.rtklib.java.rtcm.Rtcm -- MSM BDS TOW: raw=61954000, tow=61968.0
04:09:10.709 [main] DEBUG org.rtklib.java.rtcm.Rtcm -- MSM BDS after adjweek: time.time=1780852368, time.sec=0.0
04:09:10.709 [main] DEBUG org.rtklib.java.rtcm.Rtcm -- decode_msm_head: sys=32 staid=0 nsat=12 nsig=5 sync=0 iod=0 ncell=35
04:09:10.709 [main] DEBUG org.rtklib.java.rtcm.Rtcm -- MSM sig[0] sigid=2 sigstr=2I code=40 idx=0
04:09:10.709 [main] DEBUG org.rtklib.java.rtcm.Rtcm -- MSM sig[1] sigid=8 sigstr=6I code=42 idx=3
04:09:10.709 [main] DEBUG org.rtklib.java.rtcm.Rtcm -- MSM sig[2] sigid=14 sigstr=7I code=27 idx=1
04:09:10.709 [main] DEBUG org.rtklib.java.rtcm.Rtcm -- MSM sig[3] sigid=23 sigstr=5P code=58 idx=2
04:09:10.709 [main] DEBUG org.rtklib.java.rtcm.Rtcm -- MSM sig[4] sigid=31 sigstr=1P code=2 idx=4
04:09:10.709 [main] DEBUG org.rtklib.java.rtcm.Rtcm -- MSM after sigindex: sig[0] code=40 idx=0
04:09:10.709 [main] DEBUG org.rtklib.java.rtcm.Rtcm -- MSM after sigindex: sig[1] code=42 idx=3
04:09:10.709 [main] DEBUG org.rtklib.java.rtcm.Rtcm -- MSM after sigindex: sig[2] code=27 idx=1
04:09:10.709 [main] DEBUG org.rtklib.java.rtcm.Rtcm -- MSM after sigindex: sig[3] code=58 idx=2
04:09:10.709 [main] DEBUG org.rtklib.java.rtcm.Rtcm -- MSM after sigindex: sig[4] code=2 idx=4
04:09:10.709 [main] DEBUG org.rtklib.java.rtcm.Rtcm -- RTCM3 decoded message type=1042, length=70
04:09:10.709 [main] DEBUG org.rtklib.java.rtcm.Rtcm -- RTCM3 decoded message type=1005, length=25
04:09:10.709 [main] DEBUG org.rtklib.java.rtcm.Rtcm -- RTCM3 decoded message type=1033, length=27
04:09:10.709 [main] DEBUG org.rtklib.java.rtcm.Rtcm -- RTCM3 decoded message type=1124, length=254
04:09:10.709 [main] DEBUG org.rtklib.java.rtcm.Rtcm -- MSM BDS TOW: raw=61969000, tow=61983.0
04:09:10.709 [main] DEBUG org.rtklib.java.rtcm.Rtcm -- MSM BDS after adjweek: time.time=1780852383, time.sec=0.0
04:09:10.709 [main] DEBUG org.rtklib.java.rtcm.Rtcm -- decode_msm_head: sys=32 staid=0 nsat=12 nsig=5 sync=1 iod=0 ncell=32
04:09:10.709 [main] DEBUG org.rtklib.java.rtcm.Rtcm -- MSM sig[0] sigid=2 sigstr=2I code=40 idx=0
04:09:10.709 [main] DEBUG org.rtklib.java.rtcm.Rtcm -- MSM sig[1] sigid=8 sigstr=6I code=42 idx=3
04:09:10.709 [main] DEBUG org.rtklib.java.rtcm.Rtcm -- MSM sig[2] sigid=14 sigstr=7I code=27 idx=1
04:09:10.709 [main] DEBUG org.rtklib.java.rtcm.Rtcm -- MSM sig[3] sigid=23 sigstr=5P code=58 idx=2
04:09:10.709 [main] DEBUG org.rtklib.java.rtcm.Rtcm -- MSM sig[4] sigid=31 sigstr=1P code=2 idx=4
04:09:10.709 [main] DEBUG org.rtklib.java.rtcm.Rtcm -- MSM after sigindex: sig[0] code=40 idx=0
04:09:10.709 [main] DEBUG org.rtklib.java.rtcm.Rtcm -- MSM after sigindex: sig[1] code=42 idx=3
04:09:10.709 [main] DEBUG org.rtklib.java.rtcm.Rtcm -- MSM after sigindex: sig[2] code=27 idx=1
04:09:10.709 [main] DEBUG org.rtklib.java.rtcm.Rtcm -- MSM after sigindex: sig[3] code=58 idx=2
04:09:10.709 [main] DEBUG org.rtklib.java.rtcm.Rtcm -- MSM after sigindex: sig[4] code=2 idx=4
04:09:10.709 [main] DEBUG org.rtklib.java.rtcm.Rtcm -- RTCM3 decoded message type=1124, length=54
04:09:10.709 [main] DEBUG org.rtklib.java.rtcm.Rtcm -- MSM BDS TOW: raw=61969000, tow=61983.0
04:09:10.709 [main] DEBUG org.rtklib.java.rtcm.Rtcm -- MSM BDS after adjweek: time.time=1780852383, time.sec=0.0
04:09:10.709 [main] DEBUG org.rtklib.java.rtcm.Rtcm -- decode_msm_head: sys=32 staid=0 nsat=1 nsig=4 sync=0 iod=0 ncell=4
04:09:10.709 [main] DEBUG org.rtklib.java.rtcm.Rtcm -- MSM sig[0] sigid=2 sigstr=2I code=40 idx=0
04:09:10.709 [main] DEBUG org.rtklib.java.rtcm.Rtcm -- MSM sig[1] sigid=8 sigstr=6I code=42 idx=3
04:09:10.709 [main] DEBUG org.rtklib.java.rtcm.Rtcm -- MSM sig[2] sigid=23 sigstr=5P code=58 idx=2
04:09:10.709 [main] DEBUG org.rtklib.java.rtcm.Rtcm -- MSM sig[3] sigid=31 sigstr=1P code=2 idx=4
04:09:10.709 [main] DEBUG org.rtklib.java.rtcm.Rtcm -- MSM after sigindex: sig[0] code=40 idx=0
04:09:10.709 [main] DEBUG org.rtklib.java.rtcm.Rtcm -- MSM after sigindex: sig[1] code=42 idx=3
04:09:10.709 [main] DEBUG org.rtklib.java.rtcm.Rtcm -- MSM after sigindex: sig[2] code=58 idx=2
04:09:10.709 [main] DEBUG org.rtklib.java.rtcm.Rtcm -- MSM after sigindex: sig[3] code=2 idx=4
04:09:10.709 [main] DEBUG org.rtklib.java.rtcm.Rtcm -- RTCM3 decoded message type=1042, length=70
04:09:10.709 [main] DEBUG org.rtklib.java.rtcm.Rtcm -- RTCM3 decoded message type=1005, length=25
04:09:10.709 [main] DEBUG org.rtklib.java.rtcm.Rtcm -- RTCM3 decoded message type=1033, length=27
04:09:10.709 [main] DEBUG org.rtklib.java.rtcm.Rtcm -- RTCM3 decoded message type=1124, length=254
04:09:10.709 [main] DEBUG org.rtklib.java.rtcm.Rtcm -- MSM BDS TOW: raw=61984000, tow=61998.0
04:09:10.709 [main] DEBUG org.rtklib.java.rtcm.Rtcm -- MSM BDS after adjweek: time.time=1780852398, time.sec=0.0
04:09:10.709 [main] DEBUG org.rtklib.java.rtcm.Rtcm -- decode_msm_head: sys=32 staid=0 nsat=12 nsig=5 sync=1 iod=0 ncell=32
04:09:10.709 [main] DEBUG org.rtklib.java.rtcm.Rtcm -- MSM sig[0] sigid=2 sigstr=2I code=40 idx=0
04:09:10.709 [main] DEBUG org.rtklib.java.rtcm.Rtcm -- MSM sig[1] sigid=8 sigstr=6I code=42 idx=3
04:09:10.709 [main] DEBUG org.rtklib.java.rtcm.Rtcm -- MSM sig[2] sigid=14 sigstr=7I code=27 idx=1
04:09:10.709 [main] DEBUG org.rtklib.java.rtcm.Rtcm -- MSM sig[3] sigid=23 sigstr=5P code=58 idx=2
04:09:10.709 [main] DEBUG org.rtklib.java.rtcm.Rtcm -- MSM sig[4] sigid=31 sigstr=1P code=2 idx=4
04:09:10.709 [main] DEBUG org.rtklib.java.rtcm.Rtcm -- MSM after sigindex: sig[0] code=40 idx=0
04:09:10.709 [main] DEBUG org.rtklib.java.rtcm.Rtcm -- MSM after sigindex: sig[1] code=42 idx=3
04:09:10.709 [main] DEBUG org.rtklib.java.rtcm.Rtcm -- MSM after sigindex: sig[2] code=27 idx=1
04:09:10.709 [main] DEBUG org.rtklib.java.rtcm.Rtcm -- MSM after sigindex: sig[3] code=58 idx=2
04:09:10.709 [main] DEBUG org.rtklib.java.rtcm.Rtcm -- MSM after sigindex: sig[4] code=2 idx=4
04:09:10.709 [main] DEBUG org.rtklib.java.rtcm.Rtcm -- RTCM3 decoded message type=1124, length=54
04:09:10.709 [main] DEBUG org.rtklib.java.rtcm.Rtcm -- MSM BDS TOW: raw=61984000, tow=61998.0
04:09:10.709 [main] DEBUG org.rtklib.java.rtcm.Rtcm -- MSM BDS after adjweek: time.time=1780852398, time.sec=0.0
04:09:10.709 [main] DEBUG org.rtklib.java.rtcm.Rtcm -- decode_msm_head: sys=32 staid=0 nsat=1 nsig=4 sync=0 iod=0 ncell=4
04:09:10.709 [main] DEBUG org.rtklib.java.rtcm.Rtcm -- MSM sig[0] sigid=2 sigstr=2I code=40 idx=0
04:09:10.709 [main] DEBUG org.rtklib.java.rtcm.Rtcm -- MSM sig[1] sigid=8 sigstr=6I code=42 idx=3
04:09:10.709 [main] DEBUG org.rtklib.java.rtcm.Rtcm -- MSM sig[2] sigid=23 sigstr=5P code=58 idx=2
04:09:10.709 [main] DEBUG org.rtklib.java.rtcm.Rtcm -- MSM sig[3] sigid=31 sigstr=1P code=2 idx=4
04:09:10.709 [main] DEBUG org.rtklib.java.rtcm.Rtcm -- MSM after sigindex: sig[0] code=40 idx=0
04:09:10.709 [main] DEBUG org.rtklib.java.rtcm.Rtcm -- MSM after sigindex: sig[1] code=42 idx=3
04:09:10.709 [main] DEBUG org.rtklib.java.rtcm.Rtcm -- MSM after sigindex: sig[2] code=58 idx=2
04:09:10.709 [main] DEBUG org.rtklib.java.rtcm.Rtcm -- MSM after sigindex: sig[3] code=2 idx=4
04:09:10.709 [main] DEBUG org.rtklib.java.rtcm.Rtcm -- RTCM3 decoded message type=1042, length=70
04:09:10.709 [main] DEBUG org.rtklib.java.rtcm.Rtcm -- RTCM3 decoded message type=1005, length=25
04:09:10.709 [main] DEBUG org.rtklib.java.rtcm.Rtcm -- RTCM3 decoded message type=1033, length=27
04:09:10.709 [main] DEBUG org.rtklib.java.rtcm.Rtcm -- RTCM3 decoded message type=1124, length=254
04:09:10.709 [main] DEBUG org.rtklib.java.rtcm.Rtcm -- MSM BDS TOW: raw=61999000, tow=62013.0
04:09:10.709 [main] DEBUG org.rtklib.java.rtcm.Rtcm -- MSM BDS after adjweek: time.time=1780852413, time.sec=0.0
04:09:10.709 [main] DEBUG org.rtklib.java.rtcm.Rtcm -- decode_msm_head: sys=32 staid=0 nsat=12 nsig=5 sync=1 iod=0 ncell=32
04:09:10.709 [main] DEBUG org.rtklib.java.rtcm.Rtcm -- MSM sig[0] sigid=2 sigstr=2I code=40 idx=0
04:09:10.709 [main] DEBUG org.rtklib.java.rtcm.Rtcm -- MSM sig[1] sigid=8 sigstr=6I code=42 idx=3
04:09:10.709 [main] DEBUG org.rtklib.java.rtcm.Rtcm -- MSM sig[2] sigid=14 sigstr=7I code=27 idx=1
04:09:10.709 [main] DEBUG org.rtklib.java.rtcm.Rtcm -- MSM sig[3] sigid=23 sigstr=5P code=58 idx=2
04:09:10.709 [main] DEBUG org.rtklib.java.rtcm.Rtcm -- MSM sig[4] sigid=31 sigstr=1P code=2 idx=4
04:09:10.709 [main] DEBUG org.rtklib.java.rtcm.Rtcm -- MSM after sigindex: sig[0] code=40 idx=0
04:09:10.709 [main] DEBUG org.rtklib.java.rtcm.Rtcm -- MSM after sigindex: sig[1] code=42 idx=3
04:09:10.709 [main] DEBUG org.rtklib.java.rtcm.Rtcm -- MSM after sigindex: sig[2] code=27 idx=1
04:09:10.709 [main] DEBUG org.rtklib.java.rtcm.Rtcm -- MSM after sigindex: sig[3] code=58 idx=2
04:09:10.709 [main] DEBUG org.rtklib.java.rtcm.Rtcm -- MSM after sigindex: sig[4] code=2 idx=4
04:09:10.709 [main] DEBUG org.rtklib.java.rtcm.Rtcm -- RTCM3 decoded message type=1124, length=54
04:09:10.709 [main] DEBUG org.rtklib.java.rtcm.Rtcm -- MSM BDS TOW: raw=61999000, tow=62013.0
04:09:10.709 [main] DEBUG org.rtklib.java.rtcm.Rtcm -- MSM BDS after adjweek: time.time=1780852413, time.sec=0.0
04:09:10.709 [main] DEBUG org.rtklib.java.rtcm.Rtcm -- decode_msm_head: sys=32 staid=0 nsat=1 nsig=4 sync=0 iod=0 ncell=4
04:09:10.709 [main] DEBUG org.rtklib.java.rtcm.Rtcm -- MSM sig[0] sigid=2 sigstr=2I code=40 idx=0
04:09:10.709 [main] DEBUG org.rtklib.java.rtcm.Rtcm -- MSM sig[1] sigid=8 sigstr=6I code=42 idx=3
04:09:10.709 [main] DEBUG org.rtklib.java.rtcm.Rtcm -- MSM sig[2] sigid=23 sigstr=5P code=58 idx=2
04:09:10.709 [main] DEBUG org.rtklib.java.rtcm.Rtcm -- MSM sig[3] sigid=31 sigstr=1P code=2 idx=4
04:09:10.709 [main] DEBUG org.rtklib.java.rtcm.Rtcm -- MSM after sigindex: sig[0] code=40 idx=0
04:09:10.709 [main] DEBUG org.rtklib.java.rtcm.Rtcm -- MSM after sigindex: sig[1] code=42 idx=3
04:09:10.709 [main] DEBUG org.rtklib.java.rtcm.Rtcm -- MSM after sigindex: sig[2] code=58 idx=2
04:09:10.709 [main] DEBUG org.rtklib.java.rtcm.Rtcm -- MSM after sigindex: sig[3] code=2 idx=4
04:09:10.709 [main] DEBUG org.rtklib.java.rtcm.Rtcm -- RTCM3 decoded message type=1042, length=70
04:09:10.709 [main] DEBUG org.rtklib.java.rtcm.Rtcm -- RTCM3 decoded message type=1005, length=25
04:09:10.709 [main] DEBUG org.rtklib.java.rtcm.Rtcm -- RTCM3 decoded message type=1033, length=27
04:09:10.709 [main] DEBUG org.rtklib.java.rtcm.Rtcm -- RTCM3 decoded message type=1124, length=254
04:09:10.709 [main] DEBUG org.rtklib.java.rtcm.Rtcm -- MSM BDS TOW: raw=62014000, tow=62028.0
04:09:10.709 [main] DEBUG org.rtklib.java.rtcm.Rtcm -- MSM BDS after adjweek: time.time=1780852428, time.sec=0.0
04:09:10.709 [main] DEBUG org.rtklib.java.rtcm.Rtcm -- decode_msm_head: sys=32 staid=0 nsat=12 nsig=5 sync=1 iod=0 ncell=32
04:09:10.709 [main] DEBUG org.rtklib.java.rtcm.Rtcm -- MSM sig[0] sigid=2 sigstr=2I code=40 idx=0
04:09:10.709 [main] DEBUG org.rtklib.java.rtcm.Rtcm -- MSM sig[1] sigid=8 sigstr=6I code=42 idx=3
04:09:10.709 [main] DEBUG org.rtklib.java.rtcm.Rtcm -- MSM sig[2] sigid=14 sigstr=7I code=27 idx=1
04:09:10.709 [main] DEBUG org.rtklib.java.rtcm.Rtcm -- MSM sig[3] sigid=23 sigstr=5P code=58 idx=2
04:09:10.709 [main] DEBUG org.rtklib.java.rtcm.Rtcm -- MSM sig[4] sigid=31 sigstr=1P code=2 idx=4
04:09:10.709 [main] DEBUG org.rtklib.java.rtcm.Rtcm -- MSM after sigindex: sig[0] code=40 idx=0
04:09:10.709 [main] DEBUG org.rtklib.java.rtcm.Rtcm -- MSM after sigindex: sig[1] code=42 idx=3
04:09:10.709 [main] DEBUG org.rtklib.java.rtcm.Rtcm -- MSM after sigindex: sig[2] code=27 idx=1
04:09:10.709 [main] DEBUG org.rtklib.java.rtcm.Rtcm -- MSM after sigindex: sig[3] code=58 idx=2
04:09:10.709 [main] DEBUG org.rtklib.java.rtcm.Rtcm -- MSM after sigindex: sig[4] code=2 idx=4
04:09:10.709 [main] DEBUG org.rtklib.java.rtcm.Rtcm -- RTCM3 decoded message type=1124, length=54
04:09:10.709 [main] DEBUG org.rtklib.java.rtcm.Rtcm -- MSM BDS TOW: raw=62014000, tow=62028.0
04:09:10.709 [main] DEBUG org.rtklib.java.rtcm.Rtcm -- MSM BDS after adjweek: time.time=1780852428, time.sec=0.0
04:09:10.710 [main] DEBUG org.rtklib.java.rtcm.Rtcm -- decode_msm_head: sys=32 staid=0 nsat=1 nsig=4 sync=0 iod=0 ncell=4
04:09:10.710 [main] DEBUG org.rtklib.java.rtcm.Rtcm -- MSM sig[0] sigid=2 sigstr=2I code=40 idx=0
04:09:10.710 [main] DEBUG org.rtklib.java.rtcm.Rtcm -- MSM sig[1] sigid=8 sigstr=6I code=42 idx=3
04:09:10.710 [main] DEBUG org.rtklib.java.rtcm.Rtcm -- MSM sig[2] sigid=23 sigstr=5P code=58 idx=2
04:09:10.710 [main] DEBUG org.rtklib.java.rtcm.Rtcm -- MSM sig[3] sigid=31 sigstr=1P code=2 idx=4
04:09:10.710 [main] DEBUG org.rtklib.java.rtcm.Rtcm -- MSM after sigindex: sig[0] code=40 idx=0
04:09:10.710 [main] DEBUG org.rtklib.java.rtcm.Rtcm -- MSM after sigindex: sig[1] code=42 idx=3
04:09:10.710 [main] DEBUG org.rtklib.java.rtcm.Rtcm -- MSM after sigindex: sig[2] code=58 idx=2
04:09:10.710 [main] DEBUG org.rtklib.java.rtcm.Rtcm -- MSM after sigindex: sig[3] code=2 idx=4
04:09:10.710 [main] DEBUG org.rtklib.java.rtcm.Rtcm -- RTCM3 decoded message type=1042, length=70
04:09:10.710 [main] DEBUG org.rtklib.java.rtcm.Rtcm -- RTCM3 decoded message type=1005, length=25
04:09:10.710 [main] DEBUG org.rtklib.java.rtcm.Rtcm -- RTCM3 decoded message type=1033, length=27
04:09:10.710 [main] DEBUG org.rtklib.java.rtcm.Rtcm -- RTCM3 decoded message type=1124, length=254
04:09:10.710 [main] DEBUG org.rtklib.java.rtcm.Rtcm -- MSM BDS TOW: raw=62029000, tow=62043.0
04:09:10.710 [main] DEBUG org.rtklib.java.rtcm.Rtcm -- MSM BDS after adjweek: time.time=1780852443, time.sec=0.0
04:09:10.710 [main] DEBUG org.rtklib.java.rtcm.Rtcm -- decode_msm_head: sys=32 staid=0 nsat=12 nsig=5 sync=1 iod=0 ncell=32
04:09:10.710 [main] DEBUG org.rtklib.java.rtcm.Rtcm -- MSM sig[0] sigid=2 sigstr=2I code=40 idx=0
04:09:10.710 [main] DEBUG org.rtklib.java.rtcm.Rtcm -- MSM sig[1] sigid=8 sigstr=6I code=42 idx=3
04:09:10.710 [main] DEBUG org.rtklib.java.rtcm.Rtcm -- MSM sig[2] sigid=14 sigstr=7I code=27 idx=1
04:09:10.710 [main] DEBUG org.rtklib.java.rtcm.Rtcm -- MSM sig[3] sigid=23 sigstr=5P code=58 idx=2
04:09:10.710 [main] DEBUG org.rtklib.java.rtcm.Rtcm -- MSM sig[4] sigid=31 sigstr=1P code=2 idx=4
04:09:10.710 [main] DEBUG org.rtklib.java.rtcm.Rtcm -- MSM after sigindex: sig[0] code=40 idx=0
04:09:10.710 [main] DEBUG org.rtklib.java.rtcm.Rtcm -- MSM after sigindex: sig[1] code=42 idx=3
04:09:10.710 [main] DEBUG org.rtklib.java.rtcm.Rtcm -- MSM after sigindex: sig[2] code=27 idx=1
04:09:10.710 [main] DEBUG org.rtklib.java.rtcm.Rtcm -- MSM after sigindex: sig[3] code=58 idx=2
04:09:10.710 [main] DEBUG org.rtklib.java.rtcm.Rtcm -- MSM after sigindex: sig[4] code=2 idx=4
04:09:10.710 [main] DEBUG org.rtklib.java.rtcm.Rtcm -- RTCM3 decoded message type=1124, length=54
04:09:10.710 [main] DEBUG org.rtklib.java.rtcm.Rtcm -- MSM BDS TOW: raw=62029000, tow=62043.0
04:09:10.710 [main] DEBUG org.rtklib.java.rtcm.Rtcm -- MSM BDS after adjweek: time.time=1780852443, time.sec=0.0
04:09:10.710 [main] DEBUG org.rtklib.java.rtcm.Rtcm -- decode_msm_head: sys=32 staid=0 nsat=1 nsig=4 sync=0 iod=0 ncell=4
04:09:10.710 [main] DEBUG org.rtklib.java.rtcm.Rtcm -- MSM sig[0] sigid=2 sigstr=2I code=40 idx=0
04:09:10.710 [main] DEBUG org.rtklib.java.rtcm.Rtcm -- MSM sig[1] sigid=8 sigstr=6I code=42 idx=3
04:09:10.710 [main] DEBUG org.rtklib.java.rtcm.Rtcm -- MSM sig[2] sigid=23 sigstr=5P code=58 idx=2
04:09:10.710 [main] DEBUG org.rtklib.java.rtcm.Rtcm -- MSM sig[3] sigid=31 sigstr=1P code=2 idx=4
04:09:10.710 [main] DEBUG org.rtklib.java.rtcm.Rtcm -- MSM after sigindex: sig[0] code=40 idx=0
04:09:10.710 [main] DEBUG org.rtklib.java.rtcm.Rtcm -- MSM after sigindex: sig[1] code=42 idx=3
04:09:10.710 [main] DEBUG org.rtklib.java.rtcm.Rtcm -- MSM after sigindex: sig[2] code=58 idx=2
04:09:10.710 [main] DEBUG org.rtklib.java.rtcm.Rtcm -- MSM after sigindex: sig[3] code=2 idx=4
04:09:10.710 [main] DEBUG org.rtklib.java.rtcm.Rtcm -- RTCM3 decoded message type=1042, length=70
04:09:10.710 [main] DEBUG org.rtklib.java.rtcm.Rtcm -- RTCM3 decoded message type=1005, length=25
04:09:10.710 [main] DEBUG org.rtklib.java.rtcm.Rtcm -- RTCM3 decoded message type=1033, length=27
04:09:10.710 [main] DEBUG org.rtklib.java.rtcm.Rtcm -- RTCM3 decoded message type=1124, length=254
04:09:10.710 [main] DEBUG org.rtklib.java.rtcm.Rtcm -- MSM BDS TOW: raw=62044000, tow=62058.0
04:09:10.710 [main] DEBUG org.rtklib.java.rtcm.Rtcm -- MSM BDS after adjweek: time.time=1780852458, time.sec=0.0
04:09:10.710 [main] DEBUG org.rtklib.java.rtcm.Rtcm -- decode_msm_head: sys=32 staid=0 nsat=12 nsig=5 sync=1 iod=0 ncell=32
04:09:10.710 [main] DEBUG org.rtklib.java.rtcm.Rtcm -- MSM sig[0] sigid=2 sigstr=2I code=40 idx=0
04:09:10.710 [main] DEBUG org.rtklib.java.rtcm.Rtcm -- MSM sig[1] sigid=8 sigstr=6I code=42 idx=3
04:09:10.710 [main] DEBUG org.rtklib.java.rtcm.Rtcm -- MSM sig[2] sigid=14 sigstr=7I code=27 idx=1
04:09:10.710 [main] DEBUG org.rtklib.java.rtcm.Rtcm -- MSM sig[3] sigid=23 sigstr=5P code=58 idx=2
04:09:10.710 [main] DEBUG org.rtklib.java.rtcm.Rtcm -- MSM sig[4] sigid=31 sigstr=1P code=2 idx=4
04:09:10.710 [main] DEBUG org.rtklib.java.rtcm.Rtcm -- MSM after sigindex: sig[0] code=40 idx=0
04:09:10.710 [main] DEBUG org.rtklib.java.rtcm.Rtcm -- MSM after sigindex: sig[1] code=42 idx=3
04:09:10.710 [main] DEBUG org.rtklib.java.rtcm.Rtcm -- MSM after sigindex: sig[2] code=27 idx=1
04:09:10.710 [main] DEBUG org.rtklib.java.rtcm.Rtcm -- MSM after sigindex: sig[3] code=58 idx=2
04:09:10.710 [main] DEBUG org.rtklib.java.rtcm.Rtcm -- MSM after sigindex: sig[4] code=2 idx=4
04:09:10.710 [main] DEBUG org.rtklib.java.rtcm.Rtcm -- RTCM3 decoded message type=1124, length=54
04:09:10.710 [main] DEBUG org.rtklib.java.rtcm.Rtcm -- MSM BDS TOW: raw=62044000, tow=62058.0
04:09:10.710 [main] DEBUG org.rtklib.java.rtcm.Rtcm -- MSM BDS after adjweek: time.time=1780852458, time.sec=0.0
04:09:10.710 [main] DEBUG org.rtklib.java.rtcm.Rtcm -- decode_msm_head: sys=32 staid=0 nsat=1 nsig=4 sync=0 iod=0 ncell=4
04:09:10.710 [main] DEBUG org.rtklib.java.rtcm.Rtcm -- MSM sig[0] sigid=2 sigstr=2I code=40 idx=0
04:09:10.710 [main] DEBUG org.rtklib.java.rtcm.Rtcm -- MSM sig[1] sigid=8 sigstr=6I code=42 idx=3
04:09:10.710 [main] DEBUG org.rtklib.java.rtcm.Rtcm -- MSM sig[2] sigid=23 sigstr=5P code=58 idx=2
04:09:10.710 [main] DEBUG org.rtklib.java.rtcm.Rtcm -- MSM sig[3] sigid=31 sigstr=1P code=2 idx=4
04:09:10.710 [main] DEBUG org.rtklib.java.rtcm.Rtcm -- MSM after sigindex: sig[0] code=40 idx=0
04:09:10.710 [main] DEBUG org.rtklib.java.rtcm.Rtcm -- MSM after sigindex: sig[1] code=42 idx=3
04:09:10.710 [main] DEBUG org.rtklib.java.rtcm.Rtcm -- MSM after sigindex: sig[2] code=58 idx=2
04:09:10.710 [main] DEBUG org.rtklib.java.rtcm.Rtcm -- MSM after sigindex: sig[3] code=2 idx=4
04:09:10.711 [main] DEBUG org.rtklib.java.rtcm.Rtcm -- RTCM3 decoded message type=1042, length=70
04:09:10.711 [main] DEBUG org.rtklib.java.rtcm.Rtcm -- RTCM3 decoded message type=1005, length=25
04:09:10.711 [main] DEBUG org.rtklib.java.rtcm.Rtcm -- RTCM3 decoded message type=1033, length=27
04:09:10.711 [main] DEBUG org.rtklib.java.rtcm.Rtcm -- RTCM3 decoded message type=1124, length=266
04:09:10.711 [main] DEBUG org.rtklib.java.rtcm.Rtcm -- MSM BDS TOW: raw=62059000, tow=62073.0
04:09:10.711 [main] DEBUG org.rtklib.java.rtcm.Rtcm -- MSM BDS after adjweek: time.time=1780852473, time.sec=0.0
04:09:10.711 [main] DEBUG org.rtklib.java.rtcm.Rtcm -- decode_msm_head: sys=32 staid=0 nsat=12 nsig=5 sync=0 iod=0 ncell=34
04:09:10.711 [main] DEBUG org.rtklib.java.rtcm.Rtcm -- MSM sig[0] sigid=2 sigstr=2I code=40 idx=0
04:09:10.711 [main] DEBUG org.rtklib.java.rtcm.Rtcm -- MSM sig[1] sigid=8 sigstr=6I code=42 idx=3
04:09:10.711 [main] DEBUG org.rtklib.java.rtcm.Rtcm -- MSM sig[2] sigid=14 sigstr=7I code=27 idx=1
04:09:10.711 [main] DEBUG org.rtklib.java.rtcm.Rtcm -- MSM sig[3] sigid=23 sigstr=5P code=58 idx=2
04:09:10.711 [main] DEBUG org.rtklib.java.rtcm.Rtcm -- MSM sig[4] sigid=31 sigstr=1P code=2 idx=4
04:09:10.711 [main] DEBUG org.rtklib.java.rtcm.Rtcm -- MSM after sigindex: sig[0] code=40 idx=0
04:09:10.711 [main] DEBUG org.rtklib.java.rtcm.Rtcm -- MSM after sigindex: sig[1] code=42 idx=3
04:09:10.711 [main] DEBUG org.rtklib.java.rtcm.Rtcm -- MSM after sigindex: sig[2] code=27 idx=1
04:09:10.711 [main] DEBUG org.rtklib.java.rtcm.Rtcm -- MSM after sigindex: sig[3] code=58 idx=2
04:09:10.711 [main] DEBUG org.rtklib.java.rtcm.Rtcm -- MSM after sigindex: sig[4] code=2 idx=4
04:09:10.711 [main] DEBUG org.rtklib.java.rtcm.Rtcm -- RTCM3 decoded message type=1042, length=70
04:09:10.711 [main] DEBUG org.rtklib.java.rtcm.Rtcm -- RTCM3 decoded message type=1005, length=25
04:09:10.711 [main] DEBUG org.rtklib.java.rtcm.Rtcm -- RTCM3 decoded message type=1033, length=27
04:09:10.711 [main] DEBUG org.rtklib.java.rtcm.Rtcm -- RTCM3 decoded message type=1124, length=266
04:09:10.711 [main] DEBUG org.rtklib.java.rtcm.Rtcm -- MSM BDS TOW: raw=62074000, tow=62088.0
04:09:10.711 [main] DEBUG org.rtklib.java.rtcm.Rtcm -- MSM BDS after adjweek: time.time=1780852488, time.sec=0.0
04:09:10.711 [main] DEBUG org.rtklib.java.rtcm.Rtcm -- decode_msm_head: sys=32 staid=0 nsat=12 nsig=5 sync=0 iod=0 ncell=34
04:09:10.711 [main] DEBUG org.rtklib.java.rtcm.Rtcm -- MSM sig[0] sigid=2 sigstr=2I code=40 idx=0
04:09:10.711 [main] DEBUG org.rtklib.java.rtcm.Rtcm -- MSM sig[1] sigid=8 sigstr=6I code=42 idx=3
04:09:10.711 [main] DEBUG org.rtklib.java.rtcm.Rtcm -- MSM sig[2] sigid=14 sigstr=7I code=27 idx=1
04:09:10.711 [main] DEBUG org.rtklib.java.rtcm.Rtcm -- MSM sig[3] sigid=23 sigstr=5P code=58 idx=2
04:09:10.711 [main] DEBUG org.rtklib.java.rtcm.Rtcm -- MSM sig[4] sigid=31 sigstr=1P code=2 idx=4
04:09:10.711 [main] DEBUG org.rtklib.java.rtcm.Rtcm -- MSM after sigindex: sig[0] code=40 idx=0
04:09:10.711 [main] DEBUG org.rtklib.java.rtcm.Rtcm -- MSM after sigindex: sig[1] code=42 idx=3
04:09:10.711 [main] DEBUG org.rtklib.java.rtcm.Rtcm -- MSM after sigindex: sig[2] code=27 idx=1
04:09:10.711 [main] DEBUG org.rtklib.java.rtcm.Rtcm -- MSM after sigindex: sig[3] code=58 idx=2
04:09:10.711 [main] DEBUG org.rtklib.java.rtcm.Rtcm -- MSM after sigindex: sig[4] code=2 idx=4
04:09:10.711 [main] DEBUG org.rtklib.java.rtcm.Rtcm -- RTCM3 decoded message type=1042, length=70
04:09:10.711 [main] DEBUG org.rtklib.java.rtcm.Rtcm -- RTCM3 decoded message type=1005, length=25
04:09:10.711 [main] DEBUG org.rtklib.java.rtcm.Rtcm -- RTCM3 decoded message type=1033, length=27
04:09:10.711 [main] DEBUG org.rtklib.java.rtcm.Rtcm -- RTCM3 decoded message type=1124, length=266
04:09:10.711 [main] DEBUG org.rtklib.java.rtcm.Rtcm -- MSM BDS TOW: raw=62089000, tow=62103.0
04:09:10.711 [main] DEBUG org.rtklib.java.rtcm.Rtcm -- MSM BDS after adjweek: time.time=1780852503, time.sec=0.0
04:09:10.711 [main] DEBUG org.rtklib.java.rtcm.Rtcm -- decode_msm_head: sys=32 staid=0 nsat=12 nsig=5 sync=0 iod=0 ncell=34
04:09:10.711 [main] DEBUG org.rtklib.java.rtcm.Rtcm -- MSM sig[0] sigid=2 sigstr=2I code=40 idx=0
04:09:10.711 [main] DEBUG org.rtklib.java.rtcm.Rtcm -- MSM sig[1] sigid=8 sigstr=6I code=42 idx=3
04:09:10.711 [main] DEBUG org.rtklib.java.rtcm.Rtcm -- MSM sig[2] sigid=14 sigstr=7I code=27 idx=1
04:09:10.711 [main] DEBUG org.rtklib.java.rtcm.Rtcm -- MSM sig[3] sigid=23 sigstr=5P code=58 idx=2
04:09:10.711 [main] DEBUG org.rtklib.java.rtcm.Rtcm -- MSM sig[4] sigid=31 sigstr=1P code=2 idx=4
04:09:10.711 [main] DEBUG org.rtklib.java.rtcm.Rtcm -- MSM after sigindex: sig[0] code=40 idx=0
04:09:10.711 [main] DEBUG org.rtklib.java.rtcm.Rtcm -- MSM after sigindex: sig[1] code=42 idx=3
04:09:10.711 [main] DEBUG org.rtklib.java.rtcm.Rtcm -- MSM after sigindex: sig[2] code=27 idx=1
04:09:10.711 [main] DEBUG org.rtklib.java.rtcm.Rtcm -- MSM after sigindex: sig[3] code=58 idx=2
04:09:10.711 [main] DEBUG org.rtklib.java.rtcm.Rtcm -- MSM after sigindex: sig[4] code=2 idx=4
04:09:10.711 [main] DEBUG org.rtklib.java.rtcm.Rtcm -- RTCM3 decoded message type=1042, length=70
04:09:10.711 [main] DEBUG org.rtklib.java.rtcm.Rtcm -- RTCM3 decoded message type=1005, length=25
04:09:10.711 [main] DEBUG org.rtklib.java.rtcm.Rtcm -- RTCM3 decoded message type=1033, length=27
04:09:10.711 [main] DEBUG org.rtklib.java.rtcm.Rtcm -- RTCM3 decoded message type=1124, length=266
04:09:10.711 [main] DEBUG org.rtklib.java.rtcm.Rtcm -- MSM BDS TOW: raw=62104000, tow=62118.0
04:09:10.711 [main] DEBUG org.rtklib.java.rtcm.Rtcm -- MSM BDS after adjweek: time.time=1780852518, time.sec=0.0
04:09:10.711 [main] DEBUG org.rtklib.java.rtcm.Rtcm -- decode_msm_head: sys=32 staid=0 nsat=12 nsig=5 sync=0 iod=0 ncell=34
04:09:10.711 [main] DEBUG org.rtklib.java.rtcm.Rtcm -- MSM sig[0] sigid=2 sigstr=2I code=40 idx=0
04:09:10.711 [main] DEBUG org.rtklib.java.rtcm.Rtcm -- MSM sig[1] sigid=8 sigstr=6I code=42 idx=3
04:09:10.711 [main] DEBUG org.rtklib.java.rtcm.Rtcm -- MSM sig[2] sigid=14 sigstr=7I code=27 idx=1
04:09:10.711 [main] DEBUG org.rtklib.java.rtcm.Rtcm -- MSM sig[3] sigid=23 sigstr=5P code=58 idx=2
04:09:10.711 [main] DEBUG org.rtklib.java.rtcm.Rtcm -- MSM sig[4] sigid=31 sigstr=1P code=2 idx=4
04:09:10.711 [main] DEBUG org.rtklib.java.rtcm.Rtcm -- MSM after sigindex: sig[0] code=40 idx=0
04:09:10.711 [main] DEBUG org.rtklib.java.rtcm.Rtcm -- MSM after sigindex: sig[1] code=42 idx=3
04:09:10.711 [main] DEBUG org.rtklib.java.rtcm.Rtcm -- MSM after sigindex: sig[2] code=27 idx=1
04:09:10.711 [main] DEBUG org.rtklib.java.rtcm.Rtcm -- MSM after sigindex: sig[3] code=58 idx=2
04:09:10.711 [main] DEBUG org.rtklib.java.rtcm.Rtcm -- MSM after sigindex: sig[4] code=2 idx=4
04:09:10.711 [main] DEBUG org.rtklib.java.rtcm.Rtcm -- RTCM3 decoded message type=1042, length=70
04:09:10.711 [main] DEBUG org.rtklib.java.rtcm.Rtcm -- RTCM3 decoded message type=1005, length=25
04:09:10.711 [main] DEBUG org.rtklib.java.rtcm.Rtcm -- RTCM3 decoded message type=1033, length=27
04:09:10.711 [main] DEBUG org.rtklib.java.rtcm.Rtcm -- RTCM3 decoded message type=1124, length=266
04:09:10.711 [main] DEBUG org.rtklib.java.rtcm.Rtcm -- MSM BDS TOW: raw=62119000, tow=62133.0
04:09:10.711 [main] DEBUG org.rtklib.java.rtcm.Rtcm -- MSM BDS after adjweek: time.time=1780852533, time.sec=0.0
04:09:10.711 [main] DEBUG org.rtklib.java.rtcm.Rtcm -- decode_msm_head: sys=32 staid=0 nsat=12 nsig=5 sync=0 iod=0 ncell=34
04:09:10.711 [main] DEBUG org.rtklib.java.rtcm.Rtcm -- MSM sig[0] sigid=2 sigstr=2I code=40 idx=0
04:09:10.711 [main] DEBUG org.rtklib.java.rtcm.Rtcm -- MSM sig[1] sigid=8 sigstr=6I code=42 idx=3
04:09:10.711 [main] DEBUG org.rtklib.java.rtcm.Rtcm -- MSM sig[2] sigid=14 sigstr=7I code=27 idx=1
04:09:10.711 [main] DEBUG org.rtklib.java.rtcm.Rtcm -- MSM sig[3] sigid=23 sigstr=5P code=58 idx=2
04:09:10.711 [main] DEBUG org.rtklib.java.rtcm.Rtcm -- MSM sig[4] sigid=31 sigstr=1P code=2 idx=4
04:09:10.711 [main] DEBUG org.rtklib.java.rtcm.Rtcm -- MSM after sigindex: sig[0] code=40 idx=0
04:09:10.711 [main] DEBUG org.rtklib.java.rtcm.Rtcm -- MSM after sigindex: sig[1] code=42 idx=3
04:09:10.711 [main] DEBUG org.rtklib.java.rtcm.Rtcm -- MSM after sigindex: sig[2] code=27 idx=1
04:09:10.711 [main] DEBUG org.rtklib.java.rtcm.Rtcm -- MSM after sigindex: sig[3] code=58 idx=2
04:09:10.711 [main] DEBUG org.rtklib.java.rtcm.Rtcm -- MSM after sigindex: sig[4] code=2 idx=4
04:09:10.711 [main] DEBUG org.rtklib.java.rtcm.Rtcm -- RTCM3 decoded message type=1042, length=70
04:09:10.711 [main] DEBUG org.rtklib.java.rtcm.Rtcm -- RTCM3 decoded message type=1005, length=25
04:09:10.711 [main] DEBUG org.rtklib.java.rtcm.Rtcm -- RTCM3 decoded message type=1033, length=27
04:09:10.711 [main] DEBUG org.rtklib.java.rtcm.Rtcm -- RTCM3 decoded message type=1124, length=266
04:09:10.712 [main] DEBUG org.rtklib.java.rtcm.Rtcm -- MSM BDS TOW: raw=62134000, tow=62148.0
04:09:10.712 [main] DEBUG org.rtklib.java.rtcm.Rtcm -- MSM BDS after adjweek: time.time=1780852548, time.sec=0.0
04:09:10.712 [main] DEBUG org.rtklib.java.rtcm.Rtcm -- decode_msm_head: sys=32 staid=0 nsat=12 nsig=5 sync=0 iod=0 ncell=34
04:09:10.712 [main] DEBUG org.rtklib.java.rtcm.Rtcm -- MSM sig[0] sigid=2 sigstr=2I code=40 idx=0
04:09:10.712 [main] DEBUG org.rtklib.java.rtcm.Rtcm -- MSM sig[1] sigid=8 sigstr=6I code=42 idx=3
04:09:10.712 [main] DEBUG org.rtklib.java.rtcm.Rtcm -- MSM sig[2] sigid=14 sigstr=7I code=27 idx=1
04:09:10.712 [main] DEBUG org.rtklib.java.rtcm.Rtcm -- MSM sig[3] sigid=23 sigstr=5P code=58 idx=2
04:09:10.712 [main] DEBUG org.rtklib.java.rtcm.Rtcm -- MSM sig[4] sigid=31 sigstr=1P code=2 idx=4
04:09:10.712 [main] DEBUG org.rtklib.java.rtcm.Rtcm -- MSM after sigindex: sig[0] code=40 idx=0
04:09:10.712 [main] DEBUG org.rtklib.java.rtcm.Rtcm -- MSM after sigindex: sig[1] code=42 idx=3
04:09:10.712 [main] DEBUG org.rtklib.java.rtcm.Rtcm -- MSM after sigindex: sig[2] code=27 idx=1
04:09:10.712 [main] DEBUG org.rtklib.java.rtcm.Rtcm -- MSM after sigindex: sig[3] code=58 idx=2
04:09:10.712 [main] DEBUG org.rtklib.java.rtcm.Rtcm -- MSM after sigindex: sig[4] code=2 idx=4
04:09:10.712 [main] DEBUG org.rtklib.java.rtcm.Rtcm -- RTCM3 decoded message type=1042, length=70
04:09:10.712 [main] DEBUG org.rtklib.java.rtcm.Rtcm -- RTCM3 decoded message type=1005, length=25
04:09:10.712 [main] DEBUG org.rtklib.java.rtcm.Rtcm -- RTCM3 decoded message type=1033, length=27
04:09:10.712 [main] DEBUG org.rtklib.java.rtcm.Rtcm -- RTCM3 decoded message type=1124, length=266
04:09:10.712 [main] DEBUG org.rtklib.java.rtcm.Rtcm -- MSM BDS TOW: raw=62149000, tow=62163.0
04:09:10.712 [main] DEBUG org.rtklib.java.rtcm.Rtcm -- MSM BDS after adjweek: time.time=1780852563, time.sec=0.0
04:09:10.712 [main] DEBUG org.rtklib.java.rtcm.Rtcm -- decode_msm_head: sys=32 staid=0 nsat=12 nsig=5 sync=0 iod=0 ncell=34
04:09:10.712 [main] DEBUG org.rtklib.java.rtcm.Rtcm -- MSM sig[0] sigid=2 sigstr=2I code=40 idx=0
04:09:10.712 [main] DEBUG org.rtklib.java.rtcm.Rtcm -- MSM sig[1] sigid=8 sigstr=6I code=42 idx=3
04:09:10.712 [main] DEBUG org.rtklib.java.rtcm.Rtcm -- MSM sig[2] sigid=14 sigstr=7I code=27 idx=1
04:09:10.712 [main] DEBUG org.rtklib.java.rtcm.Rtcm -- MSM sig[3] sigid=23 sigstr=5P code=58 idx=2
04:09:10.712 [main] DEBUG org.rtklib.java.rtcm.Rtcm -- MSM sig[4] sigid=31 sigstr=1P code=2 idx=4
04:09:10.712 [main] DEBUG org.rtklib.java.rtcm.Rtcm -- MSM after sigindex: sig[0] code=40 idx=0
04:09:10.712 [main] DEBUG org.rtklib.java.rtcm.Rtcm -- MSM after sigindex: sig[1] code=42 idx=3
04:09:10.712 [main] DEBUG org.rtklib.java.rtcm.Rtcm -- MSM after sigindex: sig[2] code=27 idx=1
04:09:10.712 [main] DEBUG org.rtklib.java.rtcm.Rtcm -- MSM after sigindex: sig[3] code=58 idx=2
04:09:10.712 [main] DEBUG org.rtklib.java.rtcm.Rtcm -- MSM after sigindex: sig[4] code=2 idx=4
04:09:10.712 [main] DEBUG org.rtklib.java.rtcm.Rtcm -- RTCM3 decoded message type=1042, length=70
04:09:10.712 [main] DEBUG org.rtklib.java.rtcm.Rtcm -- RTCM3 decoded message type=1005, length=25
04:09:10.712 [main] DEBUG org.rtklib.java.rtcm.Rtcm -- RTCM3 decoded message type=1033, length=27
04:09:10.712 [main] DEBUG org.rtklib.java.rtcm.Rtcm -- RTCM3 decoded message type=1124, length=266
04:09:10.712 [main] DEBUG org.rtklib.java.rtcm.Rtcm -- MSM BDS TOW: raw=62164000, tow=62178.0
04:09:10.712 [main] DEBUG org.rtklib.java.rtcm.Rtcm -- MSM BDS after adjweek: time.time=1780852578, time.sec=0.0
04:09:10.712 [main] DEBUG org.rtklib.java.rtcm.Rtcm -- decode_msm_head: sys=32 staid=0 nsat=12 nsig=5 sync=0 iod=0 ncell=34
04:09:10.712 [main] DEBUG org.rtklib.java.rtcm.Rtcm -- MSM sig[0] sigid=2 sigstr=2I code=40 idx=0
04:09:10.712 [main] DEBUG org.rtklib.java.rtcm.Rtcm -- MSM sig[1] sigid=8 sigstr=6I code=42 idx=3
04:09:10.712 [main] DEBUG org.rtklib.java.rtcm.Rtcm -- MSM sig[2] sigid=14 sigstr=7I code=27 idx=1
04:09:10.712 [main] DEBUG org.rtklib.java.rtcm.Rtcm -- MSM sig[3] sigid=23 sigstr=5P code=58 idx=2
04:09:10.712 [main] DEBUG org.rtklib.java.rtcm.Rtcm -- MSM sig[4] sigid=31 sigstr=1P code=2 idx=4
04:09:10.712 [main] DEBUG org.rtklib.java.rtcm.Rtcm -- MSM after sigindex: sig[0] code=40 idx=0
04:09:10.712 [main] DEBUG org.rtklib.java.rtcm.Rtcm -- MSM after sigindex: sig[1] code=42 idx=3
04:09:10.712 [main] DEBUG org.rtklib.java.rtcm.Rtcm -- MSM after sigindex: sig[2] code=27 idx=1
04:09:10.712 [main] DEBUG org.rtklib.java.rtcm.Rtcm -- MSM after sigindex: sig[3] code=58 idx=2
04:09:10.712 [main] DEBUG org.rtklib.java.rtcm.Rtcm -- MSM after sigindex: sig[4] code=2 idx=4
04:09:10.712 [main] DEBUG org.rtklib.java.rtcm.Rtcm -- RTCM3 decoded message type=1042, length=70
04:09:10.712 [main] DEBUG org.rtklib.java.rtcm.Rtcm -- RTCM3 decoded message type=1005, length=25
04:09:10.712 [main] DEBUG org.rtklib.java.rtcm.Rtcm -- RTCM3 decoded message type=1033, length=27
04:09:10.712 [main] DEBUG org.rtklib.java.rtcm.Rtcm -- RTCM3 decoded message type=1124, length=266
04:09:10.712 [main] DEBUG org.rtklib.java.rtcm.Rtcm -- MSM BDS TOW: raw=62179000, tow=62193.0
04:09:10.712 [main] DEBUG org.rtklib.java.rtcm.Rtcm -- MSM BDS after adjweek: time.time=1780852593, time.sec=0.0
04:09:10.712 [main] DEBUG org.rtklib.java.rtcm.Rtcm -- decode_msm_head: sys=32 staid=0 nsat=12 nsig=5 sync=0 iod=0 ncell=34
04:09:10.712 [main] DEBUG org.rtklib.java.rtcm.Rtcm -- MSM sig[0] sigid=2 sigstr=2I code=40 idx=0
04:09:10.712 [main] DEBUG org.rtklib.java.rtcm.Rtcm -- MSM sig[1] sigid=8 sigstr=6I code=42 idx=3
04:09:10.712 [main] DEBUG org.rtklib.java.rtcm.Rtcm -- MSM sig[2] sigid=14 sigstr=7I code=27 idx=1
04:09:10.712 [main] DEBUG org.rtklib.java.rtcm.Rtcm -- MSM sig[3] sigid=23 sigstr=5P code=58 idx=2
04:09:10.712 [main] DEBUG org.rtklib.java.rtcm.Rtcm -- MSM sig[4] sigid=31 sigstr=1P code=2 idx=4
04:09:10.712 [main] DEBUG org.rtklib.java.rtcm.Rtcm -- MSM after sigindex: sig[0] code=40 idx=0
04:09:10.712 [main] DEBUG org.rtklib.java.rtcm.Rtcm -- MSM after sigindex: sig[1] code=42 idx=3
04:09:10.712 [main] DEBUG org.rtklib.java.rtcm.Rtcm -- MSM after sigindex: sig[2] code=27 idx=1
04:09:10.712 [main] DEBUG org.rtklib.java.rtcm.Rtcm -- MSM after sigindex: sig[3] code=58 idx=2
04:09:10.712 [main] DEBUG org.rtklib.java.rtcm.Rtcm -- MSM after sigindex: sig[4] code=2 idx=4
04:09:10.712 [main] DEBUG org.rtklib.java.rtcm.Rtcm -- RTCM3 decoded message type=1042, length=70
04:09:10.712 [main] DEBUG org.rtklib.java.rtcm.Rtcm -- RTCM3 decoded message type=1005, length=25
04:09:10.712 [main] DEBUG org.rtklib.java.rtcm.Rtcm -- RTCM3 decoded message type=1033, length=27
04:09:10.712 [main] DEBUG org.rtklib.java.rtcm.Rtcm -- RTCM3 decoded message type=1124, length=266
04:09:10.712 [main] DEBUG org.rtklib.java.rtcm.Rtcm -- MSM BDS TOW: raw=62194000, tow=62208.0
04:09:10.712 [main] DEBUG org.rtklib.java.rtcm.Rtcm -- MSM BDS after adjweek: time.time=1780852608, time.sec=0.0
04:09:10.712 [main] DEBUG org.rtklib.java.rtcm.Rtcm -- decode_msm_head: sys=32 staid=0 nsat=12 nsig=5 sync=0 iod=0 ncell=34
04:09:10.712 [main] DEBUG org.rtklib.java.rtcm.Rtcm -- MSM sig[0] sigid=2 sigstr=2I code=40 idx=0
04:09:10.712 [main] DEBUG org.rtklib.java.rtcm.Rtcm -- MSM sig[1] sigid=8 sigstr=6I code=42 idx=3
04:09:10.712 [main] DEBUG org.rtklib.java.rtcm.Rtcm -- MSM sig[2] sigid=14 sigstr=7I code=27 idx=1
04:09:10.712 [main] DEBUG org.rtklib.java.rtcm.Rtcm -- MSM sig[3] sigid=23 sigstr=5P code=58 idx=2
04:09:10.712 [main] DEBUG org.rtklib.java.rtcm.Rtcm -- MSM sig[4] sigid=31 sigstr=1P code=2 idx=4
04:09:10.712 [main] DEBUG org.rtklib.java.rtcm.Rtcm -- MSM after sigindex: sig[0] code=40 idx=0
04:09:10.712 [main] DEBUG org.rtklib.java.rtcm.Rtcm -- MSM after sigindex: sig[1] code=42 idx=3
04:09:10.712 [main] DEBUG org.rtklib.java.rtcm.Rtcm -- MSM after sigindex: sig[2] code=27 idx=1
04:09:10.712 [main] DEBUG org.rtklib.java.rtcm.Rtcm -- MSM after sigindex: sig[3] code=58 idx=2
04:09:10.712 [main] DEBUG org.rtklib.java.rtcm.Rtcm -- MSM after sigindex: sig[4] code=2 idx=4
04:09:10.712 [main] DEBUG org.rtklib.java.rtcm.Rtcm -- RTCM3 decoded message type=1042, length=70
04:09:10.712 [main] DEBUG org.rtklib.java.rtcm.Rtcm -- RTCM3 decoded message type=1005, length=25
04:09:10.712 [main] DEBUG org.rtklib.java.rtcm.Rtcm -- RTCM3 decoded message type=1033, length=27
04:09:10.712 [main] DEBUG org.rtklib.java.rtcm.Rtcm -- RTCM3 decoded message type=1124, length=266
04:09:10.712 [main] DEBUG org.rtklib.java.rtcm.Rtcm -- MSM BDS TOW: raw=62209000, tow=62223.0
04:09:10.712 [main] DEBUG org.rtklib.java.rtcm.Rtcm -- MSM BDS after adjweek: time.time=1780852623, time.sec=0.0
04:09:10.712 [main] DEBUG org.rtklib.java.rtcm.Rtcm -- decode_msm_head: sys=32 staid=0 nsat=12 nsig=5 sync=0 iod=0 ncell=34
04:09:10.712 [main] DEBUG org.rtklib.java.rtcm.Rtcm -- MSM sig[0] sigid=2 sigstr=2I code=40 idx=0
04:09:10.712 [main] DEBUG org.rtklib.java.rtcm.Rtcm -- MSM sig[1] sigid=8 sigstr=6I code=42 idx=3
04:09:10.712 [main] DEBUG org.rtklib.java.rtcm.Rtcm -- MSM sig[2] sigid=14 sigstr=7I code=27 idx=1
04:09:10.712 [main] DEBUG org.rtklib.java.rtcm.Rtcm -- MSM sig[3] sigid=23 sigstr=5P code=58 idx=2
04:09:10.712 [main] DEBUG org.rtklib.java.rtcm.Rtcm -- MSM sig[4] sigid=31 sigstr=1P code=2 idx=4
04:09:10.712 [main] DEBUG org.rtklib.java.rtcm.Rtcm -- MSM after sigindex: sig[0] code=40 idx=0
04:09:10.712 [main] DEBUG org.rtklib.java.rtcm.Rtcm -- MSM after sigindex: sig[1] code=42 idx=3
04:09:10.712 [main] DEBUG org.rtklib.java.rtcm.Rtcm -- MSM after sigindex: sig[2] code=27 idx=1
04:09:10.712 [main] DEBUG org.rtklib.java.rtcm.Rtcm -- MSM after sigindex: sig[3] code=58 idx=2
04:09:10.712 [main] DEBUG org.rtklib.java.rtcm.Rtcm -- MSM after sigindex: sig[4] code=2 idx=4
04:09:10.712 [main] DEBUG org.rtklib.java.rtcm.Rtcm -- RTCM3 decoded message type=1042, length=70
04:09:10.712 [main] DEBUG org.rtklib.java.rtcm.Rtcm -- RTCM3 decoded message type=1005, length=25
04:09:10.713 [main] DEBUG org.rtklib.java.rtcm.Rtcm -- RTCM3 decoded message type=1033, length=27
04:09:10.713 [main] DEBUG org.rtklib.java.rtcm.Rtcm -- RTCM3 decoded message type=1124, length=266
04:09:10.713 [main] DEBUG org.rtklib.java.rtcm.Rtcm -- MSM BDS TOW: raw=62224000, tow=62238.0
04:09:10.713 [main] DEBUG org.rtklib.java.rtcm.Rtcm -- MSM BDS after adjweek: time.time=1780852638, time.sec=0.0
04:09:10.713 [main] DEBUG org.rtklib.java.rtcm.Rtcm -- decode_msm_head: sys=32 staid=0 nsat=12 nsig=5 sync=0 iod=0 ncell=34
04:09:10.713 [main] DEBUG org.rtklib.java.rtcm.Rtcm -- MSM sig[0] sigid=2 sigstr=2I code=40 idx=0
04:09:10.713 [main] DEBUG org.rtklib.java.rtcm.Rtcm -- MSM sig[1] sigid=8 sigstr=6I code=42 idx=3
04:09:10.713 [main] DEBUG org.rtklib.java.rtcm.Rtcm -- MSM sig[2] sigid=14 sigstr=7I code=27 idx=1
04:09:10.713 [main] DEBUG org.rtklib.java.rtcm.Rtcm -- MSM sig[3] sigid=23 sigstr=5P code=58 idx=2
04:09:10.713 [main] DEBUG org.rtklib.java.rtcm.Rtcm -- MSM sig[4] sigid=31 sigstr=1P code=2 idx=4
04:09:10.713 [main] DEBUG org.rtklib.java.rtcm.Rtcm -- MSM after sigindex: sig[0] code=40 idx=0
04:09:10.713 [main] DEBUG org.rtklib.java.rtcm.Rtcm -- MSM after sigindex: sig[1] code=42 idx=3
04:09:10.713 [main] DEBUG org.rtklib.java.rtcm.Rtcm -- MSM after sigindex: sig[2] code=27 idx=1
04:09:10.713 [main] DEBUG org.rtklib.java.rtcm.Rtcm -- MSM after sigindex: sig[3] code=58 idx=2
04:09:10.713 [main] DEBUG org.rtklib.java.rtcm.Rtcm -- MSM after sigindex: sig[4] code=2 idx=4
04:09:10.713 [main] DEBUG org.rtklib.java.rtcm.Rtcm -- RTCM3 decoded message type=1042, length=70
04:09:10.713 [main] DEBUG org.rtklib.java.rtcm.Rtcm -- RTCM3 decoded message type=1005, length=25
04:09:10.713 [main] DEBUG org.rtklib.java.rtcm.Rtcm -- RTCM3 decoded message type=1033, length=27
04:09:10.713 [main] DEBUG org.rtklib.java.rtcm.Rtcm -- RTCM3 decoded message type=1124, length=266
04:09:10.713 [main] DEBUG org.rtklib.java.rtcm.Rtcm -- MSM BDS TOW: raw=62239000, tow=62253.0
04:09:10.713 [main] DEBUG org.rtklib.java.rtcm.Rtcm -- MSM BDS after adjweek: time.time=1780852653, time.sec=0.0
04:09:10.713 [main] DEBUG org.rtklib.java.rtcm.Rtcm -- decode_msm_head: sys=32 staid=0 nsat=12 nsig=5 sync=0 iod=0 ncell=34
04:09:10.713 [main] DEBUG org.rtklib.java.rtcm.Rtcm -- MSM sig[0] sigid=2 sigstr=2I code=40 idx=0
04:09:10.713 [main] DEBUG org.rtklib.java.rtcm.Rtcm -- MSM sig[1] sigid=8 sigstr=6I code=42 idx=3
04:09:10.713 [main] DEBUG org.rtklib.java.rtcm.Rtcm -- MSM sig[2] sigid=14 sigstr=7I code=27 idx=1
04:09:10.713 [main] DEBUG org.rtklib.java.rtcm.Rtcm -- MSM sig[3] sigid=23 sigstr=5P code=58 idx=2
04:09:10.713 [main] DEBUG org.rtklib.java.rtcm.Rtcm -- MSM sig[4] sigid=31 sigstr=1P code=2 idx=4
04:09:10.713 [main] DEBUG org.rtklib.java.rtcm.Rtcm -- MSM after sigindex: sig[0] code=40 idx=0
04:09:10.713 [main] DEBUG org.rtklib.java.rtcm.Rtcm -- MSM after sigindex: sig[1] code=42 idx=3
04:09:10.713 [main] DEBUG org.rtklib.java.rtcm.Rtcm -- MSM after sigindex: sig[2] code=27 idx=1
04:09:10.713 [main] DEBUG org.rtklib.java.rtcm.Rtcm -- MSM after sigindex: sig[3] code=58 idx=2
04:09:10.713 [main] DEBUG org.rtklib.java.rtcm.Rtcm -- MSM after sigindex: sig[4] code=2 idx=4
04:09:10.713 [main] DEBUG org.rtklib.java.rtcm.Rtcm -- RTCM3 decoded message type=1042, length=70
04:09:10.713 [main] DEBUG org.rtklib.java.rtcm.Rtcm -- RTCM3 decoded message type=1005, length=25
04:09:10.713 [main] DEBUG org.rtklib.java.rtcm.Rtcm -- RTCM3 decoded message type=1033, length=27
04:09:10.713 [main] DEBUG org.rtklib.java.rtcm.Rtcm -- RTCM3 decoded message type=1124, length=266
04:09:10.713 [main] DEBUG org.rtklib.java.rtcm.Rtcm -- MSM BDS TOW: raw=62254000, tow=62268.0
04:09:10.713 [main] DEBUG org.rtklib.java.rtcm.Rtcm -- MSM BDS after adjweek: time.time=1780852668, time.sec=0.0
04:09:10.713 [main] DEBUG org.rtklib.java.rtcm.Rtcm -- decode_msm_head: sys=32 staid=0 nsat=12 nsig=5 sync=0 iod=0 ncell=34
04:09:10.713 [main] DEBUG org.rtklib.java.rtcm.Rtcm -- MSM sig[0] sigid=2 sigstr=2I code=40 idx=0
04:09:10.713 [main] DEBUG org.rtklib.java.rtcm.Rtcm -- MSM sig[1] sigid=8 sigstr=6I code=42 idx=3
04:09:10.713 [main] DEBUG org.rtklib.java.rtcm.Rtcm -- MSM sig[2] sigid=14 sigstr=7I code=27 idx=1
04:09:10.713 [main] DEBUG org.rtklib.java.rtcm.Rtcm -- MSM sig[3] sigid=23 sigstr=5P code=58 idx=2
04:09:10.713 [main] DEBUG org.rtklib.java.rtcm.Rtcm -- MSM sig[4] sigid=31 sigstr=1P code=2 idx=4
04:09:10.713 [main] DEBUG org.rtklib.java.rtcm.Rtcm -- MSM after sigindex: sig[0] code=40 idx=0
04:09:10.713 [main] DEBUG org.rtklib.java.rtcm.Rtcm -- MSM after sigindex: sig[1] code=42 idx=3
04:09:10.713 [main] DEBUG org.rtklib.java.rtcm.Rtcm -- MSM after sigindex: sig[2] code=27 idx=1
04:09:10.713 [main] DEBUG org.rtklib.java.rtcm.Rtcm -- MSM after sigindex: sig[3] code=58 idx=2
04:09:10.713 [main] DEBUG org.rtklib.java.rtcm.Rtcm -- MSM after sigindex: sig[4] code=2 idx=4
04:09:10.713 [main] DEBUG org.rtklib.java.rtcm.Rtcm -- RTCM3 decoded message type=1042, length=70
04:09:10.714 [main] DEBUG org.rtklib.java.rtcm.Rtcm -- RTCM3 decoded message type=1005, length=25
04:09:10.714 [main] DEBUG org.rtklib.java.rtcm.Rtcm -- RTCM3 decoded message type=1033, length=27
04:09:10.714 [main] DEBUG org.rtklib.java.rtcm.Rtcm -- RTCM3 decoded message type=1124, length=266
04:09:10.714 [main] DEBUG org.rtklib.java.rtcm.Rtcm -- MSM BDS TOW: raw=62269000, tow=62283.0
04:09:10.714 [main] DEBUG org.rtklib.java.rtcm.Rtcm -- MSM BDS after adjweek: time.time=1780852683, time.sec=0.0
04:09:10.714 [main] DEBUG org.rtklib.java.rtcm.Rtcm -- decode_msm_head: sys=32 staid=0 nsat=12 nsig=5 sync=0 iod=0 ncell=34
04:09:10.714 [main] DEBUG org.rtklib.java.rtcm.Rtcm -- MSM sig[0] sigid=2 sigstr=2I code=40 idx=0
04:09:10.714 [main] DEBUG org.rtklib.java.rtcm.Rtcm -- MSM sig[1] sigid=8 sigstr=6I code=42 idx=3
04:09:10.714 [main] DEBUG org.rtklib.java.rtcm.Rtcm -- MSM sig[2] sigid=14 sigstr=7I code=27 idx=1
04:09:10.714 [main] DEBUG org.rtklib.java.rtcm.Rtcm -- MSM sig[3] sigid=23 sigstr=5P code=58 idx=2
04:09:10.714 [main] DEBUG org.rtklib.java.rtcm.Rtcm -- MSM sig[4] sigid=31 sigstr=1P code=2 idx=4
04:09:10.714 [main] DEBUG org.rtklib.java.rtcm.Rtcm -- MSM after sigindex: sig[0] code=40 idx=0
04:09:10.714 [main] DEBUG org.rtklib.java.rtcm.Rtcm -- MSM after sigindex: sig[1] code=42 idx=3
04:09:10.714 [main] DEBUG org.rtklib.java.rtcm.Rtcm -- MSM after sigindex: sig[2] code=27 idx=1
04:09:10.714 [main] DEBUG org.rtklib.java.rtcm.Rtcm -- MSM after sigindex: sig[3] code=58 idx=2
04:09:10.714 [main] DEBUG org.rtklib.java.rtcm.Rtcm -- MSM after sigindex: sig[4] code=2 idx=4
04:09:10.714 [main] DEBUG org.rtklib.java.rtcm.Rtcm -- RTCM3 decoded message type=1042, length=70
04:09:10.714 [main] DEBUG org.rtklib.java.rtcm.Rtcm -- RTCM3 decoded message type=1005, length=25
04:09:10.714 [main] DEBUG org.rtklib.java.rtcm.Rtcm -- RTCM3 decoded message type=1033, length=27
04:09:10.714 [main] DEBUG org.rtklib.java.rtcm.Rtcm -- RTCM3 decoded message type=1124, length=266
04:09:10.714 [main] DEBUG org.rtklib.java.rtcm.Rtcm -- MSM BDS TOW: raw=62284000, tow=62298.0
04:09:10.714 [main] DEBUG org.rtklib.java.rtcm.Rtcm -- MSM BDS after adjweek: time.time=1780852698, time.sec=0.0
04:09:10.714 [main] DEBUG org.rtklib.java.rtcm.Rtcm -- decode_msm_head: sys=32 staid=0 nsat=12 nsig=5 sync=0 iod=0 ncell=34
04:09:10.714 [main] DEBUG org.rtklib.java.rtcm.Rtcm -- MSM sig[0] sigid=2 sigstr=2I code=40 idx=0
04:09:10.714 [main] DEBUG org.rtklib.java.rtcm.Rtcm -- MSM sig[1] sigid=8 sigstr=6I code=42 idx=3
04:09:10.714 [main] DEBUG org.rtklib.java.rtcm.Rtcm -- MSM sig[2] sigid=14 sigstr=7I code=27 idx=1
04:09:10.714 [main] DEBUG org.rtklib.java.rtcm.Rtcm -- MSM sig[3] sigid=23 sigstr=5P code=58 idx=2
04:09:10.714 [main] DEBUG org.rtklib.java.rtcm.Rtcm -- MSM sig[4] sigid=31 sigstr=1P code=2 idx=4
04:09:10.714 [main] DEBUG org.rtklib.java.rtcm.Rtcm -- MSM after sigindex: sig[0] code=40 idx=0
04:09:10.714 [main] DEBUG org.rtklib.java.rtcm.Rtcm -- MSM after sigindex: sig[1] code=42 idx=3
04:09:10.714 [main] DEBUG org.rtklib.java.rtcm.Rtcm -- MSM after sigindex: sig[2] code=27 idx=1
04:09:10.714 [main] DEBUG org.rtklib.java.rtcm.Rtcm -- MSM after sigindex: sig[3] code=58 idx=2
04:09:10.714 [main] DEBUG org.rtklib.java.rtcm.Rtcm -- MSM after sigindex: sig[4] code=2 idx=4
04:09:10.714 [main] DEBUG org.rtklib.java.rtcm.Rtcm -- RTCM3 decoded message type=1042, length=70
04:09:10.714 [main] DEBUG org.rtklib.java.rtcm.Rtcm -- RTCM3 decoded message type=1005, length=25
04:09:10.714 [main] DEBUG org.rtklib.java.rtcm.Rtcm -- RTCM3 decoded message type=1033, length=27
04:09:10.714 [main] DEBUG org.rtklib.java.rtcm.Rtcm -- RTCM3 decoded message type=1124, length=257
04:09:10.714 [main] DEBUG org.rtklib.java.rtcm.Rtcm -- MSM BDS TOW: raw=62299000, tow=62313.0
04:09:10.714 [main] DEBUG org.rtklib.java.rtcm.Rtcm -- MSM BDS after adjweek: time.time=1780852713, time.sec=0.0
04:09:10.714 [main] DEBUG org.rtklib.java.rtcm.Rtcm -- decode_msm_head: sys=32 staid=0 nsat=11 nsig=5 sync=0 iod=0 ncell=33
04:09:10.714 [main] DEBUG org.rtklib.java.rtcm.Rtcm -- MSM sig[0] sigid=2 sigstr=2I code=40 idx=0
04:09:10.714 [main] DEBUG org.rtklib.java.rtcm.Rtcm -- MSM sig[1] sigid=8 sigstr=6I code=42 idx=3
04:09:10.714 [main] DEBUG org.rtklib.java.rtcm.Rtcm -- MSM sig[2] sigid=14 sigstr=7I code=27 idx=1
04:09:10.714 [main] DEBUG org.rtklib.java.rtcm.Rtcm -- MSM sig[3] sigid=23 sigstr=5P code=58 idx=2
04:09:10.714 [main] DEBUG org.rtklib.java.rtcm.Rtcm -- MSM sig[4] sigid=31 sigstr=1P code=2 idx=4
04:09:10.714 [main] DEBUG org.rtklib.java.rtcm.Rtcm -- MSM after sigindex: sig[0] code=40 idx=0
04:09:10.714 [main] DEBUG org.rtklib.java.rtcm.Rtcm -- MSM after sigindex: sig[1] code=42 idx=3
04:09:10.714 [main] DEBUG org.rtklib.java.rtcm.Rtcm -- MSM after sigindex: sig[2] code=27 idx=1
04:09:10.714 [main] DEBUG org.rtklib.java.rtcm.Rtcm -- MSM after sigindex: sig[3] code=58 idx=2
04:09:10.714 [main] DEBUG org.rtklib.java.rtcm.Rtcm -- MSM after sigindex: sig[4] code=2 idx=4
04:09:10.714 [main] DEBUG org.rtklib.java.rtcm.Rtcm -- RTCM3 decoded message type=1042, length=70
04:09:10.714 [main] DEBUG org.rtklib.java.rtcm.Rtcm -- RTCM3 decoded message type=1005, length=25
04:09:10.714 [main] DEBUG org.rtklib.java.rtcm.Rtcm -- RTCM3 decoded message type=1033, length=27
04:09:10.714 [main] DEBUG org.rtklib.java.rtcm.Rtcm -- RTCM3 decoded message type=1124, length=257
04:09:10.714 [main] DEBUG org.rtklib.java.rtcm.Rtcm -- MSM BDS TOW: raw=62314000, tow=62328.0
04:09:10.714 [main] DEBUG org.rtklib.java.rtcm.Rtcm -- MSM BDS after adjweek: time.time=1780852728, time.sec=0.0
04:09:10.714 [main] DEBUG org.rtklib.java.rtcm.Rtcm -- decode_msm_head: sys=32 staid=0 nsat=11 nsig=5 sync=0 iod=0 ncell=33
04:09:10.714 [main] DEBUG org.rtklib.java.rtcm.Rtcm -- MSM sig[0] sigid=2 sigstr=2I code=40 idx=0
04:09:10.714 [main] DEBUG org.rtklib.java.rtcm.Rtcm -- MSM sig[1] sigid=8 sigstr=6I code=42 idx=3
04:09:10.714 [main] DEBUG org.rtklib.java.rtcm.Rtcm -- MSM sig[2] sigid=14 sigstr=7I code=27 idx=1
04:09:10.714 [main] DEBUG org.rtklib.java.rtcm.Rtcm -- MSM sig[3] sigid=23 sigstr=5P code=58 idx=2
04:09:10.714 [main] DEBUG org.rtklib.java.rtcm.Rtcm -- MSM sig[4] sigid=31 sigstr=1P code=2 idx=4
04:09:10.714 [main] DEBUG org.rtklib.java.rtcm.Rtcm -- MSM after sigindex: sig[0] code=40 idx=0
04:09:10.714 [main] DEBUG org.rtklib.java.rtcm.Rtcm -- MSM after sigindex: sig[1] code=42 idx=3
04:09:10.714 [main] DEBUG org.rtklib.java.rtcm.Rtcm -- MSM after sigindex: sig[2] code=27 idx=1
04:09:10.714 [main] DEBUG org.rtklib.java.rtcm.Rtcm -- MSM after sigindex: sig[3] code=58 idx=2
04:09:10.714 [main] DEBUG org.rtklib.java.rtcm.Rtcm -- MSM after sigindex: sig[4] code=2 idx=4
04:09:10.714 [main] DEBUG org.rtklib.java.rtcm.Rtcm -- RTCM3 decoded message type=1042, length=70
04:09:10.714 [main] DEBUG org.rtklib.java.rtcm.Rtcm -- RTCM3 decoded message type=1005, length=25
04:09:10.714 [main] DEBUG org.rtklib.java.rtcm.Rtcm -- RTCM3 decoded message type=1033, length=27
04:09:10.714 [main] DEBUG org.rtklib.java.rtcm.Rtcm -- RTCM3 decoded message type=1124, length=257
04:09:10.714 [main] DEBUG org.rtklib.java.rtcm.Rtcm -- MSM BDS TOW: raw=62329000, tow=62343.0
04:09:10.714 [main] DEBUG org.rtklib.java.rtcm.Rtcm -- MSM BDS after adjweek: time.time=1780852743, time.sec=0.0
04:09:10.714 [main] DEBUG org.rtklib.java.rtcm.Rtcm -- decode_msm_head: sys=32 staid=0 nsat=11 nsig=5 sync=0 iod=0 ncell=33
04:09:10.714 [main] DEBUG org.rtklib.java.rtcm.Rtcm -- MSM sig[0] sigid=2 sigstr=2I code=40 idx=0
04:09:10.714 [main] DEBUG org.rtklib.java.rtcm.Rtcm -- MSM sig[1] sigid=8 sigstr=6I code=42 idx=3
04:09:10.714 [main] DEBUG org.rtklib.java.rtcm.Rtcm -- MSM sig[2] sigid=14 sigstr=7I code=27 idx=1
04:09:10.714 [main] DEBUG org.rtklib.java.rtcm.Rtcm -- MSM sig[3] sigid=23 sigstr=5P code=58 idx=2
04:09:10.714 [main] DEBUG org.rtklib.java.rtcm.Rtcm -- MSM sig[4] sigid=31 sigstr=1P code=2 idx=4
04:09:10.714 [main] DEBUG org.rtklib.java.rtcm.Rtcm -- MSM after sigindex: sig[0] code=40 idx=0
04:09:10.714 [main] DEBUG org.rtklib.java.rtcm.Rtcm -- MSM after sigindex: sig[1] code=42 idx=3
04:09:10.714 [main] DEBUG org.rtklib.java.rtcm.Rtcm -- MSM after sigindex: sig[2] code=27 idx=1
04:09:10.714 [main] DEBUG org.rtklib.java.rtcm.Rtcm -- MSM after sigindex: sig[3] code=58 idx=2
04:09:10.714 [main] DEBUG org.rtklib.java.rtcm.Rtcm -- MSM after sigindex: sig[4] code=2 idx=4
04:09:10.714 [main] DEBUG org.rtklib.java.rtcm.Rtcm -- RTCM3 decoded message type=1042, length=70
04:09:10.714 [main] DEBUG org.rtklib.java.rtcm.Rtcm -- RTCM3 decoded message type=1005, length=25
04:09:10.714 [main] DEBUG org.rtklib.java.rtcm.Rtcm -- RTCM3 decoded message type=1033, length=27
04:09:10.714 [main] DEBUG org.rtklib.java.rtcm.Rtcm -- RTCM3 decoded message type=1124, length=266
04:09:10.714 [main] DEBUG org.rtklib.java.rtcm.Rtcm -- MSM BDS TOW: raw=62344000, tow=62358.0
04:09:10.714 [main] DEBUG org.rtklib.java.rtcm.Rtcm -- MSM BDS after adjweek: time.time=1780852758, time.sec=0.0
04:09:10.714 [main] DEBUG org.rtklib.java.rtcm.Rtcm -- decode_msm_head: sys=32 staid=0 nsat=12 nsig=5 sync=0 iod=0 ncell=34
04:09:10.714 [main] DEBUG org.rtklib.java.rtcm.Rtcm -- MSM sig[0] sigid=2 sigstr=2I code=40 idx=0
04:09:10.714 [main] DEBUG org.rtklib.java.rtcm.Rtcm -- MSM sig[1] sigid=8 sigstr=6I code=42 idx=3
04:09:10.714 [main] DEBUG org.rtklib.java.rtcm.Rtcm -- MSM sig[2] sigid=14 sigstr=7I code=27 idx=1
04:09:10.714 [main] DEBUG org.rtklib.java.rtcm.Rtcm -- MSM sig[3] sigid=23 sigstr=5P code=58 idx=2
04:09:10.714 [main] DEBUG org.rtklib.java.rtcm.Rtcm -- MSM sig[4] sigid=31 sigstr=1P code=2 idx=4
04:09:10.714 [main] DEBUG org.rtklib.java.rtcm.Rtcm -- MSM after sigindex: sig[0] code=40 idx=0
04:09:10.714 [main] DEBUG org.rtklib.java.rtcm.Rtcm -- MSM after sigindex: sig[1] code=42 idx=3
04:09:10.714 [main] DEBUG org.rtklib.java.rtcm.Rtcm -- MSM after sigindex: sig[2] code=27 idx=1
04:09:10.714 [main] DEBUG org.rtklib.java.rtcm.Rtcm -- MSM after sigindex: sig[3] code=58 idx=2
04:09:10.714 [main] DEBUG org.rtklib.java.rtcm.Rtcm -- MSM after sigindex: sig[4] code=2 idx=4
04:09:10.714 [main] DEBUG org.rtklib.java.rtcm.Rtcm -- RTCM3 decoded message type=1042, length=70
04:09:10.714 [main] DEBUG org.rtklib.java.rtcm.Rtcm -- RTCM3 decoded message type=1005, length=25
04:09:10.714 [main] DEBUG org.rtklib.java.rtcm.Rtcm -- RTCM3 decoded message type=1033, length=27
04:09:10.715 [main] DEBUG org.rtklib.java.rtcm.Rtcm -- RTCM3 decoded message type=1124, length=248
04:09:10.715 [main] DEBUG org.rtklib.java.rtcm.Rtcm -- MSM BDS TOW: raw=62359000, tow=62373.0
04:09:10.715 [main] DEBUG org.rtklib.java.rtcm.Rtcm -- MSM BDS after adjweek: time.time=1780852773, time.sec=0.0
04:09:10.715 [main] DEBUG org.rtklib.java.rtcm.Rtcm -- decode_msm_head: sys=32 staid=0 nsat=12 nsig=5 sync=1 iod=0 ncell=31
04:09:10.715 [main] DEBUG org.rtklib.java.rtcm.Rtcm -- MSM sig[0] sigid=2 sigstr=2I code=40 idx=0
04:09:10.715 [main] DEBUG org.rtklib.java.rtcm.Rtcm -- MSM sig[1] sigid=8 sigstr=6I code=42 idx=3
04:09:10.715 [main] DEBUG org.rtklib.java.rtcm.Rtcm -- MSM sig[2] sigid=14 sigstr=7I code=27 idx=1
04:09:10.715 [main] DEBUG org.rtklib.java.rtcm.Rtcm -- MSM sig[3] sigid=23 sigstr=5P code=58 idx=2
04:09:10.715 [main] DEBUG org.rtklib.java.rtcm.Rtcm -- MSM sig[4] sigid=31 sigstr=1P code=2 idx=4
04:09:10.715 [main] DEBUG org.rtklib.java.rtcm.Rtcm -- MSM after sigindex: sig[0] code=40 idx=0
04:09:10.715 [main] DEBUG org.rtklib.java.rtcm.Rtcm -- MSM after sigindex: sig[1] code=42 idx=3
04:09:10.715 [main] DEBUG org.rtklib.java.rtcm.Rtcm -- MSM after sigindex: sig[2] code=27 idx=1
04:09:10.715 [main] DEBUG org.rtklib.java.rtcm.Rtcm -- MSM after sigindex: sig[3] code=58 idx=2
04:09:10.715 [main] DEBUG org.rtklib.java.rtcm.Rtcm -- MSM after sigindex: sig[4] code=2 idx=4
04:09:10.715 [main] DEBUG org.rtklib.java.rtcm.Rtcm -- RTCM3 decoded message type=1124, length=54
04:09:10.715 [main] DEBUG org.rtklib.java.rtcm.Rtcm -- MSM BDS TOW: raw=62359000, tow=62373.0
04:09:10.715 [main] DEBUG org.rtklib.java.rtcm.Rtcm -- MSM BDS after adjweek: time.time=1780852773, time.sec=0.0
04:09:10.715 [main] DEBUG org.rtklib.java.rtcm.Rtcm -- decode_msm_head: sys=32 staid=0 nsat=1 nsig=4 sync=0 iod=0 ncell=4
04:09:10.715 [main] DEBUG org.rtklib.java.rtcm.Rtcm -- MSM sig[0] sigid=2 sigstr=2I code=40 idx=0
04:09:10.715 [main] DEBUG org.rtklib.java.rtcm.Rtcm -- MSM sig[1] sigid=8 sigstr=6I code=42 idx=3
04:09:10.715 [main] DEBUG org.rtklib.java.rtcm.Rtcm -- MSM sig[2] sigid=23 sigstr=5P code=58 idx=2
04:09:10.715 [main] DEBUG org.rtklib.java.rtcm.Rtcm -- MSM sig[3] sigid=31 sigstr=1P code=2 idx=4
04:09:10.715 [main] DEBUG org.rtklib.java.rtcm.Rtcm -- MSM after sigindex: sig[0] code=40 idx=0
04:09:10.715 [main] DEBUG org.rtklib.java.rtcm.Rtcm -- MSM after sigindex: sig[1] code=42 idx=3
04:09:10.715 [main] DEBUG org.rtklib.java.rtcm.Rtcm -- MSM after sigindex: sig[2] code=58 idx=2
04:09:10.715 [main] DEBUG org.rtklib.java.rtcm.Rtcm -- MSM after sigindex: sig[3] code=2 idx=4
04:09:10.715 [main] DEBUG org.rtklib.java.rtcm.Rtcm -- RTCM3 decoded message type=1042, length=70
04:09:10.715 [main] DEBUG org.rtklib.java.rtcm.Rtcm -- RTCM3 decoded message type=1005, length=25
04:09:10.715 [main] DEBUG org.rtklib.java.rtcm.Rtcm -- RTCM3 decoded message type=1033, length=27
04:09:10.715 [main] DEBUG org.rtklib.java.rtcm.Rtcm -- RTCM3 decoded message type=1124, length=254
04:09:10.715 [main] DEBUG org.rtklib.java.rtcm.Rtcm -- MSM BDS TOW: raw=62374000, tow=62388.0
04:09:10.715 [main] DEBUG org.rtklib.java.rtcm.Rtcm -- MSM BDS after adjweek: time.time=1780852788, time.sec=0.0
04:09:10.715 [main] DEBUG org.rtklib.java.rtcm.Rtcm -- decode_msm_head: sys=32 staid=0 nsat=12 nsig=5 sync=1 iod=0 ncell=32
04:09:10.715 [main] DEBUG org.rtklib.java.rtcm.Rtcm -- MSM sig[0] sigid=2 sigstr=2I code=40 idx=0
04:09:10.715 [main] DEBUG org.rtklib.java.rtcm.Rtcm -- MSM sig[1] sigid=8 sigstr=6I code=42 idx=3
04:09:10.715 [main] DEBUG org.rtklib.java.rtcm.Rtcm -- MSM sig[2] sigid=14 sigstr=7I code=27 idx=1
04:09:10.715 [main] DEBUG org.rtklib.java.rtcm.Rtcm -- MSM sig[3] sigid=23 sigstr=5P code=58 idx=2
04:09:10.715 [main] DEBUG org.rtklib.java.rtcm.Rtcm -- MSM sig[4] sigid=31 sigstr=1P code=2 idx=4
04:09:10.715 [main] DEBUG org.rtklib.java.rtcm.Rtcm -- MSM after sigindex: sig[0] code=40 idx=0
04:09:10.715 [main] DEBUG org.rtklib.java.rtcm.Rtcm -- MSM after sigindex: sig[1] code=42 idx=3
04:09:10.715 [main] DEBUG org.rtklib.java.rtcm.Rtcm -- MSM after sigindex: sig[2] code=27 idx=1
04:09:10.715 [main] DEBUG org.rtklib.java.rtcm.Rtcm -- MSM after sigindex: sig[3] code=58 idx=2
04:09:10.715 [main] DEBUG org.rtklib.java.rtcm.Rtcm -- MSM after sigindex: sig[4] code=2 idx=4
04:09:10.715 [main] DEBUG org.rtklib.java.rtcm.Rtcm -- RTCM3 decoded message type=1124, length=54
04:09:10.715 [main] DEBUG org.rtklib.java.rtcm.Rtcm -- MSM BDS TOW: raw=62374000, tow=62388.0
04:09:10.715 [main] DEBUG org.rtklib.java.rtcm.Rtcm -- MSM BDS after adjweek: time.time=1780852788, time.sec=0.0
04:09:10.715 [main] DEBUG org.rtklib.java.rtcm.Rtcm -- decode_msm_head: sys=32 staid=0 nsat=1 nsig=4 sync=0 iod=0 ncell=4
04:09:10.715 [main] DEBUG org.rtklib.java.rtcm.Rtcm -- MSM sig[0] sigid=2 sigstr=2I code=40 idx=0
04:09:10.715 [main] DEBUG org.rtklib.java.rtcm.Rtcm -- MSM sig[1] sigid=8 sigstr=6I code=42 idx=3
04:09:10.715 [main] DEBUG org.rtklib.java.rtcm.Rtcm -- MSM sig[2] sigid=23 sigstr=5P code=58 idx=2
04:09:10.715 [main] DEBUG org.rtklib.java.rtcm.Rtcm -- MSM sig[3] sigid=31 sigstr=1P code=2 idx=4
04:09:10.715 [main] DEBUG org.rtklib.java.rtcm.Rtcm -- MSM after sigindex: sig[0] code=40 idx=0
04:09:10.715 [main] DEBUG org.rtklib.java.rtcm.Rtcm -- MSM after sigindex: sig[1] code=42 idx=3
04:09:10.715 [main] DEBUG org.rtklib.java.rtcm.Rtcm -- MSM after sigindex: sig[2] code=58 idx=2
04:09:10.715 [main] DEBUG org.rtklib.java.rtcm.Rtcm -- MSM after sigindex: sig[3] code=2 idx=4
04:09:10.715 [main] DEBUG org.rtklib.java.rtcm.Rtcm -- RTCM3 decoded message type=1042, length=70
04:09:10.715 [main] DEBUG org.rtklib.java.rtcm.Rtcm -- RTCM3 decoded message type=1005, length=25
04:09:10.715 [main] DEBUG org.rtklib.java.rtcm.Rtcm -- RTCM3 decoded message type=1033, length=27
04:09:10.715 [main] DEBUG org.rtklib.java.rtcm.Rtcm -- RTCM3 decoded message type=1124, length=254
04:09:10.715 [main] DEBUG org.rtklib.java.rtcm.Rtcm -- MSM BDS TOW: raw=62389000, tow=62403.0
04:09:10.715 [main] DEBUG org.rtklib.java.rtcm.Rtcm -- MSM BDS after adjweek: time.time=1780852803, time.sec=0.0
04:09:10.715 [main] DEBUG org.rtklib.java.rtcm.Rtcm -- decode_msm_head: sys=32 staid=0 nsat=12 nsig=5 sync=1 iod=0 ncell=32
04:09:10.715 [main] DEBUG org.rtklib.java.rtcm.Rtcm -- MSM sig[0] sigid=2 sigstr=2I code=40 idx=0
04:09:10.715 [main] DEBUG org.rtklib.java.rtcm.Rtcm -- MSM sig[1] sigid=8 sigstr=6I code=42 idx=3
04:09:10.715 [main] DEBUG org.rtklib.java.rtcm.Rtcm -- MSM sig[2] sigid=14 sigstr=7I code=27 idx=1
04:09:10.715 [main] DEBUG org.rtklib.java.rtcm.Rtcm -- MSM sig[3] sigid=23 sigstr=5P code=58 idx=2
04:09:10.715 [main] DEBUG org.rtklib.java.rtcm.Rtcm -- MSM sig[4] sigid=31 sigstr=1P code=2 idx=4
04:09:10.715 [main] DEBUG org.rtklib.java.rtcm.Rtcm -- MSM after sigindex: sig[0] code=40 idx=0
04:09:10.715 [main] DEBUG org.rtklib.java.rtcm.Rtcm -- MSM after sigindex: sig[1] code=42 idx=3
04:09:10.715 [main] DEBUG org.rtklib.java.rtcm.Rtcm -- MSM after sigindex: sig[2] code=27 idx=1
04:09:10.715 [main] DEBUG org.rtklib.java.rtcm.Rtcm -- MSM after sigindex: sig[3] code=58 idx=2
04:09:10.715 [main] DEBUG org.rtklib.java.rtcm.Rtcm -- MSM after sigindex: sig[4] code=2 idx=4
04:09:10.715 [main] DEBUG org.rtklib.java.rtcm.Rtcm -- RTCM3 decoded message type=1124, length=54
04:09:10.715 [main] DEBUG org.rtklib.java.rtcm.Rtcm -- MSM BDS TOW: raw=62389000, tow=62403.0
04:09:10.715 [main] DEBUG org.rtklib.java.rtcm.Rtcm -- MSM BDS after adjweek: time.time=1780852803, time.sec=0.0
04:09:10.715 [main] DEBUG org.rtklib.java.rtcm.Rtcm -- decode_msm_head: sys=32 staid=0 nsat=1 nsig=4 sync=0 iod=0 ncell=4
04:09:10.715 [main] DEBUG org.rtklib.java.rtcm.Rtcm -- MSM sig[0] sigid=2 sigstr=2I code=40 idx=0
04:09:10.715 [main] DEBUG org.rtklib.java.rtcm.Rtcm -- MSM sig[1] sigid=8 sigstr=6I code=42 idx=3
04:09:10.715 [main] DEBUG org.rtklib.java.rtcm.Rtcm -- MSM sig[2] sigid=23 sigstr=5P code=58 idx=2
04:09:10.715 [main] DEBUG org.rtklib.java.rtcm.Rtcm -- MSM sig[3] sigid=31 sigstr=1P code=2 idx=4
04:09:10.715 [main] DEBUG org.rtklib.java.rtcm.Rtcm -- MSM after sigindex: sig[0] code=40 idx=0
04:09:10.715 [main] DEBUG org.rtklib.java.rtcm.Rtcm -- MSM after sigindex: sig[1] code=42 idx=3
04:09:10.715 [main] DEBUG org.rtklib.java.rtcm.Rtcm -- MSM after sigindex: sig[2] code=58 idx=2
04:09:10.715 [main] DEBUG org.rtklib.java.rtcm.Rtcm -- MSM after sigindex: sig[3] code=2 idx=4
04:09:10.715 [main] DEBUG org.rtklib.java.rtcm.Rtcm -- RTCM3 decoded message type=1042, length=70
04:09:10.715 [main] DEBUG org.rtklib.java.rtcm.Rtcm -- RTCM3 decoded message type=1005, length=25
04:09:10.715 [main] DEBUG org.rtklib.java.rtcm.Rtcm -- RTCM3 decoded message type=1033, length=27
04:09:10.715 [main] DEBUG org.rtklib.java.rtcm.Rtcm -- RTCM3 decoded message type=1124, length=254
04:09:10.715 [main] DEBUG org.rtklib.java.rtcm.Rtcm -- MSM BDS TOW: raw=62404000, tow=62418.0
04:09:10.715 [main] DEBUG org.rtklib.java.rtcm.Rtcm -- MSM BDS after adjweek: time.time=1780852818, time.sec=0.0
04:09:10.715 [main] DEBUG org.rtklib.java.rtcm.Rtcm -- decode_msm_head: sys=32 staid=0 nsat=12 nsig=5 sync=1 iod=0 ncell=32
04:09:10.715 [main] DEBUG org.rtklib.java.rtcm.Rtcm -- MSM sig[0] sigid=2 sigstr=2I code=40 idx=0
04:09:10.715 [main] DEBUG org.rtklib.java.rtcm.Rtcm -- MSM sig[1] sigid=8 sigstr=6I code=42 idx=3
04:09:10.715 [main] DEBUG org.rtklib.java.rtcm.Rtcm -- MSM sig[2] sigid=14 sigstr=7I code=27 idx=1
04:09:10.715 [main] DEBUG org.rtklib.java.rtcm.Rtcm -- MSM sig[3] sigid=23 sigstr=5P code=58 idx=2
04:09:10.715 [main] DEBUG org.rtklib.java.rtcm.Rtcm -- MSM sig[4] sigid=31 sigstr=1P code=2 idx=4
04:09:10.715 [main] DEBUG org.rtklib.java.rtcm.Rtcm -- MSM after sigindex: sig[0] code=40 idx=0
04:09:10.715 [main] DEBUG org.rtklib.java.rtcm.Rtcm -- MSM after sigindex: sig[1] code=42 idx=3
04:09:10.715 [main] DEBUG org.rtklib.java.rtcm.Rtcm -- MSM after sigindex: sig[2] code=27 idx=1
04:09:10.715 [main] DEBUG org.rtklib.java.rtcm.Rtcm -- MSM after sigindex: sig[3] code=58 idx=2
04:09:10.715 [main] DEBUG org.rtklib.java.rtcm.Rtcm -- MSM after sigindex: sig[4] code=2 idx=4
04:09:10.715 [main] DEBUG org.rtklib.java.rtcm.Rtcm -- RTCM3 decoded message type=1124, length=54
04:09:10.715 [main] DEBUG org.rtklib.java.rtcm.Rtcm -- MSM BDS TOW: raw=62404000, tow=62418.0
04:09:10.715 [main] DEBUG org.rtklib.java.rtcm.Rtcm -- MSM BDS after adjweek: time.time=1780852818, time.sec=0.0
04:09:10.715 [main] DEBUG org.rtklib.java.rtcm.Rtcm -- decode_msm_head: sys=32 staid=0 nsat=1 nsig=4 sync=0 iod=0 ncell=4
04:09:10.715 [main] DEBUG org.rtklib.java.rtcm.Rtcm -- MSM sig[0] sigid=2 sigstr=2I code=40 idx=0
04:09:10.715 [main] DEBUG org.rtklib.java.rtcm.Rtcm -- MSM sig[1] sigid=8 sigstr=6I code=42 idx=3
04:09:10.715 [main] DEBUG org.rtklib.java.rtcm.Rtcm -- MSM sig[2] sigid=23 sigstr=5P code=58 idx=2
04:09:10.715 [main] DEBUG org.rtklib.java.rtcm.Rtcm -- MSM sig[3] sigid=31 sigstr=1P code=2 idx=4
04:09:10.715 [main] DEBUG org.rtklib.java.rtcm.Rtcm -- MSM after sigindex: sig[0] code=40 idx=0
04:09:10.715 [main] DEBUG org.rtklib.java.rtcm.Rtcm -- MSM after sigindex: sig[1] code=42 idx=3
04:09:10.715 [main] DEBUG org.rtklib.java.rtcm.Rtcm -- MSM after sigindex: sig[2] code=58 idx=2
04:09:10.715 [main] DEBUG org.rtklib.java.rtcm.Rtcm -- MSM after sigindex: sig[3] code=2 idx=4
04:09:10.715 [main] DEBUG org.rtklib.java.rtcm.Rtcm -- RTCM3 decoded message type=1042, length=70
04:09:10.716 [main] DEBUG org.rtklib.java.rtcm.Rtcm -- RTCM3 decoded message type=1005, length=25
04:09:10.716 [main] DEBUG org.rtklib.java.rtcm.Rtcm -- RTCM3 decoded message type=1033, length=27
04:09:10.716 [main] DEBUG org.rtklib.java.rtcm.Rtcm -- RTCM3 decoded message type=1124, length=266
04:09:10.716 [main] DEBUG org.rtklib.java.rtcm.Rtcm -- MSM BDS TOW: raw=62419000, tow=62433.0
04:09:10.716 [main] DEBUG org.rtklib.java.rtcm.Rtcm -- MSM BDS after adjweek: time.time=1780852833, time.sec=0.0
04:09:10.716 [main] DEBUG org.rtklib.java.rtcm.Rtcm -- decode_msm_head: sys=32 staid=0 nsat=12 nsig=5 sync=1 iod=0 ncell=34
04:09:10.716 [main] DEBUG org.rtklib.java.rtcm.Rtcm -- MSM sig[0] sigid=2 sigstr=2I code=40 idx=0
04:09:10.716 [main] DEBUG org.rtklib.java.rtcm.Rtcm -- MSM sig[1] sigid=8 sigstr=6I code=42 idx=3
04:09:10.716 [main] DEBUG org.rtklib.java.rtcm.Rtcm -- MSM sig[2] sigid=14 sigstr=7I code=27 idx=1
04:09:10.716 [main] DEBUG org.rtklib.java.rtcm.Rtcm -- MSM sig[3] sigid=23 sigstr=5P code=58 idx=2
04:09:10.716 [main] DEBUG org.rtklib.java.rtcm.Rtcm -- MSM sig[4] sigid=31 sigstr=1P code=2 idx=4
04:09:10.716 [main] DEBUG org.rtklib.java.rtcm.Rtcm -- MSM after sigindex: sig[0] code=40 idx=0
04:09:10.716 [main] DEBUG org.rtklib.java.rtcm.Rtcm -- MSM after sigindex: sig[1] code=42 idx=3
04:09:10.716 [main] DEBUG org.rtklib.java.rtcm.Rtcm -- MSM after sigindex: sig[2] code=27 idx=1
04:09:10.716 [main] DEBUG org.rtklib.java.rtcm.Rtcm -- MSM after sigindex: sig[3] code=58 idx=2
04:09:10.716 [main] DEBUG org.rtklib.java.rtcm.Rtcm -- MSM after sigindex: sig[4] code=2 idx=4
04:09:10.716 [main] DEBUG org.rtklib.java.rtcm.Rtcm -- RTCM3 decoded message type=1124, length=54
04:09:10.716 [main] DEBUG org.rtklib.java.rtcm.Rtcm -- MSM BDS TOW: raw=62419000, tow=62433.0
04:09:10.716 [main] DEBUG org.rtklib.java.rtcm.Rtcm -- MSM BDS after adjweek: time.time=1780852833, time.sec=0.0
04:09:10.716 [main] DEBUG org.rtklib.java.rtcm.Rtcm -- decode_msm_head: sys=32 staid=0 nsat=1 nsig=4 sync=0 iod=0 ncell=4
04:09:10.716 [main] DEBUG org.rtklib.java.rtcm.Rtcm -- MSM sig[0] sigid=2 sigstr=2I code=40 idx=0
04:09:10.716 [main] DEBUG org.rtklib.java.rtcm.Rtcm -- MSM sig[1] sigid=8 sigstr=6I code=42 idx=3
04:09:10.716 [main] DEBUG org.rtklib.java.rtcm.Rtcm -- MSM sig[2] sigid=23 sigstr=5P code=58 idx=2
04:09:10.716 [main] DEBUG org.rtklib.java.rtcm.Rtcm -- MSM sig[3] sigid=31 sigstr=1P code=2 idx=4
04:09:10.716 [main] DEBUG org.rtklib.java.rtcm.Rtcm -- MSM after sigindex: sig[0] code=40 idx=0
04:09:10.716 [main] DEBUG org.rtklib.java.rtcm.Rtcm -- MSM after sigindex: sig[1] code=42 idx=3
04:09:10.716 [main] DEBUG org.rtklib.java.rtcm.Rtcm -- MSM after sigindex: sig[2] code=58 idx=2
04:09:10.716 [main] DEBUG org.rtklib.java.rtcm.Rtcm -- MSM after sigindex: sig[3] code=2 idx=4
04:09:10.716 [main] DEBUG org.rtklib.java.rtcm.Rtcm -- RTCM3 decoded message type=1042, length=70
04:09:10.716 [main] DEBUG org.rtklib.java.rtcm.Rtcm -- RTCM3 decoded message type=1005, length=25
04:09:10.716 [main] DEBUG org.rtklib.java.rtcm.Rtcm -- RTCM3 decoded message type=1033, length=27
04:09:10.716 [main] DEBUG org.rtklib.java.rtcm.Rtcm -- RTCM3 decoded message type=1124, length=272
04:09:10.716 [main] DEBUG org.rtklib.java.rtcm.Rtcm -- MSM BDS TOW: raw=62434000, tow=62448.0
04:09:10.716 [main] DEBUG org.rtklib.java.rtcm.Rtcm -- MSM BDS after adjweek: time.time=1780852848, time.sec=0.0
04:09:10.716 [main] DEBUG org.rtklib.java.rtcm.Rtcm -- decode_msm_head: sys=32 staid=0 nsat=12 nsig=5 sync=1 iod=0 ncell=35
04:09:10.716 [main] DEBUG org.rtklib.java.rtcm.Rtcm -- MSM sig[0] sigid=2 sigstr=2I code=40 idx=0
04:09:10.716 [main] DEBUG org.rtklib.java.rtcm.Rtcm -- MSM sig[1] sigid=8 sigstr=6I code=42 idx=3
04:09:10.716 [main] DEBUG org.rtklib.java.rtcm.Rtcm -- MSM sig[2] sigid=14 sigstr=7I code=27 idx=1
04:09:10.716 [main] DEBUG org.rtklib.java.rtcm.Rtcm -- MSM sig[3] sigid=23 sigstr=5P code=58 idx=2
04:09:10.716 [main] DEBUG org.rtklib.java.rtcm.Rtcm -- MSM sig[4] sigid=31 sigstr=1P code=2 idx=4
04:09:10.716 [main] DEBUG org.rtklib.java.rtcm.Rtcm -- MSM after sigindex: sig[0] code=40 idx=0
04:09:10.716 [main] DEBUG org.rtklib.java.rtcm.Rtcm -- MSM after sigindex: sig[1] code=42 idx=3
04:09:10.716 [main] DEBUG org.rtklib.java.rtcm.Rtcm -- MSM after sigindex: sig[2] code=27 idx=1
04:09:10.716 [main] DEBUG org.rtklib.java.rtcm.Rtcm -- MSM after sigindex: sig[3] code=58 idx=2
04:09:10.716 [main] DEBUG org.rtklib.java.rtcm.Rtcm -- MSM after sigindex: sig[4] code=2 idx=4
04:09:10.716 [main] DEBUG org.rtklib.java.rtcm.Rtcm -- RTCM3 decoded message type=1124, length=54
04:09:10.716 [main] DEBUG org.rtklib.java.rtcm.Rtcm -- MSM BDS TOW: raw=62434000, tow=62448.0
04:09:10.716 [main] DEBUG org.rtklib.java.rtcm.Rtcm -- MSM BDS after adjweek: time.time=1780852848, time.sec=0.0
04:09:10.716 [main] DEBUG org.rtklib.java.rtcm.Rtcm -- decode_msm_head: sys=32 staid=0 nsat=1 nsig=4 sync=0 iod=0 ncell=4
04:09:10.716 [main] DEBUG org.rtklib.java.rtcm.Rtcm -- MSM sig[0] sigid=2 sigstr=2I code=40 idx=0
04:09:10.716 [main] DEBUG org.rtklib.java.rtcm.Rtcm -- MSM sig[1] sigid=8 sigstr=6I code=42 idx=3
04:09:10.716 [main] DEBUG org.rtklib.java.rtcm.Rtcm -- MSM sig[2] sigid=23 sigstr=5P code=58 idx=2
04:09:10.716 [main] DEBUG org.rtklib.java.rtcm.Rtcm -- MSM sig[3] sigid=31 sigstr=1P code=2 idx=4
04:09:10.716 [main] DEBUG org.rtklib.java.rtcm.Rtcm -- MSM after sigindex: sig[0] code=40 idx=0
04:09:10.716 [main] DEBUG org.rtklib.java.rtcm.Rtcm -- MSM after sigindex: sig[1] code=42 idx=3
04:09:10.716 [main] DEBUG org.rtklib.java.rtcm.Rtcm -- MSM after sigindex: sig[2] code=58 idx=2
04:09:10.716 [main] DEBUG org.rtklib.java.rtcm.Rtcm -- MSM after sigindex: sig[3] code=2 idx=4
04:09:10.716 [main] DEBUG org.rtklib.java.rtcm.Rtcm -- RTCM3 decoded message type=1042, length=70
04:09:10.716 [main] DEBUG org.rtklib.java.rtcm.Rtcm -- RTCM3 decoded message type=1005, length=25
04:09:10.716 [main] DEBUG org.rtklib.java.rtcm.Rtcm -- RTCM3 decoded message type=1033, length=27
04:09:10.716 [main] DEBUG org.rtklib.java.rtcm.Rtcm -- RTCM3 decoded message type=1124, length=272
04:09:10.716 [main] DEBUG org.rtklib.java.rtcm.Rtcm -- MSM BDS TOW: raw=62449000, tow=62463.0
04:09:10.716 [main] DEBUG org.rtklib.java.rtcm.Rtcm -- MSM BDS after adjweek: time.time=1780852863, time.sec=0.0
04:09:10.716 [main] DEBUG org.rtklib.java.rtcm.Rtcm -- decode_msm_head: sys=32 staid=0 nsat=12 nsig=5 sync=1 iod=0 ncell=35
04:09:10.716 [main] DEBUG org.rtklib.java.rtcm.Rtcm -- MSM sig[0] sigid=2 sigstr=2I code=40 idx=0
04:09:10.716 [main] DEBUG org.rtklib.java.rtcm.Rtcm -- MSM sig[1] sigid=8 sigstr=6I code=42 idx=3
04:09:10.716 [main] DEBUG org.rtklib.java.rtcm.Rtcm -- MSM sig[2] sigid=14 sigstr=7I code=27 idx=1
04:09:10.716 [main] DEBUG org.rtklib.java.rtcm.Rtcm -- MSM sig[3] sigid=23 sigstr=5P code=58 idx=2
04:09:10.716 [main] DEBUG org.rtklib.java.rtcm.Rtcm -- MSM sig[4] sigid=31 sigstr=1P code=2 idx=4
04:09:10.716 [main] DEBUG org.rtklib.java.rtcm.Rtcm -- MSM after sigindex: sig[0] code=40 idx=0
04:09:10.716 [main] DEBUG org.rtklib.java.rtcm.Rtcm -- MSM after sigindex: sig[1] code=42 idx=3
04:09:10.716 [main] DEBUG org.rtklib.java.rtcm.Rtcm -- MSM after sigindex: sig[2] code=27 idx=1
04:09:10.716 [main] DEBUG org.rtklib.java.rtcm.Rtcm -- MSM after sigindex: sig[3] code=58 idx=2
04:09:10.716 [main] DEBUG org.rtklib.java.rtcm.Rtcm -- MSM after sigindex: sig[4] code=2 idx=4
04:09:10.716 [main] DEBUG org.rtklib.java.rtcm.Rtcm -- RTCM3 decoded message type=1124, length=54
04:09:10.716 [main] DEBUG org.rtklib.java.rtcm.Rtcm -- MSM BDS TOW: raw=62449000, tow=62463.0
04:09:10.716 [main] DEBUG org.rtklib.java.rtcm.Rtcm -- MSM BDS after adjweek: time.time=1780852863, time.sec=0.0
04:09:10.716 [main] DEBUG org.rtklib.java.rtcm.Rtcm -- decode_msm_head: sys=32 staid=0 nsat=1 nsig=4 sync=0 iod=0 ncell=4
04:09:10.716 [main] DEBUG org.rtklib.java.rtcm.Rtcm -- MSM sig[0] sigid=2 sigstr=2I code=40 idx=0
04:09:10.716 [main] DEBUG org.rtklib.java.rtcm.Rtcm -- MSM sig[1] sigid=8 sigstr=6I code=42 idx=3
04:09:10.716 [main] DEBUG org.rtklib.java.rtcm.Rtcm -- MSM sig[2] sigid=23 sigstr=5P code=58 idx=2
04:09:10.716 [main] DEBUG org.rtklib.java.rtcm.Rtcm -- MSM sig[3] sigid=31 sigstr=1P code=2 idx=4
04:09:10.716 [main] DEBUG org.rtklib.java.rtcm.Rtcm -- MSM after sigindex: sig[0] code=40 idx=0
04:09:10.716 [main] DEBUG org.rtklib.java.rtcm.Rtcm -- MSM after sigindex: sig[1] code=42 idx=3
04:09:10.716 [main] DEBUG org.rtklib.java.rtcm.Rtcm -- MSM after sigindex: sig[2] code=58 idx=2
04:09:10.716 [main] DEBUG org.rtklib.java.rtcm.Rtcm -- MSM after sigindex: sig[3] code=2 idx=4
04:09:10.716 [main] DEBUG org.rtklib.java.rtcm.Rtcm -- RTCM3 decoded message type=1042, length=70
04:09:10.716 [main] DEBUG org.rtklib.java.rtcm.Rtcm -- RTCM3 decoded message type=1005, length=25
04:09:10.716 [main] DEBUG org.rtklib.java.rtcm.Rtcm -- RTCM3 decoded message type=1033, length=27
04:09:10.716 [main] DEBUG org.rtklib.java.rtcm.Rtcm -- RTCM3 decoded message type=1124, length=266
04:09:10.716 [main] DEBUG org.rtklib.java.rtcm.Rtcm -- MSM BDS TOW: raw=62464000, tow=62478.0
04:09:10.716 [main] DEBUG org.rtklib.java.rtcm.Rtcm -- MSM BDS after adjweek: time.time=1780852878, time.sec=0.0
04:09:10.716 [main] DEBUG org.rtklib.java.rtcm.Rtcm -- decode_msm_head: sys=32 staid=0 nsat=12 nsig=5 sync=1 iod=0 ncell=34
04:09:10.716 [main] DEBUG org.rtklib.java.rtcm.Rtcm -- MSM sig[0] sigid=2 sigstr=2I code=40 idx=0
04:09:10.716 [main] DEBUG org.rtklib.java.rtcm.Rtcm -- MSM sig[1] sigid=8 sigstr=6I code=42 idx=3
04:09:10.716 [main] DEBUG org.rtklib.java.rtcm.Rtcm -- MSM sig[2] sigid=14 sigstr=7I code=27 idx=1
04:09:10.716 [main] DEBUG org.rtklib.java.rtcm.Rtcm -- MSM sig[3] sigid=23 sigstr=5P code=58 idx=2
04:09:10.716 [main] DEBUG org.rtklib.java.rtcm.Rtcm -- MSM sig[4] sigid=31 sigstr=1P code=2 idx=4
04:09:10.716 [main] DEBUG org.rtklib.java.rtcm.Rtcm -- MSM after sigindex: sig[0] code=40 idx=0
04:09:10.716 [main] DEBUG org.rtklib.java.rtcm.Rtcm -- MSM after sigindex: sig[1] code=42 idx=3
04:09:10.716 [main] DEBUG org.rtklib.java.rtcm.Rtcm -- MSM after sigindex: sig[2] code=27 idx=1
04:09:10.716 [main] DEBUG org.rtklib.java.rtcm.Rtcm -- MSM after sigindex: sig[3] code=58 idx=2
04:09:10.716 [main] DEBUG org.rtklib.java.rtcm.Rtcm -- MSM after sigindex: sig[4] code=2 idx=4
04:09:10.716 [main] DEBUG org.rtklib.java.rtcm.Rtcm -- RTCM3 decoded message type=1124, length=54
04:09:10.716 [main] DEBUG org.rtklib.java.rtcm.Rtcm -- MSM BDS TOW: raw=62464000, tow=62478.0
04:09:10.716 [main] DEBUG org.rtklib.java.rtcm.Rtcm -- MSM BDS after adjweek: time.time=1780852878, time.sec=0.0
04:09:10.716 [main] DEBUG org.rtklib.java.rtcm.Rtcm -- decode_msm_head: sys=32 staid=0 nsat=1 nsig=4 sync=0 iod=0 ncell=4
04:09:10.716 [main] DEBUG org.rtklib.java.rtcm.Rtcm -- MSM sig[0] sigid=2 sigstr=2I code=40 idx=0
04:09:10.716 [main] DEBUG org.rtklib.java.rtcm.Rtcm -- MSM sig[1] sigid=8 sigstr=6I code=42 idx=3
04:09:10.716 [main] DEBUG org.rtklib.java.rtcm.Rtcm -- MSM sig[2] sigid=23 sigstr=5P code=58 idx=2
04:09:10.716 [main] DEBUG org.rtklib.java.rtcm.Rtcm -- MSM sig[3] sigid=31 sigstr=1P code=2 idx=4
04:09:10.716 [main] DEBUG org.rtklib.java.rtcm.Rtcm -- MSM after sigindex: sig[0] code=40 idx=0
04:09:10.716 [main] DEBUG org.rtklib.java.rtcm.Rtcm -- MSM after sigindex: sig[1] code=42 idx=3
04:09:10.716 [main] DEBUG org.rtklib.java.rtcm.Rtcm -- MSM after sigindex: sig[2] code=58 idx=2
04:09:10.716 [main] DEBUG org.rtklib.java.rtcm.Rtcm -- MSM after sigindex: sig[3] code=2 idx=4
04:09:10.716 [main] DEBUG org.rtklib.java.rtcm.Rtcm -- RTCM3 decoded message type=1042, length=70
04:09:10.716 [main] DEBUG org.rtklib.java.rtcm.Rtcm -- RTCM3 decoded message type=1005, length=25
04:09:10.716 [main] DEBUG org.rtklib.java.rtcm.Rtcm -- RTCM3 decoded message type=1033, length=27
04:09:10.716 [main] DEBUG org.rtklib.java.rtcm.Rtcm -- RTCM3 decoded message type=1124, length=266
04:09:10.716 [main] DEBUG org.rtklib.java.rtcm.Rtcm -- MSM BDS TOW: raw=62479000, tow=62493.0
04:09:10.716 [main] DEBUG org.rtklib.java.rtcm.Rtcm -- MSM BDS after adjweek: time.time=1780852893, time.sec=0.0
04:09:10.716 [main] DEBUG org.rtklib.java.rtcm.Rtcm -- decode_msm_head: sys=32 staid=0 nsat=12 nsig=5 sync=1 iod=0 ncell=34
04:09:10.716 [main] DEBUG org.rtklib.java.rtcm.Rtcm -- MSM sig[0] sigid=2 sigstr=2I code=40 idx=0
04:09:10.716 [main] DEBUG org.rtklib.java.rtcm.Rtcm -- MSM sig[1] sigid=8 sigstr=6I code=42 idx=3
04:09:10.716 [main] DEBUG org.rtklib.java.rtcm.Rtcm -- MSM sig[2] sigid=14 sigstr=7I code=27 idx=1
04:09:10.716 [main] DEBUG org.rtklib.java.rtcm.Rtcm -- MSM sig[3] sigid=23 sigstr=5P code=58 idx=2
04:09:10.716 [main] DEBUG org.rtklib.java.rtcm.Rtcm -- MSM sig[4] sigid=31 sigstr=1P code=2 idx=4
04:09:10.716 [main] DEBUG org.rtklib.java.rtcm.Rtcm -- MSM after sigindex: sig[0] code=40 idx=0
04:09:10.716 [main] DEBUG org.rtklib.java.rtcm.Rtcm -- MSM after sigindex: sig[1] code=42 idx=3
04:09:10.717 [main] DEBUG org.rtklib.java.rtcm.Rtcm -- MSM after sigindex: sig[2] code=27 idx=1
04:09:10.717 [main] DEBUG org.rtklib.java.rtcm.Rtcm -- MSM after sigindex: sig[3] code=58 idx=2
04:09:10.717 [main] DEBUG org.rtklib.java.rtcm.Rtcm -- MSM after sigindex: sig[4] code=2 idx=4
04:09:10.717 [main] DEBUG org.rtklib.java.rtcm.Rtcm -- RTCM3 decoded message type=1124, length=54
04:09:10.717 [main] DEBUG org.rtklib.java.rtcm.Rtcm -- MSM BDS TOW: raw=62479000, tow=62493.0
04:09:10.717 [main] DEBUG org.rtklib.java.rtcm.Rtcm -- MSM BDS after adjweek: time.time=1780852893, time.sec=0.0
04:09:10.717 [main] DEBUG org.rtklib.java.rtcm.Rtcm -- decode_msm_head: sys=32 staid=0 nsat=1 nsig=4 sync=0 iod=0 ncell=4
04:09:10.717 [main] DEBUG org.rtklib.java.rtcm.Rtcm -- MSM sig[0] sigid=2 sigstr=2I code=40 idx=0
04:09:10.717 [main] DEBUG org.rtklib.java.rtcm.Rtcm -- MSM sig[1] sigid=8 sigstr=6I code=42 idx=3
04:09:10.717 [main] DEBUG org.rtklib.java.rtcm.Rtcm -- MSM sig[2] sigid=23 sigstr=5P code=58 idx=2
04:09:10.717 [main] DEBUG org.rtklib.java.rtcm.Rtcm -- MSM sig[3] sigid=31 sigstr=1P code=2 idx=4
04:09:10.717 [main] DEBUG org.rtklib.java.rtcm.Rtcm -- MSM after sigindex: sig[0] code=40 idx=0
04:09:10.717 [main] DEBUG org.rtklib.java.rtcm.Rtcm -- MSM after sigindex: sig[1] code=42 idx=3
04:09:10.717 [main] DEBUG org.rtklib.java.rtcm.Rtcm -- MSM after sigindex: sig[2] code=58 idx=2
04:09:10.717 [main] DEBUG org.rtklib.java.rtcm.Rtcm -- MSM after sigindex: sig[3] code=2 idx=4
04:09:10.717 [main] DEBUG org.rtklib.java.rtcm.Rtcm -- RTCM3 decoded message type=1042, length=70
04:09:10.717 [main] DEBUG org.rtklib.java.rtcm.Rtcm -- RTCM3 decoded message type=1005, length=25
04:09:10.717 [main] DEBUG org.rtklib.java.rtcm.Rtcm -- RTCM3 decoded message type=1033, length=27
04:09:10.717 [main] DEBUG org.rtklib.java.rtcm.Rtcm -- RTCM3 decoded message type=1124, length=284
04:09:10.717 [main] DEBUG org.rtklib.java.rtcm.Rtcm -- MSM BDS TOW: raw=62494000, tow=62508.0
04:09:10.717 [main] DEBUG org.rtklib.java.rtcm.Rtcm -- MSM BDS after adjweek: time.time=1780852908, time.sec=0.0
04:09:10.717 [main] DEBUG org.rtklib.java.rtcm.Rtcm -- decode_msm_head: sys=32 staid=0 nsat=12 nsig=5 sync=0 iod=0 ncell=37
04:09:10.717 [main] DEBUG org.rtklib.java.rtcm.Rtcm -- MSM sig[0] sigid=2 sigstr=2I code=40 idx=0
04:09:10.717 [main] DEBUG org.rtklib.java.rtcm.Rtcm -- MSM sig[1] sigid=8 sigstr=6I code=42 idx=3
04:09:10.717 [main] DEBUG org.rtklib.java.rtcm.Rtcm -- MSM sig[2] sigid=14 sigstr=7I code=27 idx=1
04:09:10.717 [main] DEBUG org.rtklib.java.rtcm.Rtcm -- MSM sig[3] sigid=23 sigstr=5P code=58 idx=2
04:09:10.717 [main] DEBUG org.rtklib.java.rtcm.Rtcm -- MSM sig[4] sigid=31 sigstr=1P code=2 idx=4
04:09:10.717 [main] DEBUG org.rtklib.java.rtcm.Rtcm -- MSM after sigindex: sig[0] code=40 idx=0
04:09:10.717 [main] DEBUG org.rtklib.java.rtcm.Rtcm -- MSM after sigindex: sig[1] code=42 idx=3
04:09:10.717 [main] DEBUG org.rtklib.java.rtcm.Rtcm -- MSM after sigindex: sig[2] code=27 idx=1
04:09:10.717 [main] DEBUG org.rtklib.java.rtcm.Rtcm -- MSM after sigindex: sig[3] code=58 idx=2
04:09:10.717 [main] DEBUG org.rtklib.java.rtcm.Rtcm -- MSM after sigindex: sig[4] code=2 idx=4
04:09:10.717 [main] DEBUG org.rtklib.java.rtcm.Rtcm -- RTCM3 decoded message type=1042, length=70
04:09:10.717 [main] DEBUG org.rtklib.java.rtcm.Rtcm -- RTCM3 decoded message type=1005, length=25
04:09:10.717 [main] DEBUG org.rtklib.java.rtcm.Rtcm -- RTCM3 decoded message type=1033, length=27
04:09:10.717 [main] DEBUG org.rtklib.java.rtcm.Rtcm -- RTCM3 decoded message type=1124, length=266
04:09:10.717 [main] DEBUG org.rtklib.java.rtcm.Rtcm -- MSM BDS TOW: raw=62509000, tow=62523.0
04:09:10.717 [main] DEBUG org.rtklib.java.rtcm.Rtcm -- MSM BDS after adjweek: time.time=1780852923, time.sec=0.0
04:09:10.717 [main] DEBUG org.rtklib.java.rtcm.Rtcm -- decode_msm_head: sys=32 staid=0 nsat=12 nsig=5 sync=1 iod=0 ncell=34
04:09:10.717 [main] DEBUG org.rtklib.java.rtcm.Rtcm -- MSM sig[0] sigid=2 sigstr=2I code=40 idx=0
04:09:10.717 [main] DEBUG org.rtklib.java.rtcm.Rtcm -- MSM sig[1] sigid=8 sigstr=6I code=42 idx=3
04:09:10.717 [main] DEBUG org.rtklib.java.rtcm.Rtcm -- MSM sig[2] sigid=14 sigstr=7I code=27 idx=1
04:09:10.717 [main] DEBUG org.rtklib.java.rtcm.Rtcm -- MSM sig[3] sigid=23 sigstr=5P code=58 idx=2
04:09:10.717 [main] DEBUG org.rtklib.java.rtcm.Rtcm -- MSM sig[4] sigid=31 sigstr=1P code=2 idx=4
04:09:10.717 [main] DEBUG org.rtklib.java.rtcm.Rtcm -- MSM after sigindex: sig[0] code=40 idx=0
04:09:10.717 [main] DEBUG org.rtklib.java.rtcm.Rtcm -- MSM after sigindex: sig[1] code=42 idx=3
04:09:10.717 [main] DEBUG org.rtklib.java.rtcm.Rtcm -- MSM after sigindex: sig[2] code=27 idx=1
04:09:10.717 [main] DEBUG org.rtklib.java.rtcm.Rtcm -- MSM after sigindex: sig[3] code=58 idx=2
04:09:10.717 [main] DEBUG org.rtklib.java.rtcm.Rtcm -- MSM after sigindex: sig[4] code=2 idx=4
04:09:10.717 [main] DEBUG org.rtklib.java.rtcm.Rtcm -- RTCM3 decoded message type=1124, length=54
04:09:10.717 [main] DEBUG org.rtklib.java.rtcm.Rtcm -- MSM BDS TOW: raw=62509000, tow=62523.0
04:09:10.717 [main] DEBUG org.rtklib.java.rtcm.Rtcm -- MSM BDS after adjweek: time.time=1780852923, time.sec=0.0
04:09:10.717 [main] DEBUG org.rtklib.java.rtcm.Rtcm -- decode_msm_head: sys=32 staid=0 nsat=1 nsig=4 sync=0 iod=0 ncell=4
04:09:10.717 [main] DEBUG org.rtklib.java.rtcm.Rtcm -- MSM sig[0] sigid=2 sigstr=2I code=40 idx=0
04:09:10.717 [main] DEBUG org.rtklib.java.rtcm.Rtcm -- MSM sig[1] sigid=8 sigstr=6I code=42 idx=3
04:09:10.717 [main] DEBUG org.rtklib.java.rtcm.Rtcm -- MSM sig[2] sigid=23 sigstr=5P code=58 idx=2
04:09:10.717 [main] DEBUG org.rtklib.java.rtcm.Rtcm -- MSM sig[3] sigid=31 sigstr=1P code=2 idx=4
04:09:10.717 [main] DEBUG org.rtklib.java.rtcm.Rtcm -- MSM after sigindex: sig[0] code=40 idx=0
04:09:10.717 [main] DEBUG org.rtklib.java.rtcm.Rtcm -- MSM after sigindex: sig[1] code=42 idx=3
04:09:10.717 [main] DEBUG org.rtklib.java.rtcm.Rtcm -- MSM after sigindex: sig[2] code=58 idx=2
04:09:10.717 [main] DEBUG org.rtklib.java.rtcm.Rtcm -- MSM after sigindex: sig[3] code=2 idx=4
04:09:10.717 [main] DEBUG org.rtklib.java.rtcm.Rtcm -- RTCM3 decoded message type=1042, length=70
04:09:10.717 [main] DEBUG org.rtklib.java.rtcm.Rtcm -- RTCM3 decoded message type=1005, length=25
04:09:10.717 [main] DEBUG org.rtklib.java.rtcm.Rtcm -- RTCM3 decoded message type=1033, length=27
04:09:10.717 [main] DEBUG org.rtklib.java.rtcm.Rtcm -- RTCM3 decoded message type=1124, length=266
04:09:10.717 [main] DEBUG org.rtklib.java.rtcm.Rtcm -- MSM BDS TOW: raw=62524000, tow=62538.0
04:09:10.717 [main] DEBUG org.rtklib.java.rtcm.Rtcm -- MSM BDS after adjweek: time.time=1780852938, time.sec=0.0
04:09:10.717 [main] DEBUG org.rtklib.java.rtcm.Rtcm -- decode_msm_head: sys=32 staid=0 nsat=12 nsig=5 sync=1 iod=0 ncell=34
04:09:10.717 [main] DEBUG org.rtklib.java.rtcm.Rtcm -- MSM sig[0] sigid=2 sigstr=2I code=40 idx=0
04:09:10.717 [main] DEBUG org.rtklib.java.rtcm.Rtcm -- MSM sig[1] sigid=8 sigstr=6I code=42 idx=3
04:09:10.717 [main] DEBUG org.rtklib.java.rtcm.Rtcm -- MSM sig[2] sigid=14 sigstr=7I code=27 idx=1
04:09:10.717 [main] DEBUG org.rtklib.java.rtcm.Rtcm -- MSM sig[3] sigid=23 sigstr=5P code=58 idx=2
04:09:10.717 [main] DEBUG org.rtklib.java.rtcm.Rtcm -- MSM sig[4] sigid=31 sigstr=1P code=2 idx=4
04:09:10.717 [main] DEBUG org.rtklib.java.rtcm.Rtcm -- MSM after sigindex: sig[0] code=40 idx=0
04:09:10.717 [main] DEBUG org.rtklib.java.rtcm.Rtcm -- MSM after sigindex: sig[1] code=42 idx=3
04:09:10.717 [main] DEBUG org.rtklib.java.rtcm.Rtcm -- MSM after sigindex: sig[2] code=27 idx=1
04:09:10.717 [main] DEBUG org.rtklib.java.rtcm.Rtcm -- MSM after sigindex: sig[3] code=58 idx=2
04:09:10.717 [main] DEBUG org.rtklib.java.rtcm.Rtcm -- MSM after sigindex: sig[4] code=2 idx=4
04:09:10.717 [main] DEBUG org.rtklib.java.rtcm.Rtcm -- RTCM3 decoded message type=1124, length=54
04:09:10.717 [main] DEBUG org.rtklib.java.rtcm.Rtcm -- MSM BDS TOW: raw=62524000, tow=62538.0
04:09:10.717 [main] DEBUG org.rtklib.java.rtcm.Rtcm -- MSM BDS after adjweek: time.time=1780852938, time.sec=0.0
04:09:10.717 [main] DEBUG org.rtklib.java.rtcm.Rtcm -- decode_msm_head: sys=32 staid=0 nsat=1 nsig=4 sync=0 iod=0 ncell=4
04:09:10.717 [main] DEBUG org.rtklib.java.rtcm.Rtcm -- MSM sig[0] sigid=2 sigstr=2I code=40 idx=0
04:09:10.717 [main] DEBUG org.rtklib.java.rtcm.Rtcm -- MSM sig[1] sigid=8 sigstr=6I code=42 idx=3
04:09:10.717 [main] DEBUG org.rtklib.java.rtcm.Rtcm -- MSM sig[2] sigid=23 sigstr=5P code=58 idx=2
04:09:10.717 [main] DEBUG org.rtklib.java.rtcm.Rtcm -- MSM sig[3] sigid=31 sigstr=1P code=2 idx=4
04:09:10.717 [main] DEBUG org.rtklib.java.rtcm.Rtcm -- MSM after sigindex: sig[0] code=40 idx=0
04:09:10.717 [main] DEBUG org.rtklib.java.rtcm.Rtcm -- MSM after sigindex: sig[1] code=42 idx=3
04:09:10.717 [main] DEBUG org.rtklib.java.rtcm.Rtcm -- MSM after sigindex: sig[2] code=58 idx=2
04:09:10.717 [main] DEBUG org.rtklib.java.rtcm.Rtcm -- MSM after sigindex: sig[3] code=2 idx=4
04:09:10.717 [main] DEBUG org.rtklib.java.rtcm.Rtcm -- RTCM3 decoded message type=1042, length=70
04:09:10.717 [main] DEBUG org.rtklib.java.rtcm.Rtcm -- RTCM3 decoded message type=1005, length=25
04:09:10.717 [main] DEBUG org.rtklib.java.rtcm.Rtcm -- RTCM3 decoded message type=1033, length=27
04:09:10.717 [main] DEBUG org.rtklib.java.rtcm.Rtcm -- RTCM3 decoded message type=1124, length=248
04:09:10.717 [main] DEBUG org.rtklib.java.rtcm.Rtcm -- MSM BDS TOW: raw=62539000, tow=62553.0
04:09:10.717 [main] DEBUG org.rtklib.java.rtcm.Rtcm -- MSM BDS after adjweek: time.time=1780852953, time.sec=0.0
04:09:10.717 [main] DEBUG org.rtklib.java.rtcm.Rtcm -- decode_msm_head: sys=32 staid=0 nsat=12 nsig=5 sync=1 iod=0 ncell=31
04:09:10.717 [main] DEBUG org.rtklib.java.rtcm.Rtcm -- MSM sig[0] sigid=2 sigstr=2I code=40 idx=0
04:09:10.717 [main] DEBUG org.rtklib.java.rtcm.Rtcm -- MSM sig[1] sigid=8 sigstr=6I code=42 idx=3
04:09:10.717 [main] DEBUG org.rtklib.java.rtcm.Rtcm -- MSM sig[2] sigid=14 sigstr=7I code=27 idx=1
04:09:10.717 [main] DEBUG org.rtklib.java.rtcm.Rtcm -- MSM sig[3] sigid=23 sigstr=5P code=58 idx=2
04:09:10.717 [main] DEBUG org.rtklib.java.rtcm.Rtcm -- MSM sig[4] sigid=31 sigstr=1P code=2 idx=4
04:09:10.717 [main] DEBUG org.rtklib.java.rtcm.Rtcm -- MSM after sigindex: sig[0] code=40 idx=0
04:09:10.717 [main] DEBUG org.rtklib.java.rtcm.Rtcm -- MSM after sigindex: sig[1] code=42 idx=3
04:09:10.717 [main] DEBUG org.rtklib.java.rtcm.Rtcm -- MSM after sigindex: sig[2] code=27 idx=1
04:09:10.717 [main] DEBUG org.rtklib.java.rtcm.Rtcm -- MSM after sigindex: sig[3] code=58 idx=2
04:09:10.717 [main] DEBUG org.rtklib.java.rtcm.Rtcm -- MSM after sigindex: sig[4] code=2 idx=4
04:09:10.717 [main] DEBUG org.rtklib.java.rtcm.Rtcm -- RTCM3 decoded message type=1124, length=81
04:09:10.717 [main] DEBUG org.rtklib.java.rtcm.Rtcm -- MSM BDS TOW: raw=62539000, tow=62553.0
04:09:10.717 [main] DEBUG org.rtklib.java.rtcm.Rtcm -- MSM BDS after adjweek: time.time=1780852953, time.sec=0.0
04:09:10.717 [main] DEBUG org.rtklib.java.rtcm.Rtcm -- decode_msm_head: sys=32 staid=0 nsat=2 nsig=4 sync=0 iod=0 ncell=8
04:09:10.717 [main] DEBUG org.rtklib.java.rtcm.Rtcm -- MSM sig[0] sigid=2 sigstr=2I code=40 idx=0
04:09:10.717 [main] DEBUG org.rtklib.java.rtcm.Rtcm -- MSM sig[1] sigid=8 sigstr=6I code=42 idx=3
04:09:10.717 [main] DEBUG org.rtklib.java.rtcm.Rtcm -- MSM sig[2] sigid=23 sigstr=5P code=58 idx=2
04:09:10.717 [main] DEBUG org.rtklib.java.rtcm.Rtcm -- MSM sig[3] sigid=31 sigstr=1P code=2 idx=4
04:09:10.717 [main] DEBUG org.rtklib.java.rtcm.Rtcm -- MSM after sigindex: sig[0] code=40 idx=0
04:09:10.717 [main] DEBUG org.rtklib.java.rtcm.Rtcm -- MSM after sigindex: sig[1] code=42 idx=3
04:09:10.717 [main] DEBUG org.rtklib.java.rtcm.Rtcm -- MSM after sigindex: sig[2] code=58 idx=2
04:09:10.717 [main] DEBUG org.rtklib.java.rtcm.Rtcm -- MSM after sigindex: sig[3] code=2 idx=4
04:09:10.717 [main] DEBUG org.rtklib.java.rtcm.Rtcm -- RTCM3 decoded message type=1042, length=70
04:09:10.717 [main] DEBUG org.rtklib.java.rtcm.Rtcm -- RTCM3 decoded message type=1005, length=25
04:09:10.717 [main] DEBUG org.rtklib.java.rtcm.Rtcm -- RTCM3 decoded message type=1033, length=27
04:09:10.717 [main] DEBUG org.rtklib.java.rtcm.Rtcm -- RTCM3 decoded message type=1124, length=254
04:09:10.717 [main] DEBUG org.rtklib.java.rtcm.Rtcm -- MSM BDS TOW: raw=62554000, tow=62568.0
04:09:10.717 [main] DEBUG org.rtklib.java.rtcm.Rtcm -- MSM BDS after adjweek: time.time=1780852968, time.sec=0.0
04:09:10.717 [main] DEBUG org.rtklib.java.rtcm.Rtcm -- decode_msm_head: sys=32 staid=0 nsat=12 nsig=5 sync=1 iod=0 ncell=32
04:09:10.717 [main] DEBUG org.rtklib.java.rtcm.Rtcm -- MSM sig[0] sigid=2 sigstr=2I code=40 idx=0
04:09:10.717 [main] DEBUG org.rtklib.java.rtcm.Rtcm -- MSM sig[1] sigid=8 sigstr=6I code=42 idx=3
04:09:10.717 [main] DEBUG org.rtklib.java.rtcm.Rtcm -- MSM sig[2] sigid=14 sigstr=7I code=27 idx=1
04:09:10.717 [main] DEBUG org.rtklib.java.rtcm.Rtcm -- MSM sig[3] sigid=23 sigstr=5P code=58 idx=2
04:09:10.717 [main] DEBUG org.rtklib.java.rtcm.Rtcm -- MSM sig[4] sigid=31 sigstr=1P code=2 idx=4
04:09:10.717 [main] DEBUG org.rtklib.java.rtcm.Rtcm -- MSM after sigindex: sig[0] code=40 idx=0
04:09:10.717 [main] DEBUG org.rtklib.java.rtcm.Rtcm -- MSM after sigindex: sig[1] code=42 idx=3
04:09:10.717 [main] DEBUG org.rtklib.java.rtcm.Rtcm -- MSM after sigindex: sig[2] code=27 idx=1
04:09:10.717 [main] DEBUG org.rtklib.java.rtcm.Rtcm -- MSM after sigindex: sig[3] code=58 idx=2
04:09:10.717 [main] DEBUG org.rtklib.java.rtcm.Rtcm -- MSM after sigindex: sig[4] code=2 idx=4
04:09:10.717 [main] DEBUG org.rtklib.java.rtcm.Rtcm -- RTCM3 decoded message type=1124, length=81
04:09:10.717 [main] DEBUG org.rtklib.java.rtcm.Rtcm -- MSM BDS TOW: raw=62554000, tow=62568.0
04:09:10.717 [main] DEBUG org.rtklib.java.rtcm.Rtcm -- MSM BDS after adjweek: time.time=1780852968, time.sec=0.0
04:09:10.717 [main] DEBUG org.rtklib.java.rtcm.Rtcm -- decode_msm_head: sys=32 staid=0 nsat=2 nsig=4 sync=0 iod=0 ncell=8
04:09:10.717 [main] DEBUG org.rtklib.java.rtcm.Rtcm -- MSM sig[0] sigid=2 sigstr=2I code=40 idx=0
04:09:10.717 [main] DEBUG org.rtklib.java.rtcm.Rtcm -- MSM sig[1] sigid=8 sigstr=6I code=42 idx=3
04:09:10.717 [main] DEBUG org.rtklib.java.rtcm.Rtcm -- MSM sig[2] sigid=23 sigstr=5P code=58 idx=2
04:09:10.717 [main] DEBUG org.rtklib.java.rtcm.Rtcm -- MSM sig[3] sigid=31 sigstr=1P code=2 idx=4
04:09:10.717 [main] DEBUG org.rtklib.java.rtcm.Rtcm -- MSM after sigindex: sig[0] code=40 idx=0
04:09:10.717 [main] DEBUG org.rtklib.java.rtcm.Rtcm -- MSM after sigindex: sig[1] code=42 idx=3
04:09:10.717 [main] DEBUG org.rtklib.java.rtcm.Rtcm -- MSM after sigindex: sig[2] code=58 idx=2
04:09:10.717 [main] DEBUG org.rtklib.java.rtcm.Rtcm -- MSM after sigindex: sig[3] code=2 idx=4
04:09:10.717 [main] DEBUG org.rtklib.java.rtcm.Rtcm -- RTCM3 decoded message type=1042, length=70
04:09:10.719 [main] DEBUG org.rtklib.java.rtcm.Rtcm -- RTCM3 decoded message type=1005, length=25
04:09:10.719 [main] DEBUG org.rtklib.java.rtcm.Rtcm -- RTCM3 decoded message type=1033, length=27
04:09:10.719 [main] DEBUG org.rtklib.java.rtcm.Rtcm -- RTCM3 decoded message type=1124, length=254
04:09:10.719 [main] DEBUG org.rtklib.java.rtcm.Rtcm -- MSM BDS TOW: raw=62569000, tow=62583.0
04:09:10.719 [main] DEBUG org.rtklib.java.rtcm.Rtcm -- MSM BDS after adjweek: time.time=1780852983, time.sec=0.0
04:09:10.719 [main] DEBUG org.rtklib.java.rtcm.Rtcm -- decode_msm_head: sys=32 staid=0 nsat=12 nsig=5 sync=1 iod=0 ncell=32
04:09:10.719 [main] DEBUG org.rtklib.java.rtcm.Rtcm -- MSM sig[0] sigid=2 sigstr=2I code=40 idx=0
04:09:10.719 [main] DEBUG org.rtklib.java.rtcm.Rtcm -- MSM sig[1] sigid=8 sigstr=6I code=42 idx=3
04:09:10.719 [main] DEBUG org.rtklib.java.rtcm.Rtcm -- MSM sig[2] sigid=14 sigstr=7I code=27 idx=1
04:09:10.719 [main] DEBUG org.rtklib.java.rtcm.Rtcm -- MSM sig[3] sigid=23 sigstr=5P code=58 idx=2
04:09:10.719 [main] DEBUG org.rtklib.java.rtcm.Rtcm -- MSM sig[4] sigid=31 sigstr=1P code=2 idx=4
04:09:10.719 [main] DEBUG org.rtklib.java.rtcm.Rtcm -- MSM after sigindex: sig[0] code=40 idx=0
04:09:10.719 [main] DEBUG org.rtklib.java.rtcm.Rtcm -- MSM after sigindex: sig[1] code=42 idx=3
04:09:10.719 [main] DEBUG org.rtklib.java.rtcm.Rtcm -- MSM after sigindex: sig[2] code=27 idx=1
04:09:10.719 [main] DEBUG org.rtklib.java.rtcm.Rtcm -- MSM after sigindex: sig[3] code=58 idx=2
04:09:10.719 [main] DEBUG org.rtklib.java.rtcm.Rtcm -- MSM after sigindex: sig[4] code=2 idx=4
04:09:10.719 [main] DEBUG org.rtklib.java.rtcm.Rtcm -- RTCM3 decoded message type=1124, length=81
04:09:10.719 [main] DEBUG org.rtklib.java.rtcm.Rtcm -- MSM BDS TOW: raw=62569000, tow=62583.0
04:09:10.719 [main] DEBUG org.rtklib.java.rtcm.Rtcm -- MSM BDS after adjweek: time.time=1780852983, time.sec=0.0
04:09:10.719 [main] DEBUG org.rtklib.java.rtcm.Rtcm -- decode_msm_head: sys=32 staid=0 nsat=2 nsig=4 sync=0 iod=0 ncell=8
04:09:10.719 [main] DEBUG org.rtklib.java.rtcm.Rtcm -- MSM sig[0] sigid=2 sigstr=2I code=40 idx=0
04:09:10.719 [main] DEBUG org.rtklib.java.rtcm.Rtcm -- MSM sig[1] sigid=8 sigstr=6I code=42 idx=3
04:09:10.719 [main] DEBUG org.rtklib.java.rtcm.Rtcm -- MSM sig[2] sigid=23 sigstr=5P code=58 idx=2
04:09:10.719 [main] DEBUG org.rtklib.java.rtcm.Rtcm -- MSM sig[3] sigid=31 sigstr=1P code=2 idx=4
04:09:10.719 [main] DEBUG org.rtklib.java.rtcm.Rtcm -- MSM after sigindex: sig[0] code=40 idx=0
04:09:10.719 [main] DEBUG org.rtklib.java.rtcm.Rtcm -- MSM after sigindex: sig[1] code=42 idx=3
04:09:10.719 [main] DEBUG org.rtklib.java.rtcm.Rtcm -- MSM after sigindex: sig[2] code=58 idx=2
04:09:10.719 [main] DEBUG org.rtklib.java.rtcm.Rtcm -- MSM after sigindex: sig[3] code=2 idx=4
04:09:10.719 [main] DEBUG org.rtklib.java.rtcm.Rtcm -- RTCM3 decoded message type=1042, length=70
04:09:10.719 [main] DEBUG org.rtklib.java.rtcm.Rtcm -- RTCM3 decoded message type=1005, length=25
04:09:10.719 [main] DEBUG org.rtklib.java.rtcm.Rtcm -- RTCM3 decoded message type=1033, length=27
04:09:10.719 [main] DEBUG org.rtklib.java.rtcm.Rtcm -- RTCM3 decoded message type=1124, length=254
04:09:10.719 [main] DEBUG org.rtklib.java.rtcm.Rtcm -- MSM BDS TOW: raw=62584000, tow=62598.0
04:09:10.719 [main] DEBUG org.rtklib.java.rtcm.Rtcm -- MSM BDS after adjweek: time.time=1780852998, time.sec=0.0
04:09:10.719 [main] DEBUG org.rtklib.java.rtcm.Rtcm -- decode_msm_head: sys=32 staid=0 nsat=12 nsig=5 sync=1 iod=0 ncell=32
04:09:10.719 [main] DEBUG org.rtklib.java.rtcm.Rtcm -- MSM sig[0] sigid=2 sigstr=2I code=40 idx=0
04:09:10.719 [main] DEBUG org.rtklib.java.rtcm.Rtcm -- MSM sig[1] sigid=8 sigstr=6I code=42 idx=3
04:09:10.719 [main] DEBUG org.rtklib.java.rtcm.Rtcm -- MSM sig[2] sigid=14 sigstr=7I code=27 idx=1
04:09:10.719 [main] DEBUG org.rtklib.java.rtcm.Rtcm -- MSM sig[3] sigid=23 sigstr=5P code=58 idx=2
04:09:10.719 [main] DEBUG org.rtklib.java.rtcm.Rtcm -- MSM sig[4] sigid=31 sigstr=1P code=2 idx=4
04:09:10.719 [main] DEBUG org.rtklib.java.rtcm.Rtcm -- MSM after sigindex: sig[0] code=40 idx=0
04:09:10.719 [main] DEBUG org.rtklib.java.rtcm.Rtcm -- MSM after sigindex: sig[1] code=42 idx=3
04:09:10.719 [main] DEBUG org.rtklib.java.rtcm.Rtcm -- MSM after sigindex: sig[2] code=27 idx=1
04:09:10.719 [main] DEBUG org.rtklib.java.rtcm.Rtcm -- MSM after sigindex: sig[3] code=58 idx=2
04:09:10.719 [main] DEBUG org.rtklib.java.rtcm.Rtcm -- MSM after sigindex: sig[4] code=2 idx=4
04:09:10.719 [main] DEBUG org.rtklib.java.rtcm.Rtcm -- RTCM3 decoded message type=1124, length=81
04:09:10.719 [main] DEBUG org.rtklib.java.rtcm.Rtcm -- MSM BDS TOW: raw=62584000, tow=62598.0
04:09:10.719 [main] DEBUG org.rtklib.java.rtcm.Rtcm -- MSM BDS after adjweek: time.time=1780852998, time.sec=0.0
04:09:10.719 [main] DEBUG org.rtklib.java.rtcm.Rtcm -- decode_msm_head: sys=32 staid=0 nsat=2 nsig=4 sync=0 iod=0 ncell=8
04:09:10.719 [main] DEBUG org.rtklib.java.rtcm.Rtcm -- MSM sig[0] sigid=2 sigstr=2I code=40 idx=0
04:09:10.719 [main] DEBUG org.rtklib.java.rtcm.Rtcm -- MSM sig[1] sigid=8 sigstr=6I code=42 idx=3
04:09:10.719 [main] DEBUG org.rtklib.java.rtcm.Rtcm -- MSM sig[2] sigid=23 sigstr=5P code=58 idx=2
04:09:10.719 [main] DEBUG org.rtklib.java.rtcm.Rtcm -- MSM sig[3] sigid=31 sigstr=1P code=2 idx=4
04:09:10.719 [main] DEBUG org.rtklib.java.rtcm.Rtcm -- MSM after sigindex: sig[0] code=40 idx=0
04:09:10.719 [main] DEBUG org.rtklib.java.rtcm.Rtcm -- MSM after sigindex: sig[1] code=42 idx=3
04:09:10.719 [main] DEBUG org.rtklib.java.rtcm.Rtcm -- MSM after sigindex: sig[2] code=58 idx=2
04:09:10.719 [main] DEBUG org.rtklib.java.rtcm.Rtcm -- MSM after sigindex: sig[3] code=2 idx=4
04:09:10.719 [main] DEBUG org.rtklib.java.rtcm.Rtcm -- RTCM3 decoded message type=1042, length=70
04:09:10.719 [main] INFO org.rtklib.java.rtcm.Rtcm -- RTCM 1042 eph stored: sat=135 prn=30 week=1066 toe=61200.0 A=27906367.4
04:09:10.719 [main] DEBUG org.rtklib.java.rtcm.Rtcm -- RTCM3 decoded message type=1005, length=25
04:09:10.719 [main] DEBUG org.rtklib.java.rtcm.Rtcm -- RTCM3 decoded message type=1033, length=27
04:09:10.719 [main] DEBUG org.rtklib.java.rtcm.Rtcm -- RTCM3 decoded message type=1124, length=254
04:09:10.719 [main] DEBUG org.rtklib.java.rtcm.Rtcm -- MSM BDS TOW: raw=62599000, tow=62613.0
04:09:10.719 [main] DEBUG org.rtklib.java.rtcm.Rtcm -- MSM BDS after adjweek: time.time=1780853013, time.sec=0.0
04:09:10.719 [main] DEBUG org.rtklib.java.rtcm.Rtcm -- decode_msm_head: sys=32 staid=0 nsat=12 nsig=5 sync=1 iod=0 ncell=32
04:09:10.719 [main] DEBUG org.rtklib.java.rtcm.Rtcm -- MSM sig[0] sigid=2 sigstr=2I code=40 idx=0
04:09:10.719 [main] DEBUG org.rtklib.java.rtcm.Rtcm -- MSM sig[1] sigid=8 sigstr=6I code=42 idx=3
04:09:10.719 [main] DEBUG org.rtklib.java.rtcm.Rtcm -- MSM sig[2] sigid=14 sigstr=7I code=27 idx=1
04:09:10.719 [main] DEBUG org.rtklib.java.rtcm.Rtcm -- MSM sig[3] sigid=23 sigstr=5P code=58 idx=2
04:09:10.719 [main] DEBUG org.rtklib.java.rtcm.Rtcm -- MSM sig[4] sigid=31 sigstr=1P code=2 idx=4
04:09:10.719 [main] DEBUG org.rtklib.java.rtcm.Rtcm -- MSM after sigindex: sig[0] code=40 idx=0
04:09:10.719 [main] DEBUG org.rtklib.java.rtcm.Rtcm -- MSM after sigindex: sig[1] code=42 idx=3
04:09:10.719 [main] DEBUG org.rtklib.java.rtcm.Rtcm -- MSM after sigindex: sig[2] code=27 idx=1
04:09:10.719 [main] DEBUG org.rtklib.java.rtcm.Rtcm -- MSM after sigindex: sig[3] code=58 idx=2
04:09:10.719 [main] DEBUG org.rtklib.java.rtcm.Rtcm -- MSM after sigindex: sig[4] code=2 idx=4
04:09:10.719 [main] DEBUG org.rtklib.java.rtcm.Rtcm -- RTCM3 decoded message type=1124, length=81
04:09:10.719 [main] DEBUG org.rtklib.java.rtcm.Rtcm -- MSM BDS TOW: raw=62599000, tow=62613.0
04:09:10.719 [main] DEBUG org.rtklib.java.rtcm.Rtcm -- MSM BDS after adjweek: time.time=1780853013, time.sec=0.0
04:09:10.719 [main] DEBUG org.rtklib.java.rtcm.Rtcm -- decode_msm_head: sys=32 staid=0 nsat=2 nsig=4 sync=0 iod=0 ncell=8
04:09:10.719 [main] DEBUG org.rtklib.java.rtcm.Rtcm -- MSM sig[0] sigid=2 sigstr=2I code=40 idx=0
04:09:10.719 [main] DEBUG org.rtklib.java.rtcm.Rtcm -- MSM sig[1] sigid=8 sigstr=6I code=42 idx=3
04:09:10.719 [main] DEBUG org.rtklib.java.rtcm.Rtcm -- MSM sig[2] sigid=23 sigstr=5P code=58 idx=2
04:09:10.719 [main] DEBUG org.rtklib.java.rtcm.Rtcm -- MSM sig[3] sigid=31 sigstr=1P code=2 idx=4
04:09:10.719 [main] DEBUG org.rtklib.java.rtcm.Rtcm -- MSM after sigindex: sig[0] code=40 idx=0
04:09:10.719 [main] DEBUG org.rtklib.java.rtcm.Rtcm -- MSM after sigindex: sig[1] code=42 idx=3
04:09:10.719 [main] DEBUG org.rtklib.java.rtcm.Rtcm -- MSM after sigindex: sig[2] code=58 idx=2
04:09:10.719 [main] DEBUG org.rtklib.java.rtcm.Rtcm -- MSM after sigindex: sig[3] code=2 idx=4
04:09:10.719 [main] DEBUG org.rtklib.java.rtcm.Rtcm -- RTCM3 decoded message type=1042, length=70
04:09:10.719 [main] DEBUG org.rtklib.java.rtcm.Rtcm -- RTCM3 decoded message type=1005, length=25
04:09:10.719 [main] DEBUG org.rtklib.java.rtcm.Rtcm -- RTCM3 decoded message type=1033, length=27
04:09:10.719 [main] DEBUG org.rtklib.java.rtcm.Rtcm -- RTCM3 decoded message type=1124, length=254
04:09:10.719 [main] DEBUG org.rtklib.java.rtcm.Rtcm -- MSM BDS TOW: raw=62614000, tow=62628.0
04:09:10.719 [main] DEBUG org.rtklib.java.rtcm.Rtcm -- MSM BDS after adjweek: time.time=1780853028, time.sec=0.0
04:09:10.719 [main] DEBUG org.rtklib.java.rtcm.Rtcm -- decode_msm_head: sys=32 staid=0 nsat=12 nsig=5 sync=1 iod=0 ncell=32
04:09:10.719 [main] DEBUG org.rtklib.java.rtcm.Rtcm -- MSM sig[0] sigid=2 sigstr=2I code=40 idx=0
04:09:10.719 [main] DEBUG org.rtklib.java.rtcm.Rtcm -- MSM sig[1] sigid=8 sigstr=6I code=42 idx=3
04:09:10.719 [main] DEBUG org.rtklib.java.rtcm.Rtcm -- MSM sig[2] sigid=14 sigstr=7I code=27 idx=1
04:09:10.719 [main] DEBUG org.rtklib.java.rtcm.Rtcm -- MSM sig[3] sigid=23 sigstr=5P code=58 idx=2
04:09:10.719 [main] DEBUG org.rtklib.java.rtcm.Rtcm -- MSM sig[4] sigid=31 sigstr=1P code=2 idx=4
04:09:10.719 [main] DEBUG org.rtklib.java.rtcm.Rtcm -- MSM after sigindex: sig[0] code=40 idx=0
04:09:10.719 [main] DEBUG org.rtklib.java.rtcm.Rtcm -- MSM after sigindex: sig[1] code=42 idx=3
04:09:10.719 [main] DEBUG org.rtklib.java.rtcm.Rtcm -- MSM after sigindex: sig[2] code=27 idx=1
04:09:10.719 [main] DEBUG org.rtklib.java.rtcm.Rtcm -- MSM after sigindex: sig[3] code=58 idx=2
04:09:10.719 [main] DEBUG org.rtklib.java.rtcm.Rtcm -- MSM after sigindex: sig[4] code=2 idx=4
04:09:10.719 [main] DEBUG org.rtklib.java.rtcm.Rtcm -- RTCM3 decoded message type=1124, length=81
04:09:10.719 [main] DEBUG org.rtklib.java.rtcm.Rtcm -- MSM BDS TOW: raw=62614000, tow=62628.0
04:09:10.719 [main] DEBUG org.rtklib.java.rtcm.Rtcm -- MSM BDS after adjweek: time.time=1780853028, time.sec=0.0
04:09:10.719 [main] DEBUG org.rtklib.java.rtcm.Rtcm -- decode_msm_head: sys=32 staid=0 nsat=2 nsig=4 sync=0 iod=0 ncell=8
04:09:10.719 [main] DEBUG org.rtklib.java.rtcm.Rtcm -- MSM sig[0] sigid=2 sigstr=2I code=40 idx=0
04:09:10.719 [main] DEBUG org.rtklib.java.rtcm.Rtcm -- MSM sig[1] sigid=8 sigstr=6I code=42 idx=3
04:09:10.719 [main] DEBUG org.rtklib.java.rtcm.Rtcm -- MSM sig[2] sigid=23 sigstr=5P code=58 idx=2
04:09:10.719 [main] DEBUG org.rtklib.java.rtcm.Rtcm -- MSM sig[3] sigid=31 sigstr=1P code=2 idx=4
04:09:10.719 [main] DEBUG org.rtklib.java.rtcm.Rtcm -- MSM after sigindex: sig[0] code=40 idx=0
04:09:10.719 [main] DEBUG org.rtklib.java.rtcm.Rtcm -- MSM after sigindex: sig[1] code=42 idx=3
04:09:10.719 [main] DEBUG org.rtklib.java.rtcm.Rtcm -- MSM after sigindex: sig[2] code=58 idx=2
04:09:10.719 [main] DEBUG org.rtklib.java.rtcm.Rtcm -- MSM after sigindex: sig[3] code=2 idx=4
04:09:10.719 [main] DEBUG org.rtklib.java.rtcm.Rtcm -- RTCM3 decoded message type=1042, length=70
04:09:10.720 [main] DEBUG org.rtklib.java.rtcm.Rtcm -- RTCM3 decoded message type=1005, length=25
04:09:10.720 [main] DEBUG org.rtklib.java.rtcm.Rtcm -- RTCM3 decoded message type=1033, length=27
04:09:10.720 [main] DEBUG org.rtklib.java.rtcm.Rtcm -- RTCM3 decoded message type=1124, length=272
04:09:10.720 [main] DEBUG org.rtklib.java.rtcm.Rtcm -- MSM BDS TOW: raw=62629000, tow=62643.0
04:09:10.720 [main] DEBUG org.rtklib.java.rtcm.Rtcm -- MSM BDS after adjweek: time.time=1780853043, time.sec=0.0
04:09:10.720 [main] DEBUG org.rtklib.java.rtcm.Rtcm -- decode_msm_head: sys=32 staid=0 nsat=12 nsig=5 sync=1 iod=0 ncell=35
04:09:10.720 [main] DEBUG org.rtklib.java.rtcm.Rtcm -- MSM sig[0] sigid=2 sigstr=2I code=40 idx=0
04:09:10.720 [main] DEBUG org.rtklib.java.rtcm.Rtcm -- MSM sig[1] sigid=8 sigstr=6I code=42 idx=3
04:09:10.720 [main] DEBUG org.rtklib.java.rtcm.Rtcm -- MSM sig[2] sigid=14 sigstr=7I code=27 idx=1
04:09:10.720 [main] DEBUG org.rtklib.java.rtcm.Rtcm -- MSM sig[3] sigid=23 sigstr=5P code=58 idx=2
04:09:10.720 [main] DEBUG org.rtklib.java.rtcm.Rtcm -- MSM sig[4] sigid=31 sigstr=1P code=2 idx=4
04:09:10.720 [main] DEBUG org.rtklib.java.rtcm.Rtcm -- MSM after sigindex: sig[0] code=40 idx=0
04:09:10.720 [main] DEBUG org.rtklib.java.rtcm.Rtcm -- MSM after sigindex: sig[1] code=42 idx=3
04:09:10.720 [main] DEBUG org.rtklib.java.rtcm.Rtcm -- MSM after sigindex: sig[2] code=27 idx=1
04:09:10.720 [main] DEBUG org.rtklib.java.rtcm.Rtcm -- MSM after sigindex: sig[3] code=58 idx=2
04:09:10.720 [main] DEBUG org.rtklib.java.rtcm.Rtcm -- MSM after sigindex: sig[4] code=2 idx=4
04:09:10.720 [main] DEBUG org.rtklib.java.rtcm.Rtcm -- RTCM3 decoded message type=1124, length=54
04:09:10.720 [main] DEBUG org.rtklib.java.rtcm.Rtcm -- MSM BDS TOW: raw=62629000, tow=62643.0
04:09:10.720 [main] DEBUG org.rtklib.java.rtcm.Rtcm -- MSM BDS after adjweek: time.time=1780853043, time.sec=0.0
04:09:10.720 [main] DEBUG org.rtklib.java.rtcm.Rtcm -- decode_msm_head: sys=32 staid=0 nsat=1 nsig=4 sync=0 iod=0 ncell=4
04:09:10.720 [main] DEBUG org.rtklib.java.rtcm.Rtcm -- MSM sig[0] sigid=2 sigstr=2I code=40 idx=0
04:09:10.720 [main] DEBUG org.rtklib.java.rtcm.Rtcm -- MSM sig[1] sigid=8 sigstr=6I code=42 idx=3
04:09:10.720 [main] DEBUG org.rtklib.java.rtcm.Rtcm -- MSM sig[2] sigid=23 sigstr=5P code=58 idx=2
04:09:10.720 [main] DEBUG org.rtklib.java.rtcm.Rtcm -- MSM sig[3] sigid=31 sigstr=1P code=2 idx=4
04:09:10.720 [main] DEBUG org.rtklib.java.rtcm.Rtcm -- MSM after sigindex: sig[0] code=40 idx=0
04:09:10.720 [main] DEBUG org.rtklib.java.rtcm.Rtcm -- MSM after sigindex: sig[1] code=42 idx=3
04:09:10.720 [main] DEBUG org.rtklib.java.rtcm.Rtcm -- MSM after sigindex: sig[2] code=58 idx=2
04:09:10.720 [main] DEBUG org.rtklib.java.rtcm.Rtcm -- MSM after sigindex: sig[3] code=2 idx=4
04:09:10.720 [main] DEBUG org.rtklib.java.rtcm.Rtcm -- RTCM3 decoded message type=1042, length=70
04:09:10.720 [main] DEBUG org.rtklib.java.rtcm.Rtcm -- RTCM3 decoded message type=1005, length=25
04:09:10.720 [main] DEBUG org.rtklib.java.rtcm.Rtcm -- RTCM3 decoded message type=1033, length=27
04:09:10.720 [main] DEBUG org.rtklib.java.rtcm.Rtcm -- RTCM3 decoded message type=1124, length=272
04:09:10.720 [main] DEBUG org.rtklib.java.rtcm.Rtcm -- MSM BDS TOW: raw=62644000, tow=62658.0
04:09:10.720 [main] DEBUG org.rtklib.java.rtcm.Rtcm -- MSM BDS after adjweek: time.time=1780853058, time.sec=0.0
04:09:10.720 [main] DEBUG org.rtklib.java.rtcm.Rtcm -- decode_msm_head: sys=32 staid=0 nsat=12 nsig=5 sync=1 iod=0 ncell=35
04:09:10.720 [main] DEBUG org.rtklib.java.rtcm.Rtcm -- MSM sig[0] sigid=2 sigstr=2I code=40 idx=0
04:09:10.720 [main] DEBUG org.rtklib.java.rtcm.Rtcm -- MSM sig[1] sigid=8 sigstr=6I code=42 idx=3
04:09:10.720 [main] DEBUG org.rtklib.java.rtcm.Rtcm -- MSM sig[2] sigid=14 sigstr=7I code=27 idx=1
04:09:10.720 [main] DEBUG org.rtklib.java.rtcm.Rtcm -- MSM sig[3] sigid=23 sigstr=5P code=58 idx=2
04:09:10.720 [main] DEBUG org.rtklib.java.rtcm.Rtcm -- MSM sig[4] sigid=31 sigstr=1P code=2 idx=4
04:09:10.720 [main] DEBUG org.rtklib.java.rtcm.Rtcm -- MSM after sigindex: sig[0] code=40 idx=0
04:09:10.720 [main] DEBUG org.rtklib.java.rtcm.Rtcm -- MSM after sigindex: sig[1] code=42 idx=3
04:09:10.720 [main] DEBUG org.rtklib.java.rtcm.Rtcm -- MSM after sigindex: sig[2] code=27 idx=1
04:09:10.720 [main] DEBUG org.rtklib.java.rtcm.Rtcm -- MSM after sigindex: sig[3] code=58 idx=2
04:09:10.720 [main] DEBUG org.rtklib.java.rtcm.Rtcm -- MSM after sigindex: sig[4] code=2 idx=4
04:09:10.720 [main] DEBUG org.rtklib.java.rtcm.Rtcm -- RTCM3 decoded message type=1124, length=54
04:09:10.720 [main] DEBUG org.rtklib.java.rtcm.Rtcm -- MSM BDS TOW: raw=62644000, tow=62658.0
04:09:10.720 [main] DEBUG org.rtklib.java.rtcm.Rtcm -- MSM BDS after adjweek: time.time=1780853058, time.sec=0.0
04:09:10.720 [main] DEBUG org.rtklib.java.rtcm.Rtcm -- decode_msm_head: sys=32 staid=0 nsat=1 nsig=4 sync=0 iod=0 ncell=4
04:09:10.720 [main] DEBUG org.rtklib.java.rtcm.Rtcm -- MSM sig[0] sigid=2 sigstr=2I code=40 idx=0
04:09:10.720 [main] DEBUG org.rtklib.java.rtcm.Rtcm -- MSM sig[1] sigid=8 sigstr=6I code=42 idx=3
04:09:10.720 [main] DEBUG org.rtklib.java.rtcm.Rtcm -- MSM sig[2] sigid=23 sigstr=5P code=58 idx=2
04:09:10.720 [main] DEBUG org.rtklib.java.rtcm.Rtcm -- MSM sig[3] sigid=31 sigstr=1P code=2 idx=4
04:09:10.720 [main] DEBUG org.rtklib.java.rtcm.Rtcm -- MSM after sigindex: sig[0] code=40 idx=0
04:09:10.720 [main] DEBUG org.rtklib.java.rtcm.Rtcm -- MSM after sigindex: sig[1] code=42 idx=3
04:09:10.720 [main] DEBUG org.rtklib.java.rtcm.Rtcm -- MSM after sigindex: sig[2] code=58 idx=2
04:09:10.720 [main] DEBUG org.rtklib.java.rtcm.Rtcm -- MSM after sigindex: sig[3] code=2 idx=4
04:09:10.720 [main] DEBUG org.rtklib.java.rtcm.Rtcm -- RTCM3 decoded message type=1042, length=70
04:09:10.720 [main] DEBUG org.rtklib.java.rtcm.Rtcm -- RTCM3 decoded message type=1005, length=25
04:09:10.720 [main] DEBUG org.rtklib.java.rtcm.Rtcm -- RTCM3 decoded message type=1033, length=27
04:09:10.720 [main] DEBUG org.rtklib.java.rtcm.Rtcm -- RTCM3 decoded message type=1124, length=254
04:09:10.720 [main] DEBUG org.rtklib.java.rtcm.Rtcm -- MSM BDS TOW: raw=62659000, tow=62673.0
04:09:10.720 [main] DEBUG org.rtklib.java.rtcm.Rtcm -- MSM BDS after adjweek: time.time=1780853073, time.sec=0.0
04:09:10.720 [main] DEBUG org.rtklib.java.rtcm.Rtcm -- decode_msm_head: sys=32 staid=0 nsat=12 nsig=5 sync=1 iod=0 ncell=32
04:09:10.720 [main] DEBUG org.rtklib.java.rtcm.Rtcm -- MSM sig[0] sigid=2 sigstr=2I code=40 idx=0
04:09:10.720 [main] DEBUG org.rtklib.java.rtcm.Rtcm -- MSM sig[1] sigid=8 sigstr=6I code=42 idx=3
04:09:10.720 [main] DEBUG org.rtklib.java.rtcm.Rtcm -- MSM sig[2] sigid=14 sigstr=7I code=27 idx=1
04:09:10.720 [main] DEBUG org.rtklib.java.rtcm.Rtcm -- MSM sig[3] sigid=23 sigstr=5P code=58 idx=2
04:09:10.720 [main] DEBUG org.rtklib.java.rtcm.Rtcm -- MSM sig[4] sigid=31 sigstr=1P code=2 idx=4
04:09:10.720 [main] DEBUG org.rtklib.java.rtcm.Rtcm -- MSM after sigindex: sig[0] code=40 idx=0
04:09:10.720 [main] DEBUG org.rtklib.java.rtcm.Rtcm -- MSM after sigindex: sig[1] code=42 idx=3
04:09:10.720 [main] DEBUG org.rtklib.java.rtcm.Rtcm -- MSM after sigindex: sig[2] code=27 idx=1
04:09:10.720 [main] DEBUG org.rtklib.java.rtcm.Rtcm -- MSM after sigindex: sig[3] code=58 idx=2
04:09:10.720 [main] DEBUG org.rtklib.java.rtcm.Rtcm -- MSM after sigindex: sig[4] code=2 idx=4
04:09:10.720 [main] DEBUG org.rtklib.java.rtcm.Rtcm -- RTCM3 decoded message type=1124, length=54
04:09:10.720 [main] DEBUG org.rtklib.java.rtcm.Rtcm -- MSM BDS TOW: raw=62659000, tow=62673.0
04:09:10.720 [main] DEBUG org.rtklib.java.rtcm.Rtcm -- MSM BDS after adjweek: time.time=1780853073, time.sec=0.0
04:09:10.720 [main] DEBUG org.rtklib.java.rtcm.Rtcm -- decode_msm_head: sys=32 staid=0 nsat=1 nsig=4 sync=0 iod=0 ncell=4
04:09:10.720 [main] DEBUG org.rtklib.java.rtcm.Rtcm -- MSM sig[0] sigid=2 sigstr=2I code=40 idx=0
04:09:10.720 [main] DEBUG org.rtklib.java.rtcm.Rtcm -- MSM sig[1] sigid=8 sigstr=6I code=42 idx=3
04:09:10.720 [main] DEBUG org.rtklib.java.rtcm.Rtcm -- MSM sig[2] sigid=23 sigstr=5P code=58 idx=2
04:09:10.720 [main] DEBUG org.rtklib.java.rtcm.Rtcm -- MSM sig[3] sigid=31 sigstr=1P code=2 idx=4
04:09:10.720 [main] DEBUG org.rtklib.java.rtcm.Rtcm -- MSM after sigindex: sig[0] code=40 idx=0
04:09:10.720 [main] DEBUG org.rtklib.java.rtcm.Rtcm -- MSM after sigindex: sig[1] code=42 idx=3
04:09:10.721 [main] DEBUG org.rtklib.java.rtcm.Rtcm -- MSM after sigindex: sig[2] code=58 idx=2
04:09:10.721 [main] DEBUG org.rtklib.java.rtcm.Rtcm -- MSM after sigindex: sig[3] code=2 idx=4
04:09:10.721 [main] DEBUG org.rtklib.java.rtcm.Rtcm -- RTCM3 decoded message type=1042, length=70
04:09:10.721 [main] DEBUG org.rtklib.java.rtcm.Rtcm -- RTCM3 decoded message type=1005, length=25
04:09:10.721 [main] DEBUG org.rtklib.java.rtcm.Rtcm -- RTCM3 decoded message type=1033, length=27
04:09:10.721 [main] DEBUG org.rtklib.java.rtcm.Rtcm -- RTCM3 decoded message type=1124, length=272
04:09:10.721 [main] DEBUG org.rtklib.java.rtcm.Rtcm -- MSM BDS TOW: raw=62674000, tow=62688.0
04:09:10.721 [main] DEBUG org.rtklib.java.rtcm.Rtcm -- MSM BDS after adjweek: time.time=1780853088, time.sec=0.0
04:09:10.721 [main] DEBUG org.rtklib.java.rtcm.Rtcm -- decode_msm_head: sys=32 staid=0 nsat=12 nsig=5 sync=0 iod=0 ncell=35
04:09:10.721 [main] DEBUG org.rtklib.java.rtcm.Rtcm -- MSM sig[0] sigid=2 sigstr=2I code=40 idx=0
04:09:10.721 [main] DEBUG org.rtklib.java.rtcm.Rtcm -- MSM sig[1] sigid=8 sigstr=6I code=42 idx=3
04:09:10.721 [main] DEBUG org.rtklib.java.rtcm.Rtcm -- MSM sig[2] sigid=14 sigstr=7I code=27 idx=1
04:09:10.721 [main] DEBUG org.rtklib.java.rtcm.Rtcm -- MSM sig[3] sigid=23 sigstr=5P code=58 idx=2
04:09:10.721 [main] DEBUG org.rtklib.java.rtcm.Rtcm -- MSM sig[4] sigid=31 sigstr=1P code=2 idx=4
04:09:10.721 [main] DEBUG org.rtklib.java.rtcm.Rtcm -- MSM after sigindex: sig[0] code=40 idx=0
04:09:10.721 [main] DEBUG org.rtklib.java.rtcm.Rtcm -- MSM after sigindex: sig[1] code=42 idx=3
04:09:10.721 [main] DEBUG org.rtklib.java.rtcm.Rtcm -- MSM after sigindex: sig[2] code=27 idx=1
04:09:10.721 [main] DEBUG org.rtklib.java.rtcm.Rtcm -- MSM after sigindex: sig[3] code=58 idx=2
04:09:10.721 [main] DEBUG org.rtklib.java.rtcm.Rtcm -- MSM after sigindex: sig[4] code=2 idx=4
04:09:10.721 [main] DEBUG org.rtklib.java.rtcm.Rtcm -- RTCM3 decoded message type=1042, length=70
04:09:10.721 [main] DEBUG org.rtklib.java.rtcm.Rtcm -- RTCM3 decoded message type=1005, length=25
04:09:10.721 [main] DEBUG org.rtklib.java.rtcm.Rtcm -- RTCM3 decoded message type=1033, length=27
04:09:10.721 [main] DEBUG org.rtklib.java.rtcm.Rtcm -- RTCM3 decoded message type=1124, length=272
04:09:10.721 [main] DEBUG org.rtklib.java.rtcm.Rtcm -- MSM BDS TOW: raw=62689000, tow=62703.0
04:09:10.721 [main] DEBUG org.rtklib.java.rtcm.Rtcm -- MSM BDS after adjweek: time.time=1780853103, time.sec=0.0
04:09:10.721 [main] DEBUG org.rtklib.java.rtcm.Rtcm -- decode_msm_head: sys=32 staid=0 nsat=12 nsig=5 sync=0 iod=0 ncell=35
04:09:10.721 [main] DEBUG org.rtklib.java.rtcm.Rtcm -- MSM sig[0] sigid=2 sigstr=2I code=40 idx=0
04:09:10.721 [main] DEBUG org.rtklib.java.rtcm.Rtcm -- MSM sig[1] sigid=8 sigstr=6I code=42 idx=3
04:09:10.721 [main] DEBUG org.rtklib.java.rtcm.Rtcm -- MSM sig[2] sigid=14 sigstr=7I code=27 idx=1
04:09:10.721 [main] DEBUG org.rtklib.java.rtcm.Rtcm -- MSM sig[3] sigid=23 sigstr=5P code=58 idx=2
04:09:10.721 [main] DEBUG org.rtklib.java.rtcm.Rtcm -- MSM sig[4] sigid=31 sigstr=1P code=2 idx=4
04:09:10.721 [main] DEBUG org.rtklib.java.rtcm.Rtcm -- MSM after sigindex: sig[0] code=40 idx=0
04:09:10.721 [main] DEBUG org.rtklib.java.rtcm.Rtcm -- MSM after sigindex: sig[1] code=42 idx=3
04:09:10.721 [main] DEBUG org.rtklib.java.rtcm.Rtcm -- MSM after sigindex: sig[2] code=27 idx=1
04:09:10.721 [main] DEBUG org.rtklib.java.rtcm.Rtcm -- MSM after sigindex: sig[3] code=58 idx=2
04:09:10.721 [main] DEBUG org.rtklib.java.rtcm.Rtcm -- MSM after sigindex: sig[4] code=2 idx=4
04:09:10.721 [main] DEBUG org.rtklib.java.rtcm.Rtcm -- RTCM3 decoded message type=1042, length=70
04:09:10.721 [main] DEBUG org.rtklib.java.rtcm.Rtcm -- RTCM3 decoded message type=1005, length=25
04:09:10.721 [main] DEBUG org.rtklib.java.rtcm.Rtcm -- RTCM3 decoded message type=1033, length=27
04:09:10.721 [main] DEBUG org.rtklib.java.rtcm.Rtcm -- RTCM3 decoded message type=1124, length=272
04:09:10.721 [main] DEBUG org.rtklib.java.rtcm.Rtcm -- MSM BDS TOW: raw=62704000, tow=62718.0
04:09:10.721 [main] DEBUG org.rtklib.java.rtcm.Rtcm -- MSM BDS after adjweek: time.time=1780853118, time.sec=0.0
04:09:10.721 [main] DEBUG org.rtklib.java.rtcm.Rtcm -- decode_msm_head: sys=32 staid=0 nsat=12 nsig=5 sync=0 iod=0 ncell=35
04:09:10.721 [main] DEBUG org.rtklib.java.rtcm.Rtcm -- MSM sig[0] sigid=2 sigstr=2I code=40 idx=0
04:09:10.721 [main] DEBUG org.rtklib.java.rtcm.Rtcm -- MSM sig[1] sigid=8 sigstr=6I code=42 idx=3
04:09:10.721 [main] DEBUG org.rtklib.java.rtcm.Rtcm -- MSM sig[2] sigid=14 sigstr=7I code=27 idx=1
04:09:10.721 [main] DEBUG org.rtklib.java.rtcm.Rtcm -- MSM sig[3] sigid=23 sigstr=5P code=58 idx=2
04:09:10.721 [main] DEBUG org.rtklib.java.rtcm.Rtcm -- MSM sig[4] sigid=31 sigstr=1P code=2 idx=4
04:09:10.721 [main] DEBUG org.rtklib.java.rtcm.Rtcm -- MSM after sigindex: sig[0] code=40 idx=0
04:09:10.721 [main] DEBUG org.rtklib.java.rtcm.Rtcm -- MSM after sigindex: sig[1] code=42 idx=3
04:09:10.721 [main] DEBUG org.rtklib.java.rtcm.Rtcm -- MSM after sigindex: sig[2] code=27 idx=1
04:09:10.721 [main] DEBUG org.rtklib.java.rtcm.Rtcm -- MSM after sigindex: sig[3] code=58 idx=2
04:09:10.721 [main] DEBUG org.rtklib.java.rtcm.Rtcm -- MSM after sigindex: sig[4] code=2 idx=4
04:09:10.721 [main] DEBUG org.rtklib.java.rtcm.Rtcm -- RTCM3 decoded message type=1042, length=70
04:09:10.721 [main] DEBUG org.rtklib.java.rtcm.Rtcm -- RTCM3 decoded message type=1005, length=25
04:09:10.721 [main] DEBUG org.rtklib.java.rtcm.Rtcm -- RTCM3 decoded message type=1033, length=27
04:09:10.721 [main] DEBUG org.rtklib.java.rtcm.Rtcm -- RTCM3 decoded message type=1124, length=272
04:09:10.721 [main] DEBUG org.rtklib.java.rtcm.Rtcm -- MSM BDS TOW: raw=62719000, tow=62733.0
04:09:10.721 [main] DEBUG org.rtklib.java.rtcm.Rtcm -- MSM BDS after adjweek: time.time=1780853133, time.sec=0.0
04:09:10.721 [main] DEBUG org.rtklib.java.rtcm.Rtcm -- decode_msm_head: sys=32 staid=0 nsat=12 nsig=5 sync=0 iod=0 ncell=35
04:09:10.721 [main] DEBUG org.rtklib.java.rtcm.Rtcm -- MSM sig[0] sigid=2 sigstr=2I code=40 idx=0
04:09:10.721 [main] DEBUG org.rtklib.java.rtcm.Rtcm -- MSM sig[1] sigid=8 sigstr=6I code=42 idx=3
04:09:10.721 [main] DEBUG org.rtklib.java.rtcm.Rtcm -- MSM sig[2] sigid=14 sigstr=7I code=27 idx=1
04:09:10.721 [main] DEBUG org.rtklib.java.rtcm.Rtcm -- MSM sig[3] sigid=23 sigstr=5P code=58 idx=2
04:09:10.721 [main] DEBUG org.rtklib.java.rtcm.Rtcm -- MSM sig[4] sigid=31 sigstr=1P code=2 idx=4
04:09:10.721 [main] DEBUG org.rtklib.java.rtcm.Rtcm -- MSM after sigindex: sig[0] code=40 idx=0
04:09:10.721 [main] DEBUG org.rtklib.java.rtcm.Rtcm -- MSM after sigindex: sig[1] code=42 idx=3
04:09:10.721 [main] DEBUG org.rtklib.java.rtcm.Rtcm -- MSM after sigindex: sig[2] code=27 idx=1
04:09:10.721 [main] DEBUG org.rtklib.java.rtcm.Rtcm -- MSM after sigindex: sig[3] code=58 idx=2
04:09:10.721 [main] DEBUG org.rtklib.java.rtcm.Rtcm -- MSM after sigindex: sig[4] code=2 idx=4
04:09:10.721 [main] DEBUG org.rtklib.java.rtcm.Rtcm -- RTCM3 decoded message type=1042, length=70
04:09:10.721 [main] DEBUG org.rtklib.java.rtcm.Rtcm -- RTCM3 decoded message type=1005, length=25
04:09:10.721 [main] DEBUG org.rtklib.java.rtcm.Rtcm -- RTCM3 decoded message type=1033, length=27
04:09:10.721 [main] DEBUG org.rtklib.java.rtcm.Rtcm -- RTCM3 decoded message type=1124, length=272
04:09:10.721 [main] DEBUG org.rtklib.java.rtcm.Rtcm -- MSM BDS TOW: raw=62734000, tow=62748.0
04:09:10.721 [main] DEBUG org.rtklib.java.rtcm.Rtcm -- MSM BDS after adjweek: time.time=1780853148, time.sec=0.0
04:09:10.721 [main] DEBUG org.rtklib.java.rtcm.Rtcm -- decode_msm_head: sys=32 staid=0 nsat=12 nsig=5 sync=0 iod=0 ncell=35
04:09:10.721 [main] DEBUG org.rtklib.java.rtcm.Rtcm -- MSM sig[0] sigid=2 sigstr=2I code=40 idx=0
04:09:10.721 [main] DEBUG org.rtklib.java.rtcm.Rtcm -- MSM sig[1] sigid=8 sigstr=6I code=42 idx=3
04:09:10.721 [main] DEBUG org.rtklib.java.rtcm.Rtcm -- MSM sig[2] sigid=14 sigstr=7I code=27 idx=1
04:09:10.721 [main] DEBUG org.rtklib.java.rtcm.Rtcm -- MSM sig[3] sigid=23 sigstr=5P code=58 idx=2
04:09:10.721 [main] DEBUG org.rtklib.java.rtcm.Rtcm -- MSM sig[4] sigid=31 sigstr=1P code=2 idx=4
04:09:10.721 [main] DEBUG org.rtklib.java.rtcm.Rtcm -- MSM after sigindex: sig[0] code=40 idx=0
04:09:10.721 [main] DEBUG org.rtklib.java.rtcm.Rtcm -- MSM after sigindex: sig[1] code=42 idx=3
04:09:10.721 [main] DEBUG org.rtklib.java.rtcm.Rtcm -- MSM after sigindex: sig[2] code=27 idx=1
04:09:10.721 [main] DEBUG org.rtklib.java.rtcm.Rtcm -- MSM after sigindex: sig[3] code=58 idx=2
04:09:10.721 [main] DEBUG org.rtklib.java.rtcm.Rtcm -- MSM after sigindex: sig[4] code=2 idx=4
04:09:10.721 [main] DEBUG org.rtklib.java.rtcm.Rtcm -- RTCM3 decoded message type=1042, length=70
04:09:10.721 [main] DEBUG org.rtklib.java.rtcm.Rtcm -- RTCM3 decoded message type=1005, length=25
04:09:10.721 [main] DEBUG org.rtklib.java.rtcm.Rtcm -- RTCM3 decoded message type=1033, length=27
04:09:10.721 [main] DEBUG org.rtklib.java.rtcm.Rtcm -- RTCM3 decoded message type=1124, length=272
04:09:10.721 [main] DEBUG org.rtklib.java.rtcm.Rtcm -- MSM BDS TOW: raw=62749000, tow=62763.0
04:09:10.721 [main] DEBUG org.rtklib.java.rtcm.Rtcm -- MSM BDS after adjweek: time.time=1780853163, time.sec=0.0
04:09:10.721 [main] DEBUG org.rtklib.java.rtcm.Rtcm -- decode_msm_head: sys=32 staid=0 nsat=12 nsig=5 sync=0 iod=0 ncell=35
04:09:10.721 [main] DEBUG org.rtklib.java.rtcm.Rtcm -- MSM sig[0] sigid=2 sigstr=2I code=40 idx=0
04:09:10.721 [main] DEBUG org.rtklib.java.rtcm.Rtcm -- MSM sig[1] sigid=8 sigstr=6I code=42 idx=3
04:09:10.721 [main] DEBUG org.rtklib.java.rtcm.Rtcm -- MSM sig[2] sigid=14 sigstr=7I code=27 idx=1
04:09:10.721 [main] DEBUG org.rtklib.java.rtcm.Rtcm -- MSM sig[3] sigid=23 sigstr=5P code=58 idx=2
04:09:10.721 [main] DEBUG org.rtklib.java.rtcm.Rtcm -- MSM sig[4] sigid=31 sigstr=1P code=2 idx=4
04:09:10.721 [main] DEBUG org.rtklib.java.rtcm.Rtcm -- MSM after sigindex: sig[0] code=40 idx=0
04:09:10.721 [main] DEBUG org.rtklib.java.rtcm.Rtcm -- MSM after sigindex: sig[1] code=42 idx=3
04:09:10.721 [main] DEBUG org.rtklib.java.rtcm.Rtcm -- MSM after sigindex: sig[2] code=27 idx=1
04:09:10.721 [main] DEBUG org.rtklib.java.rtcm.Rtcm -- MSM after sigindex: sig[3] code=58 idx=2
04:09:10.721 [main] DEBUG org.rtklib.java.rtcm.Rtcm -- MSM after sigindex: sig[4] code=2 idx=4
04:09:10.721 [main] DEBUG org.rtklib.java.rtcm.Rtcm -- RTCM3 decoded message type=1042, length=70
04:09:10.721 [main] DEBUG org.rtklib.java.rtcm.Rtcm -- RTCM3 decoded message type=1005, length=25
04:09:10.721 [main] DEBUG org.rtklib.java.rtcm.Rtcm -- RTCM3 decoded message type=1033, length=27
04:09:10.721 [main] DEBUG org.rtklib.java.rtcm.Rtcm -- RTCM3 decoded message type=1124, length=272
04:09:10.721 [main] DEBUG org.rtklib.java.rtcm.Rtcm -- MSM BDS TOW: raw=62764000, tow=62778.0
04:09:10.721 [main] DEBUG org.rtklib.java.rtcm.Rtcm -- MSM BDS after adjweek: time.time=1780853178, time.sec=0.0
04:09:10.721 [main] DEBUG org.rtklib.java.rtcm.Rtcm -- decode_msm_head: sys=32 staid=0 nsat=12 nsig=5 sync=0 iod=0 ncell=35
04:09:10.721 [main] DEBUG org.rtklib.java.rtcm.Rtcm -- MSM sig[0] sigid=2 sigstr=2I code=40 idx=0
04:09:10.721 [main] DEBUG org.rtklib.java.rtcm.Rtcm -- MSM sig[1] sigid=8 sigstr=6I code=42 idx=3
04:09:10.721 [main] DEBUG org.rtklib.java.rtcm.Rtcm -- MSM sig[2] sigid=14 sigstr=7I code=27 idx=1
04:09:10.721 [main] DEBUG org.rtklib.java.rtcm.Rtcm -- MSM sig[3] sigid=23 sigstr=5P code=58 idx=2
04:09:10.721 [main] DEBUG org.rtklib.java.rtcm.Rtcm -- MSM sig[4] sigid=31 sigstr=1P code=2 idx=4
04:09:10.721 [main] DEBUG org.rtklib.java.rtcm.Rtcm -- MSM after sigindex: sig[0] code=40 idx=0
04:09:10.721 [main] DEBUG org.rtklib.java.rtcm.Rtcm -- MSM after sigindex: sig[1] code=42 idx=3
04:09:10.721 [main] DEBUG org.rtklib.java.rtcm.Rtcm -- MSM after sigindex: sig[2] code=27 idx=1
04:09:10.721 [main] DEBUG org.rtklib.java.rtcm.Rtcm -- MSM after sigindex: sig[3] code=58 idx=2
04:09:10.721 [main] DEBUG org.rtklib.java.rtcm.Rtcm -- MSM after sigindex: sig[4] code=2 idx=4
04:09:10.721 [main] DEBUG org.rtklib.java.rtcm.Rtcm -- RTCM3 decoded message type=1042, length=70
04:09:10.721 [main] DEBUG org.rtklib.java.rtcm.Rtcm -- RTCM3 decoded message type=1005, length=25
04:09:10.721 [main] DEBUG org.rtklib.java.rtcm.Rtcm -- RTCM3 decoded message type=1033, length=27
04:09:10.721 [main] DEBUG org.rtklib.java.rtcm.Rtcm -- RTCM3 decoded message type=1124, length=272
04:09:10.721 [main] DEBUG org.rtklib.java.rtcm.Rtcm -- MSM BDS TOW: raw=62779000, tow=62793.0
04:09:10.721 [main] DEBUG org.rtklib.java.rtcm.Rtcm -- MSM BDS after adjweek: time.time=1780853193, time.sec=0.0
04:09:10.721 [main] DEBUG org.rtklib.java.rtcm.Rtcm -- decode_msm_head: sys=32 staid=0 nsat=12 nsig=5 sync=0 iod=0 ncell=35
04:09:10.721 [main] DEBUG org.rtklib.java.rtcm.Rtcm -- MSM sig[0] sigid=2 sigstr=2I code=40 idx=0
04:09:10.721 [main] DEBUG org.rtklib.java.rtcm.Rtcm -- MSM sig[1] sigid=8 sigstr=6I code=42 idx=3
04:09:10.721 [main] DEBUG org.rtklib.java.rtcm.Rtcm -- MSM sig[2] sigid=14 sigstr=7I code=27 idx=1
04:09:10.721 [main] DEBUG org.rtklib.java.rtcm.Rtcm -- MSM sig[3] sigid=23 sigstr=5P code=58 idx=2
04:09:10.721 [main] DEBUG org.rtklib.java.rtcm.Rtcm -- MSM sig[4] sigid=31 sigstr=1P code=2 idx=4
04:09:10.721 [main] DEBUG org.rtklib.java.rtcm.Rtcm -- MSM after sigindex: sig[0] code=40 idx=0
04:09:10.721 [main] DEBUG org.rtklib.java.rtcm.Rtcm -- MSM after sigindex: sig[1] code=42 idx=3
04:09:10.721 [main] DEBUG org.rtklib.java.rtcm.Rtcm -- MSM after sigindex: sig[2] code=27 idx=1
04:09:10.721 [main] DEBUG org.rtklib.java.rtcm.Rtcm -- MSM after sigindex: sig[3] code=58 idx=2
04:09:10.721 [main] DEBUG org.rtklib.java.rtcm.Rtcm -- MSM after sigindex: sig[4] code=2 idx=4
04:09:10.721 [main] DEBUG org.rtklib.java.rtcm.Rtcm -- RTCM3 decoded message type=1042, length=70
04:09:10.721 [main] DEBUG org.rtklib.java.rtcm.Rtcm -- RTCM3 decoded message type=1005, length=25
04:09:10.721 [main] DEBUG org.rtklib.java.rtcm.Rtcm -- RTCM3 decoded message type=1033, length=27
04:09:10.721 [main] DEBUG org.rtklib.java.rtcm.Rtcm -- RTCM3 decoded message type=1124, length=272
04:09:10.721 [main] DEBUG org.rtklib.java.rtcm.Rtcm -- MSM BDS TOW: raw=62794000, tow=62808.0
04:09:10.721 [main] DEBUG org.rtklib.java.rtcm.Rtcm -- MSM BDS after adjweek: time.time=1780853208, time.sec=0.0
04:09:10.721 [main] DEBUG org.rtklib.java.rtcm.Rtcm -- decode_msm_head: sys=32 staid=0 nsat=12 nsig=5 sync=0 iod=0 ncell=35
04:09:10.722 [main] DEBUG org.rtklib.java.rtcm.Rtcm -- MSM sig[0] sigid=2 sigstr=2I code=40 idx=0
04:09:10.722 [main] DEBUG org.rtklib.java.rtcm.Rtcm -- MSM sig[1] sigid=8 sigstr=6I code=42 idx=3
04:09:10.722 [main] DEBUG org.rtklib.java.rtcm.Rtcm -- MSM sig[2] sigid=14 sigstr=7I code=27 idx=1
04:09:10.722 [main] DEBUG org.rtklib.java.rtcm.Rtcm -- MSM sig[3] sigid=23 sigstr=5P code=58 idx=2
04:09:10.722 [main] DEBUG org.rtklib.java.rtcm.Rtcm -- MSM sig[4] sigid=31 sigstr=1P code=2 idx=4
04:09:10.722 [main] DEBUG org.rtklib.java.rtcm.Rtcm -- MSM after sigindex: sig[0] code=40 idx=0
04:09:10.722 [main] DEBUG org.rtklib.java.rtcm.Rtcm -- MSM after sigindex: sig[1] code=42 idx=3
04:09:10.722 [main] DEBUG org.rtklib.java.rtcm.Rtcm -- MSM after sigindex: sig[2] code=27 idx=1
04:09:10.722 [main] DEBUG org.rtklib.java.rtcm.Rtcm -- MSM after sigindex: sig[3] code=58 idx=2
04:09:10.722 [main] DEBUG org.rtklib.java.rtcm.Rtcm -- MSM after sigindex: sig[4] code=2 idx=4
04:09:10.722 [main] DEBUG org.rtklib.java.rtcm.Rtcm -- RTCM3 decoded message type=1042, length=70
04:09:10.722 [main] DEBUG org.rtklib.java.rtcm.Rtcm -- RTCM3 decoded message type=1005, length=25
04:09:10.722 [main] DEBUG org.rtklib.java.rtcm.Rtcm -- RTCM3 decoded message type=1033, length=27
04:09:10.722 [main] DEBUG org.rtklib.java.rtcm.Rtcm -- RTCM3 decoded message type=1124, length=266
04:09:10.722 [main] DEBUG org.rtklib.java.rtcm.Rtcm -- MSM BDS TOW: raw=62809000, tow=62823.0
04:09:10.722 [main] DEBUG org.rtklib.java.rtcm.Rtcm -- MSM BDS after adjweek: time.time=1780853223, time.sec=0.0
04:09:10.722 [main] DEBUG org.rtklib.java.rtcm.Rtcm -- decode_msm_head: sys=32 staid=0 nsat=12 nsig=5 sync=0 iod=0 ncell=34
04:09:10.722 [main] DEBUG org.rtklib.java.rtcm.Rtcm -- MSM sig[0] sigid=2 sigstr=2I code=40 idx=0
04:09:10.722 [main] DEBUG org.rtklib.java.rtcm.Rtcm -- MSM sig[1] sigid=8 sigstr=6I code=42 idx=3
04:09:10.722 [main] DEBUG org.rtklib.java.rtcm.Rtcm -- MSM sig[2] sigid=14 sigstr=7I code=27 idx=1
04:09:10.722 [main] DEBUG org.rtklib.java.rtcm.Rtcm -- MSM sig[3] sigid=23 sigstr=5P code=58 idx=2
04:09:10.722 [main] DEBUG org.rtklib.java.rtcm.Rtcm -- MSM sig[4] sigid=31 sigstr=1P code=2 idx=4
04:09:10.722 [main] DEBUG org.rtklib.java.rtcm.Rtcm -- MSM after sigindex: sig[0] code=40 idx=0
04:09:10.722 [main] DEBUG org.rtklib.java.rtcm.Rtcm -- MSM after sigindex: sig[1] code=42 idx=3
04:09:10.722 [main] DEBUG org.rtklib.java.rtcm.Rtcm -- MSM after sigindex: sig[2] code=27 idx=1
04:09:10.722 [main] DEBUG org.rtklib.java.rtcm.Rtcm -- MSM after sigindex: sig[3] code=58 idx=2
04:09:10.722 [main] DEBUG org.rtklib.java.rtcm.Rtcm -- MSM after sigindex: sig[4] code=2 idx=4
04:09:10.722 [main] DEBUG org.rtklib.java.rtcm.Rtcm -- RTCM3 decoded message type=1042, length=70
04:09:10.722 [main] DEBUG org.rtklib.java.rtcm.Rtcm -- RTCM3 decoded message type=1005, length=25
04:09:10.722 [main] DEBUG org.rtklib.java.rtcm.Rtcm -- RTCM3 decoded message type=1033, length=27
04:09:10.722 [main] DEBUG org.rtklib.java.rtcm.Rtcm -- RTCM3 decoded message type=1124, length=266
04:09:10.722 [main] DEBUG org.rtklib.java.rtcm.Rtcm -- MSM BDS TOW: raw=62824000, tow=62838.0
04:09:10.722 [main] DEBUG org.rtklib.java.rtcm.Rtcm -- MSM BDS after adjweek: time.time=1780853238, time.sec=0.0
04:09:10.722 [main] DEBUG org.rtklib.java.rtcm.Rtcm -- decode_msm_head: sys=32 staid=0 nsat=12 nsig=5 sync=0 iod=0 ncell=34
04:09:10.722 [main] DEBUG org.rtklib.java.rtcm.Rtcm -- MSM sig[0] sigid=2 sigstr=2I code=40 idx=0
04:09:10.722 [main] DEBUG org.rtklib.java.rtcm.Rtcm -- MSM sig[1] sigid=8 sigstr=6I code=42 idx=3
04:09:10.722 [main] DEBUG org.rtklib.java.rtcm.Rtcm -- MSM sig[2] sigid=14 sigstr=7I code=27 idx=1
04:09:10.722 [main] DEBUG org.rtklib.java.rtcm.Rtcm -- MSM sig[3] sigid=23 sigstr=5P code=58 idx=2
04:09:10.722 [main] DEBUG org.rtklib.java.rtcm.Rtcm -- MSM sig[4] sigid=31 sigstr=1P code=2 idx=4
04:09:10.722 [main] DEBUG org.rtklib.java.rtcm.Rtcm -- MSM after sigindex: sig[0] code=40 idx=0
04:09:10.722 [main] DEBUG org.rtklib.java.rtcm.Rtcm -- MSM after sigindex: sig[1] code=42 idx=3
04:09:10.722 [main] DEBUG org.rtklib.java.rtcm.Rtcm -- MSM after sigindex: sig[2] code=27 idx=1
04:09:10.722 [main] DEBUG org.rtklib.java.rtcm.Rtcm -- MSM after sigindex: sig[3] code=58 idx=2
04:09:10.722 [main] DEBUG org.rtklib.java.rtcm.Rtcm -- MSM after sigindex: sig[4] code=2 idx=4
04:09:10.722 [main] DEBUG org.rtklib.java.rtcm.Rtcm -- RTCM3 decoded message type=1042, length=70
04:09:10.722 [main] DEBUG org.rtklib.java.rtcm.Rtcm -- RTCM3 decoded message type=1005, length=25
04:09:10.722 [main] DEBUG org.rtklib.java.rtcm.Rtcm -- RTCM3 decoded message type=1033, length=27
04:09:10.722 [main] DEBUG org.rtklib.java.rtcm.Rtcm -- RTCM3 decoded message type=1124, length=248
04:09:10.722 [main] DEBUG org.rtklib.java.rtcm.Rtcm -- MSM BDS TOW: raw=62839000, tow=62853.0
04:09:10.722 [main] DEBUG org.rtklib.java.rtcm.Rtcm -- MSM BDS after adjweek: time.time=1780853253, time.sec=0.0
04:09:10.722 [main] DEBUG org.rtklib.java.rtcm.Rtcm -- decode_msm_head: sys=32 staid=0 nsat=12 nsig=5 sync=1 iod=0 ncell=31
04:09:10.722 [main] DEBUG org.rtklib.java.rtcm.Rtcm -- MSM sig[0] sigid=2 sigstr=2I code=40 idx=0
04:09:10.722 [main] DEBUG org.rtklib.java.rtcm.Rtcm -- MSM sig[1] sigid=8 sigstr=6I code=42 idx=3
04:09:10.722 [main] DEBUG org.rtklib.java.rtcm.Rtcm -- MSM sig[2] sigid=14 sigstr=7I code=27 idx=1
04:09:10.722 [main] DEBUG org.rtklib.java.rtcm.Rtcm -- MSM sig[3] sigid=23 sigstr=5P code=58 idx=2
04:09:10.722 [main] DEBUG org.rtklib.java.rtcm.Rtcm -- MSM sig[4] sigid=31 sigstr=1P code=2 idx=4
04:09:10.722 [main] DEBUG org.rtklib.java.rtcm.Rtcm -- MSM after sigindex: sig[0] code=40 idx=0
04:09:10.722 [main] DEBUG org.rtklib.java.rtcm.Rtcm -- MSM after sigindex: sig[1] code=42 idx=3
04:09:10.722 [main] DEBUG org.rtklib.java.rtcm.Rtcm -- MSM after sigindex: sig[2] code=27 idx=1
04:09:10.722 [main] DEBUG org.rtklib.java.rtcm.Rtcm -- MSM after sigindex: sig[3] code=58 idx=2
04:09:10.722 [main] DEBUG org.rtklib.java.rtcm.Rtcm -- MSM after sigindex: sig[4] code=2 idx=4
04:09:10.722 [main] DEBUG org.rtklib.java.rtcm.Rtcm -- RTCM3 decoded message type=1124, length=54
04:09:10.722 [main] DEBUG org.rtklib.java.rtcm.Rtcm -- MSM BDS TOW: raw=62839000, tow=62853.0
04:09:10.722 [main] DEBUG org.rtklib.java.rtcm.Rtcm -- MSM BDS after adjweek: time.time=1780853253, time.sec=0.0
04:09:10.722 [main] DEBUG org.rtklib.java.rtcm.Rtcm -- decode_msm_head: sys=32 staid=0 nsat=1 nsig=4 sync=0 iod=0 ncell=4
04:09:10.722 [main] DEBUG org.rtklib.java.rtcm.Rtcm -- MSM sig[0] sigid=2 sigstr=2I code=40 idx=0
04:09:10.722 [main] DEBUG org.rtklib.java.rtcm.Rtcm -- MSM sig[1] sigid=8 sigstr=6I code=42 idx=3
04:09:10.722 [main] DEBUG org.rtklib.java.rtcm.Rtcm -- MSM sig[2] sigid=23 sigstr=5P code=58 idx=2
04:09:10.722 [main] DEBUG org.rtklib.java.rtcm.Rtcm -- MSM sig[3] sigid=31 sigstr=1P code=2 idx=4
04:09:10.722 [main] DEBUG org.rtklib.java.rtcm.Rtcm -- MSM after sigindex: sig[0] code=40 idx=0
04:09:10.722 [main] DEBUG org.rtklib.java.rtcm.Rtcm -- MSM after sigindex: sig[1] code=42 idx=3
04:09:10.722 [main] DEBUG org.rtklib.java.rtcm.Rtcm -- MSM after sigindex: sig[2] code=58 idx=2
04:09:10.722 [main] DEBUG org.rtklib.java.rtcm.Rtcm -- MSM after sigindex: sig[3] code=2 idx=4
04:09:10.722 [main] DEBUG org.rtklib.java.rtcm.Rtcm -- RTCM3 decoded message type=1042, length=70
04:09:10.722 [main] DEBUG org.rtklib.java.rtcm.Rtcm -- RTCM3 decoded message type=1005, length=25
04:09:10.722 [main] DEBUG org.rtklib.java.rtcm.Rtcm -- RTCM3 decoded message type=1033, length=27
04:09:10.722 [main] DEBUG org.rtklib.java.rtcm.Rtcm -- RTCM3 decoded message type=1124, length=248
04:09:10.722 [main] DEBUG org.rtklib.java.rtcm.Rtcm -- MSM BDS TOW: raw=62854000, tow=62868.0
04:09:10.722 [main] DEBUG org.rtklib.java.rtcm.Rtcm -- MSM BDS after adjweek: time.time=1780853268, time.sec=0.0
04:09:10.722 [main] DEBUG org.rtklib.java.rtcm.Rtcm -- decode_msm_head: sys=32 staid=0 nsat=12 nsig=5 sync=1 iod=0 ncell=31
04:09:10.722 [main] DEBUG org.rtklib.java.rtcm.Rtcm -- MSM sig[0] sigid=2 sigstr=2I code=40 idx=0
04:09:10.722 [main] DEBUG org.rtklib.java.rtcm.Rtcm -- MSM sig[1] sigid=8 sigstr=6I code=42 idx=3
04:09:10.722 [main] DEBUG org.rtklib.java.rtcm.Rtcm -- MSM sig[2] sigid=14 sigstr=7I code=27 idx=1
04:09:10.722 [main] DEBUG org.rtklib.java.rtcm.Rtcm -- MSM sig[3] sigid=23 sigstr=5P code=58 idx=2
04:09:10.722 [main] DEBUG org.rtklib.java.rtcm.Rtcm -- MSM sig[4] sigid=31 sigstr=1P code=2 idx=4
04:09:10.722 [main] DEBUG org.rtklib.java.rtcm.Rtcm -- MSM after sigindex: sig[0] code=40 idx=0
04:09:10.722 [main] DEBUG org.rtklib.java.rtcm.Rtcm -- MSM after sigindex: sig[1] code=42 idx=3
04:09:10.722 [main] DEBUG org.rtklib.java.rtcm.Rtcm -- MSM after sigindex: sig[2] code=27 idx=1
04:09:10.722 [main] DEBUG org.rtklib.java.rtcm.Rtcm -- MSM after sigindex: sig[3] code=58 idx=2
04:09:10.722 [main] DEBUG org.rtklib.java.rtcm.Rtcm -- MSM after sigindex: sig[4] code=2 idx=4
04:09:10.722 [main] DEBUG org.rtklib.java.rtcm.Rtcm -- RTCM3 decoded message type=1124, length=54
04:09:10.722 [main] DEBUG org.rtklib.java.rtcm.Rtcm -- MSM BDS TOW: raw=62854000, tow=62868.0
04:09:10.722 [main] DEBUG org.rtklib.java.rtcm.Rtcm -- MSM BDS after adjweek: time.time=1780853268, time.sec=0.0
04:09:10.722 [main] DEBUG org.rtklib.java.rtcm.Rtcm -- decode_msm_head: sys=32 staid=0 nsat=1 nsig=4 sync=0 iod=0 ncell=4
04:09:10.722 [main] DEBUG org.rtklib.java.rtcm.Rtcm -- MSM sig[0] sigid=2 sigstr=2I code=40 idx=0
04:09:10.722 [main] DEBUG org.rtklib.java.rtcm.Rtcm -- MSM sig[1] sigid=8 sigstr=6I code=42 idx=3
04:09:10.722 [main] DEBUG org.rtklib.java.rtcm.Rtcm -- MSM sig[2] sigid=23 sigstr=5P code=58 idx=2
04:09:10.722 [main] DEBUG org.rtklib.java.rtcm.Rtcm -- MSM sig[3] sigid=31 sigstr=1P code=2 idx=4
04:09:10.722 [main] DEBUG org.rtklib.java.rtcm.Rtcm -- MSM after sigindex: sig[0] code=40 idx=0
04:09:10.722 [main] DEBUG org.rtklib.java.rtcm.Rtcm -- MSM after sigindex: sig[1] code=42 idx=3
04:09:10.722 [main] DEBUG org.rtklib.java.rtcm.Rtcm -- MSM after sigindex: sig[2] code=58 idx=2
04:09:10.722 [main] DEBUG org.rtklib.java.rtcm.Rtcm -- MSM after sigindex: sig[3] code=2 idx=4
04:09:10.722 [main] DEBUG org.rtklib.java.rtcm.Rtcm -- RTCM3 decoded message type=1042, length=70
04:09:10.722 [main] DEBUG org.rtklib.java.rtcm.Rtcm -- RTCM3 decoded message type=1005, length=25
04:09:10.722 [main] DEBUG org.rtklib.java.rtcm.Rtcm -- RTCM3 decoded message type=1033, length=27
04:09:10.722 [main] DEBUG org.rtklib.java.rtcm.Rtcm -- RTCM3 decoded message type=1124, length=248
04:09:10.722 [main] DEBUG org.rtklib.java.rtcm.Rtcm -- MSM BDS TOW: raw=62869000, tow=62883.0
04:09:10.722 [main] DEBUG org.rtklib.java.rtcm.Rtcm -- MSM BDS after adjweek: time.time=1780853283, time.sec=0.0
04:09:10.722 [main] DEBUG org.rtklib.java.rtcm.Rtcm -- decode_msm_head: sys=32 staid=0 nsat=12 nsig=5 sync=1 iod=0 ncell=31
04:09:10.722 [main] DEBUG org.rtklib.java.rtcm.Rtcm -- MSM sig[0] sigid=2 sigstr=2I code=40 idx=0
04:09:10.722 [main] DEBUG org.rtklib.java.rtcm.Rtcm -- MSM sig[1] sigid=8 sigstr=6I code=42 idx=3
04:09:10.723 [main] DEBUG org.rtklib.java.rtcm.Rtcm -- MSM sig[2] sigid=14 sigstr=7I code=27 idx=1
04:09:10.723 [main] DEBUG org.rtklib.java.rtcm.Rtcm -- MSM sig[3] sigid=23 sigstr=5P code=58 idx=2
04:09:10.723 [main] DEBUG org.rtklib.java.rtcm.Rtcm -- MSM sig[4] sigid=31 sigstr=1P code=2 idx=4
04:09:10.723 [main] DEBUG org.rtklib.java.rtcm.Rtcm -- MSM after sigindex: sig[0] code=40 idx=0
04:09:10.723 [main] DEBUG org.rtklib.java.rtcm.Rtcm -- MSM after sigindex: sig[1] code=42 idx=3
04:09:10.723 [main] DEBUG org.rtklib.java.rtcm.Rtcm -- MSM after sigindex: sig[2] code=27 idx=1
04:09:10.723 [main] DEBUG org.rtklib.java.rtcm.Rtcm -- MSM after sigindex: sig[3] code=58 idx=2
04:09:10.723 [main] DEBUG org.rtklib.java.rtcm.Rtcm -- MSM after sigindex: sig[4] code=2 idx=4
04:09:10.723 [main] DEBUG org.rtklib.java.rtcm.Rtcm -- RTCM3 decoded message type=1124, length=54
04:09:10.723 [main] DEBUG org.rtklib.java.rtcm.Rtcm -- MSM BDS TOW: raw=62869000, tow=62883.0
04:09:10.723 [main] DEBUG org.rtklib.java.rtcm.Rtcm -- MSM BDS after adjweek: time.time=1780853283, time.sec=0.0
04:09:10.723 [main] DEBUG org.rtklib.java.rtcm.Rtcm -- decode_msm_head: sys=32 staid=0 nsat=1 nsig=4 sync=0 iod=0 ncell=4
04:09:10.723 [main] DEBUG org.rtklib.java.rtcm.Rtcm -- MSM sig[0] sigid=2 sigstr=2I code=40 idx=0
04:09:10.723 [main] DEBUG org.rtklib.java.rtcm.Rtcm -- MSM sig[1] sigid=8 sigstr=6I code=42 idx=3
04:09:10.723 [main] DEBUG org.rtklib.java.rtcm.Rtcm -- MSM sig[2] sigid=23 sigstr=5P code=58 idx=2
04:09:10.723 [main] DEBUG org.rtklib.java.rtcm.Rtcm -- MSM sig[3] sigid=31 sigstr=1P code=2 idx=4
04:09:10.723 [main] DEBUG org.rtklib.java.rtcm.Rtcm -- MSM after sigindex: sig[0] code=40 idx=0
04:09:10.723 [main] DEBUG org.rtklib.java.rtcm.Rtcm -- MSM after sigindex: sig[1] code=42 idx=3
04:09:10.723 [main] DEBUG org.rtklib.java.rtcm.Rtcm -- MSM after sigindex: sig[2] code=58 idx=2
04:09:10.723 [main] DEBUG org.rtklib.java.rtcm.Rtcm -- MSM after sigindex: sig[3] code=2 idx=4
04:09:10.723 [main] DEBUG org.rtklib.java.rtcm.Rtcm -- RTCM3 decoded message type=1042, length=70
04:09:10.723 [main] DEBUG org.rtklib.java.rtcm.Rtcm -- RTCM3 decoded message type=1005, length=25
04:09:10.723 [main] DEBUG org.rtklib.java.rtcm.Rtcm -- RTCM3 decoded message type=1033, length=27
04:09:10.723 [main] DEBUG org.rtklib.java.rtcm.Rtcm -- RTCM3 decoded message type=1124, length=248
04:09:10.723 [main] DEBUG org.rtklib.java.rtcm.Rtcm -- MSM BDS TOW: raw=62884000, tow=62898.0
04:09:10.723 [main] DEBUG org.rtklib.java.rtcm.Rtcm -- MSM BDS after adjweek: time.time=1780853298, time.sec=0.0
04:09:10.723 [main] DEBUG org.rtklib.java.rtcm.Rtcm -- decode_msm_head: sys=32 staid=0 nsat=12 nsig=5 sync=1 iod=0 ncell=31
04:09:10.723 [main] DEBUG org.rtklib.java.rtcm.Rtcm -- MSM sig[0] sigid=2 sigstr=2I code=40 idx=0
04:09:10.723 [main] DEBUG org.rtklib.java.rtcm.Rtcm -- MSM sig[1] sigid=8 sigstr=6I code=42 idx=3
04:09:10.723 [main] DEBUG org.rtklib.java.rtcm.Rtcm -- MSM sig[2] sigid=14 sigstr=7I code=27 idx=1
04:09:10.723 [main] DEBUG org.rtklib.java.rtcm.Rtcm -- MSM sig[3] sigid=23 sigstr=5P code=58 idx=2
04:09:10.723 [main] DEBUG org.rtklib.java.rtcm.Rtcm -- MSM sig[4] sigid=31 sigstr=1P code=2 idx=4
04:09:10.723 [main] DEBUG org.rtklib.java.rtcm.Rtcm -- MSM after sigindex: sig[0] code=40 idx=0
04:09:10.723 [main] DEBUG org.rtklib.java.rtcm.Rtcm -- MSM after sigindex: sig[1] code=42 idx=3
04:09:10.723 [main] DEBUG org.rtklib.java.rtcm.Rtcm -- MSM after sigindex: sig[2] code=27 idx=1
04:09:10.723 [main] DEBUG org.rtklib.java.rtcm.Rtcm -- MSM after sigindex: sig[3] code=58 idx=2
04:09:10.723 [main] DEBUG org.rtklib.java.rtcm.Rtcm -- MSM after sigindex: sig[4] code=2 idx=4
04:09:10.723 [main] DEBUG org.rtklib.java.rtcm.Rtcm -- RTCM3 decoded message type=1124, length=54
04:09:10.723 [main] DEBUG org.rtklib.java.rtcm.Rtcm -- MSM BDS TOW: raw=62884000, tow=62898.0
04:09:10.723 [main] DEBUG org.rtklib.java.rtcm.Rtcm -- MSM BDS after adjweek: time.time=1780853298, time.sec=0.0
04:09:10.723 [main] DEBUG org.rtklib.java.rtcm.Rtcm -- decode_msm_head: sys=32 staid=0 nsat=1 nsig=4 sync=0 iod=0 ncell=4
04:09:10.723 [main] DEBUG org.rtklib.java.rtcm.Rtcm -- MSM sig[0] sigid=2 sigstr=2I code=40 idx=0
04:09:10.723 [main] DEBUG org.rtklib.java.rtcm.Rtcm -- MSM sig[1] sigid=8 sigstr=6I code=42 idx=3
04:09:10.723 [main] DEBUG org.rtklib.java.rtcm.Rtcm -- MSM sig[2] sigid=23 sigstr=5P code=58 idx=2
04:09:10.723 [main] DEBUG org.rtklib.java.rtcm.Rtcm -- MSM sig[3] sigid=31 sigstr=1P code=2 idx=4
04:09:10.723 [main] DEBUG org.rtklib.java.rtcm.Rtcm -- MSM after sigindex: sig[0] code=40 idx=0
04:09:10.723 [main] DEBUG org.rtklib.java.rtcm.Rtcm -- MSM after sigindex: sig[1] code=42 idx=3
04:09:10.723 [main] DEBUG org.rtklib.java.rtcm.Rtcm -- MSM after sigindex: sig[2] code=58 idx=2
04:09:10.723 [main] DEBUG org.rtklib.java.rtcm.Rtcm -- MSM after sigindex: sig[3] code=2 idx=4
04:09:10.723 [main] DEBUG org.rtklib.java.rtcm.Rtcm -- RTCM3 decoded message type=1042, length=70
04:09:10.723 [main] DEBUG org.rtklib.java.rtcm.Rtcm -- RTCM3 decoded message type=1005, length=25
04:09:10.723 [main] DEBUG org.rtklib.java.rtcm.Rtcm -- RTCM3 decoded message type=1033, length=27
04:09:10.723 [main] DEBUG org.rtklib.java.rtcm.Rtcm -- RTCM3 decoded message type=1124, length=260
04:09:10.723 [main] DEBUG org.rtklib.java.rtcm.Rtcm -- MSM BDS TOW: raw=62899000, tow=62913.0
04:09:10.723 [main] DEBUG org.rtklib.java.rtcm.Rtcm -- MSM BDS after adjweek: time.time=1780853313, time.sec=0.0
04:09:10.723 [main] DEBUG org.rtklib.java.rtcm.Rtcm -- decode_msm_head: sys=32 staid=0 nsat=12 nsig=5 sync=1 iod=0 ncell=33
04:09:10.723 [main] DEBUG org.rtklib.java.rtcm.Rtcm -- MSM sig[0] sigid=2 sigstr=2I code=40 idx=0
04:09:10.723 [main] DEBUG org.rtklib.java.rtcm.Rtcm -- MSM sig[1] sigid=8 sigstr=6I code=42 idx=3
04:09:10.723 [main] DEBUG org.rtklib.java.rtcm.Rtcm -- MSM sig[2] sigid=14 sigstr=7I code=27 idx=1
04:09:10.723 [main] DEBUG org.rtklib.java.rtcm.Rtcm -- MSM sig[3] sigid=23 sigstr=5P code=58 idx=2
04:09:10.723 [main] DEBUG org.rtklib.java.rtcm.Rtcm -- MSM sig[4] sigid=31 sigstr=1P code=2 idx=4
04:09:10.723 [main] DEBUG org.rtklib.java.rtcm.Rtcm -- MSM after sigindex: sig[0] code=40 idx=0
04:09:10.723 [main] DEBUG org.rtklib.java.rtcm.Rtcm -- MSM after sigindex: sig[1] code=42 idx=3
04:09:10.723 [main] DEBUG org.rtklib.java.rtcm.Rtcm -- MSM after sigindex: sig[2] code=27 idx=1
04:09:10.723 [main] DEBUG org.rtklib.java.rtcm.Rtcm -- MSM after sigindex: sig[3] code=58 idx=2
04:09:10.723 [main] DEBUG org.rtklib.java.rtcm.Rtcm -- MSM after sigindex: sig[4] code=2 idx=4
04:09:10.723 [main] DEBUG org.rtklib.java.rtcm.Rtcm -- RTCM3 decoded message type=1124, length=54
04:09:10.723 [main] DEBUG org.rtklib.java.rtcm.Rtcm -- MSM BDS TOW: raw=62899000, tow=62913.0
04:09:10.723 [main] DEBUG org.rtklib.java.rtcm.Rtcm -- MSM BDS after adjweek: time.time=1780853313, time.sec=0.0
04:09:10.723 [main] DEBUG org.rtklib.java.rtcm.Rtcm -- decode_msm_head: sys=32 staid=0 nsat=1 nsig=4 sync=0 iod=0 ncell=4
04:09:10.723 [main] DEBUG org.rtklib.java.rtcm.Rtcm -- MSM sig[0] sigid=2 sigstr=2I code=40 idx=0
04:09:10.723 [main] DEBUG org.rtklib.java.rtcm.Rtcm -- MSM sig[1] sigid=8 sigstr=6I code=42 idx=3
04:09:10.723 [main] DEBUG org.rtklib.java.rtcm.Rtcm -- MSM sig[2] sigid=23 sigstr=5P code=58 idx=2
04:09:10.723 [main] DEBUG org.rtklib.java.rtcm.Rtcm -- MSM sig[3] sigid=31 sigstr=1P code=2 idx=4
04:09:10.723 [main] DEBUG org.rtklib.java.rtcm.Rtcm -- MSM after sigindex: sig[0] code=40 idx=0
04:09:10.723 [main] DEBUG org.rtklib.java.rtcm.Rtcm -- MSM after sigindex: sig[1] code=42 idx=3
04:09:10.723 [main] DEBUG org.rtklib.java.rtcm.Rtcm -- MSM after sigindex: sig[2] code=58 idx=2
04:09:10.723 [main] DEBUG org.rtklib.java.rtcm.Rtcm -- MSM after sigindex: sig[3] code=2 idx=4
04:09:10.723 [main] DEBUG org.rtklib.java.rtcm.Rtcm -- RTCM3 decoded message type=1042, length=70
04:09:10.723 [main] DEBUG org.rtklib.java.rtcm.Rtcm -- RTCM3 decoded message type=1005, length=25
04:09:10.723 [main] DEBUG org.rtklib.java.rtcm.Rtcm -- RTCM3 decoded message type=1033, length=27
04:09:10.723 [main] DEBUG org.rtklib.java.rtcm.Rtcm -- RTCM3 decoded message type=1124, length=260
04:09:10.723 [main] DEBUG org.rtklib.java.rtcm.Rtcm -- MSM BDS TOW: raw=62914000, tow=62928.0
04:09:10.723 [main] DEBUG org.rtklib.java.rtcm.Rtcm -- MSM BDS after adjweek: time.time=1780853328, time.sec=0.0
04:09:10.723 [main] DEBUG org.rtklib.java.rtcm.Rtcm -- decode_msm_head: sys=32 staid=0 nsat=12 nsig=5 sync=1 iod=0 ncell=33
04:09:10.723 [main] DEBUG org.rtklib.java.rtcm.Rtcm -- MSM sig[0] sigid=2 sigstr=2I code=40 idx=0
04:09:10.723 [main] DEBUG org.rtklib.java.rtcm.Rtcm -- MSM sig[1] sigid=8 sigstr=6I code=42 idx=3
04:09:10.723 [main] DEBUG org.rtklib.java.rtcm.Rtcm -- MSM sig[2] sigid=14 sigstr=7I code=27 idx=1
04:09:10.723 [main] DEBUG org.rtklib.java.rtcm.Rtcm -- MSM sig[3] sigid=23 sigstr=5P code=58 idx=2
04:09:10.723 [main] DEBUG org.rtklib.java.rtcm.Rtcm -- MSM sig[4] sigid=31 sigstr=1P code=2 idx=4
04:09:10.723 [main] DEBUG org.rtklib.java.rtcm.Rtcm -- MSM after sigindex: sig[0] code=40 idx=0
04:09:10.723 [main] DEBUG org.rtklib.java.rtcm.Rtcm -- MSM after sigindex: sig[1] code=42 idx=3
04:09:10.723 [main] DEBUG org.rtklib.java.rtcm.Rtcm -- MSM after sigindex: sig[2] code=27 idx=1
04:09:10.723 [main] DEBUG org.rtklib.java.rtcm.Rtcm -- MSM after sigindex: sig[3] code=58 idx=2
04:09:10.723 [main] DEBUG org.rtklib.java.rtcm.Rtcm -- MSM after sigindex: sig[4] code=2 idx=4
04:09:10.723 [main] DEBUG org.rtklib.java.rtcm.Rtcm -- RTCM3 decoded message type=1124, length=54
04:09:10.723 [main] DEBUG org.rtklib.java.rtcm.Rtcm -- MSM BDS TOW: raw=62914000, tow=62928.0
04:09:10.723 [main] DEBUG org.rtklib.java.rtcm.Rtcm -- MSM BDS after adjweek: time.time=1780853328, time.sec=0.0
04:09:10.723 [main] DEBUG org.rtklib.java.rtcm.Rtcm -- decode_msm_head: sys=32 staid=0 nsat=1 nsig=4 sync=0 iod=0 ncell=4
04:09:10.723 [main] DEBUG org.rtklib.java.rtcm.Rtcm -- MSM sig[0] sigid=2 sigstr=2I code=40 idx=0
04:09:10.723 [main] DEBUG org.rtklib.java.rtcm.Rtcm -- MSM sig[1] sigid=8 sigstr=6I code=42 idx=3
04:09:10.723 [main] DEBUG org.rtklib.java.rtcm.Rtcm -- MSM sig[2] sigid=23 sigstr=5P code=58 idx=2
04:09:10.723 [main] DEBUG org.rtklib.java.rtcm.Rtcm -- MSM sig[3] sigid=31 sigstr=1P code=2 idx=4
04:09:10.723 [main] DEBUG org.rtklib.java.rtcm.Rtcm -- MSM after sigindex: sig[0] code=40 idx=0
04:09:10.723 [main] DEBUG org.rtklib.java.rtcm.Rtcm -- MSM after sigindex: sig[1] code=42 idx=3
04:09:10.723 [main] DEBUG org.rtklib.java.rtcm.Rtcm -- MSM after sigindex: sig[2] code=58 idx=2
04:09:10.723 [main] DEBUG org.rtklib.java.rtcm.Rtcm -- MSM after sigindex: sig[3] code=2 idx=4
04:09:10.723 [main] DEBUG org.rtklib.java.rtcm.Rtcm -- RTCM3 decoded message type=1042, length=70
04:09:10.723 [main] DEBUG org.rtklib.java.rtcm.Rtcm -- RTCM3 decoded message type=1005, length=25
04:09:10.723 [main] DEBUG org.rtklib.java.rtcm.Rtcm -- RTCM3 decoded message type=1033, length=27
04:09:10.723 [main] DEBUG org.rtklib.java.rtcm.Rtcm -- RTCM3 decoded message type=1124, length=260
04:09:10.723 [main] DEBUG org.rtklib.java.rtcm.Rtcm -- MSM BDS TOW: raw=62929000, tow=62943.0
04:09:10.723 [main] DEBUG org.rtklib.java.rtcm.Rtcm -- MSM BDS after adjweek: time.time=1780853343, time.sec=0.0
04:09:10.723 [main] DEBUG org.rtklib.java.rtcm.Rtcm -- decode_msm_head: sys=32 staid=0 nsat=12 nsig=5 sync=1 iod=0 ncell=33
04:09:10.723 [main] DEBUG org.rtklib.java.rtcm.Rtcm -- MSM sig[0] sigid=2 sigstr=2I code=40 idx=0
04:09:10.723 [main] DEBUG org.rtklib.java.rtcm.Rtcm -- MSM sig[1] sigid=8 sigstr=6I code=42 idx=3
04:09:10.723 [main] DEBUG org.rtklib.java.rtcm.Rtcm -- MSM sig[2] sigid=14 sigstr=7I code=27 idx=1
04:09:10.723 [main] DEBUG org.rtklib.java.rtcm.Rtcm -- MSM sig[3] sigid=23 sigstr=5P code=58 idx=2
04:09:10.723 [main] DEBUG org.rtklib.java.rtcm.Rtcm -- MSM sig[4] sigid=31 sigstr=1P code=2 idx=4
04:09:10.723 [main] DEBUG org.rtklib.java.rtcm.Rtcm -- MSM after sigindex: sig[0] code=40 idx=0
04:09:10.723 [main] DEBUG org.rtklib.java.rtcm.Rtcm -- MSM after sigindex: sig[1] code=42 idx=3
04:09:10.723 [main] DEBUG org.rtklib.java.rtcm.Rtcm -- MSM after sigindex: sig[2] code=27 idx=1
04:09:10.723 [main] DEBUG org.rtklib.java.rtcm.Rtcm -- MSM after sigindex: sig[3] code=58 idx=2
04:09:10.723 [main] DEBUG org.rtklib.java.rtcm.Rtcm -- MSM after sigindex: sig[4] code=2 idx=4
04:09:10.723 [main] DEBUG org.rtklib.java.rtcm.Rtcm -- RTCM3 decoded message type=1124, length=54
04:09:10.723 [main] DEBUG org.rtklib.java.rtcm.Rtcm -- MSM BDS TOW: raw=62929000, tow=62943.0
04:09:10.723 [main] DEBUG org.rtklib.java.rtcm.Rtcm -- MSM BDS after adjweek: time.time=1780853343, time.sec=0.0
04:09:10.723 [main] DEBUG org.rtklib.java.rtcm.Rtcm -- decode_msm_head: sys=32 staid=0 nsat=1 nsig=4 sync=0 iod=0 ncell=4
04:09:10.723 [main] DEBUG org.rtklib.java.rtcm.Rtcm -- MSM sig[0] sigid=2 sigstr=2I code=40 idx=0
04:09:10.723 [main] DEBUG org.rtklib.java.rtcm.Rtcm -- MSM sig[1] sigid=8 sigstr=6I code=42 idx=3
04:09:10.723 [main] DEBUG org.rtklib.java.rtcm.Rtcm -- MSM sig[2] sigid=23 sigstr=5P code=58 idx=2
04:09:10.723 [main] DEBUG org.rtklib.java.rtcm.Rtcm -- MSM sig[3] sigid=31 sigstr=1P code=2 idx=4
04:09:10.723 [main] DEBUG org.rtklib.java.rtcm.Rtcm -- MSM after sigindex: sig[0] code=40 idx=0
04:09:10.723 [main] DEBUG org.rtklib.java.rtcm.Rtcm -- MSM after sigindex: sig[1] code=42 idx=3
04:09:10.723 [main] DEBUG org.rtklib.java.rtcm.Rtcm -- MSM after sigindex: sig[2] code=58 idx=2
04:09:10.723 [main] DEBUG org.rtklib.java.rtcm.Rtcm -- MSM after sigindex: sig[3] code=2 idx=4
04:09:10.723 [main] DEBUG org.rtklib.java.rtcm.Rtcm -- RTCM3 decoded message type=1042, length=70
04:09:10.723 [main] DEBUG org.rtklib.java.rtcm.Rtcm -- RTCM3 decoded message type=1005, length=25
04:09:10.723 [main] DEBUG org.rtklib.java.rtcm.Rtcm -- RTCM3 decoded message type=1033, length=27
04:09:10.723 [main] DEBUG org.rtklib.java.rtcm.Rtcm -- RTCM3 decoded message type=1124, length=260
04:09:10.724 [main] DEBUG org.rtklib.java.rtcm.Rtcm -- MSM BDS TOW: raw=62944000, tow=62958.0
04:09:10.724 [main] DEBUG org.rtklib.java.rtcm.Rtcm -- MSM BDS after adjweek: time.time=1780853358, time.sec=0.0
04:09:10.724 [main] DEBUG org.rtklib.java.rtcm.Rtcm -- decode_msm_head: sys=32 staid=0 nsat=12 nsig=5 sync=1 iod=0 ncell=33
04:09:10.724 [main] DEBUG org.rtklib.java.rtcm.Rtcm -- MSM sig[0] sigid=2 sigstr=2I code=40 idx=0
04:09:10.724 [main] DEBUG org.rtklib.java.rtcm.Rtcm -- MSM sig[1] sigid=8 sigstr=6I code=42 idx=3
04:09:10.724 [main] DEBUG org.rtklib.java.rtcm.Rtcm -- MSM sig[2] sigid=14 sigstr=7I code=27 idx=1
04:09:10.724 [main] DEBUG org.rtklib.java.rtcm.Rtcm -- MSM sig[3] sigid=23 sigstr=5P code=58 idx=2
04:09:10.724 [main] DEBUG org.rtklib.java.rtcm.Rtcm -- MSM sig[4] sigid=31 sigstr=1P code=2 idx=4
04:09:10.724 [main] DEBUG org.rtklib.java.rtcm.Rtcm -- MSM after sigindex: sig[0] code=40 idx=0
04:09:10.724 [main] DEBUG org.rtklib.java.rtcm.Rtcm -- MSM after sigindex: sig[1] code=42 idx=3
04:09:10.724 [main] DEBUG org.rtklib.java.rtcm.Rtcm -- MSM after sigindex: sig[2] code=27 idx=1
04:09:10.724 [main] DEBUG org.rtklib.java.rtcm.Rtcm -- MSM after sigindex: sig[3] code=58 idx=2
04:09:10.724 [main] DEBUG org.rtklib.java.rtcm.Rtcm -- MSM after sigindex: sig[4] code=2 idx=4
04:09:10.724 [main] DEBUG org.rtklib.java.rtcm.Rtcm -- RTCM3 decoded message type=1124, length=54
04:09:10.724 [main] DEBUG org.rtklib.java.rtcm.Rtcm -- MSM BDS TOW: raw=62944000, tow=62958.0
04:09:10.724 [main] DEBUG org.rtklib.java.rtcm.Rtcm -- MSM BDS after adjweek: time.time=1780853358, time.sec=0.0
04:09:10.724 [main] DEBUG org.rtklib.java.rtcm.Rtcm -- decode_msm_head: sys=32 staid=0 nsat=1 nsig=4 sync=0 iod=0 ncell=4
04:09:10.724 [main] DEBUG org.rtklib.java.rtcm.Rtcm -- MSM sig[0] sigid=2 sigstr=2I code=40 idx=0
04:09:10.724 [main] DEBUG org.rtklib.java.rtcm.Rtcm -- MSM sig[1] sigid=8 sigstr=6I code=42 idx=3
04:09:10.724 [main] DEBUG org.rtklib.java.rtcm.Rtcm -- MSM sig[2] sigid=23 sigstr=5P code=58 idx=2
04:09:10.724 [main] DEBUG org.rtklib.java.rtcm.Rtcm -- MSM sig[3] sigid=31 sigstr=1P code=2 idx=4
04:09:10.724 [main] DEBUG org.rtklib.java.rtcm.Rtcm -- MSM after sigindex: sig[0] code=40 idx=0
04:09:10.724 [main] DEBUG org.rtklib.java.rtcm.Rtcm -- MSM after sigindex: sig[1] code=42 idx=3
04:09:10.724 [main] DEBUG org.rtklib.java.rtcm.Rtcm -- MSM after sigindex: sig[2] code=58 idx=2
04:09:10.724 [main] DEBUG org.rtklib.java.rtcm.Rtcm -- MSM after sigindex: sig[3] code=2 idx=4
04:09:10.724 [main] DEBUG org.rtklib.java.rtcm.Rtcm -- RTCM3 decoded message type=1042, length=70
04:09:10.724 [main] DEBUG org.rtklib.java.rtcm.Rtcm -- RTCM3 decoded message type=1005, length=25
04:09:10.724 [main] DEBUG org.rtklib.java.rtcm.Rtcm -- RTCM3 decoded message type=1033, length=27
04:09:10.724 [main] DEBUG org.rtklib.java.rtcm.Rtcm -- RTCM3 decoded message type=1124, length=260
04:09:10.724 [main] DEBUG org.rtklib.java.rtcm.Rtcm -- MSM BDS TOW: raw=62959000, tow=62973.0
04:09:10.724 [main] DEBUG org.rtklib.java.rtcm.Rtcm -- MSM BDS after adjweek: time.time=1780853373, time.sec=0.0
04:09:10.724 [main] DEBUG org.rtklib.java.rtcm.Rtcm -- decode_msm_head: sys=32 staid=0 nsat=12 nsig=5 sync=1 iod=0 ncell=33
04:09:10.724 [main] DEBUG org.rtklib.java.rtcm.Rtcm -- MSM sig[0] sigid=2 sigstr=2I code=40 idx=0
04:09:10.724 [main] DEBUG org.rtklib.java.rtcm.Rtcm -- MSM sig[1] sigid=8 sigstr=6I code=42 idx=3
04:09:10.724 [main] DEBUG org.rtklib.java.rtcm.Rtcm -- MSM sig[2] sigid=14 sigstr=7I code=27 idx=1
04:09:10.724 [main] DEBUG org.rtklib.java.rtcm.Rtcm -- MSM sig[3] sigid=23 sigstr=5P code=58 idx=2
04:09:10.724 [main] DEBUG org.rtklib.java.rtcm.Rtcm -- MSM sig[4] sigid=31 sigstr=1P code=2 idx=4
04:09:10.724 [main] DEBUG org.rtklib.java.rtcm.Rtcm -- MSM after sigindex: sig[0] code=40 idx=0
04:09:10.724 [main] DEBUG org.rtklib.java.rtcm.Rtcm -- MSM after sigindex: sig[1] code=42 idx=3
04:09:10.724 [main] DEBUG org.rtklib.java.rtcm.Rtcm -- MSM after sigindex: sig[2] code=27 idx=1
04:09:10.724 [main] DEBUG org.rtklib.java.rtcm.Rtcm -- MSM after sigindex: sig[3] code=58 idx=2
04:09:10.724 [main] DEBUG org.rtklib.java.rtcm.Rtcm -- MSM after sigindex: sig[4] code=2 idx=4
04:09:10.724 [main] DEBUG org.rtklib.java.rtcm.Rtcm -- RTCM3 decoded message type=1124, length=54
04:09:10.724 [main] DEBUG org.rtklib.java.rtcm.Rtcm -- MSM BDS TOW: raw=62959000, tow=62973.0
04:09:10.724 [main] DEBUG org.rtklib.java.rtcm.Rtcm -- MSM BDS after adjweek: time.time=1780853373, time.sec=0.0
04:09:10.724 [main] DEBUG org.rtklib.java.rtcm.Rtcm -- decode_msm_head: sys=32 staid=0 nsat=1 nsig=4 sync=0 iod=0 ncell=4
04:09:10.724 [main] DEBUG org.rtklib.java.rtcm.Rtcm -- MSM sig[0] sigid=2 sigstr=2I code=40 idx=0
04:09:10.724 [main] DEBUG org.rtklib.java.rtcm.Rtcm -- MSM sig[1] sigid=8 sigstr=6I code=42 idx=3
04:09:10.724 [main] DEBUG org.rtklib.java.rtcm.Rtcm -- MSM sig[2] sigid=23 sigstr=5P code=58 idx=2
04:09:10.724 [main] DEBUG org.rtklib.java.rtcm.Rtcm -- MSM sig[3] sigid=31 sigstr=1P code=2 idx=4
04:09:10.724 [main] DEBUG org.rtklib.java.rtcm.Rtcm -- MSM after sigindex: sig[0] code=40 idx=0
04:09:10.724 [main] DEBUG org.rtklib.java.rtcm.Rtcm -- MSM after sigindex: sig[1] code=42 idx=3
04:09:10.724 [main] DEBUG org.rtklib.java.rtcm.Rtcm -- MSM after sigindex: sig[2] code=58 idx=2
04:09:10.724 [main] DEBUG org.rtklib.java.rtcm.Rtcm -- MSM after sigindex: sig[3] code=2 idx=4
04:09:10.724 [main] DEBUG org.rtklib.java.rtcm.Rtcm -- RTCM3 decoded message type=1042, length=70
04:09:10.724 [main] DEBUG org.rtklib.java.rtcm.Rtcm -- RTCM3 decoded message type=1005, length=25
04:09:10.724 [main] DEBUG org.rtklib.java.rtcm.Rtcm -- RTCM3 decoded message type=1033, length=27
04:09:10.724 [main] DEBUG org.rtklib.java.rtcm.Rtcm -- RTCM3 decoded message type=1124, length=254
04:09:10.724 [main] DEBUG org.rtklib.java.rtcm.Rtcm -- MSM BDS TOW: raw=62974000, tow=62988.0
04:09:10.724 [main] DEBUG org.rtklib.java.rtcm.Rtcm -- MSM BDS after adjweek: time.time=1780853388, time.sec=0.0
04:09:10.724 [main] DEBUG org.rtklib.java.rtcm.Rtcm -- decode_msm_head: sys=32 staid=0 nsat=12 nsig=5 sync=1 iod=0 ncell=32
04:09:10.724 [main] DEBUG org.rtklib.java.rtcm.Rtcm -- MSM sig[0] sigid=2 sigstr=2I code=40 idx=0
04:09:10.724 [main] DEBUG org.rtklib.java.rtcm.Rtcm -- MSM sig[1] sigid=8 sigstr=6I code=42 idx=3
04:09:10.724 [main] DEBUG org.rtklib.java.rtcm.Rtcm -- MSM sig[2] sigid=14 sigstr=7I code=27 idx=1
04:09:10.724 [main] DEBUG org.rtklib.java.rtcm.Rtcm -- MSM sig[3] sigid=23 sigstr=5P code=58 idx=2
04:09:10.724 [main] DEBUG org.rtklib.java.rtcm.Rtcm -- MSM sig[4] sigid=31 sigstr=1P code=2 idx=4
04:09:10.724 [main] DEBUG org.rtklib.java.rtcm.Rtcm -- MSM after sigindex: sig[0] code=40 idx=0
04:09:10.724 [main] DEBUG org.rtklib.java.rtcm.Rtcm -- MSM after sigindex: sig[1] code=42 idx=3
04:09:10.724 [main] DEBUG org.rtklib.java.rtcm.Rtcm -- MSM after sigindex: sig[2] code=27 idx=1
04:09:10.724 [main] DEBUG org.rtklib.java.rtcm.Rtcm -- MSM after sigindex: sig[3] code=58 idx=2
04:09:10.724 [main] DEBUG org.rtklib.java.rtcm.Rtcm -- MSM after sigindex: sig[4] code=2 idx=4
04:09:10.724 [main] DEBUG org.rtklib.java.rtcm.Rtcm -- RTCM3 decoded message type=1124, length=54
04:09:10.724 [main] DEBUG org.rtklib.java.rtcm.Rtcm -- MSM BDS TOW: raw=62974000, tow=62988.0
04:09:10.724 [main] DEBUG org.rtklib.java.rtcm.Rtcm -- MSM BDS after adjweek: time.time=1780853388, time.sec=0.0
04:09:10.724 [main] DEBUG org.rtklib.java.rtcm.Rtcm -- decode_msm_head: sys=32 staid=0 nsat=1 nsig=4 sync=0 iod=0 ncell=4
04:09:10.724 [main] DEBUG org.rtklib.java.rtcm.Rtcm -- MSM sig[0] sigid=2 sigstr=2I code=40 idx=0
04:09:10.724 [main] DEBUG org.rtklib.java.rtcm.Rtcm -- MSM sig[1] sigid=8 sigstr=6I code=42 idx=3
04:09:10.724 [main] DEBUG org.rtklib.java.rtcm.Rtcm -- MSM sig[2] sigid=23 sigstr=5P code=58 idx=2
04:09:10.724 [main] DEBUG org.rtklib.java.rtcm.Rtcm -- MSM sig[3] sigid=31 sigstr=1P code=2 idx=4
04:09:10.724 [main] DEBUG org.rtklib.java.rtcm.Rtcm -- MSM after sigindex: sig[0] code=40 idx=0
04:09:10.724 [main] DEBUG org.rtklib.java.rtcm.Rtcm -- MSM after sigindex: sig[1] code=42 idx=3
04:09:10.724 [main] DEBUG org.rtklib.java.rtcm.Rtcm -- MSM after sigindex: sig[2] code=58 idx=2
04:09:10.724 [main] DEBUG org.rtklib.java.rtcm.Rtcm -- MSM after sigindex: sig[3] code=2 idx=4
04:09:10.724 [main] DEBUG org.rtklib.java.rtcm.Rtcm -- RTCM3 decoded message type=1042, length=70
04:09:10.724 [main] DEBUG org.rtklib.java.rtcm.Rtcm -- RTCM3 decoded message type=1005, length=25
04:09:10.724 [main] DEBUG org.rtklib.java.rtcm.Rtcm -- RTCM3 decoded message type=1033, length=27
04:09:10.724 [main] DEBUG org.rtklib.java.rtcm.Rtcm -- RTCM3 decoded message type=1124, length=254
04:09:10.724 [main] DEBUG org.rtklib.java.rtcm.Rtcm -- MSM BDS TOW: raw=62989000, tow=63003.0
04:09:10.724 [main] DEBUG org.rtklib.java.rtcm.Rtcm -- MSM BDS after adjweek: time.time=1780853403, time.sec=0.0
04:09:10.724 [main] DEBUG org.rtklib.java.rtcm.Rtcm -- decode_msm_head: sys=32 staid=0 nsat=12 nsig=5 sync=1 iod=0 ncell=32
04:09:10.724 [main] DEBUG org.rtklib.java.rtcm.Rtcm -- MSM sig[0] sigid=2 sigstr=2I code=40 idx=0
04:09:10.724 [main] DEBUG org.rtklib.java.rtcm.Rtcm -- MSM sig[1] sigid=8 sigstr=6I code=42 idx=3
04:09:10.724 [main] DEBUG org.rtklib.java.rtcm.Rtcm -- MSM sig[2] sigid=14 sigstr=7I code=27 idx=1
04:09:10.724 [main] DEBUG org.rtklib.java.rtcm.Rtcm -- MSM sig[3] sigid=23 sigstr=5P code=58 idx=2
04:09:10.724 [main] DEBUG org.rtklib.java.rtcm.Rtcm -- MSM sig[4] sigid=31 sigstr=1P code=2 idx=4
04:09:10.724 [main] DEBUG org.rtklib.java.rtcm.Rtcm -- MSM after sigindex: sig[0] code=40 idx=0
04:09:10.724 [main] DEBUG org.rtklib.java.rtcm.Rtcm -- MSM after sigindex: sig[1] code=42 idx=3
04:09:10.724 [main] DEBUG org.rtklib.java.rtcm.Rtcm -- MSM after sigindex: sig[2] code=27 idx=1
04:09:10.724 [main] DEBUG org.rtklib.java.rtcm.Rtcm -- MSM after sigindex: sig[3] code=58 idx=2
04:09:10.724 [main] DEBUG org.rtklib.java.rtcm.Rtcm -- MSM after sigindex: sig[4] code=2 idx=4
04:09:10.724 [main] DEBUG org.rtklib.java.rtcm.Rtcm -- RTCM3 decoded message type=1124, length=54
04:09:10.724 [main] DEBUG org.rtklib.java.rtcm.Rtcm -- MSM BDS TOW: raw=62989000, tow=63003.0
04:09:10.724 [main] DEBUG org.rtklib.java.rtcm.Rtcm -- MSM BDS after adjweek: time.time=1780853403, time.sec=0.0
04:09:10.724 [main] DEBUG org.rtklib.java.rtcm.Rtcm -- decode_msm_head: sys=32 staid=0 nsat=1 nsig=4 sync=0 iod=0 ncell=4
04:09:10.724 [main] DEBUG org.rtklib.java.rtcm.Rtcm -- MSM sig[0] sigid=2 sigstr=2I code=40 idx=0
04:09:10.724 [main] DEBUG org.rtklib.java.rtcm.Rtcm -- MSM sig[1] sigid=8 sigstr=6I code=42 idx=3
04:09:10.724 [main] DEBUG org.rtklib.java.rtcm.Rtcm -- MSM sig[2] sigid=23 sigstr=5P code=58 idx=2
04:09:10.724 [main] DEBUG org.rtklib.java.rtcm.Rtcm -- MSM sig[3] sigid=31 sigstr=1P code=2 idx=4
04:09:10.724 [main] DEBUG org.rtklib.java.rtcm.Rtcm -- MSM after sigindex: sig[0] code=40 idx=0
04:09:10.724 [main] DEBUG org.rtklib.java.rtcm.Rtcm -- MSM after sigindex: sig[1] code=42 idx=3
04:09:10.724 [main] DEBUG org.rtklib.java.rtcm.Rtcm -- MSM after sigindex: sig[2] code=58 idx=2
04:09:10.724 [main] DEBUG org.rtklib.java.rtcm.Rtcm -- MSM after sigindex: sig[3] code=2 idx=4
04:09:10.724 [main] DEBUG org.rtklib.java.rtcm.Rtcm -- RTCM3 decoded message type=1042, length=70
04:09:10.724 [main] DEBUG org.rtklib.java.rtcm.Rtcm -- RTCM3 decoded message type=1005, length=25
04:09:10.724 [main] DEBUG org.rtklib.java.rtcm.Rtcm -- RTCM3 decoded message type=1033, length=27
04:09:10.724 [main] DEBUG org.rtklib.java.rtcm.Rtcm -- RTCM3 decoded message type=1124, length=236
04:09:10.724 [main] DEBUG org.rtklib.java.rtcm.Rtcm -- MSM BDS TOW: raw=63004000, tow=63018.0
04:09:10.724 [main] DEBUG org.rtklib.java.rtcm.Rtcm -- MSM BDS after adjweek: time.time=1780853418, time.sec=0.0
04:09:10.724 [main] DEBUG org.rtklib.java.rtcm.Rtcm -- decode_msm_head: sys=32 staid=0 nsat=12 nsig=5 sync=1 iod=0 ncell=29
04:09:10.724 [main] DEBUG org.rtklib.java.rtcm.Rtcm -- MSM sig[0] sigid=2 sigstr=2I code=40 idx=0
04:09:10.724 [main] DEBUG org.rtklib.java.rtcm.Rtcm -- MSM sig[1] sigid=8 sigstr=6I code=42 idx=3
04:09:10.724 [main] DEBUG org.rtklib.java.rtcm.Rtcm -- MSM sig[2] sigid=14 sigstr=7I code=27 idx=1
04:09:10.724 [main] DEBUG org.rtklib.java.rtcm.Rtcm -- MSM sig[3] sigid=23 sigstr=5P code=58 idx=2
04:09:10.724 [main] DEBUG org.rtklib.java.rtcm.Rtcm -- MSM sig[4] sigid=31 sigstr=1P code=2 idx=4
04:09:10.724 [main] DEBUG org.rtklib.java.rtcm.Rtcm -- MSM after sigindex: sig[0] code=40 idx=0
04:09:10.724 [main] DEBUG org.rtklib.java.rtcm.Rtcm -- MSM after sigindex: sig[1] code=42 idx=3
04:09:10.724 [main] DEBUG org.rtklib.java.rtcm.Rtcm -- MSM after sigindex: sig[2] code=27 idx=1
04:09:10.724 [main] DEBUG org.rtklib.java.rtcm.Rtcm -- MSM after sigindex: sig[3] code=58 idx=2
04:09:10.724 [main] DEBUG org.rtklib.java.rtcm.Rtcm -- MSM after sigindex: sig[4] code=2 idx=4
04:09:10.724 [main] DEBUG org.rtklib.java.rtcm.Rtcm -- RTCM3 decoded message type=1124, length=54
04:09:10.724 [main] DEBUG org.rtklib.java.rtcm.Rtcm -- MSM BDS TOW: raw=63004000, tow=63018.0
04:09:10.724 [main] DEBUG org.rtklib.java.rtcm.Rtcm -- MSM BDS after adjweek: time.time=1780853418, time.sec=0.0
04:09:10.724 [main] DEBUG org.rtklib.java.rtcm.Rtcm -- decode_msm_head: sys=32 staid=0 nsat=1 nsig=4 sync=0 iod=0 ncell=4
04:09:10.724 [main] DEBUG org.rtklib.java.rtcm.Rtcm -- MSM sig[0] sigid=2 sigstr=2I code=40 idx=0
04:09:10.724 [main] DEBUG org.rtklib.java.rtcm.Rtcm -- MSM sig[1] sigid=8 sigstr=6I code=42 idx=3
04:09:10.724 [main] DEBUG org.rtklib.java.rtcm.Rtcm -- MSM sig[2] sigid=23 sigstr=5P code=58 idx=2
04:09:10.724 [main] DEBUG org.rtklib.java.rtcm.Rtcm -- MSM sig[3] sigid=31 sigstr=1P code=2 idx=4
04:09:10.724 [main] DEBUG org.rtklib.java.rtcm.Rtcm -- MSM after sigindex: sig[0] code=40 idx=0
04:09:10.724 [main] DEBUG org.rtklib.java.rtcm.Rtcm -- MSM after sigindex: sig[1] code=42 idx=3
04:09:10.724 [main] DEBUG org.rtklib.java.rtcm.Rtcm -- MSM after sigindex: sig[2] code=58 idx=2
04:09:10.724 [main] DEBUG org.rtklib.java.rtcm.Rtcm -- MSM after sigindex: sig[3] code=2 idx=4
04:09:10.724 [main] DEBUG org.rtklib.java.rtcm.Rtcm -- RTCM3 decoded message type=1042, length=70
04:09:10.724 [main] DEBUG org.rtklib.java.rtcm.Rtcm -- RTCM3 decoded message type=1005, length=25
04:09:10.724 [main] DEBUG org.rtklib.java.rtcm.Rtcm -- RTCM3 decoded message type=1033, length=27
04:09:10.724 [main] DEBUG org.rtklib.java.rtcm.Rtcm -- RTCM3 decoded message type=1124, length=236
04:09:10.724 [main] DEBUG org.rtklib.java.rtcm.Rtcm -- MSM BDS TOW: raw=63019000, tow=63033.0
04:09:10.724 [main] DEBUG org.rtklib.java.rtcm.Rtcm -- MSM BDS after adjweek: time.time=1780853433, time.sec=0.0
04:09:10.724 [main] DEBUG org.rtklib.java.rtcm.Rtcm -- decode_msm_head: sys=32 staid=0 nsat=12 nsig=5 sync=1 iod=0 ncell=29
04:09:10.724 [main] DEBUG org.rtklib.java.rtcm.Rtcm -- MSM sig[0] sigid=2 sigstr=2I code=40 idx=0
04:09:10.724 [main] DEBUG org.rtklib.java.rtcm.Rtcm -- MSM sig[1] sigid=8 sigstr=6I code=42 idx=3
04:09:10.724 [main] DEBUG org.rtklib.java.rtcm.Rtcm -- MSM sig[2] sigid=14 sigstr=7I code=27 idx=1
04:09:10.724 [main] DEBUG org.rtklib.java.rtcm.Rtcm -- MSM sig[3] sigid=23 sigstr=5P code=58 idx=2
04:09:10.724 [main] DEBUG org.rtklib.java.rtcm.Rtcm -- MSM sig[4] sigid=31 sigstr=1P code=2 idx=4
04:09:10.724 [main] DEBUG org.rtklib.java.rtcm.Rtcm -- MSM after sigindex: sig[0] code=40 idx=0
04:09:10.724 [main] DEBUG org.rtklib.java.rtcm.Rtcm -- MSM after sigindex: sig[1] code=42 idx=3
04:09:10.724 [main] DEBUG org.rtklib.java.rtcm.Rtcm -- MSM after sigindex: sig[2] code=27 idx=1
04:09:10.724 [main] DEBUG org.rtklib.java.rtcm.Rtcm -- MSM after sigindex: sig[3] code=58 idx=2
04:09:10.724 [main] DEBUG org.rtklib.java.rtcm.Rtcm -- MSM after sigindex: sig[4] code=2 idx=4
04:09:10.724 [main] DEBUG org.rtklib.java.rtcm.Rtcm -- RTCM3 decoded message type=1124, length=54
04:09:10.725 [main] DEBUG org.rtklib.java.rtcm.Rtcm -- MSM BDS TOW: raw=63019000, tow=63033.0
04:09:10.725 [main] DEBUG org.rtklib.java.rtcm.Rtcm -- MSM BDS after adjweek: time.time=1780853433, time.sec=0.0
04:09:10.725 [main] DEBUG org.rtklib.java.rtcm.Rtcm -- decode_msm_head: sys=32 staid=0 nsat=1 nsig=4 sync=0 iod=0 ncell=4
04:09:10.725 [main] DEBUG org.rtklib.java.rtcm.Rtcm -- MSM sig[0] sigid=2 sigstr=2I code=40 idx=0
04:09:10.725 [main] DEBUG org.rtklib.java.rtcm.Rtcm -- MSM sig[1] sigid=8 sigstr=6I code=42 idx=3
04:09:10.725 [main] DEBUG org.rtklib.java.rtcm.Rtcm -- MSM sig[2] sigid=23 sigstr=5P code=58 idx=2
04:09:10.725 [main] DEBUG org.rtklib.java.rtcm.Rtcm -- MSM sig[3] sigid=31 sigstr=1P code=2 idx=4
04:09:10.725 [main] DEBUG org.rtklib.java.rtcm.Rtcm -- MSM after sigindex: sig[0] code=40 idx=0
04:09:10.725 [main] DEBUG org.rtklib.java.rtcm.Rtcm -- MSM after sigindex: sig[1] code=42 idx=3
04:09:10.725 [main] DEBUG org.rtklib.java.rtcm.Rtcm -- MSM after sigindex: sig[2] code=58 idx=2
04:09:10.725 [main] DEBUG org.rtklib.java.rtcm.Rtcm -- MSM after sigindex: sig[3] code=2 idx=4
04:09:10.725 [main] DEBUG org.rtklib.java.rtcm.Rtcm -- RTCM3 decoded message type=1042, length=70
04:09:10.725 [main] DEBUG org.rtklib.java.rtcm.Rtcm -- RTCM3 decoded message type=1005, length=25
04:09:10.725 [main] DEBUG org.rtklib.java.rtcm.Rtcm -- RTCM3 decoded message type=1033, length=27
04:09:10.725 [main] DEBUG org.rtklib.java.rtcm.Rtcm -- RTCM3 decoded message type=1124, length=254
04:09:10.725 [main] DEBUG org.rtklib.java.rtcm.Rtcm -- MSM BDS TOW: raw=63034000, tow=63048.0
04:09:10.725 [main] DEBUG org.rtklib.java.rtcm.Rtcm -- MSM BDS after adjweek: time.time=1780853448, time.sec=0.0
04:09:10.725 [main] DEBUG org.rtklib.java.rtcm.Rtcm -- decode_msm_head: sys=32 staid=0 nsat=12 nsig=5 sync=0 iod=0 ncell=32
04:09:10.725 [main] DEBUG org.rtklib.java.rtcm.Rtcm -- MSM sig[0] sigid=2 sigstr=2I code=40 idx=0
04:09:10.725 [main] DEBUG org.rtklib.java.rtcm.Rtcm -- MSM sig[1] sigid=8 sigstr=6I code=42 idx=3
04:09:10.725 [main] DEBUG org.rtklib.java.rtcm.Rtcm -- MSM sig[2] sigid=14 sigstr=7I code=27 idx=1
04:09:10.725 [main] DEBUG org.rtklib.java.rtcm.Rtcm -- MSM sig[3] sigid=23 sigstr=5P code=58 idx=2
04:09:10.725 [main] DEBUG org.rtklib.java.rtcm.Rtcm -- MSM sig[4] sigid=31 sigstr=1P code=2 idx=4
04:09:10.725 [main] DEBUG org.rtklib.java.rtcm.Rtcm -- MSM after sigindex: sig[0] code=40 idx=0
04:09:10.725 [main] DEBUG org.rtklib.java.rtcm.Rtcm -- MSM after sigindex: sig[1] code=42 idx=3
04:09:10.725 [main] DEBUG org.rtklib.java.rtcm.Rtcm -- MSM after sigindex: sig[2] code=27 idx=1
04:09:10.725 [main] DEBUG org.rtklib.java.rtcm.Rtcm -- MSM after sigindex: sig[3] code=58 idx=2
04:09:10.725 [main] DEBUG org.rtklib.java.rtcm.Rtcm -- MSM after sigindex: sig[4] code=2 idx=4
04:09:10.725 [main] DEBUG org.rtklib.java.rtcm.Rtcm -- RTCM3 decoded message type=1042, length=70
04:09:10.725 [main] DEBUG org.rtklib.java.rtcm.Rtcm -- RTCM3 decoded message type=1005, length=25
04:09:10.725 [main] DEBUG org.rtklib.java.rtcm.Rtcm -- RTCM3 decoded message type=1033, length=27
04:09:10.725 [main] DEBUG org.rtklib.java.rtcm.Rtcm -- RTCM3 decoded message type=1124, length=254
04:09:10.725 [main] DEBUG org.rtklib.java.rtcm.Rtcm -- MSM BDS TOW: raw=63049000, tow=63063.0
04:09:10.725 [main] DEBUG org.rtklib.java.rtcm.Rtcm -- MSM BDS after adjweek: time.time=1780853463, time.sec=0.0
04:09:10.725 [main] DEBUG org.rtklib.java.rtcm.Rtcm -- decode_msm_head: sys=32 staid=0 nsat=12 nsig=5 sync=0 iod=0 ncell=32
04:09:10.725 [main] DEBUG org.rtklib.java.rtcm.Rtcm -- MSM sig[0] sigid=2 sigstr=2I code=40 idx=0
04:09:10.725 [main] DEBUG org.rtklib.java.rtcm.Rtcm -- MSM sig[1] sigid=8 sigstr=6I code=42 idx=3
04:09:10.725 [main] DEBUG org.rtklib.java.rtcm.Rtcm -- MSM sig[2] sigid=14 sigstr=7I code=27 idx=1
04:09:10.725 [main] DEBUG org.rtklib.java.rtcm.Rtcm -- MSM sig[3] sigid=23 sigstr=5P code=58 idx=2
04:09:10.725 [main] DEBUG org.rtklib.java.rtcm.Rtcm -- MSM sig[4] sigid=31 sigstr=1P code=2 idx=4
04:09:10.725 [main] DEBUG org.rtklib.java.rtcm.Rtcm -- MSM after sigindex: sig[0] code=40 idx=0
04:09:10.725 [main] DEBUG org.rtklib.java.rtcm.Rtcm -- MSM after sigindex: sig[1] code=42 idx=3
04:09:10.725 [main] DEBUG org.rtklib.java.rtcm.Rtcm -- MSM after sigindex: sig[2] code=27 idx=1
04:09:10.725 [main] DEBUG org.rtklib.java.rtcm.Rtcm -- MSM after sigindex: sig[3] code=58 idx=2
04:09:10.725 [main] DEBUG org.rtklib.java.rtcm.Rtcm -- MSM after sigindex: sig[4] code=2 idx=4
04:09:10.725 [main] DEBUG org.rtklib.java.rtcm.Rtcm -- RTCM3 decoded message type=1042, length=70
04:09:10.725 [main] DEBUG org.rtklib.java.rtcm.Rtcm -- RTCM3 decoded message type=1005, length=25
04:09:10.725 [main] DEBUG org.rtklib.java.rtcm.Rtcm -- RTCM3 decoded message type=1033, length=27
04:09:10.725 [main] DEBUG org.rtklib.java.rtcm.Rtcm -- RTCM3 decoded message type=1124, length=254
04:09:10.725 [main] DEBUG org.rtklib.java.rtcm.Rtcm -- MSM BDS TOW: raw=63064000, tow=63078.0
04:09:10.725 [main] DEBUG org.rtklib.java.rtcm.Rtcm -- MSM BDS after adjweek: time.time=1780853478, time.sec=0.0
04:09:10.725 [main] DEBUG org.rtklib.java.rtcm.Rtcm -- decode_msm_head: sys=32 staid=0 nsat=12 nsig=5 sync=0 iod=0 ncell=32
04:09:10.725 [main] DEBUG org.rtklib.java.rtcm.Rtcm -- MSM sig[0] sigid=2 sigstr=2I code=40 idx=0
04:09:10.725 [main] DEBUG org.rtklib.java.rtcm.Rtcm -- MSM sig[1] sigid=8 sigstr=6I code=42 idx=3
04:09:10.725 [main] DEBUG org.rtklib.java.rtcm.Rtcm -- MSM sig[2] sigid=14 sigstr=7I code=27 idx=1
04:09:10.725 [main] DEBUG org.rtklib.java.rtcm.Rtcm -- MSM sig[3] sigid=23 sigstr=5P code=58 idx=2
04:09:10.725 [main] DEBUG org.rtklib.java.rtcm.Rtcm -- MSM sig[4] sigid=31 sigstr=1P code=2 idx=4
04:09:10.725 [main] DEBUG org.rtklib.java.rtcm.Rtcm -- MSM after sigindex: sig[0] code=40 idx=0
04:09:10.725 [main] DEBUG org.rtklib.java.rtcm.Rtcm -- MSM after sigindex: sig[1] code=42 idx=3
04:09:10.725 [main] DEBUG org.rtklib.java.rtcm.Rtcm -- MSM after sigindex: sig[2] code=27 idx=1
04:09:10.725 [main] DEBUG org.rtklib.java.rtcm.Rtcm -- MSM after sigindex: sig[3] code=58 idx=2
04:09:10.725 [main] DEBUG org.rtklib.java.rtcm.Rtcm -- MSM after sigindex: sig[4] code=2 idx=4
04:09:10.725 [main] DEBUG org.rtklib.java.rtcm.Rtcm -- RTCM3 decoded message type=1042, length=70
04:09:10.725 [main] DEBUG org.rtklib.java.rtcm.Rtcm -- RTCM3 decoded message type=1005, length=25
04:09:10.725 [main] DEBUG org.rtklib.java.rtcm.Rtcm -- RTCM3 decoded message type=1033, length=27
04:09:10.725 [main] DEBUG org.rtklib.java.rtcm.Rtcm -- RTCM3 decoded message type=1124, length=254
04:09:10.725 [main] DEBUG org.rtklib.java.rtcm.Rtcm -- MSM BDS TOW: raw=63079000, tow=63093.0
04:09:10.725 [main] DEBUG org.rtklib.java.rtcm.Rtcm -- MSM BDS after adjweek: time.time=1780853493, time.sec=0.0
04:09:10.725 [main] DEBUG org.rtklib.java.rtcm.Rtcm -- decode_msm_head: sys=32 staid=0 nsat=12 nsig=5 sync=0 iod=0 ncell=32
04:09:10.725 [main] DEBUG org.rtklib.java.rtcm.Rtcm -- MSM sig[0] sigid=2 sigstr=2I code=40 idx=0
04:09:10.725 [main] DEBUG org.rtklib.java.rtcm.Rtcm -- MSM sig[1] sigid=8 sigstr=6I code=42 idx=3
04:09:10.725 [main] DEBUG org.rtklib.java.rtcm.Rtcm -- MSM sig[2] sigid=14 sigstr=7I code=27 idx=1
04:09:10.725 [main] DEBUG org.rtklib.java.rtcm.Rtcm -- MSM sig[3] sigid=23 sigstr=5P code=58 idx=2
04:09:10.725 [main] DEBUG org.rtklib.java.rtcm.Rtcm -- MSM sig[4] sigid=31 sigstr=1P code=2 idx=4
04:09:10.725 [main] DEBUG org.rtklib.java.rtcm.Rtcm -- MSM after sigindex: sig[0] code=40 idx=0
04:09:10.725 [main] DEBUG org.rtklib.java.rtcm.Rtcm -- MSM after sigindex: sig[1] code=42 idx=3
04:09:10.725 [main] DEBUG org.rtklib.java.rtcm.Rtcm -- MSM after sigindex: sig[2] code=27 idx=1
04:09:10.725 [main] DEBUG org.rtklib.java.rtcm.Rtcm -- MSM after sigindex: sig[3] code=58 idx=2
04:09:10.725 [main] DEBUG org.rtklib.java.rtcm.Rtcm -- MSM after sigindex: sig[4] code=2 idx=4
04:09:10.726 [main] DEBUG org.rtklib.java.rtcm.Rtcm -- RTCM3 decoded message type=1042, length=70
04:09:10.726 [main] DEBUG org.rtklib.java.rtcm.Rtcm -- RTCM3 decoded message type=1005, length=25
04:09:10.726 [main] DEBUG org.rtklib.java.rtcm.Rtcm -- RTCM3 decoded message type=1033, length=27
04:09:10.726 [main] DEBUG org.rtklib.java.rtcm.Rtcm -- RTCM3 decoded message type=1124, length=254
04:09:10.726 [main] DEBUG org.rtklib.java.rtcm.Rtcm -- MSM BDS TOW: raw=63094000, tow=63108.0
04:09:10.726 [main] DEBUG org.rtklib.java.rtcm.Rtcm -- MSM BDS after adjweek: time.time=1780853508, time.sec=0.0
04:09:10.726 [main] DEBUG org.rtklib.java.rtcm.Rtcm -- decode_msm_head: sys=32 staid=0 nsat=12 nsig=5 sync=0 iod=0 ncell=32
04:09:10.726 [main] DEBUG org.rtklib.java.rtcm.Rtcm -- MSM sig[0] sigid=2 sigstr=2I code=40 idx=0
04:09:10.726 [main] DEBUG org.rtklib.java.rtcm.Rtcm -- MSM sig[1] sigid=8 sigstr=6I code=42 idx=3
04:09:10.726 [main] DEBUG org.rtklib.java.rtcm.Rtcm -- MSM sig[2] sigid=14 sigstr=7I code=27 idx=1
04:09:10.726 [main] DEBUG org.rtklib.java.rtcm.Rtcm -- MSM sig[3] sigid=23 sigstr=5P code=58 idx=2
04:09:10.726 [main] DEBUG org.rtklib.java.rtcm.Rtcm -- MSM sig[4] sigid=31 sigstr=1P code=2 idx=4
04:09:10.726 [main] DEBUG org.rtklib.java.rtcm.Rtcm -- MSM after sigindex: sig[0] code=40 idx=0
04:09:10.726 [main] DEBUG org.rtklib.java.rtcm.Rtcm -- MSM after sigindex: sig[1] code=42 idx=3
04:09:10.726 [main] DEBUG org.rtklib.java.rtcm.Rtcm -- MSM after sigindex: sig[2] code=27 idx=1
04:09:10.726 [main] DEBUG org.rtklib.java.rtcm.Rtcm -- MSM after sigindex: sig[3] code=58 idx=2
04:09:10.726 [main] DEBUG org.rtklib.java.rtcm.Rtcm -- MSM after sigindex: sig[4] code=2 idx=4
04:09:10.726 [main] DEBUG org.rtklib.java.rtcm.Rtcm -- RTCM3 decoded message type=1042, length=70
04:09:10.726 [main] DEBUG org.rtklib.java.rtcm.Rtcm -- RTCM3 decoded message type=1005, length=25
04:09:10.726 [main] DEBUG org.rtklib.java.rtcm.Rtcm -- RTCM3 decoded message type=1033, length=27
04:09:10.726 [main] DEBUG org.rtklib.java.rtcm.Rtcm -- RTCM3 decoded message type=1124, length=254
04:09:10.726 [main] DEBUG org.rtklib.java.rtcm.Rtcm -- MSM BDS TOW: raw=63109000, tow=63123.0
04:09:10.726 [main] DEBUG org.rtklib.java.rtcm.Rtcm -- MSM BDS after adjweek: time.time=1780853523, time.sec=0.0
04:09:10.726 [main] DEBUG org.rtklib.java.rtcm.Rtcm -- decode_msm_head: sys=32 staid=0 nsat=12 nsig=5 sync=0 iod=0 ncell=32
04:09:10.726 [main] DEBUG org.rtklib.java.rtcm.Rtcm -- MSM sig[0] sigid=2 sigstr=2I code=40 idx=0
04:09:10.726 [main] DEBUG org.rtklib.java.rtcm.Rtcm -- MSM sig[1] sigid=8 sigstr=6I code=42 idx=3
04:09:10.726 [main] DEBUG org.rtklib.java.rtcm.Rtcm -- MSM sig[2] sigid=14 sigstr=7I code=27 idx=1
04:09:10.726 [main] DEBUG org.rtklib.java.rtcm.Rtcm -- MSM sig[3] sigid=23 sigstr=5P code=58 idx=2
04:09:10.726 [main] DEBUG org.rtklib.java.rtcm.Rtcm -- MSM sig[4] sigid=31 sigstr=1P code=2 idx=4
04:09:10.726 [main] DEBUG org.rtklib.java.rtcm.Rtcm -- MSM after sigindex: sig[0] code=40 idx=0
04:09:10.726 [main] DEBUG org.rtklib.java.rtcm.Rtcm -- MSM after sigindex: sig[1] code=42 idx=3
04:09:10.726 [main] DEBUG org.rtklib.java.rtcm.Rtcm -- MSM after sigindex: sig[2] code=27 idx=1
04:09:10.726 [main] DEBUG org.rtklib.java.rtcm.Rtcm -- MSM after sigindex: sig[3] code=58 idx=2
04:09:10.726 [main] DEBUG org.rtklib.java.rtcm.Rtcm -- MSM after sigindex: sig[4] code=2 idx=4
04:09:10.726 [main] DEBUG org.rtklib.java.rtcm.Rtcm -- RTCM3 decoded message type=1042, length=70
04:09:10.726 [main] DEBUG org.rtklib.java.rtcm.Rtcm -- RTCM3 decoded message type=1005, length=25
04:09:10.726 [main] DEBUG org.rtklib.java.rtcm.Rtcm -- RTCM3 decoded message type=1033, length=27
04:09:10.726 [main] DEBUG org.rtklib.java.rtcm.Rtcm -- RTCM3 decoded message type=1124, length=260
04:09:10.726 [main] DEBUG org.rtklib.java.rtcm.Rtcm -- MSM BDS TOW: raw=63124000, tow=63138.0
04:09:10.726 [main] DEBUG org.rtklib.java.rtcm.Rtcm -- MSM BDS after adjweek: time.time=1780853538, time.sec=0.0
04:09:10.726 [main] DEBUG org.rtklib.java.rtcm.Rtcm -- decode_msm_head: sys=32 staid=0 nsat=12 nsig=5 sync=0 iod=0 ncell=33
04:09:10.726 [main] DEBUG org.rtklib.java.rtcm.Rtcm -- MSM sig[0] sigid=2 sigstr=2I code=40 idx=0
04:09:10.726 [main] DEBUG org.rtklib.java.rtcm.Rtcm -- MSM sig[1] sigid=8 sigstr=6I code=42 idx=3
04:09:10.726 [main] DEBUG org.rtklib.java.rtcm.Rtcm -- MSM sig[2] sigid=14 sigstr=7I code=27 idx=1
04:09:10.726 [main] DEBUG org.rtklib.java.rtcm.Rtcm -- MSM sig[3] sigid=23 sigstr=5P code=58 idx=2
04:09:10.726 [main] DEBUG org.rtklib.java.rtcm.Rtcm -- MSM sig[4] sigid=31 sigstr=1P code=2 idx=4
04:09:10.726 [main] DEBUG org.rtklib.java.rtcm.Rtcm -- MSM after sigindex: sig[0] code=40 idx=0
04:09:10.726 [main] DEBUG org.rtklib.java.rtcm.Rtcm -- MSM after sigindex: sig[1] code=42 idx=3
04:09:10.726 [main] DEBUG org.rtklib.java.rtcm.Rtcm -- MSM after sigindex: sig[2] code=27 idx=1
04:09:10.726 [main] DEBUG org.rtklib.java.rtcm.Rtcm -- MSM after sigindex: sig[3] code=58 idx=2
04:09:10.726 [main] DEBUG org.rtklib.java.rtcm.Rtcm -- MSM after sigindex: sig[4] code=2 idx=4
04:09:10.726 [main] DEBUG org.rtklib.java.rtcm.Rtcm -- RTCM3 decoded message type=1042, length=70
04:09:10.726 [main] DEBUG org.rtklib.java.rtcm.Rtcm -- RTCM3 decoded message type=1005, length=25
04:09:10.726 [main] DEBUG org.rtklib.java.rtcm.Rtcm -- RTCM3 decoded message type=1033, length=27
04:09:10.726 [main] DEBUG org.rtklib.java.rtcm.Rtcm -- RTCM3 decoded message type=1124, length=260
04:09:10.726 [main] DEBUG org.rtklib.java.rtcm.Rtcm -- MSM BDS TOW: raw=63139000, tow=63153.0
04:09:10.726 [main] DEBUG org.rtklib.java.rtcm.Rtcm -- MSM BDS after adjweek: time.time=1780853553, time.sec=0.0
04:09:10.726 [main] DEBUG org.rtklib.java.rtcm.Rtcm -- decode_msm_head: sys=32 staid=0 nsat=12 nsig=5 sync=0 iod=0 ncell=33
04:09:10.726 [main] DEBUG org.rtklib.java.rtcm.Rtcm -- MSM sig[0] sigid=2 sigstr=2I code=40 idx=0
04:09:10.726 [main] DEBUG org.rtklib.java.rtcm.Rtcm -- MSM sig[1] sigid=8 sigstr=6I code=42 idx=3
04:09:10.726 [main] DEBUG org.rtklib.java.rtcm.Rtcm -- MSM sig[2] sigid=14 sigstr=7I code=27 idx=1
04:09:10.726 [main] DEBUG org.rtklib.java.rtcm.Rtcm -- MSM sig[3] sigid=23 sigstr=5P code=58 idx=2
04:09:10.726 [main] DEBUG org.rtklib.java.rtcm.Rtcm -- MSM sig[4] sigid=31 sigstr=1P code=2 idx=4
04:09:10.726 [main] DEBUG org.rtklib.java.rtcm.Rtcm -- MSM after sigindex: sig[0] code=40 idx=0
04:09:10.726 [main] DEBUG org.rtklib.java.rtcm.Rtcm -- MSM after sigindex: sig[1] code=42 idx=3
04:09:10.726 [main] DEBUG org.rtklib.java.rtcm.Rtcm -- MSM after sigindex: sig[2] code=27 idx=1
04:09:10.726 [main] DEBUG org.rtklib.java.rtcm.Rtcm -- MSM after sigindex: sig[3] code=58 idx=2
04:09:10.726 [main] DEBUG org.rtklib.java.rtcm.Rtcm -- MSM after sigindex: sig[4] code=2 idx=4
04:09:10.726 [main] DEBUG org.rtklib.java.rtcm.Rtcm -- RTCM3 decoded message type=1042, length=70
04:09:10.726 [main] DEBUG org.rtklib.java.rtcm.Rtcm -- RTCM3 decoded message type=1005, length=25
04:09:10.726 [main] DEBUG org.rtklib.java.rtcm.Rtcm -- RTCM3 decoded message type=1033, length=27
04:09:10.726 [main] DEBUG org.rtklib.java.rtcm.Rtcm -- RTCM3 decoded message type=1124, length=260
04:09:10.726 [main] DEBUG org.rtklib.java.rtcm.Rtcm -- MSM BDS TOW: raw=63154000, tow=63168.0
04:09:10.726 [main] DEBUG org.rtklib.java.rtcm.Rtcm -- MSM BDS after adjweek: time.time=1780853568, time.sec=0.0
04:09:10.726 [main] DEBUG org.rtklib.java.rtcm.Rtcm -- decode_msm_head: sys=32 staid=0 nsat=12 nsig=5 sync=0 iod=0 ncell=33
04:09:10.726 [main] DEBUG org.rtklib.java.rtcm.Rtcm -- MSM sig[0] sigid=2 sigstr=2I code=40 idx=0
04:09:10.726 [main] DEBUG org.rtklib.java.rtcm.Rtcm -- MSM sig[1] sigid=8 sigstr=6I code=42 idx=3
04:09:10.726 [main] DEBUG org.rtklib.java.rtcm.Rtcm -- MSM sig[2] sigid=14 sigstr=7I code=27 idx=1
04:09:10.726 [main] DEBUG org.rtklib.java.rtcm.Rtcm -- MSM sig[3] sigid=23 sigstr=5P code=58 idx=2
04:09:10.726 [main] DEBUG org.rtklib.java.rtcm.Rtcm -- MSM sig[4] sigid=31 sigstr=1P code=2 idx=4
04:09:10.726 [main] DEBUG org.rtklib.java.rtcm.Rtcm -- MSM after sigindex: sig[0] code=40 idx=0
04:09:10.726 [main] DEBUG org.rtklib.java.rtcm.Rtcm -- MSM after sigindex: sig[1] code=42 idx=3
04:09:10.726 [main] DEBUG org.rtklib.java.rtcm.Rtcm -- MSM after sigindex: sig[2] code=27 idx=1
04:09:10.726 [main] DEBUG org.rtklib.java.rtcm.Rtcm -- MSM after sigindex: sig[3] code=58 idx=2
04:09:10.726 [main] DEBUG org.rtklib.java.rtcm.Rtcm -- MSM after sigindex: sig[4] code=2 idx=4
04:09:10.726 [main] DEBUG org.rtklib.java.rtcm.Rtcm -- RTCM3 decoded message type=1042, length=70
04:09:10.726 [main] DEBUG org.rtklib.java.rtcm.Rtcm -- RTCM3 decoded message type=1005, length=25
04:09:10.726 [main] DEBUG org.rtklib.java.rtcm.Rtcm -- RTCM3 decoded message type=1033, length=27
04:09:10.726 [main] DEBUG org.rtklib.java.rtcm.Rtcm -- RTCM3 decoded message type=1124, length=266
04:09:10.726 [main] DEBUG org.rtklib.java.rtcm.Rtcm -- MSM BDS TOW: raw=63169000, tow=63183.0
04:09:10.726 [main] DEBUG org.rtklib.java.rtcm.Rtcm -- MSM BDS after adjweek: time.time=1780853583, time.sec=0.0
04:09:10.726 [main] DEBUG org.rtklib.java.rtcm.Rtcm -- decode_msm_head: sys=32 staid=0 nsat=12 nsig=5 sync=0 iod=0 ncell=34
04:09:10.726 [main] DEBUG org.rtklib.java.rtcm.Rtcm -- MSM sig[0] sigid=2 sigstr=2I code=40 idx=0
04:09:10.726 [main] DEBUG org.rtklib.java.rtcm.Rtcm -- MSM sig[1] sigid=8 sigstr=6I code=42 idx=3
04:09:10.726 [main] DEBUG org.rtklib.java.rtcm.Rtcm -- MSM sig[2] sigid=14 sigstr=7I code=27 idx=1
04:09:10.726 [main] DEBUG org.rtklib.java.rtcm.Rtcm -- MSM sig[3] sigid=23 sigstr=5P code=58 idx=2
04:09:10.726 [main] DEBUG org.rtklib.java.rtcm.Rtcm -- MSM sig[4] sigid=31 sigstr=1P code=2 idx=4
04:09:10.726 [main] DEBUG org.rtklib.java.rtcm.Rtcm -- MSM after sigindex: sig[0] code=40 idx=0
04:09:10.726 [main] DEBUG org.rtklib.java.rtcm.Rtcm -- MSM after sigindex: sig[1] code=42 idx=3
04:09:10.726 [main] DEBUG org.rtklib.java.rtcm.Rtcm -- MSM after sigindex: sig[2] code=27 idx=1
04:09:10.726 [main] DEBUG org.rtklib.java.rtcm.Rtcm -- MSM after sigindex: sig[3] code=58 idx=2
04:09:10.726 [main] DEBUG org.rtklib.java.rtcm.Rtcm -- MSM after sigindex: sig[4] code=2 idx=4
04:09:10.726 [main] DEBUG org.rtklib.java.rtcm.Rtcm -- RTCM3 decoded message type=1042, length=70
04:09:10.726 [main] DEBUG org.rtklib.java.rtcm.Rtcm -- RTCM3 decoded message type=1005, length=25
04:09:10.726 [main] DEBUG org.rtklib.java.rtcm.Rtcm -- RTCM3 decoded message type=1033, length=27
04:09:10.726 [main] DEBUG org.rtklib.java.rtcm.Rtcm -- RTCM3 decoded message type=1124, length=254
04:09:10.726 [main] DEBUG org.rtklib.java.rtcm.Rtcm -- MSM BDS TOW: raw=63184000, tow=63198.0
04:09:10.726 [main] DEBUG org.rtklib.java.rtcm.Rtcm -- MSM BDS after adjweek: time.time=1780853598, time.sec=0.0
04:09:10.726 [main] DEBUG org.rtklib.java.rtcm.Rtcm -- decode_msm_head: sys=32 staid=0 nsat=12 nsig=5 sync=1 iod=0 ncell=32
04:09:10.726 [main] DEBUG org.rtklib.java.rtcm.Rtcm -- MSM sig[0] sigid=2 sigstr=2I code=40 idx=0
04:09:10.726 [main] DEBUG org.rtklib.java.rtcm.Rtcm -- MSM sig[1] sigid=8 sigstr=6I code=42 idx=3
04:09:10.726 [main] DEBUG org.rtklib.java.rtcm.Rtcm -- MSM sig[2] sigid=14 sigstr=7I code=27 idx=1
04:09:10.726 [main] DEBUG org.rtklib.java.rtcm.Rtcm -- MSM sig[3] sigid=23 sigstr=5P code=58 idx=2
04:09:10.726 [main] DEBUG org.rtklib.java.rtcm.Rtcm -- MSM sig[4] sigid=31 sigstr=1P code=2 idx=4
04:09:10.726 [main] DEBUG org.rtklib.java.rtcm.Rtcm -- MSM after sigindex: sig[0] code=40 idx=0
04:09:10.726 [main] DEBUG org.rtklib.java.rtcm.Rtcm -- MSM after sigindex: sig[1] code=42 idx=3
04:09:10.727 [main] DEBUG org.rtklib.java.rtcm.Rtcm -- MSM after sigindex: sig[2] code=27 idx=1
04:09:10.727 [main] DEBUG org.rtklib.java.rtcm.Rtcm -- MSM after sigindex: sig[3] code=58 idx=2
04:09:10.727 [main] DEBUG org.rtklib.java.rtcm.Rtcm -- MSM after sigindex: sig[4] code=2 idx=4
04:09:10.727 [main] DEBUG org.rtklib.java.rtcm.Rtcm -- RTCM3 decoded message type=1124, length=54
04:09:10.727 [main] DEBUG org.rtklib.java.rtcm.Rtcm -- MSM BDS TOW: raw=63184000, tow=63198.0
04:09:10.727 [main] DEBUG org.rtklib.java.rtcm.Rtcm -- MSM BDS after adjweek: time.time=1780853598, time.sec=0.0
04:09:10.727 [main] DEBUG org.rtklib.java.rtcm.Rtcm -- decode_msm_head: sys=32 staid=0 nsat=1 nsig=4 sync=0 iod=0 ncell=4
04:09:10.727 [main] DEBUG org.rtklib.java.rtcm.Rtcm -- MSM sig[0] sigid=2 sigstr=2I code=40 idx=0
04:09:10.727 [main] DEBUG org.rtklib.java.rtcm.Rtcm -- MSM sig[1] sigid=8 sigstr=6I code=42 idx=3
04:09:10.727 [main] DEBUG org.rtklib.java.rtcm.Rtcm -- MSM sig[2] sigid=23 sigstr=5P code=58 idx=2
04:09:10.727 [main] DEBUG org.rtklib.java.rtcm.Rtcm -- MSM sig[3] sigid=31 sigstr=1P code=2 idx=4
04:09:10.727 [main] DEBUG org.rtklib.java.rtcm.Rtcm -- MSM after sigindex: sig[0] code=40 idx=0
04:09:10.727 [main] DEBUG org.rtklib.java.rtcm.Rtcm -- MSM after sigindex: sig[1] code=42 idx=3
04:09:10.727 [main] DEBUG org.rtklib.java.rtcm.Rtcm -- MSM after sigindex: sig[2] code=58 idx=2
04:09:10.727 [main] DEBUG org.rtklib.java.rtcm.Rtcm -- MSM after sigindex: sig[3] code=2 idx=4
04:09:10.727 [main] DEBUG org.rtklib.java.rtcm.Rtcm -- RTCM3 decoded message type=1042, length=70
04:09:10.727 [main] DEBUG org.rtklib.java.rtcm.Rtcm -- RTCM3 decoded message type=1005, length=25
04:09:10.727 [main] DEBUG org.rtklib.java.rtcm.Rtcm -- RTCM3 decoded message type=1033, length=27
04:09:10.727 [main] DEBUG org.rtklib.java.rtcm.Rtcm -- RTCM3 decoded message type=1124, length=242
04:09:10.727 [main] DEBUG org.rtklib.java.rtcm.Rtcm -- MSM BDS TOW: raw=63199000, tow=63213.0
04:09:10.727 [main] DEBUG org.rtklib.java.rtcm.Rtcm -- MSM BDS after adjweek: time.time=1780853613, time.sec=0.0
04:09:10.727 [main] DEBUG org.rtklib.java.rtcm.Rtcm -- decode_msm_head: sys=32 staid=0 nsat=12 nsig=5 sync=1 iod=0 ncell=30
04:09:10.727 [main] DEBUG org.rtklib.java.rtcm.Rtcm -- MSM sig[0] sigid=2 sigstr=2I code=40 idx=0
04:09:10.727 [main] DEBUG org.rtklib.java.rtcm.Rtcm -- MSM sig[1] sigid=8 sigstr=6I code=42 idx=3
04:09:10.727 [main] DEBUG org.rtklib.java.rtcm.Rtcm -- MSM sig[2] sigid=14 sigstr=7I code=27 idx=1
04:09:10.727 [main] DEBUG org.rtklib.java.rtcm.Rtcm -- MSM sig[3] sigid=23 sigstr=5P code=58 idx=2
04:09:10.727 [main] DEBUG org.rtklib.java.rtcm.Rtcm -- MSM sig[4] sigid=31 sigstr=1P code=2 idx=4
04:09:10.727 [main] DEBUG org.rtklib.java.rtcm.Rtcm -- MSM after sigindex: sig[0] code=40 idx=0
04:09:10.727 [main] DEBUG org.rtklib.java.rtcm.Rtcm -- MSM after sigindex: sig[1] code=42 idx=3
04:09:10.727 [main] DEBUG org.rtklib.java.rtcm.Rtcm -- MSM after sigindex: sig[2] code=27 idx=1
04:09:10.727 [main] DEBUG org.rtklib.java.rtcm.Rtcm -- MSM after sigindex: sig[3] code=58 idx=2
04:09:10.727 [main] DEBUG org.rtklib.java.rtcm.Rtcm -- MSM after sigindex: sig[4] code=2 idx=4
04:09:10.727 [main] DEBUG org.rtklib.java.rtcm.Rtcm -- RTCM3 decoded message type=1124, length=54
04:09:10.727 [main] DEBUG org.rtklib.java.rtcm.Rtcm -- MSM BDS TOW: raw=63199000, tow=63213.0
04:09:10.727 [main] DEBUG org.rtklib.java.rtcm.Rtcm -- MSM BDS after adjweek: time.time=1780853613, time.sec=0.0
04:09:10.727 [main] DEBUG org.rtklib.java.rtcm.Rtcm -- decode_msm_head: sys=32 staid=0 nsat=1 nsig=4 sync=0 iod=0 ncell=4
04:09:10.727 [main] DEBUG org.rtklib.java.rtcm.Rtcm -- MSM sig[0] sigid=2 sigstr=2I code=40 idx=0
04:09:10.727 [main] DEBUG org.rtklib.java.rtcm.Rtcm -- MSM sig[1] sigid=8 sigstr=6I code=42 idx=3
04:09:10.727 [main] DEBUG org.rtklib.java.rtcm.Rtcm -- MSM sig[2] sigid=23 sigstr=5P code=58 idx=2
04:09:10.727 [main] DEBUG org.rtklib.java.rtcm.Rtcm -- MSM sig[3] sigid=31 sigstr=1P code=2 idx=4
04:09:10.727 [main] DEBUG org.rtklib.java.rtcm.Rtcm -- MSM after sigindex: sig[0] code=40 idx=0
04:09:10.727 [main] DEBUG org.rtklib.java.rtcm.Rtcm -- MSM after sigindex: sig[1] code=42 idx=3
04:09:10.727 [main] DEBUG org.rtklib.java.rtcm.Rtcm -- MSM after sigindex: sig[2] code=58 idx=2
04:09:10.727 [main] DEBUG org.rtklib.java.rtcm.Rtcm -- MSM after sigindex: sig[3] code=2 idx=4
04:09:10.727 [main] DEBUG org.rtklib.java.rtcm.Rtcm -- RTCM3 decoded message type=1042, length=70
04:09:10.727 [main] DEBUG org.rtklib.java.rtcm.Rtcm -- RTCM3 decoded message type=1005, length=25
04:09:10.727 [main] DEBUG org.rtklib.java.rtcm.Rtcm -- RTCM3 decoded message type=1033, length=27
04:09:10.727 [main] DEBUG org.rtklib.java.rtcm.Rtcm -- RTCM3 decoded message type=1124, length=251
04:09:10.727 [main] DEBUG org.rtklib.java.rtcm.Rtcm -- MSM BDS TOW: raw=63214000, tow=63228.0
04:09:10.727 [main] DEBUG org.rtklib.java.rtcm.Rtcm -- MSM BDS after adjweek: time.time=1780853628, time.sec=0.0
04:09:10.727 [main] DEBUG org.rtklib.java.rtcm.Rtcm -- decode_msm_head: sys=32 staid=0 nsat=11 nsig=5 sync=0 iod=0 ncell=32
04:09:10.727 [main] DEBUG org.rtklib.java.rtcm.Rtcm -- MSM sig[0] sigid=2 sigstr=2I code=40 idx=0
04:09:10.727 [main] DEBUG org.rtklib.java.rtcm.Rtcm -- MSM sig[1] sigid=8 sigstr=6I code=42 idx=3
04:09:10.727 [main] DEBUG org.rtklib.java.rtcm.Rtcm -- MSM sig[2] sigid=14 sigstr=7I code=27 idx=1
04:09:10.727 [main] DEBUG org.rtklib.java.rtcm.Rtcm -- MSM sig[3] sigid=23 sigstr=5P code=58 idx=2
04:09:10.727 [main] DEBUG org.rtklib.java.rtcm.Rtcm -- MSM sig[4] sigid=31 sigstr=1P code=2 idx=4
04:09:10.727 [main] DEBUG org.rtklib.java.rtcm.Rtcm -- MSM after sigindex: sig[0] code=40 idx=0
04:09:10.727 [main] DEBUG org.rtklib.java.rtcm.Rtcm -- MSM after sigindex: sig[1] code=42 idx=3
04:09:10.727 [main] DEBUG org.rtklib.java.rtcm.Rtcm -- MSM after sigindex: sig[2] code=27 idx=1
04:09:10.727 [main] DEBUG org.rtklib.java.rtcm.Rtcm -- MSM after sigindex: sig[3] code=58 idx=2
04:09:10.727 [main] DEBUG org.rtklib.java.rtcm.Rtcm -- MSM after sigindex: sig[4] code=2 idx=4
04:09:10.727 [main] DEBUG org.rtklib.java.rtcm.Rtcm -- RTCM3 decoded message type=1042, length=70
04:09:10.727 [main] DEBUG org.rtklib.java.rtcm.Rtcm -- RTCM3 decoded message type=1005, length=25
04:09:10.727 [main] DEBUG org.rtklib.java.rtcm.Rtcm -- RTCM3 decoded message type=1033, length=27
04:09:10.727 [main] DEBUG org.rtklib.java.rtcm.Rtcm -- RTCM3 decoded message type=1124, length=251
04:09:10.727 [main] DEBUG org.rtklib.java.rtcm.Rtcm -- MSM BDS TOW: raw=63229000, tow=63243.0
04:09:10.727 [main] DEBUG org.rtklib.java.rtcm.Rtcm -- MSM BDS after adjweek: time.time=1780853643, time.sec=0.0
04:09:10.727 [main] DEBUG org.rtklib.java.rtcm.Rtcm -- decode_msm_head: sys=32 staid=0 nsat=11 nsig=5 sync=0 iod=0 ncell=32
04:09:10.727 [main] DEBUG org.rtklib.java.rtcm.Rtcm -- MSM sig[0] sigid=2 sigstr=2I code=40 idx=0
04:09:10.727 [main] DEBUG org.rtklib.java.rtcm.Rtcm -- MSM sig[1] sigid=8 sigstr=6I code=42 idx=3
04:09:10.727 [main] DEBUG org.rtklib.java.rtcm.Rtcm -- MSM sig[2] sigid=14 sigstr=7I code=27 idx=1
04:09:10.727 [main] DEBUG org.rtklib.java.rtcm.Rtcm -- MSM sig[3] sigid=23 sigstr=5P code=58 idx=2
04:09:10.727 [main] DEBUG org.rtklib.java.rtcm.Rtcm -- MSM sig[4] sigid=31 sigstr=1P code=2 idx=4
04:09:10.727 [main] DEBUG org.rtklib.java.rtcm.Rtcm -- MSM after sigindex: sig[0] code=40 idx=0
04:09:10.727 [main] DEBUG org.rtklib.java.rtcm.Rtcm -- MSM after sigindex: sig[1] code=42 idx=3
04:09:10.727 [main] DEBUG org.rtklib.java.rtcm.Rtcm -- MSM after sigindex: sig[2] code=27 idx=1
04:09:10.727 [main] DEBUG org.rtklib.java.rtcm.Rtcm -- MSM after sigindex: sig[3] code=58 idx=2
04:09:10.727 [main] DEBUG org.rtklib.java.rtcm.Rtcm -- MSM after sigindex: sig[4] code=2 idx=4
04:09:10.727 [main] DEBUG org.rtklib.java.rtcm.Rtcm -- RTCM3 decoded message type=1042, length=70
04:09:10.727 [main] DEBUG org.rtklib.java.rtcm.Rtcm -- RTCM3 decoded message type=1005, length=25
04:09:10.727 [main] DEBUG org.rtklib.java.rtcm.Rtcm -- RTCM3 decoded message type=1033, length=27
04:09:10.727 [main] DEBUG org.rtklib.java.rtcm.Rtcm -- RTCM3 decoded message type=1124, length=251
04:09:10.727 [main] DEBUG org.rtklib.java.rtcm.Rtcm -- MSM BDS TOW: raw=63244000, tow=63258.0
04:09:10.727 [main] DEBUG org.rtklib.java.rtcm.Rtcm -- MSM BDS after adjweek: time.time=1780853658, time.sec=0.0
04:09:10.727 [main] DEBUG org.rtklib.java.rtcm.Rtcm -- decode_msm_head: sys=32 staid=0 nsat=11 nsig=5 sync=0 iod=0 ncell=32
04:09:10.727 [main] DEBUG org.rtklib.java.rtcm.Rtcm -- MSM sig[0] sigid=2 sigstr=2I code=40 idx=0
04:09:10.727 [main] DEBUG org.rtklib.java.rtcm.Rtcm -- MSM sig[1] sigid=8 sigstr=6I code=42 idx=3
04:09:10.727 [main] DEBUG org.rtklib.java.rtcm.Rtcm -- MSM sig[2] sigid=14 sigstr=7I code=27 idx=1
04:09:10.727 [main] DEBUG org.rtklib.java.rtcm.Rtcm -- MSM sig[3] sigid=23 sigstr=5P code=58 idx=2
04:09:10.727 [main] DEBUG org.rtklib.java.rtcm.Rtcm -- MSM sig[4] sigid=31 sigstr=1P code=2 idx=4
04:09:10.727 [main] DEBUG org.rtklib.java.rtcm.Rtcm -- MSM after sigindex: sig[0] code=40 idx=0
04:09:10.727 [main] DEBUG org.rtklib.java.rtcm.Rtcm -- MSM after sigindex: sig[1] code=42 idx=3
04:09:10.727 [main] DEBUG org.rtklib.java.rtcm.Rtcm -- MSM after sigindex: sig[2] code=27 idx=1
04:09:10.727 [main] DEBUG org.rtklib.java.rtcm.Rtcm -- MSM after sigindex: sig[3] code=58 idx=2
04:09:10.727 [main] DEBUG org.rtklib.java.rtcm.Rtcm -- MSM after sigindex: sig[4] code=2 idx=4
04:09:10.727 [main] DEBUG org.rtklib.java.rtcm.Rtcm -- RTCM3 decoded message type=1042, length=70
04:09:10.727 [main] DEBUG org.rtklib.java.rtcm.Rtcm -- RTCM3 decoded message type=1005, length=25
04:09:10.727 [main] DEBUG org.rtklib.java.rtcm.Rtcm -- RTCM3 decoded message type=1033, length=27
04:09:10.727 [main] DEBUG org.rtklib.java.rtcm.Rtcm -- RTCM3 decoded message type=1124, length=251
04:09:10.727 [main] DEBUG org.rtklib.java.rtcm.Rtcm -- MSM BDS TOW: raw=63259000, tow=63273.0
04:09:10.727 [main] DEBUG org.rtklib.java.rtcm.Rtcm -- MSM BDS after adjweek: time.time=1780853673, time.sec=0.0
04:09:10.727 [main] DEBUG org.rtklib.java.rtcm.Rtcm -- decode_msm_head: sys=32 staid=0 nsat=11 nsig=5 sync=0 iod=0 ncell=32
04:09:10.727 [main] DEBUG org.rtklib.java.rtcm.Rtcm -- MSM sig[0] sigid=2 sigstr=2I code=40 idx=0
04:09:10.727 [main] DEBUG org.rtklib.java.rtcm.Rtcm -- MSM sig[1] sigid=8 sigstr=6I code=42 idx=3
04:09:10.727 [main] DEBUG org.rtklib.java.rtcm.Rtcm -- MSM sig[2] sigid=14 sigstr=7I code=27 idx=1
04:09:10.727 [main] DEBUG org.rtklib.java.rtcm.Rtcm -- MSM sig[3] sigid=23 sigstr=5P code=58 idx=2
04:09:10.727 [main] DEBUG org.rtklib.java.rtcm.Rtcm -- MSM sig[4] sigid=31 sigstr=1P code=2 idx=4
04:09:10.727 [main] DEBUG org.rtklib.java.rtcm.Rtcm -- MSM after sigindex: sig[0] code=40 idx=0
04:09:10.727 [main] DEBUG org.rtklib.java.rtcm.Rtcm -- MSM after sigindex: sig[1] code=42 idx=3
04:09:10.727 [main] DEBUG org.rtklib.java.rtcm.Rtcm -- MSM after sigindex: sig[2] code=27 idx=1
04:09:10.727 [main] DEBUG org.rtklib.java.rtcm.Rtcm -- MSM after sigindex: sig[3] code=58 idx=2
04:09:10.727 [main] DEBUG org.rtklib.java.rtcm.Rtcm -- MSM after sigindex: sig[4] code=2 idx=4
04:09:10.727 [main] DEBUG org.rtklib.java.rtcm.Rtcm -- RTCM3 decoded message type=1042, length=70
04:09:10.727 [main] DEBUG org.rtklib.java.rtcm.Rtcm -- RTCM3 decoded message type=1005, length=25
04:09:10.727 [main] DEBUG org.rtklib.java.rtcm.Rtcm -- RTCM3 decoded message type=1033, length=27
04:09:10.727 [main] DEBUG org.rtklib.java.rtcm.Rtcm -- RTCM3 decoded message type=1124, length=254
04:09:10.727 [main] DEBUG org.rtklib.java.rtcm.Rtcm -- MSM BDS TOW: raw=63274000, tow=63288.0
04:09:10.727 [main] DEBUG org.rtklib.java.rtcm.Rtcm -- MSM BDS after adjweek: time.time=1780853688, time.sec=0.0
04:09:10.727 [main] DEBUG org.rtklib.java.rtcm.Rtcm -- decode_msm_head: sys=32 staid=0 nsat=12 nsig=5 sync=0 iod=0 ncell=32
04:09:10.727 [main] DEBUG org.rtklib.java.rtcm.Rtcm -- MSM sig[0] sigid=2 sigstr=2I code=40 idx=0
04:09:10.727 [main] DEBUG org.rtklib.java.rtcm.Rtcm -- MSM sig[1] sigid=8 sigstr=6I code=42 idx=3
04:09:10.727 [main] DEBUG org.rtklib.java.rtcm.Rtcm -- MSM sig[2] sigid=14 sigstr=7I code=27 idx=1
04:09:10.727 [main] DEBUG org.rtklib.java.rtcm.Rtcm -- MSM sig[3] sigid=23 sigstr=5P code=58 idx=2
04:09:10.727 [main] DEBUG org.rtklib.java.rtcm.Rtcm -- MSM sig[4] sigid=31 sigstr=1P code=2 idx=4
04:09:10.727 [main] DEBUG org.rtklib.java.rtcm.Rtcm -- MSM after sigindex: sig[0] code=40 idx=0
04:09:10.727 [main] DEBUG org.rtklib.java.rtcm.Rtcm -- MSM after sigindex: sig[1] code=42 idx=3
04:09:10.727 [main] DEBUG org.rtklib.java.rtcm.Rtcm -- MSM after sigindex: sig[2] code=27 idx=1
04:09:10.727 [main] DEBUG org.rtklib.java.rtcm.Rtcm -- MSM after sigindex: sig[3] code=58 idx=2
04:09:10.727 [main] DEBUG org.rtklib.java.rtcm.Rtcm -- MSM after sigindex: sig[4] code=2 idx=4
04:09:10.727 [main] DEBUG org.rtklib.java.rtcm.Rtcm -- RTCM3 decoded message type=1042, length=70
04:09:10.727 [main] DEBUG org.rtklib.java.rtcm.Rtcm -- RTCM3 decoded message type=1005, length=25
04:09:10.727 [main] DEBUG org.rtklib.java.rtcm.Rtcm -- RTCM3 decoded message type=1033, length=27
04:09:10.727 [main] DEBUG org.rtklib.java.rtcm.Rtcm -- RTCM3 decoded message type=1124, length=254
04:09:10.727 [main] DEBUG org.rtklib.java.rtcm.Rtcm -- MSM BDS TOW: raw=63289000, tow=63303.0
04:09:10.727 [main] DEBUG org.rtklib.java.rtcm.Rtcm -- MSM BDS after adjweek: time.time=1780853703, time.sec=0.0
04:09:10.727 [main] DEBUG org.rtklib.java.rtcm.Rtcm -- decode_msm_head: sys=32 staid=0 nsat=12 nsig=5 sync=0 iod=0 ncell=32
04:09:10.728 [main] DEBUG org.rtklib.java.rtcm.Rtcm -- MSM sig[0] sigid=2 sigstr=2I code=40 idx=0
04:09:10.728 [main] DEBUG org.rtklib.java.rtcm.Rtcm -- MSM sig[1] sigid=8 sigstr=6I code=42 idx=3
04:09:10.728 [main] DEBUG org.rtklib.java.rtcm.Rtcm -- MSM sig[2] sigid=14 sigstr=7I code=27 idx=1
04:09:10.728 [main] DEBUG org.rtklib.java.rtcm.Rtcm -- MSM sig[3] sigid=23 sigstr=5P code=58 idx=2
04:09:10.728 [main] DEBUG org.rtklib.java.rtcm.Rtcm -- MSM sig[4] sigid=31 sigstr=1P code=2 idx=4
04:09:10.728 [main] DEBUG org.rtklib.java.rtcm.Rtcm -- MSM after sigindex: sig[0] code=40 idx=0
04:09:10.728 [main] DEBUG org.rtklib.java.rtcm.Rtcm -- MSM after sigindex: sig[1] code=42 idx=3
04:09:10.728 [main] DEBUG org.rtklib.java.rtcm.Rtcm -- MSM after sigindex: sig[2] code=27 idx=1
04:09:10.728 [main] DEBUG org.rtklib.java.rtcm.Rtcm -- MSM after sigindex: sig[3] code=58 idx=2
04:09:10.728 [main] DEBUG org.rtklib.java.rtcm.Rtcm -- MSM after sigindex: sig[4] code=2 idx=4
04:09:10.728 [main] DEBUG org.rtklib.java.rtcm.Rtcm -- RTCM3 decoded message type=1042, length=70
04:09:10.728 [main] DEBUG org.rtklib.java.rtcm.Rtcm -- RTCM3 decoded message type=1005, length=25
04:09:10.728 [main] DEBUG org.rtklib.java.rtcm.Rtcm -- RTCM3 decoded message type=1033, length=27
04:09:10.728 [main] DEBUG org.rtklib.java.rtcm.Rtcm -- RTCM3 decoded message type=1124, length=254
04:09:10.728 [main] DEBUG org.rtklib.java.rtcm.Rtcm -- MSM BDS TOW: raw=63304000, tow=63318.0
04:09:10.728 [main] DEBUG org.rtklib.java.rtcm.Rtcm -- MSM BDS after adjweek: time.time=1780853718, time.sec=0.0
04:09:10.728 [main] DEBUG org.rtklib.java.rtcm.Rtcm -- decode_msm_head: sys=32 staid=0 nsat=12 nsig=5 sync=0 iod=0 ncell=32
04:09:10.728 [main] DEBUG org.rtklib.java.rtcm.Rtcm -- MSM sig[0] sigid=2 sigstr=2I code=40 idx=0
04:09:10.728 [main] DEBUG org.rtklib.java.rtcm.Rtcm -- MSM sig[1] sigid=8 sigstr=6I code=42 idx=3
04:09:10.728 [main] DEBUG org.rtklib.java.rtcm.Rtcm -- MSM sig[2] sigid=14 sigstr=7I code=27 idx=1
04:09:10.728 [main] DEBUG org.rtklib.java.rtcm.Rtcm -- MSM sig[3] sigid=23 sigstr=5P code=58 idx=2
04:09:10.728 [main] DEBUG org.rtklib.java.rtcm.Rtcm -- MSM sig[4] sigid=31 sigstr=1P code=2 idx=4
04:09:10.728 [main] DEBUG org.rtklib.java.rtcm.Rtcm -- MSM after sigindex: sig[0] code=40 idx=0
04:09:10.728 [main] DEBUG org.rtklib.java.rtcm.Rtcm -- MSM after sigindex: sig[1] code=42 idx=3
04:09:10.728 [main] DEBUG org.rtklib.java.rtcm.Rtcm -- MSM after sigindex: sig[2] code=27 idx=1
04:09:10.728 [main] DEBUG org.rtklib.java.rtcm.Rtcm -- MSM after sigindex: sig[3] code=58 idx=2
04:09:10.728 [main] DEBUG org.rtklib.java.rtcm.Rtcm -- MSM after sigindex: sig[4] code=2 idx=4
04:09:10.728 [main] DEBUG org.rtklib.java.rtcm.Rtcm -- RTCM3 decoded message type=1042, length=70
04:09:10.728 [main] DEBUG org.rtklib.java.rtcm.Rtcm -- RTCM3 decoded message type=1005, length=25
04:09:10.728 [main] DEBUG org.rtklib.java.rtcm.Rtcm -- RTCM3 decoded message type=1033, length=27
04:09:10.728 [main] DEBUG org.rtklib.java.rtcm.Rtcm -- RTCM3 decoded message type=1124, length=254
04:09:10.728 [main] DEBUG org.rtklib.java.rtcm.Rtcm -- MSM BDS TOW: raw=63319000, tow=63333.0
04:09:10.728 [main] DEBUG org.rtklib.java.rtcm.Rtcm -- MSM BDS after adjweek: time.time=1780853733, time.sec=0.0
04:09:10.728 [main] DEBUG org.rtklib.java.rtcm.Rtcm -- decode_msm_head: sys=32 staid=0 nsat=12 nsig=5 sync=0 iod=0 ncell=32
04:09:10.728 [main] DEBUG org.rtklib.java.rtcm.Rtcm -- MSM sig[0] sigid=2 sigstr=2I code=40 idx=0
04:09:10.728 [main] DEBUG org.rtklib.java.rtcm.Rtcm -- MSM sig[1] sigid=8 sigstr=6I code=42 idx=3
04:09:10.728 [main] DEBUG org.rtklib.java.rtcm.Rtcm -- MSM sig[2] sigid=14 sigstr=7I code=27 idx=1
04:09:10.728 [main] DEBUG org.rtklib.java.rtcm.Rtcm -- MSM sig[3] sigid=23 sigstr=5P code=58 idx=2
04:09:10.728 [main] DEBUG org.rtklib.java.rtcm.Rtcm -- MSM sig[4] sigid=31 sigstr=1P code=2 idx=4
04:09:10.728 [main] DEBUG org.rtklib.java.rtcm.Rtcm -- MSM after sigindex: sig[0] code=40 idx=0
04:09:10.728 [main] DEBUG org.rtklib.java.rtcm.Rtcm -- MSM after sigindex: sig[1] code=42 idx=3
04:09:10.728 [main] DEBUG org.rtklib.java.rtcm.Rtcm -- MSM after sigindex: sig[2] code=27 idx=1
04:09:10.728 [main] DEBUG org.rtklib.java.rtcm.Rtcm -- MSM after sigindex: sig[3] code=58 idx=2
04:09:10.728 [main] DEBUG org.rtklib.java.rtcm.Rtcm -- MSM after sigindex: sig[4] code=2 idx=4
04:09:10.728 [main] DEBUG org.rtklib.java.rtcm.Rtcm -- RTCM3 decoded message type=1042, length=70
04:09:10.728 [main] DEBUG org.rtklib.java.rtcm.Rtcm -- RTCM3 decoded message type=1005, length=25
04:09:10.728 [main] DEBUG org.rtklib.java.rtcm.Rtcm -- RTCM3 decoded message type=1033, length=27
04:09:10.728 [main] DEBUG org.rtklib.java.rtcm.Rtcm -- RTCM3 decoded message type=1124, length=244
04:09:10.728 [main] DEBUG org.rtklib.java.rtcm.Rtcm -- MSM BDS TOW: raw=63334000, tow=63348.0
04:09:10.728 [main] DEBUG org.rtklib.java.rtcm.Rtcm -- MSM BDS after adjweek: time.time=1780853748, time.sec=0.0
04:09:10.728 [main] DEBUG org.rtklib.java.rtcm.Rtcm -- decode_msm_head: sys=32 staid=0 nsat=11 nsig=4 sync=0 iod=0 ncell=31
04:09:10.728 [main] DEBUG org.rtklib.java.rtcm.Rtcm -- MSM sig[0] sigid=2 sigstr=2I code=40 idx=0
04:09:10.728 [main] DEBUG org.rtklib.java.rtcm.Rtcm -- MSM sig[1] sigid=8 sigstr=6I code=42 idx=3
04:09:10.728 [main] DEBUG org.rtklib.java.rtcm.Rtcm -- MSM sig[2] sigid=23 sigstr=5P code=58 idx=2
04:09:10.728 [main] DEBUG org.rtklib.java.rtcm.Rtcm -- MSM sig[3] sigid=31 sigstr=1P code=2 idx=4
04:09:10.728 [main] DEBUG org.rtklib.java.rtcm.Rtcm -- MSM after sigindex: sig[0] code=40 idx=0
04:09:10.728 [main] DEBUG org.rtklib.java.rtcm.Rtcm -- MSM after sigindex: sig[1] code=42 idx=3
04:09:10.728 [main] DEBUG org.rtklib.java.rtcm.Rtcm -- MSM after sigindex: sig[2] code=58 idx=2
04:09:10.728 [main] DEBUG org.rtklib.java.rtcm.Rtcm -- MSM after sigindex: sig[3] code=2 idx=4
04:09:10.728 [main] DEBUG org.rtklib.java.rtcm.Rtcm -- RTCM3 decoded message type=1042, length=70
04:09:10.728 [main] DEBUG org.rtklib.java.rtcm.Rtcm -- RTCM3 decoded message type=1005, length=25
04:09:10.728 [main] DEBUG org.rtklib.java.rtcm.Rtcm -- RTCM3 decoded message type=1033, length=27
04:09:10.728 [main] DEBUG org.rtklib.java.rtcm.Rtcm -- RTCM3 decoded message type=1124, length=244
04:09:10.728 [main] DEBUG org.rtklib.java.rtcm.Rtcm -- MSM BDS TOW: raw=63349000, tow=63363.0
04:09:10.728 [main] DEBUG org.rtklib.java.rtcm.Rtcm -- MSM BDS after adjweek: time.time=1780853763, time.sec=0.0
04:09:10.728 [main] DEBUG org.rtklib.java.rtcm.Rtcm -- decode_msm_head: sys=32 staid=0 nsat=11 nsig=4 sync=0 iod=0 ncell=31
04:09:10.728 [main] DEBUG org.rtklib.java.rtcm.Rtcm -- MSM sig[0] sigid=2 sigstr=2I code=40 idx=0
04:09:10.728 [main] DEBUG org.rtklib.java.rtcm.Rtcm -- MSM sig[1] sigid=8 sigstr=6I code=42 idx=3
04:09:10.728 [main] DEBUG org.rtklib.java.rtcm.Rtcm -- MSM sig[2] sigid=23 sigstr=5P code=58 idx=2
04:09:10.728 [main] DEBUG org.rtklib.java.rtcm.Rtcm -- MSM sig[3] sigid=31 sigstr=1P code=2 idx=4
04:09:10.728 [main] DEBUG org.rtklib.java.rtcm.Rtcm -- MSM after sigindex: sig[0] code=40 idx=0
04:09:10.729 [main] DEBUG org.rtklib.java.rtcm.Rtcm -- MSM after sigindex: sig[1] code=42 idx=3
04:09:10.729 [main] DEBUG org.rtklib.java.rtcm.Rtcm -- MSM after sigindex: sig[2] code=58 idx=2
04:09:10.729 [main] DEBUG org.rtklib.java.rtcm.Rtcm -- MSM after sigindex: sig[3] code=2 idx=4
04:09:10.729 [main] DEBUG org.rtklib.java.rtcm.Rtcm -- RTCM3 decoded message type=1042, length=70
04:09:10.729 [main] DEBUG org.rtklib.java.rtcm.Rtcm -- RTCM3 decoded message type=1005, length=25
04:09:10.729 [main] DEBUG org.rtklib.java.rtcm.Rtcm -- RTCM3 decoded message type=1033, length=27
04:09:10.729 [main] DEBUG org.rtklib.java.rtcm.Rtcm -- RTCM3 decoded message type=1124, length=244
04:09:10.729 [main] DEBUG org.rtklib.java.rtcm.Rtcm -- MSM BDS TOW: raw=63364000, tow=63378.0
04:09:10.729 [main] DEBUG org.rtklib.java.rtcm.Rtcm -- MSM BDS after adjweek: time.time=1780853778, time.sec=0.0
04:09:10.729 [main] DEBUG org.rtklib.java.rtcm.Rtcm -- decode_msm_head: sys=32 staid=0 nsat=11 nsig=4 sync=0 iod=0 ncell=31
04:09:10.729 [main] DEBUG org.rtklib.java.rtcm.Rtcm -- MSM sig[0] sigid=2 sigstr=2I code=40 idx=0
04:09:10.729 [main] DEBUG org.rtklib.java.rtcm.Rtcm -- MSM sig[1] sigid=8 sigstr=6I code=42 idx=3
04:09:10.729 [main] DEBUG org.rtklib.java.rtcm.Rtcm -- MSM sig[2] sigid=23 sigstr=5P code=58 idx=2
04:09:10.729 [main] DEBUG org.rtklib.java.rtcm.Rtcm -- MSM sig[3] sigid=31 sigstr=1P code=2 idx=4
04:09:10.729 [main] DEBUG org.rtklib.java.rtcm.Rtcm -- MSM after sigindex: sig[0] code=40 idx=0
04:09:10.729 [main] DEBUG org.rtklib.java.rtcm.Rtcm -- MSM after sigindex: sig[1] code=42 idx=3
04:09:10.729 [main] DEBUG org.rtklib.java.rtcm.Rtcm -- MSM after sigindex: sig[2] code=58 idx=2
04:09:10.729 [main] DEBUG org.rtklib.java.rtcm.Rtcm -- MSM after sigindex: sig[3] code=2 idx=4
04:09:10.729 [main] DEBUG org.rtklib.java.rtcm.Rtcm -- RTCM3 decoded message type=1042, length=70
04:09:10.729 [main] DEBUG org.rtklib.java.rtcm.Rtcm -- RTCM3 decoded message type=1005, length=25
04:09:10.729 [main] DEBUG org.rtklib.java.rtcm.Rtcm -- RTCM3 decoded message type=1033, length=27
04:09:10.729 [main] DEBUG org.rtklib.java.rtcm.Rtcm -- RTCM3 decoded message type=1124, length=244
04:09:10.729 [main] DEBUG org.rtklib.java.rtcm.Rtcm -- MSM BDS TOW: raw=63379000, tow=63393.0
04:09:10.729 [main] DEBUG org.rtklib.java.rtcm.Rtcm -- MSM BDS after adjweek: time.time=1780853793, time.sec=0.0
04:09:10.729 [main] DEBUG org.rtklib.java.rtcm.Rtcm -- decode_msm_head: sys=32 staid=0 nsat=11 nsig=4 sync=0 iod=0 ncell=31
04:09:10.729 [main] DEBUG org.rtklib.java.rtcm.Rtcm -- MSM sig[0] sigid=2 sigstr=2I code=40 idx=0
04:09:10.729 [main] DEBUG org.rtklib.java.rtcm.Rtcm -- MSM sig[1] sigid=8 sigstr=6I code=42 idx=3
04:09:10.729 [main] DEBUG org.rtklib.java.rtcm.Rtcm -- MSM sig[2] sigid=23 sigstr=5P code=58 idx=2
04:09:10.729 [main] DEBUG org.rtklib.java.rtcm.Rtcm -- MSM sig[3] sigid=31 sigstr=1P code=2 idx=4
04:09:10.729 [main] DEBUG org.rtklib.java.rtcm.Rtcm -- MSM after sigindex: sig[0] code=40 idx=0
04:09:10.729 [main] DEBUG org.rtklib.java.rtcm.Rtcm -- MSM after sigindex: sig[1] code=42 idx=3
04:09:10.729 [main] DEBUG org.rtklib.java.rtcm.Rtcm -- MSM after sigindex: sig[2] code=58 idx=2
04:09:10.729 [main] DEBUG org.rtklib.java.rtcm.Rtcm -- MSM after sigindex: sig[3] code=2 idx=4
04:09:10.729 [main] DEBUG org.rtklib.java.rtcm.Rtcm -- RTCM3 decoded message type=1042, length=70
04:09:10.729 [main] DEBUG org.rtklib.java.rtcm.Rtcm -- RTCM3 decoded message type=1005, length=25
04:09:10.729 [main] DEBUG org.rtklib.java.rtcm.Rtcm -- RTCM3 decoded message type=1033, length=27
04:09:10.729 [main] DEBUG org.rtklib.java.rtcm.Rtcm -- RTCM3 decoded message type=1124, length=250
04:09:10.729 [main] DEBUG org.rtklib.java.rtcm.Rtcm -- MSM BDS TOW: raw=63394000, tow=63408.0
04:09:10.729 [main] DEBUG org.rtklib.java.rtcm.Rtcm -- MSM BDS after adjweek: time.time=1780853808, time.sec=0.0
04:09:10.729 [main] DEBUG org.rtklib.java.rtcm.Rtcm -- decode_msm_head: sys=32 staid=0 nsat=11 nsig=4 sync=0 iod=0 ncell=32
04:09:10.729 [main] DEBUG org.rtklib.java.rtcm.Rtcm -- MSM sig[0] sigid=2 sigstr=2I code=40 idx=0
04:09:10.729 [main] DEBUG org.rtklib.java.rtcm.Rtcm -- MSM sig[1] sigid=8 sigstr=6I code=42 idx=3
04:09:10.729 [main] DEBUG org.rtklib.java.rtcm.Rtcm -- MSM sig[2] sigid=23 sigstr=5P code=58 idx=2
04:09:10.729 [main] DEBUG org.rtklib.java.rtcm.Rtcm -- MSM sig[3] sigid=31 sigstr=1P code=2 idx=4
04:09:10.729 [main] DEBUG org.rtklib.java.rtcm.Rtcm -- MSM after sigindex: sig[0] code=40 idx=0
04:09:10.729 [main] DEBUG org.rtklib.java.rtcm.Rtcm -- MSM after sigindex: sig[1] code=42 idx=3
04:09:10.729 [main] DEBUG org.rtklib.java.rtcm.Rtcm -- MSM after sigindex: sig[2] code=58 idx=2
04:09:10.729 [main] DEBUG org.rtklib.java.rtcm.Rtcm -- MSM after sigindex: sig[3] code=2 idx=4
04:09:10.729 [main] DEBUG org.rtklib.java.rtcm.Rtcm -- RTCM3 decoded message type=1042, length=70
04:09:10.729 [main] DEBUG org.rtklib.java.rtcm.Rtcm -- RTCM3 decoded message type=1005, length=25
04:09:10.729 [main] DEBUG org.rtklib.java.rtcm.Rtcm -- RTCM3 decoded message type=1033, length=27
04:09:10.729 [main] DEBUG org.rtklib.java.rtcm.Rtcm -- RTCM3 decoded message type=1124, length=250
04:09:10.729 [main] DEBUG org.rtklib.java.rtcm.Rtcm -- MSM BDS TOW: raw=63409000, tow=63423.0
04:09:10.729 [main] DEBUG org.rtklib.java.rtcm.Rtcm -- MSM BDS after adjweek: time.time=1780853823, time.sec=0.0
04:09:10.729 [main] DEBUG org.rtklib.java.rtcm.Rtcm -- decode_msm_head: sys=32 staid=0 nsat=11 nsig=4 sync=0 iod=0 ncell=32
04:09:10.729 [main] DEBUG org.rtklib.java.rtcm.Rtcm -- MSM sig[0] sigid=2 sigstr=2I code=40 idx=0
04:09:10.729 [main] DEBUG org.rtklib.java.rtcm.Rtcm -- MSM sig[1] sigid=8 sigstr=6I code=42 idx=3
04:09:10.729 [main] DEBUG org.rtklib.java.rtcm.Rtcm -- MSM sig[2] sigid=23 sigstr=5P code=58 idx=2
04:09:10.729 [main] DEBUG org.rtklib.java.rtcm.Rtcm -- MSM sig[3] sigid=31 sigstr=1P code=2 idx=4
04:09:10.729 [main] DEBUG org.rtklib.java.rtcm.Rtcm -- MSM after sigindex: sig[0] code=40 idx=0
04:09:10.729 [main] DEBUG org.rtklib.java.rtcm.Rtcm -- MSM after sigindex: sig[1] code=42 idx=3
04:09:10.729 [main] DEBUG org.rtklib.java.rtcm.Rtcm -- MSM after sigindex: sig[2] code=58 idx=2
04:09:10.729 [main] DEBUG org.rtklib.java.rtcm.Rtcm -- MSM after sigindex: sig[3] code=2 idx=4
04:09:10.729 [main] DEBUG org.rtklib.java.rtcm.Rtcm -- RTCM3 decoded message type=1042, length=70
04:09:10.729 [main] DEBUG org.rtklib.java.rtcm.Rtcm -- RTCM3 decoded message type=1005, length=25
04:09:10.729 [main] DEBUG org.rtklib.java.rtcm.Rtcm -- RTCM3 decoded message type=1033, length=27
04:09:10.729 [main] DEBUG org.rtklib.java.rtcm.Rtcm -- RTCM3 decoded message type=1124, length=266
04:09:10.729 [main] DEBUG org.rtklib.java.rtcm.Rtcm -- MSM BDS TOW: raw=63424000, tow=63438.0
04:09:10.729 [main] DEBUG org.rtklib.java.rtcm.Rtcm -- MSM BDS after adjweek: time.time=1780853838, time.sec=0.0
04:09:10.729 [main] DEBUG org.rtklib.java.rtcm.Rtcm -- decode_msm_head: sys=32 staid=0 nsat=12 nsig=5 sync=0 iod=0 ncell=34
04:09:10.729 [main] DEBUG org.rtklib.java.rtcm.Rtcm -- MSM sig[0] sigid=2 sigstr=2I code=40 idx=0
04:09:10.729 [main] DEBUG org.rtklib.java.rtcm.Rtcm -- MSM sig[1] sigid=8 sigstr=6I code=42 idx=3
04:09:10.729 [main] DEBUG org.rtklib.java.rtcm.Rtcm -- MSM sig[2] sigid=14 sigstr=7I code=27 idx=1
04:09:10.729 [main] DEBUG org.rtklib.java.rtcm.Rtcm -- MSM sig[3] sigid=23 sigstr=5P code=58 idx=2
04:09:10.729 [main] DEBUG org.rtklib.java.rtcm.Rtcm -- MSM sig[4] sigid=31 sigstr=1P code=2 idx=4
04:09:10.729 [main] DEBUG org.rtklib.java.rtcm.Rtcm -- MSM after sigindex: sig[0] code=40 idx=0
04:09:10.729 [main] DEBUG org.rtklib.java.rtcm.Rtcm -- MSM after sigindex: sig[1] code=42 idx=3
04:09:10.729 [main] DEBUG org.rtklib.java.rtcm.Rtcm -- MSM after sigindex: sig[2] code=27 idx=1
04:09:10.729 [main] DEBUG org.rtklib.java.rtcm.Rtcm -- MSM after sigindex: sig[3] code=58 idx=2
04:09:10.729 [main] DEBUG org.rtklib.java.rtcm.Rtcm -- MSM after sigindex: sig[4] code=2 idx=4
04:09:10.729 [main] DEBUG org.rtklib.java.rtcm.Rtcm -- RTCM3 decoded message type=1042, length=70
04:09:10.729 [main] DEBUG org.rtklib.java.rtcm.Rtcm -- RTCM3 decoded message type=1005, length=25
04:09:10.729 [main] DEBUG org.rtklib.java.rtcm.Rtcm -- RTCM3 decoded message type=1033, length=27
04:09:10.729 [main] DEBUG org.rtklib.java.rtcm.Rtcm -- RTCM3 decoded message type=1124, length=266
04:09:10.729 [main] DEBUG org.rtklib.java.rtcm.Rtcm -- MSM BDS TOW: raw=63439000, tow=63453.0
04:09:10.729 [main] DEBUG org.rtklib.java.rtcm.Rtcm -- MSM BDS after adjweek: time.time=1780853853, time.sec=0.0
04:09:10.729 [main] DEBUG org.rtklib.java.rtcm.Rtcm -- decode_msm_head: sys=32 staid=0 nsat=12 nsig=5 sync=0 iod=0 ncell=34
04:09:10.729 [main] DEBUG org.rtklib.java.rtcm.Rtcm -- MSM sig[0] sigid=2 sigstr=2I code=40 idx=0
04:09:10.729 [main] DEBUG org.rtklib.java.rtcm.Rtcm -- MSM sig[1] sigid=8 sigstr=6I code=42 idx=3
04:09:10.729 [main] DEBUG org.rtklib.java.rtcm.Rtcm -- MSM sig[2] sigid=14 sigstr=7I code=27 idx=1
04:09:10.729 [main] DEBUG org.rtklib.java.rtcm.Rtcm -- MSM sig[3] sigid=23 sigstr=5P code=58 idx=2
04:09:10.729 [main] DEBUG org.rtklib.java.rtcm.Rtcm -- MSM sig[4] sigid=31 sigstr=1P code=2 idx=4
04:09:10.729 [main] DEBUG org.rtklib.java.rtcm.Rtcm -- MSM after sigindex: sig[0] code=40 idx=0
04:09:10.729 [main] DEBUG org.rtklib.java.rtcm.Rtcm -- MSM after sigindex: sig[1] code=42 idx=3
04:09:10.729 [main] DEBUG org.rtklib.java.rtcm.Rtcm -- MSM after sigindex: sig[2] code=27 idx=1
04:09:10.729 [main] DEBUG org.rtklib.java.rtcm.Rtcm -- MSM after sigindex: sig[3] code=58 idx=2
04:09:10.729 [main] DEBUG org.rtklib.java.rtcm.Rtcm -- MSM after sigindex: sig[4] code=2 idx=4
04:09:10.729 [main] DEBUG org.rtklib.java.rtcm.Rtcm -- RTCM3 decoded message type=1042, length=70
04:09:10.729 [main] DEBUG org.rtklib.java.rtcm.Rtcm -- RTCM3 decoded message type=1005, length=25
04:09:10.729 [main] DEBUG org.rtklib.java.rtcm.Rtcm -- RTCM3 decoded message type=1033, length=27
04:09:10.729 [main] DEBUG org.rtklib.java.rtcm.Rtcm -- RTCM3 decoded message type=1124, length=260
04:09:10.729 [main] DEBUG org.rtklib.java.rtcm.Rtcm -- MSM BDS TOW: raw=63454000, tow=63468.0
04:09:10.729 [main] DEBUG org.rtklib.java.rtcm.Rtcm -- MSM BDS after adjweek: time.time=1780853868, time.sec=0.0
04:09:10.729 [main] DEBUG org.rtklib.java.rtcm.Rtcm -- decode_msm_head: sys=32 staid=0 nsat=12 nsig=5 sync=0 iod=0 ncell=33
04:09:10.729 [main] DEBUG org.rtklib.java.rtcm.Rtcm -- MSM sig[0] sigid=2 sigstr=2I code=40 idx=0
04:09:10.729 [main] DEBUG org.rtklib.java.rtcm.Rtcm -- MSM sig[1] sigid=8 sigstr=6I code=42 idx=3
04:09:10.729 [main] DEBUG org.rtklib.java.rtcm.Rtcm -- MSM sig[2] sigid=14 sigstr=7I code=27 idx=1
04:09:10.729 [main] DEBUG org.rtklib.java.rtcm.Rtcm -- MSM sig[3] sigid=23 sigstr=5P code=58 idx=2
04:09:10.729 [main] DEBUG org.rtklib.java.rtcm.Rtcm -- MSM sig[4] sigid=31 sigstr=1P code=2 idx=4
04:09:10.729 [main] DEBUG org.rtklib.java.rtcm.Rtcm -- MSM after sigindex: sig[0] code=40 idx=0
04:09:10.729 [main] DEBUG org.rtklib.java.rtcm.Rtcm -- MSM after sigindex: sig[1] code=42 idx=3
04:09:10.729 [main] DEBUG org.rtklib.java.rtcm.Rtcm -- MSM after sigindex: sig[2] code=27 idx=1
04:09:10.729 [main] DEBUG org.rtklib.java.rtcm.Rtcm -- MSM after sigindex: sig[3] code=58 idx=2
04:09:10.729 [main] DEBUG org.rtklib.java.rtcm.Rtcm -- MSM after sigindex: sig[4] code=2 idx=4
04:09:10.729 [main] DEBUG org.rtklib.java.rtcm.Rtcm -- RTCM3 decoded message type=1042, length=70
04:09:10.729 [main] DEBUG org.rtklib.java.rtcm.Rtcm -- RTCM3 decoded message type=1005, length=25
04:09:10.729 [main] DEBUG org.rtklib.java.rtcm.Rtcm -- RTCM3 decoded message type=1033, length=27
04:09:10.729 [main] DEBUG org.rtklib.java.rtcm.Rtcm -- RTCM3 decoded message type=1124, length=260
04:09:10.729 [main] DEBUG org.rtklib.java.rtcm.Rtcm -- MSM BDS TOW: raw=63469000, tow=63483.0
04:09:10.729 [main] DEBUG org.rtklib.java.rtcm.Rtcm -- MSM BDS after adjweek: time.time=1780853883, time.sec=0.0
04:09:10.729 [main] DEBUG org.rtklib.java.rtcm.Rtcm -- decode_msm_head: sys=32 staid=0 nsat=12 nsig=5 sync=0 iod=0 ncell=33
04:09:10.729 [main] DEBUG org.rtklib.java.rtcm.Rtcm -- MSM sig[0] sigid=2 sigstr=2I code=40 idx=0
04:09:10.729 [main] DEBUG org.rtklib.java.rtcm.Rtcm -- MSM sig[1] sigid=8 sigstr=6I code=42 idx=3
04:09:10.729 [main] DEBUG org.rtklib.java.rtcm.Rtcm -- MSM sig[2] sigid=14 sigstr=7I code=27 idx=1
04:09:10.729 [main] DEBUG org.rtklib.java.rtcm.Rtcm -- MSM sig[3] sigid=23 sigstr=5P code=58 idx=2
04:09:10.729 [main] DEBUG org.rtklib.java.rtcm.Rtcm -- MSM sig[4] sigid=31 sigstr=1P code=2 idx=4
04:09:10.729 [main] DEBUG org.rtklib.java.rtcm.Rtcm -- MSM after sigindex: sig[0] code=40 idx=0
04:09:10.729 [main] DEBUG org.rtklib.java.rtcm.Rtcm -- MSM after sigindex: sig[1] code=42 idx=3
04:09:10.729 [main] DEBUG org.rtklib.java.rtcm.Rtcm -- MSM after sigindex: sig[2] code=27 idx=1
04:09:10.729 [main] DEBUG org.rtklib.java.rtcm.Rtcm -- MSM after sigindex: sig[3] code=58 idx=2
04:09:10.729 [main] DEBUG org.rtklib.java.rtcm.Rtcm -- MSM after sigindex: sig[4] code=2 idx=4
04:09:10.729 [main] DEBUG org.rtklib.java.rtcm.Rtcm -- RTCM3 decoded message type=1042, length=70
04:09:10.729 [main] DEBUG org.rtklib.java.rtcm.Rtcm -- RTCM3 decoded message type=1005, length=25
04:09:10.729 [main] DEBUG org.rtklib.java.rtcm.Rtcm -- RTCM3 decoded message type=1033, length=27
04:09:10.729 [main] DEBUG org.rtklib.java.rtcm.Rtcm -- RTCM3 decoded message type=1124, length=260
04:09:10.729 [main] DEBUG org.rtklib.java.rtcm.Rtcm -- MSM BDS TOW: raw=63484000, tow=63498.0
04:09:10.729 [main] DEBUG org.rtklib.java.rtcm.Rtcm -- MSM BDS after adjweek: time.time=1780853898, time.sec=0.0
04:09:10.729 [main] DEBUG org.rtklib.java.rtcm.Rtcm -- decode_msm_head: sys=32 staid=0 nsat=12 nsig=5 sync=0 iod=0 ncell=33
04:09:10.729 [main] DEBUG org.rtklib.java.rtcm.Rtcm -- MSM sig[0] sigid=2 sigstr=2I code=40 idx=0
04:09:10.729 [main] DEBUG org.rtklib.java.rtcm.Rtcm -- MSM sig[1] sigid=8 sigstr=6I code=42 idx=3
04:09:10.729 [main] DEBUG org.rtklib.java.rtcm.Rtcm -- MSM sig[2] sigid=14 sigstr=7I code=27 idx=1
04:09:10.729 [main] DEBUG org.rtklib.java.rtcm.Rtcm -- MSM sig[3] sigid=23 sigstr=5P code=58 idx=2
04:09:10.729 [main] DEBUG org.rtklib.java.rtcm.Rtcm -- MSM sig[4] sigid=31 sigstr=1P code=2 idx=4
04:09:10.729 [main] DEBUG org.rtklib.java.rtcm.Rtcm -- MSM after sigindex: sig[0] code=40 idx=0
04:09:10.729 [main] DEBUG org.rtklib.java.rtcm.Rtcm -- MSM after sigindex: sig[1] code=42 idx=3
04:09:10.729 [main] DEBUG org.rtklib.java.rtcm.Rtcm -- MSM after sigindex: sig[2] code=27 idx=1
04:09:10.729 [main] DEBUG org.rtklib.java.rtcm.Rtcm -- MSM after sigindex: sig[3] code=58 idx=2
04:09:10.729 [main] DEBUG org.rtklib.java.rtcm.Rtcm -- MSM after sigindex: sig[4] code=2 idx=4
04:09:10.729 [main] DEBUG org.rtklib.java.rtcm.Rtcm -- RTCM3 decoded message type=1042, length=70
04:09:10.729 [main] DEBUG org.rtklib.java.rtcm.Rtcm -- RTCM3 decoded message type=1005, length=25
04:09:10.729 [main] DEBUG org.rtklib.java.rtcm.Rtcm -- RTCM3 decoded message type=1033, length=27
04:09:10.729 [main] DEBUG org.rtklib.java.rtcm.Rtcm -- RTCM3 decoded message type=1124, length=260
04:09:10.729 [main] DEBUG org.rtklib.java.rtcm.Rtcm -- MSM BDS TOW: raw=63499000, tow=63513.0
04:09:10.729 [main] DEBUG org.rtklib.java.rtcm.Rtcm -- MSM BDS after adjweek: time.time=1780853913, time.sec=0.0
04:09:10.729 [main] DEBUG org.rtklib.java.rtcm.Rtcm -- decode_msm_head: sys=32 staid=0 nsat=12 nsig=5 sync=0 iod=0 ncell=33
04:09:10.729 [main] DEBUG org.rtklib.java.rtcm.Rtcm -- MSM sig[0] sigid=2 sigstr=2I code=40 idx=0
04:09:10.729 [main] DEBUG org.rtklib.java.rtcm.Rtcm -- MSM sig[1] sigid=8 sigstr=6I code=42 idx=3
04:09:10.729 [main] DEBUG org.rtklib.java.rtcm.Rtcm -- MSM sig[2] sigid=14 sigstr=7I code=27 idx=1
04:09:10.729 [main] DEBUG org.rtklib.java.rtcm.Rtcm -- MSM sig[3] sigid=23 sigstr=5P code=58 idx=2
04:09:10.729 [main] DEBUG org.rtklib.java.rtcm.Rtcm -- MSM sig[4] sigid=31 sigstr=1P code=2 idx=4
04:09:10.729 [main] DEBUG org.rtklib.java.rtcm.Rtcm -- MSM after sigindex: sig[0] code=40 idx=0
04:09:10.729 [main] DEBUG org.rtklib.java.rtcm.Rtcm -- MSM after sigindex: sig[1] code=42 idx=3
04:09:10.729 [main] DEBUG org.rtklib.java.rtcm.Rtcm -- MSM after sigindex: sig[2] code=27 idx=1
04:09:10.729 [main] DEBUG org.rtklib.java.rtcm.Rtcm -- MSM after sigindex: sig[3] code=58 idx=2
04:09:10.729 [main] DEBUG org.rtklib.java.rtcm.Rtcm -- MSM after sigindex: sig[4] code=2 idx=4
04:09:10.729 [main] DEBUG org.rtklib.java.rtcm.Rtcm -- RTCM3 decoded message type=1042, length=70
04:09:10.729 [main] DEBUG org.rtklib.java.rtcm.Rtcm -- RTCM3 decoded message type=1005, length=25
04:09:10.729 [main] DEBUG org.rtklib.java.rtcm.Rtcm -- RTCM3 decoded message type=1033, length=27
04:09:10.729 [main] DEBUG org.rtklib.java.rtcm.Rtcm -- RTCM3 decoded message type=1124, length=260
04:09:10.729 [main] DEBUG org.rtklib.java.rtcm.Rtcm -- MSM BDS TOW: raw=63514000, tow=63528.0
04:09:10.729 [main] DEBUG org.rtklib.java.rtcm.Rtcm -- MSM BDS after adjweek: time.time=1780853928, time.sec=0.0
04:09:10.729 [main] DEBUG org.rtklib.java.rtcm.Rtcm -- decode_msm_head: sys=32 staid=0 nsat=12 nsig=5 sync=0 iod=0 ncell=33
04:09:10.729 [main] DEBUG org.rtklib.java.rtcm.Rtcm -- MSM sig[0] sigid=2 sigstr=2I code=40 idx=0
04:09:10.729 [main] DEBUG org.rtklib.java.rtcm.Rtcm -- MSM sig[1] sigid=8 sigstr=6I code=42 idx=3
04:09:10.729 [main] DEBUG org.rtklib.java.rtcm.Rtcm -- MSM sig[2] sigid=14 sigstr=7I code=27 idx=1
04:09:10.729 [main] DEBUG org.rtklib.java.rtcm.Rtcm -- MSM sig[3] sigid=23 sigstr=5P code=58 idx=2
04:09:10.729 [main] DEBUG org.rtklib.java.rtcm.Rtcm -- MSM sig[4] sigid=31 sigstr=1P code=2 idx=4
04:09:10.729 [main] DEBUG org.rtklib.java.rtcm.Rtcm -- MSM after sigindex: sig[0] code=40 idx=0
04:09:10.729 [main] DEBUG org.rtklib.java.rtcm.Rtcm -- MSM after sigindex: sig[1] code=42 idx=3
04:09:10.729 [main] DEBUG org.rtklib.java.rtcm.Rtcm -- MSM after sigindex: sig[2] code=27 idx=1
04:09:10.729 [main] DEBUG org.rtklib.java.rtcm.Rtcm -- MSM after sigindex: sig[3] code=58 idx=2
04:09:10.730 [main] DEBUG org.rtklib.java.rtcm.Rtcm -- MSM after sigindex: sig[4] code=2 idx=4
04:09:10.730 [main] DEBUG org.rtklib.java.rtcm.Rtcm -- RTCM3 decoded message type=1042, length=70
04:09:10.730 [main] DEBUG org.rtklib.java.rtcm.Rtcm -- RTCM3 decoded message type=1005, length=25
04:09:10.730 [main] DEBUG org.rtklib.java.rtcm.Rtcm -- RTCM3 decoded message type=1033, length=27
04:09:10.730 [main] DEBUG org.rtklib.java.rtcm.Rtcm -- RTCM3 decoded message type=1124, length=250
04:09:10.730 [main] DEBUG org.rtklib.java.rtcm.Rtcm -- MSM BDS TOW: raw=63529000, tow=63543.0
04:09:10.730 [main] DEBUG org.rtklib.java.rtcm.Rtcm -- MSM BDS after adjweek: time.time=1780853943, time.sec=0.0
04:09:10.730 [main] DEBUG org.rtklib.java.rtcm.Rtcm -- decode_msm_head: sys=32 staid=0 nsat=11 nsig=4 sync=0 iod=0 ncell=32
04:09:10.730 [main] DEBUG org.rtklib.java.rtcm.Rtcm -- MSM sig[0] sigid=2 sigstr=2I code=40 idx=0
04:09:10.730 [main] DEBUG org.rtklib.java.rtcm.Rtcm -- MSM sig[1] sigid=8 sigstr=6I code=42 idx=3
04:09:10.730 [main] DEBUG org.rtklib.java.rtcm.Rtcm -- MSM sig[2] sigid=23 sigstr=5P code=58 idx=2
04:09:10.730 [main] DEBUG org.rtklib.java.rtcm.Rtcm -- MSM sig[3] sigid=31 sigstr=1P code=2 idx=4
04:09:10.730 [main] DEBUG org.rtklib.java.rtcm.Rtcm -- MSM after sigindex: sig[0] code=40 idx=0
04:09:10.730 [main] DEBUG org.rtklib.java.rtcm.Rtcm -- MSM after sigindex: sig[1] code=42 idx=3
04:09:10.730 [main] DEBUG org.rtklib.java.rtcm.Rtcm -- MSM after sigindex: sig[2] code=58 idx=2
04:09:10.730 [main] DEBUG org.rtklib.java.rtcm.Rtcm -- MSM after sigindex: sig[3] code=2 idx=4
04:09:10.730 [main] DEBUG org.rtklib.java.rtcm.Rtcm -- RTCM3 decoded message type=1042, length=70
04:09:10.730 [main] DEBUG org.rtklib.java.rtcm.Rtcm -- RTCM3 decoded message type=1005, length=25
04:09:10.730 [main] DEBUG org.rtklib.java.rtcm.Rtcm -- RTCM3 decoded message type=1033, length=27
04:09:10.730 [main] DEBUG org.rtklib.java.rtcm.Rtcm -- RTCM3 decoded message type=1124, length=250
04:09:10.730 [main] DEBUG org.rtklib.java.rtcm.Rtcm -- MSM BDS TOW: raw=63544000, tow=63558.0
04:09:10.730 [main] DEBUG org.rtklib.java.rtcm.Rtcm -- MSM BDS after adjweek: time.time=1780853958, time.sec=0.0
04:09:10.730 [main] DEBUG org.rtklib.java.rtcm.Rtcm -- decode_msm_head: sys=32 staid=0 nsat=11 nsig=4 sync=0 iod=0 ncell=32
04:09:10.730 [main] DEBUG org.rtklib.java.rtcm.Rtcm -- MSM sig[0] sigid=2 sigstr=2I code=40 idx=0
04:09:10.730 [main] DEBUG org.rtklib.java.rtcm.Rtcm -- MSM sig[1] sigid=8 sigstr=6I code=42 idx=3
04:09:10.730 [main] DEBUG org.rtklib.java.rtcm.Rtcm -- MSM sig[2] sigid=23 sigstr=5P code=58 idx=2
04:09:10.730 [main] DEBUG org.rtklib.java.rtcm.Rtcm -- MSM sig[3] sigid=31 sigstr=1P code=2 idx=4
04:09:10.730 [main] DEBUG org.rtklib.java.rtcm.Rtcm -- MSM after sigindex: sig[0] code=40 idx=0
04:09:10.730 [main] DEBUG org.rtklib.java.rtcm.Rtcm -- MSM after sigindex: sig[1] code=42 idx=3
04:09:10.730 [main] DEBUG org.rtklib.java.rtcm.Rtcm -- MSM after sigindex: sig[2] code=58 idx=2
04:09:10.730 [main] DEBUG org.rtklib.java.rtcm.Rtcm -- MSM after sigindex: sig[3] code=2 idx=4
04:09:10.730 [main] DEBUG org.rtklib.java.rtcm.Rtcm -- RTCM3 decoded message type=1042, length=70
04:09:10.730 [main] DEBUG org.rtklib.java.rtcm.Rtcm -- RTCM3 decoded message type=1005, length=25
04:09:10.730 [main] DEBUG org.rtklib.java.rtcm.Rtcm -- RTCM3 decoded message type=1033, length=27
04:09:10.730 [main] DEBUG org.rtklib.java.rtcm.Rtcm -- RTCM3 decoded message type=1124, length=259
04:09:10.730 [main] DEBUG org.rtklib.java.rtcm.Rtcm -- MSM BDS TOW: raw=63559000, tow=63573.0
04:09:10.730 [main] DEBUG org.rtklib.java.rtcm.Rtcm -- MSM BDS after adjweek: time.time=1780853973, time.sec=0.0
04:09:10.730 [main] DEBUG org.rtklib.java.rtcm.Rtcm -- decode_msm_head: sys=32 staid=0 nsat=12 nsig=4 sync=0 iod=0 ncell=33
04:09:10.730 [main] DEBUG org.rtklib.java.rtcm.Rtcm -- MSM sig[0] sigid=2 sigstr=2I code=40 idx=0
04:09:10.730 [main] DEBUG org.rtklib.java.rtcm.Rtcm -- MSM sig[1] sigid=8 sigstr=6I code=42 idx=3
04:09:10.730 [main] DEBUG org.rtklib.java.rtcm.Rtcm -- MSM sig[2] sigid=23 sigstr=5P code=58 idx=2
04:09:10.730 [main] DEBUG org.rtklib.java.rtcm.Rtcm -- MSM sig[3] sigid=31 sigstr=1P code=2 idx=4
04:09:10.730 [main] DEBUG org.rtklib.java.rtcm.Rtcm -- MSM after sigindex: sig[0] code=40 idx=0
04:09:10.730 [main] DEBUG org.rtklib.java.rtcm.Rtcm -- MSM after sigindex: sig[1] code=42 idx=3
04:09:10.730 [main] DEBUG org.rtklib.java.rtcm.Rtcm -- MSM after sigindex: sig[2] code=58 idx=2
04:09:10.730 [main] DEBUG org.rtklib.java.rtcm.Rtcm -- MSM after sigindex: sig[3] code=2 idx=4
04:09:10.730 [main] DEBUG org.rtklib.java.rtcm.Rtcm -- RTCM3 decoded message type=1042, length=70
04:09:10.730 [main] DEBUG org.rtklib.java.rtcm.Rtcm -- RTCM3 decoded message type=1005, length=25
04:09:10.730 [main] DEBUG org.rtklib.java.rtcm.Rtcm -- RTCM3 decoded message type=1033, length=27
04:09:10.730 [main] DEBUG org.rtklib.java.rtcm.Rtcm -- RTCM3 decoded message type=1124, length=259
04:09:10.730 [main] DEBUG org.rtklib.java.rtcm.Rtcm -- MSM BDS TOW: raw=63574000, tow=63588.0
04:09:10.730 [main] DEBUG org.rtklib.java.rtcm.Rtcm -- MSM BDS after adjweek: time.time=1780853988, time.sec=0.0
04:09:10.730 [main] DEBUG org.rtklib.java.rtcm.Rtcm -- decode_msm_head: sys=32 staid=0 nsat=12 nsig=4 sync=0 iod=0 ncell=33
04:09:10.730 [main] DEBUG org.rtklib.java.rtcm.Rtcm -- MSM sig[0] sigid=2 sigstr=2I code=40 idx=0
04:09:10.730 [main] DEBUG org.rtklib.java.rtcm.Rtcm -- MSM sig[1] sigid=8 sigstr=6I code=42 idx=3
04:09:10.730 [main] DEBUG org.rtklib.java.rtcm.Rtcm -- MSM sig[2] sigid=23 sigstr=5P code=58 idx=2
04:09:10.730 [main] DEBUG org.rtklib.java.rtcm.Rtcm -- MSM sig[3] sigid=31 sigstr=1P code=2 idx=4
04:09:10.730 [main] DEBUG org.rtklib.java.rtcm.Rtcm -- MSM after sigindex: sig[0] code=40 idx=0
04:09:10.730 [main] DEBUG org.rtklib.java.rtcm.Rtcm -- MSM after sigindex: sig[1] code=42 idx=3
04:09:10.730 [main] DEBUG org.rtklib.java.rtcm.Rtcm -- MSM after sigindex: sig[2] code=58 idx=2
04:09:10.730 [main] DEBUG org.rtklib.java.rtcm.Rtcm -- MSM after sigindex: sig[3] code=2 idx=4
04:09:10.730 [main] DEBUG org.rtklib.java.rtcm.Rtcm -- RTCM3 decoded message type=1042, length=70
04:09:10.730 [main] DEBUG org.rtklib.java.rtcm.Rtcm -- RTCM3 decoded message type=1005, length=25
04:09:10.730 [main] DEBUG org.rtklib.java.rtcm.Rtcm -- RTCM3 decoded message type=1033, length=27
04:09:10.730 [main] DEBUG org.rtklib.java.rtcm.Rtcm -- RTCM3 decoded message type=1124, length=266
04:09:10.730 [main] DEBUG org.rtklib.java.rtcm.Rtcm -- MSM BDS TOW: raw=63589000, tow=63603.0
04:09:10.730 [main] DEBUG org.rtklib.java.rtcm.Rtcm -- MSM BDS after adjweek: time.time=1780854003, time.sec=0.0
04:09:10.730 [main] DEBUG org.rtklib.java.rtcm.Rtcm -- decode_msm_head: sys=32 staid=0 nsat=12 nsig=5 sync=0 iod=0 ncell=34
04:09:10.730 [main] DEBUG org.rtklib.java.rtcm.Rtcm -- MSM sig[0] sigid=2 sigstr=2I code=40 idx=0
04:09:10.730 [main] DEBUG org.rtklib.java.rtcm.Rtcm -- MSM sig[1] sigid=8 sigstr=6I code=42 idx=3
04:09:10.730 [main] DEBUG org.rtklib.java.rtcm.Rtcm -- MSM sig[2] sigid=14 sigstr=7I code=27 idx=1
04:09:10.730 [main] DEBUG org.rtklib.java.rtcm.Rtcm -- MSM sig[3] sigid=23 sigstr=5P code=58 idx=2
04:09:10.730 [main] DEBUG org.rtklib.java.rtcm.Rtcm -- MSM sig[4] sigid=31 sigstr=1P code=2 idx=4
04:09:10.730 [main] DEBUG org.rtklib.java.rtcm.Rtcm -- MSM after sigindex: sig[0] code=40 idx=0
04:09:10.730 [main] DEBUG org.rtklib.java.rtcm.Rtcm -- MSM after sigindex: sig[1] code=42 idx=3
04:09:10.730 [main] DEBUG org.rtklib.java.rtcm.Rtcm -- MSM after sigindex: sig[2] code=27 idx=1
04:09:10.730 [main] DEBUG org.rtklib.java.rtcm.Rtcm -- MSM after sigindex: sig[3] code=58 idx=2
04:09:10.730 [main] DEBUG org.rtklib.java.rtcm.Rtcm -- MSM after sigindex: sig[4] code=2 idx=4
04:09:10.730 [main] DEBUG org.rtklib.java.rtcm.Rtcm -- RTCM3 decoded message type=1042, length=70
04:09:10.730 [main] DEBUG org.rtklib.java.rtcm.Rtcm -- RTCM3 decoded message type=1005, length=25
04:09:10.730 [main] DEBUG org.rtklib.java.rtcm.Rtcm -- RTCM3 decoded message type=1033, length=27
04:09:10.730 [main] DEBUG org.rtklib.java.rtcm.Rtcm -- RTCM3 decoded message type=1124, length=266
04:09:10.730 [main] DEBUG org.rtklib.java.rtcm.Rtcm -- MSM BDS TOW: raw=63604000, tow=63618.0
04:09:10.730 [main] DEBUG org.rtklib.java.rtcm.Rtcm -- MSM BDS after adjweek: time.time=1780854018, time.sec=0.0
04:09:10.730 [main] DEBUG org.rtklib.java.rtcm.Rtcm -- decode_msm_head: sys=32 staid=0 nsat=12 nsig=5 sync=0 iod=0 ncell=34
04:09:10.730 [main] DEBUG org.rtklib.java.rtcm.Rtcm -- MSM sig[0] sigid=2 sigstr=2I code=40 idx=0
04:09:10.730 [main] DEBUG org.rtklib.java.rtcm.Rtcm -- MSM sig[1] sigid=8 sigstr=6I code=42 idx=3
04:09:10.730 [main] DEBUG org.rtklib.java.rtcm.Rtcm -- MSM sig[2] sigid=14 sigstr=7I code=27 idx=1
04:09:10.730 [main] DEBUG org.rtklib.java.rtcm.Rtcm -- MSM sig[3] sigid=23 sigstr=5P code=58 idx=2
04:09:10.730 [main] DEBUG org.rtklib.java.rtcm.Rtcm -- MSM sig[4] sigid=31 sigstr=1P code=2 idx=4
04:09:10.730 [main] DEBUG org.rtklib.java.rtcm.Rtcm -- MSM after sigindex: sig[0] code=40 idx=0
04:09:10.730 [main] DEBUG org.rtklib.java.rtcm.Rtcm -- MSM after sigindex: sig[1] code=42 idx=3
04:09:10.730 [main] DEBUG org.rtklib.java.rtcm.Rtcm -- MSM after sigindex: sig[2] code=27 idx=1
04:09:10.730 [main] DEBUG org.rtklib.java.rtcm.Rtcm -- MSM after sigindex: sig[3] code=58 idx=2
04:09:10.730 [main] DEBUG org.rtklib.java.rtcm.Rtcm -- MSM after sigindex: sig[4] code=2 idx=4
04:09:10.730 [main] DEBUG org.rtklib.java.rtcm.Rtcm -- RTCM3 decoded message type=1042, length=70
04:09:10.730 [main] DEBUG org.rtklib.java.rtcm.Rtcm -- RTCM3 decoded message type=1005, length=25
04:09:10.730 [main] DEBUG org.rtklib.java.rtcm.Rtcm -- RTCM3 decoded message type=1033, length=27
04:09:10.730 [main] DEBUG org.rtklib.java.rtcm.Rtcm -- RTCM3 decoded message type=1124, length=265
04:09:10.730 [main] DEBUG org.rtklib.java.rtcm.Rtcm -- MSM BDS TOW: raw=63619000, tow=63633.0
04:09:10.730 [main] DEBUG org.rtklib.java.rtcm.Rtcm -- MSM BDS after adjweek: time.time=1780854033, time.sec=0.0
04:09:10.730 [main] DEBUG org.rtklib.java.rtcm.Rtcm -- decode_msm_head: sys=32 staid=0 nsat=12 nsig=4 sync=0 iod=0 ncell=34
04:09:10.730 [main] DEBUG org.rtklib.java.rtcm.Rtcm -- MSM sig[0] sigid=2 sigstr=2I code=40 idx=0
04:09:10.730 [main] DEBUG org.rtklib.java.rtcm.Rtcm -- MSM sig[1] sigid=8 sigstr=6I code=42 idx=3
04:09:10.730 [main] DEBUG org.rtklib.java.rtcm.Rtcm -- MSM sig[2] sigid=23 sigstr=5P code=58 idx=2
04:09:10.730 [main] DEBUG org.rtklib.java.rtcm.Rtcm -- MSM sig[3] sigid=31 sigstr=1P code=2 idx=4
04:09:10.730 [main] DEBUG org.rtklib.java.rtcm.Rtcm -- MSM after sigindex: sig[0] code=40 idx=0
04:09:10.730 [main] DEBUG org.rtklib.java.rtcm.Rtcm -- MSM after sigindex: sig[1] code=42 idx=3
04:09:10.730 [main] DEBUG org.rtklib.java.rtcm.Rtcm -- MSM after sigindex: sig[2] code=58 idx=2
04:09:10.730 [main] DEBUG org.rtklib.java.rtcm.Rtcm -- MSM after sigindex: sig[3] code=2 idx=4
04:09:10.730 [main] DEBUG org.rtklib.java.rtcm.Rtcm -- RTCM3 decoded message type=1042, length=70
04:09:10.730 [main] DEBUG org.rtklib.java.rtcm.Rtcm -- RTCM3 decoded message type=1005, length=25
04:09:10.730 [main] DEBUG org.rtklib.java.rtcm.Rtcm -- RTCM3 decoded message type=1033, length=27
04:09:10.730 [main] DEBUG org.rtklib.java.rtcm.Rtcm -- RTCM3 decoded message type=1124, length=272
04:09:10.730 [main] DEBUG org.rtklib.java.rtcm.Rtcm -- MSM BDS TOW: raw=63634000, tow=63648.0
04:09:10.730 [main] DEBUG org.rtklib.java.rtcm.Rtcm -- MSM BDS after adjweek: time.time=1780854048, time.sec=0.0
04:09:10.730 [main] DEBUG org.rtklib.java.rtcm.Rtcm -- decode_msm_head: sys=32 staid=0 nsat=12 nsig=5 sync=0 iod=0 ncell=35
04:09:10.730 [main] DEBUG org.rtklib.java.rtcm.Rtcm -- MSM sig[0] sigid=2 sigstr=2I code=40 idx=0
04:09:10.730 [main] DEBUG org.rtklib.java.rtcm.Rtcm -- MSM sig[1] sigid=8 sigstr=6I code=42 idx=3
04:09:10.730 [main] DEBUG org.rtklib.java.rtcm.Rtcm -- MSM sig[2] sigid=14 sigstr=7I code=27 idx=1
04:09:10.730 [main] DEBUG org.rtklib.java.rtcm.Rtcm -- MSM sig[3] sigid=23 sigstr=5P code=58 idx=2
04:09:10.730 [main] DEBUG org.rtklib.java.rtcm.Rtcm -- MSM sig[4] sigid=31 sigstr=1P code=2 idx=4
04:09:10.730 [main] DEBUG org.rtklib.java.rtcm.Rtcm -- MSM after sigindex: sig[0] code=40 idx=0
04:09:10.730 [main] DEBUG org.rtklib.java.rtcm.Rtcm -- MSM after sigindex: sig[1] code=42 idx=3
04:09:10.730 [main] DEBUG org.rtklib.java.rtcm.Rtcm -- MSM after sigindex: sig[2] code=27 idx=1
04:09:10.730 [main] DEBUG org.rtklib.java.rtcm.Rtcm -- MSM after sigindex: sig[3] code=58 idx=2
04:09:10.730 [main] DEBUG org.rtklib.java.rtcm.Rtcm -- MSM after sigindex: sig[4] code=2 idx=4
04:09:10.730 [main] DEBUG org.rtklib.java.rtcm.Rtcm -- RTCM3 decoded message type=1042, length=70
04:09:10.730 [main] DEBUG org.rtklib.java.rtcm.Rtcm -- RTCM3 decoded message type=1005, length=25
04:09:10.730 [main] DEBUG org.rtklib.java.rtcm.Rtcm -- RTCM3 decoded message type=1033, length=27
04:09:10.730 [main] DEBUG org.rtklib.java.rtcm.Rtcm -- RTCM3 decoded message type=1124, length=266
04:09:10.730 [main] DEBUG org.rtklib.java.rtcm.Rtcm -- MSM BDS TOW: raw=63649000, tow=63663.0
04:09:10.730 [main] DEBUG org.rtklib.java.rtcm.Rtcm -- MSM BDS after adjweek: time.time=1780854063, time.sec=0.0
04:09:10.730 [main] DEBUG org.rtklib.java.rtcm.Rtcm -- decode_msm_head: sys=32 staid=0 nsat=12 nsig=5 sync=0 iod=0 ncell=34
04:09:10.730 [main] DEBUG org.rtklib.java.rtcm.Rtcm -- MSM sig[0] sigid=2 sigstr=2I code=40 idx=0
04:09:10.730 [main] DEBUG org.rtklib.java.rtcm.Rtcm -- MSM sig[1] sigid=8 sigstr=6I code=42 idx=3
04:09:10.730 [main] DEBUG org.rtklib.java.rtcm.Rtcm -- MSM sig[2] sigid=14 sigstr=7I code=27 idx=1
04:09:10.730 [main] DEBUG org.rtklib.java.rtcm.Rtcm -- MSM sig[3] sigid=23 sigstr=5P code=58 idx=2
04:09:10.730 [main] DEBUG org.rtklib.java.rtcm.Rtcm -- MSM sig[4] sigid=31 sigstr=1P code=2 idx=4
04:09:10.730 [main] DEBUG org.rtklib.java.rtcm.Rtcm -- MSM after sigindex: sig[0] code=40 idx=0
04:09:10.730 [main] DEBUG org.rtklib.java.rtcm.Rtcm -- MSM after sigindex: sig[1] code=42 idx=3
04:09:10.730 [main] DEBUG org.rtklib.java.rtcm.Rtcm -- MSM after sigindex: sig[2] code=27 idx=1
04:09:10.730 [main] DEBUG org.rtklib.java.rtcm.Rtcm -- MSM after sigindex: sig[3] code=58 idx=2
04:09:10.730 [main] DEBUG org.rtklib.java.rtcm.Rtcm -- MSM after sigindex: sig[4] code=2 idx=4
04:09:10.730 [main] DEBUG org.rtklib.java.rtcm.Rtcm -- RTCM3 decoded message type=1042, length=70
04:09:10.730 [main] DEBUG org.rtklib.java.rtcm.Rtcm -- RTCM3 decoded message type=1005, length=25
04:09:10.730 [main] DEBUG org.rtklib.java.rtcm.Rtcm -- RTCM3 decoded message type=1033, length=27
04:09:10.730 [main] DEBUG org.rtklib.java.rtcm.Rtcm -- RTCM3 decoded message type=1124, length=272
04:09:10.730 [main] DEBUG org.rtklib.java.rtcm.Rtcm -- MSM BDS TOW: raw=63664000, tow=63678.0
04:09:10.730 [main] DEBUG org.rtklib.java.rtcm.Rtcm -- MSM BDS after adjweek: time.time=1780854078, time.sec=0.0
04:09:10.730 [main] DEBUG org.rtklib.java.rtcm.Rtcm -- decode_msm_head: sys=32 staid=0 nsat=12 nsig=5 sync=0 iod=0 ncell=35
04:09:10.730 [main] DEBUG org.rtklib.java.rtcm.Rtcm -- MSM sig[0] sigid=2 sigstr=2I code=40 idx=0
04:09:10.730 [main] DEBUG org.rtklib.java.rtcm.Rtcm -- MSM sig[1] sigid=8 sigstr=6I code=42 idx=3
04:09:10.730 [main] DEBUG org.rtklib.java.rtcm.Rtcm -- MSM sig[2] sigid=14 sigstr=7I code=27 idx=1
04:09:10.730 [main] DEBUG org.rtklib.java.rtcm.Rtcm -- MSM sig[3] sigid=23 sigstr=5P code=58 idx=2
04:09:10.730 [main] DEBUG org.rtklib.java.rtcm.Rtcm -- MSM sig[4] sigid=31 sigstr=1P code=2 idx=4
04:09:10.730 [main] DEBUG org.rtklib.java.rtcm.Rtcm -- MSM after sigindex: sig[0] code=40 idx=0
04:09:10.730 [main] DEBUG org.rtklib.java.rtcm.Rtcm -- MSM after sigindex: sig[1] code=42 idx=3
04:09:10.730 [main] DEBUG org.rtklib.java.rtcm.Rtcm -- MSM after sigindex: sig[2] code=27 idx=1
04:09:10.730 [main] DEBUG org.rtklib.java.rtcm.Rtcm -- MSM after sigindex: sig[3] code=58 idx=2
04:09:10.730 [main] DEBUG org.rtklib.java.rtcm.Rtcm -- MSM after sigindex: sig[4] code=2 idx=4
04:09:10.730 [main] DEBUG org.rtklib.java.rtcm.Rtcm -- RTCM3 decoded message type=1042, length=70
04:09:10.730 [main] DEBUG org.rtklib.java.rtcm.Rtcm -- RTCM3 decoded message type=1005, length=25
04:09:10.730 [main] DEBUG org.rtklib.java.rtcm.Rtcm -- RTCM3 decoded message type=1033, length=27
04:09:10.730 [main] DEBUG org.rtklib.java.rtcm.Rtcm -- RTCM3 decoded message type=1124, length=266
04:09:10.730 [main] DEBUG org.rtklib.java.rtcm.Rtcm -- MSM BDS TOW: raw=63679000, tow=63693.0
04:09:10.730 [main] DEBUG org.rtklib.java.rtcm.Rtcm -- MSM BDS after adjweek: time.time=1780854093, time.sec=0.0
04:09:10.730 [main] DEBUG org.rtklib.java.rtcm.Rtcm -- decode_msm_head: sys=32 staid=0 nsat=12 nsig=5 sync=0 iod=0 ncell=34
04:09:10.730 [main] DEBUG org.rtklib.java.rtcm.Rtcm -- MSM sig[0] sigid=2 sigstr=2I code=40 idx=0
04:09:10.730 [main] DEBUG org.rtklib.java.rtcm.Rtcm -- MSM sig[1] sigid=8 sigstr=6I code=42 idx=3
04:09:10.730 [main] DEBUG org.rtklib.java.rtcm.Rtcm -- MSM sig[2] sigid=14 sigstr=7I code=27 idx=1
04:09:10.730 [main] DEBUG org.rtklib.java.rtcm.Rtcm -- MSM sig[3] sigid=23 sigstr=5P code=58 idx=2
04:09:10.730 [main] DEBUG org.rtklib.java.rtcm.Rtcm -- MSM sig[4] sigid=31 sigstr=1P code=2 idx=4
04:09:10.730 [main] DEBUG org.rtklib.java.rtcm.Rtcm -- MSM after sigindex: sig[0] code=40 idx=0
04:09:10.730 [main] DEBUG org.rtklib.java.rtcm.Rtcm -- MSM after sigindex: sig[1] code=42 idx=3
04:09:10.730 [main] DEBUG org.rtklib.java.rtcm.Rtcm -- MSM after sigindex: sig[2] code=27 idx=1
04:09:10.730 [main] DEBUG org.rtklib.java.rtcm.Rtcm -- MSM after sigindex: sig[3] code=58 idx=2
04:09:10.730 [main] DEBUG org.rtklib.java.rtcm.Rtcm -- MSM after sigindex: sig[4] code=2 idx=4
04:09:10.730 [main] DEBUG org.rtklib.java.rtcm.Rtcm -- RTCM3 decoded message type=1042, length=70
04:09:10.730 [main] DEBUG org.rtklib.java.rtcm.Rtcm -- RTCM3 decoded message type=1005, length=25
04:09:10.730 [main] DEBUG org.rtklib.java.rtcm.Rtcm -- RTCM3 decoded message type=1033, length=27
04:09:10.730 [main] DEBUG org.rtklib.java.rtcm.Rtcm -- RTCM3 decoded message type=1124, length=266
04:09:10.730 [main] DEBUG org.rtklib.java.rtcm.Rtcm -- MSM BDS TOW: raw=63694000, tow=63708.0
04:09:10.730 [main] DEBUG org.rtklib.java.rtcm.Rtcm -- MSM BDS after adjweek: time.time=1780854108, time.sec=0.0
04:09:10.730 [main] DEBUG org.rtklib.java.rtcm.Rtcm -- decode_msm_head: sys=32 staid=0 nsat=12 nsig=5 sync=0 iod=0 ncell=34
04:09:10.730 [main] DEBUG org.rtklib.java.rtcm.Rtcm -- MSM sig[0] sigid=2 sigstr=2I code=40 idx=0
04:09:10.730 [main] DEBUG org.rtklib.java.rtcm.Rtcm -- MSM sig[1] sigid=8 sigstr=6I code=42 idx=3
04:09:10.730 [main] DEBUG org.rtklib.java.rtcm.Rtcm -- MSM sig[2] sigid=14 sigstr=7I code=27 idx=1
04:09:10.730 [main] DEBUG org.rtklib.java.rtcm.Rtcm -- MSM sig[3] sigid=23 sigstr=5P code=58 idx=2
04:09:10.730 [main] DEBUG org.rtklib.java.rtcm.Rtcm -- MSM sig[4] sigid=31 sigstr=1P code=2 idx=4
04:09:10.730 [main] DEBUG org.rtklib.java.rtcm.Rtcm -- MSM after sigindex: sig[0] code=40 idx=0
04:09:10.730 [main] DEBUG org.rtklib.java.rtcm.Rtcm -- MSM after sigindex: sig[1] code=42 idx=3
04:09:10.730 [main] DEBUG org.rtklib.java.rtcm.Rtcm -- MSM after sigindex: sig[2] code=27 idx=1
04:09:10.730 [main] DEBUG org.rtklib.java.rtcm.Rtcm -- MSM after sigindex: sig[3] code=58 idx=2
04:09:10.730 [main] DEBUG org.rtklib.java.rtcm.Rtcm -- MSM after sigindex: sig[4] code=2 idx=4
04:09:10.731 [main] DEBUG org.rtklib.java.rtcm.Rtcm -- RTCM3 decoded message type=1042, length=70
04:09:10.731 [main] DEBUG org.rtklib.java.rtcm.Rtcm -- RTCM3 decoded message type=1005, length=25
04:09:10.731 [main] DEBUG org.rtklib.java.rtcm.Rtcm -- RTCM3 decoded message type=1033, length=27
04:09:10.731 [main] DEBUG org.rtklib.java.rtcm.Rtcm -- RTCM3 decoded message type=1124, length=266
04:09:10.731 [main] DEBUG org.rtklib.java.rtcm.Rtcm -- MSM BDS TOW: raw=63709000, tow=63723.0
04:09:10.731 [main] DEBUG org.rtklib.java.rtcm.Rtcm -- MSM BDS after adjweek: time.time=1780854123, time.sec=0.0
04:09:10.731 [main] DEBUG org.rtklib.java.rtcm.Rtcm -- decode_msm_head: sys=32 staid=0 nsat=12 nsig=5 sync=0 iod=0 ncell=34
04:09:10.731 [main] DEBUG org.rtklib.java.rtcm.Rtcm -- MSM sig[0] sigid=2 sigstr=2I code=40 idx=0
04:09:10.731 [main] DEBUG org.rtklib.java.rtcm.Rtcm -- MSM sig[1] sigid=8 sigstr=6I code=42 idx=3
04:09:10.731 [main] DEBUG org.rtklib.java.rtcm.Rtcm -- MSM sig[2] sigid=14 sigstr=7I code=27 idx=1
04:09:10.731 [main] DEBUG org.rtklib.java.rtcm.Rtcm -- MSM sig[3] sigid=23 sigstr=5P code=58 idx=2
04:09:10.731 [main] DEBUG org.rtklib.java.rtcm.Rtcm -- MSM sig[4] sigid=31 sigstr=1P code=2 idx=4
04:09:10.731 [main] DEBUG org.rtklib.java.rtcm.Rtcm -- MSM after sigindex: sig[0] code=40 idx=0
04:09:10.731 [main] DEBUG org.rtklib.java.rtcm.Rtcm -- MSM after sigindex: sig[1] code=42 idx=3
04:09:10.731 [main] DEBUG org.rtklib.java.rtcm.Rtcm -- MSM after sigindex: sig[2] code=27 idx=1
04:09:10.731 [main] DEBUG org.rtklib.java.rtcm.Rtcm -- MSM after sigindex: sig[3] code=58 idx=2
04:09:10.731 [main] DEBUG org.rtklib.java.rtcm.Rtcm -- MSM after sigindex: sig[4] code=2 idx=4
04:09:10.731 [main] DEBUG org.rtklib.java.rtcm.Rtcm -- RTCM3 decoded message type=1042, length=70
04:09:10.731 [main] DEBUG org.rtklib.java.rtcm.Rtcm -- RTCM3 decoded message type=1005, length=25
04:09:10.731 [main] DEBUG org.rtklib.java.rtcm.Rtcm -- RTCM3 decoded message type=1033, length=27
04:09:10.731 [main] DEBUG org.rtklib.java.rtcm.Rtcm -- RTCM3 decoded message type=1124, length=266
04:09:10.731 [main] DEBUG org.rtklib.java.rtcm.Rtcm -- MSM BDS TOW: raw=63724000, tow=63738.0
04:09:10.731 [main] DEBUG org.rtklib.java.rtcm.Rtcm -- MSM BDS after adjweek: time.time=1780854138, time.sec=0.0
04:09:10.731 [main] DEBUG org.rtklib.java.rtcm.Rtcm -- decode_msm_head: sys=32 staid=0 nsat=12 nsig=5 sync=0 iod=0 ncell=34
04:09:10.731 [main] DEBUG org.rtklib.java.rtcm.Rtcm -- MSM sig[0] sigid=2 sigstr=2I code=40 idx=0
04:09:10.731 [main] DEBUG org.rtklib.java.rtcm.Rtcm -- MSM sig[1] sigid=8 sigstr=6I code=42 idx=3
04:09:10.731 [main] DEBUG org.rtklib.java.rtcm.Rtcm -- MSM sig[2] sigid=14 sigstr=7I code=27 idx=1
04:09:10.731 [main] DEBUG org.rtklib.java.rtcm.Rtcm -- MSM sig[3] sigid=23 sigstr=5P code=58 idx=2
04:09:10.731 [main] DEBUG org.rtklib.java.rtcm.Rtcm -- MSM sig[4] sigid=31 sigstr=1P code=2 idx=4
04:09:10.731 [main] DEBUG org.rtklib.java.rtcm.Rtcm -- MSM after sigindex: sig[0] code=40 idx=0
04:09:10.731 [main] DEBUG org.rtklib.java.rtcm.Rtcm -- MSM after sigindex: sig[1] code=42 idx=3
04:09:10.731 [main] DEBUG org.rtklib.java.rtcm.Rtcm -- MSM after sigindex: sig[2] code=27 idx=1
04:09:10.731 [main] DEBUG org.rtklib.java.rtcm.Rtcm -- MSM after sigindex: sig[3] code=58 idx=2
04:09:10.731 [main] DEBUG org.rtklib.java.rtcm.Rtcm -- MSM after sigindex: sig[4] code=2 idx=4
04:09:10.731 [main] DEBUG org.rtklib.java.rtcm.Rtcm -- RTCM3 decoded message type=1042, length=70
04:09:10.731 [main] DEBUG org.rtklib.java.rtcm.Rtcm -- RTCM3 decoded message type=1005, length=25
04:09:10.731 [main] DEBUG org.rtklib.java.rtcm.Rtcm -- RTCM3 decoded message type=1033, length=27
04:09:10.731 [main] DEBUG org.rtklib.java.rtcm.Rtcm -- RTCM3 decoded message type=1124, length=259
04:09:10.731 [main] DEBUG org.rtklib.java.rtcm.Rtcm -- MSM BDS TOW: raw=63739000, tow=63753.0
04:09:10.731 [main] DEBUG org.rtklib.java.rtcm.Rtcm -- MSM BDS after adjweek: time.time=1780854153, time.sec=0.0
04:09:10.731 [main] DEBUG org.rtklib.java.rtcm.Rtcm -- decode_msm_head: sys=32 staid=0 nsat=12 nsig=4 sync=0 iod=0 ncell=33
04:09:10.731 [main] DEBUG org.rtklib.java.rtcm.Rtcm -- MSM sig[0] sigid=2 sigstr=2I code=40 idx=0
04:09:10.731 [main] DEBUG org.rtklib.java.rtcm.Rtcm -- MSM sig[1] sigid=8 sigstr=6I code=42 idx=3
04:09:10.731 [main] DEBUG org.rtklib.java.rtcm.Rtcm -- MSM sig[2] sigid=23 sigstr=5P code=58 idx=2
04:09:10.731 [main] DEBUG org.rtklib.java.rtcm.Rtcm -- MSM sig[3] sigid=31 sigstr=1P code=2 idx=4
04:09:10.731 [main] DEBUG org.rtklib.java.rtcm.Rtcm -- MSM after sigindex: sig[0] code=40 idx=0
04:09:10.731 [main] DEBUG org.rtklib.java.rtcm.Rtcm -- MSM after sigindex: sig[1] code=42 idx=3
04:09:10.731 [main] DEBUG org.rtklib.java.rtcm.Rtcm -- MSM after sigindex: sig[2] code=58 idx=2
04:09:10.731 [main] DEBUG org.rtklib.java.rtcm.Rtcm -- MSM after sigindex: sig[3] code=2 idx=4
04:09:10.731 [main] DEBUG org.rtklib.java.rtcm.Rtcm -- RTCM3 decoded message type=1042, length=70
04:09:10.731 [main] DEBUG org.rtklib.java.rtcm.Rtcm -- RTCM3 decoded message type=1005, length=25
04:09:10.731 [main] DEBUG org.rtklib.java.rtcm.Rtcm -- RTCM3 decoded message type=1033, length=27
04:09:10.731 [main] DEBUG org.rtklib.java.rtcm.Rtcm -- RTCM3 decoded message type=1124, length=253
04:09:10.731 [main] DEBUG org.rtklib.java.rtcm.Rtcm -- MSM BDS TOW: raw=63754000, tow=63768.0
04:09:10.731 [main] DEBUG org.rtklib.java.rtcm.Rtcm -- MSM BDS after adjweek: time.time=1780854168, time.sec=0.0
04:09:10.731 [main] DEBUG org.rtklib.java.rtcm.Rtcm -- decode_msm_head: sys=32 staid=0 nsat=12 nsig=4 sync=0 iod=0 ncell=32
04:09:10.731 [main] DEBUG org.rtklib.java.rtcm.Rtcm -- MSM sig[0] sigid=2 sigstr=2I code=40 idx=0
04:09:10.731 [main] DEBUG org.rtklib.java.rtcm.Rtcm -- MSM sig[1] sigid=8 sigstr=6I code=42 idx=3
04:09:10.731 [main] DEBUG org.rtklib.java.rtcm.Rtcm -- MSM sig[2] sigid=23 sigstr=5P code=58 idx=2
04:09:10.731 [main] DEBUG org.rtklib.java.rtcm.Rtcm -- MSM sig[3] sigid=31 sigstr=1P code=2 idx=4
04:09:10.731 [main] DEBUG org.rtklib.java.rtcm.Rtcm -- MSM after sigindex: sig[0] code=40 idx=0
04:09:10.731 [main] DEBUG org.rtklib.java.rtcm.Rtcm -- MSM after sigindex: sig[1] code=42 idx=3
04:09:10.731 [main] DEBUG org.rtklib.java.rtcm.Rtcm -- MSM after sigindex: sig[2] code=58 idx=2
04:09:10.731 [main] DEBUG org.rtklib.java.rtcm.Rtcm -- MSM after sigindex: sig[3] code=2 idx=4
04:09:10.731 [main] DEBUG org.rtklib.java.rtcm.Rtcm -- RTCM3 decoded message type=1042, length=70
04:09:10.731 [main] DEBUG org.rtklib.java.rtcm.Rtcm -- RTCM3 decoded message type=1005, length=25
04:09:10.731 [main] DEBUG org.rtklib.java.rtcm.Rtcm -- RTCM3 decoded message type=1033, length=27
04:09:10.731 [main] DEBUG org.rtklib.java.rtcm.Rtcm -- RTCM3 decoded message type=1124, length=253
04:09:10.731 [main] DEBUG org.rtklib.java.rtcm.Rtcm -- MSM BDS TOW: raw=63769000, tow=63783.0
04:09:10.731 [main] DEBUG org.rtklib.java.rtcm.Rtcm -- MSM BDS after adjweek: time.time=1780854183, time.sec=0.0
04:09:10.731 [main] DEBUG org.rtklib.java.rtcm.Rtcm -- decode_msm_head: sys=32 staid=0 nsat=12 nsig=4 sync=0 iod=0 ncell=32
04:09:10.731 [main] DEBUG org.rtklib.java.rtcm.Rtcm -- MSM sig[0] sigid=2 sigstr=2I code=40 idx=0
04:09:10.731 [main] DEBUG org.rtklib.java.rtcm.Rtcm -- MSM sig[1] sigid=8 sigstr=6I code=42 idx=3
04:09:10.731 [main] DEBUG org.rtklib.java.rtcm.Rtcm -- MSM sig[2] sigid=23 sigstr=5P code=58 idx=2
04:09:10.731 [main] DEBUG org.rtklib.java.rtcm.Rtcm -- MSM sig[3] sigid=31 sigstr=1P code=2 idx=4
04:09:10.731 [main] DEBUG org.rtklib.java.rtcm.Rtcm -- MSM after sigindex: sig[0] code=40 idx=0
04:09:10.731 [main] DEBUG org.rtklib.java.rtcm.Rtcm -- MSM after sigindex: sig[1] code=42 idx=3
04:09:10.731 [main] DEBUG org.rtklib.java.rtcm.Rtcm -- MSM after sigindex: sig[2] code=58 idx=2
04:09:10.731 [main] DEBUG org.rtklib.java.rtcm.Rtcm -- MSM after sigindex: sig[3] code=2 idx=4
04:09:10.731 [main] DEBUG org.rtklib.java.rtcm.Rtcm -- RTCM3 decoded message type=1042, length=70
04:09:10.731 [main] DEBUG org.rtklib.java.rtcm.Rtcm -- RTCM3 decoded message type=1005, length=25
04:09:10.731 [main] DEBUG org.rtklib.java.rtcm.Rtcm -- RTCM3 decoded message type=1033, length=27
04:09:10.731 [main] DEBUG org.rtklib.java.rtcm.Rtcm -- RTCM3 decoded message type=1124, length=259
04:09:10.731 [main] DEBUG org.rtklib.java.rtcm.Rtcm -- MSM BDS TOW: raw=63784000, tow=63798.0
04:09:10.731 [main] DEBUG org.rtklib.java.rtcm.Rtcm -- MSM BDS after adjweek: time.time=1780854198, time.sec=0.0
04:09:10.731 [main] DEBUG org.rtklib.java.rtcm.Rtcm -- decode_msm_head: sys=32 staid=0 nsat=12 nsig=4 sync=0 iod=0 ncell=33
04:09:10.731 [main] DEBUG org.rtklib.java.rtcm.Rtcm -- MSM sig[0] sigid=2 sigstr=2I code=40 idx=0
04:09:10.731 [main] DEBUG org.rtklib.java.rtcm.Rtcm -- MSM sig[1] sigid=8 sigstr=6I code=42 idx=3
04:09:10.731 [main] DEBUG org.rtklib.java.rtcm.Rtcm -- MSM sig[2] sigid=23 sigstr=5P code=58 idx=2
04:09:10.731 [main] DEBUG org.rtklib.java.rtcm.Rtcm -- MSM sig[3] sigid=31 sigstr=1P code=2 idx=4
04:09:10.731 [main] DEBUG org.rtklib.java.rtcm.Rtcm -- MSM after sigindex: sig[0] code=40 idx=0
04:09:10.731 [main] DEBUG org.rtklib.java.rtcm.Rtcm -- MSM after sigindex: sig[1] code=42 idx=3
04:09:10.731 [main] DEBUG org.rtklib.java.rtcm.Rtcm -- MSM after sigindex: sig[2] code=58 idx=2
04:09:10.731 [main] DEBUG org.rtklib.java.rtcm.Rtcm -- MSM after sigindex: sig[3] code=2 idx=4
04:09:10.731 [main] DEBUG org.rtklib.java.rtcm.Rtcm -- RTCM3 decoded message type=1042, length=70
04:09:10.731 [main] DEBUG org.rtklib.java.rtcm.Rtcm -- RTCM3 decoded message type=1005, length=25
04:09:10.731 [main] DEBUG org.rtklib.java.rtcm.Rtcm -- RTCM3 decoded message type=1033, length=27
04:09:10.731 [main] DEBUG org.rtklib.java.rtcm.Rtcm -- RTCM3 decoded message type=1124, length=259
04:09:10.731 [main] DEBUG org.rtklib.java.rtcm.Rtcm -- MSM BDS TOW: raw=63799000, tow=63813.0
04:09:10.731 [main] DEBUG org.rtklib.java.rtcm.Rtcm -- MSM BDS after adjweek: time.time=1780854213, time.sec=0.0
04:09:10.731 [main] DEBUG org.rtklib.java.rtcm.Rtcm -- decode_msm_head: sys=32 staid=0 nsat=12 nsig=4 sync=0 iod=0 ncell=33
04:09:10.731 [main] DEBUG org.rtklib.java.rtcm.Rtcm -- MSM sig[0] sigid=2 sigstr=2I code=40 idx=0
04:09:10.731 [main] DEBUG org.rtklib.java.rtcm.Rtcm -- MSM sig[1] sigid=8 sigstr=6I code=42 idx=3
04:09:10.731 [main] DEBUG org.rtklib.java.rtcm.Rtcm -- MSM sig[2] sigid=23 sigstr=5P code=58 idx=2
04:09:10.731 [main] DEBUG org.rtklib.java.rtcm.Rtcm -- MSM sig[3] sigid=31 sigstr=1P code=2 idx=4
04:09:10.731 [main] DEBUG org.rtklib.java.rtcm.Rtcm -- MSM after sigindex: sig[0] code=40 idx=0
04:09:10.731 [main] DEBUG org.rtklib.java.rtcm.Rtcm -- MSM after sigindex: sig[1] code=42 idx=3
04:09:10.731 [main] DEBUG org.rtklib.java.rtcm.Rtcm -- MSM after sigindex: sig[2] code=58 idx=2
04:09:10.731 [main] DEBUG org.rtklib.java.rtcm.Rtcm -- MSM after sigindex: sig[3] code=2 idx=4
04:09:10.731 [main] DEBUG org.rtklib.java.rtcm.Rtcm -- RTCM3 decoded message type=1042, length=70
04:09:10.731 [main] DEBUG org.rtklib.java.rtcm.Rtcm -- RTCM3 decoded message type=1005, length=25
04:09:10.731 [main] DEBUG org.rtklib.java.rtcm.Rtcm -- RTCM3 decoded message type=1033, length=27
04:09:10.731 [main] DEBUG org.rtklib.java.rtcm.Rtcm -- RTCM3 decoded message type=1124, length=259
04:09:10.731 [main] DEBUG org.rtklib.java.rtcm.Rtcm -- MSM BDS TOW: raw=63814000, tow=63828.0
04:09:10.731 [main] DEBUG org.rtklib.java.rtcm.Rtcm -- MSM BDS after adjweek: time.time=1780854228, time.sec=0.0
04:09:10.731 [main] DEBUG org.rtklib.java.rtcm.Rtcm -- decode_msm_head: sys=32 staid=0 nsat=12 nsig=4 sync=0 iod=0 ncell=33
04:09:10.731 [main] DEBUG org.rtklib.java.rtcm.Rtcm -- MSM sig[0] sigid=2 sigstr=2I code=40 idx=0
04:09:10.731 [main] DEBUG org.rtklib.java.rtcm.Rtcm -- MSM sig[1] sigid=8 sigstr=6I code=42 idx=3
04:09:10.731 [main] DEBUG org.rtklib.java.rtcm.Rtcm -- MSM sig[2] sigid=23 sigstr=5P code=58 idx=2
04:09:10.731 [main] DEBUG org.rtklib.java.rtcm.Rtcm -- MSM sig[3] sigid=31 sigstr=1P code=2 idx=4
04:09:10.731 [main] DEBUG org.rtklib.java.rtcm.Rtcm -- MSM after sigindex: sig[0] code=40 idx=0
04:09:10.731 [main] DEBUG org.rtklib.java.rtcm.Rtcm -- MSM after sigindex: sig[1] code=42 idx=3
04:09:10.731 [main] DEBUG org.rtklib.java.rtcm.Rtcm -- MSM after sigindex: sig[2] code=58 idx=2
04:09:10.731 [main] DEBUG org.rtklib.java.rtcm.Rtcm -- MSM after sigindex: sig[3] code=2 idx=4
04:09:10.731 [main] DEBUG org.rtklib.java.rtcm.Rtcm -- RTCM3 decoded message type=1042, length=70
04:09:10.731 [main] DEBUG org.rtklib.java.rtcm.Rtcm -- RTCM3 decoded message type=1005, length=25
04:09:10.731 [main] DEBUG org.rtklib.java.rtcm.Rtcm -- RTCM3 decoded message type=1033, length=27
04:09:10.731 [main] DEBUG org.rtklib.java.rtcm.Rtcm -- RTCM3 decoded message type=1124, length=253
04:09:10.731 [main] DEBUG org.rtklib.java.rtcm.Rtcm -- MSM BDS TOW: raw=63829000, tow=63843.0
04:09:10.731 [main] DEBUG org.rtklib.java.rtcm.Rtcm -- MSM BDS after adjweek: time.time=1780854243, time.sec=0.0
04:09:10.731 [main] DEBUG org.rtklib.java.rtcm.Rtcm -- decode_msm_head: sys=32 staid=0 nsat=12 nsig=4 sync=0 iod=0 ncell=32
04:09:10.731 [main] DEBUG org.rtklib.java.rtcm.Rtcm -- MSM sig[0] sigid=2 sigstr=2I code=40 idx=0
04:09:10.731 [main] DEBUG org.rtklib.java.rtcm.Rtcm -- MSM sig[1] sigid=8 sigstr=6I code=42 idx=3
04:09:10.731 [main] DEBUG org.rtklib.java.rtcm.Rtcm -- MSM sig[2] sigid=23 sigstr=5P code=58 idx=2
04:09:10.731 [main] DEBUG org.rtklib.java.rtcm.Rtcm -- MSM sig[3] sigid=31 sigstr=1P code=2 idx=4
04:09:10.731 [main] DEBUG org.rtklib.java.rtcm.Rtcm -- MSM after sigindex: sig[0] code=40 idx=0
04:09:10.731 [main] DEBUG org.rtklib.java.rtcm.Rtcm -- MSM after sigindex: sig[1] code=42 idx=3
04:09:10.731 [main] DEBUG org.rtklib.java.rtcm.Rtcm -- MSM after sigindex: sig[2] code=58 idx=2
04:09:10.731 [main] DEBUG org.rtklib.java.rtcm.Rtcm -- MSM after sigindex: sig[3] code=2 idx=4
04:09:10.731 [main] DEBUG org.rtklib.java.rtcm.Rtcm -- RTCM3 decoded message type=1042, length=70
04:09:10.732 [main] DEBUG org.rtklib.java.rtcm.Rtcm -- RTCM3 decoded message type=1005, length=25
04:09:10.732 [main] DEBUG org.rtklib.java.rtcm.Rtcm -- RTCM3 decoded message type=1033, length=27
04:09:10.732 [main] DEBUG org.rtklib.java.rtcm.Rtcm -- RTCM3 decoded message type=1124, length=266
04:09:10.732 [main] DEBUG org.rtklib.java.rtcm.Rtcm -- MSM BDS TOW: raw=63844000, tow=63858.0
04:09:10.732 [main] DEBUG org.rtklib.java.rtcm.Rtcm -- MSM BDS after adjweek: time.time=1780854258, time.sec=0.0
04:09:10.732 [main] DEBUG org.rtklib.java.rtcm.Rtcm -- decode_msm_head: sys=32 staid=0 nsat=12 nsig=5 sync=0 iod=0 ncell=34
04:09:10.732 [main] DEBUG org.rtklib.java.rtcm.Rtcm -- MSM sig[0] sigid=2 sigstr=2I code=40 idx=0
04:09:10.732 [main] DEBUG org.rtklib.java.rtcm.Rtcm -- MSM sig[1] sigid=8 sigstr=6I code=42 idx=3
04:09:10.732 [main] DEBUG org.rtklib.java.rtcm.Rtcm -- MSM sig[2] sigid=14 sigstr=7I code=27 idx=1
04:09:10.732 [main] DEBUG org.rtklib.java.rtcm.Rtcm -- MSM sig[3] sigid=23 sigstr=5P code=58 idx=2
04:09:10.732 [main] DEBUG org.rtklib.java.rtcm.Rtcm -- MSM sig[4] sigid=31 sigstr=1P code=2 idx=4
04:09:10.732 [main] DEBUG org.rtklib.java.rtcm.Rtcm -- MSM after sigindex: sig[0] code=40 idx=0
04:09:10.732 [main] DEBUG org.rtklib.java.rtcm.Rtcm -- MSM after sigindex: sig[1] code=42 idx=3
04:09:10.732 [main] DEBUG org.rtklib.java.rtcm.Rtcm -- MSM after sigindex: sig[2] code=27 idx=1
04:09:10.732 [main] DEBUG org.rtklib.java.rtcm.Rtcm -- MSM after sigindex: sig[3] code=58 idx=2
04:09:10.732 [main] DEBUG org.rtklib.java.rtcm.Rtcm -- MSM after sigindex: sig[4] code=2 idx=4
04:09:10.732 [main] DEBUG org.rtklib.java.rtcm.Rtcm -- RTCM3 decoded message type=1042, length=70
04:09:10.732 [main] DEBUG org.rtklib.java.rtcm.Rtcm -- RTCM3 decoded message type=1005, length=25
04:09:10.732 [main] DEBUG org.rtklib.java.rtcm.Rtcm -- RTCM3 decoded message type=1033, length=27
04:09:10.732 [main] DEBUG org.rtklib.java.rtcm.Rtcm -- RTCM3 decoded message type=1124, length=265
04:09:10.732 [main] DEBUG org.rtklib.java.rtcm.Rtcm -- MSM BDS TOW: raw=63859000, tow=63873.0
04:09:10.732 [main] DEBUG org.rtklib.java.rtcm.Rtcm -- MSM BDS after adjweek: time.time=1780854273, time.sec=0.0
04:09:10.732 [main] DEBUG org.rtklib.java.rtcm.Rtcm -- decode_msm_head: sys=32 staid=0 nsat=12 nsig=4 sync=0 iod=0 ncell=34
04:09:10.732 [main] DEBUG org.rtklib.java.rtcm.Rtcm -- MSM sig[0] sigid=2 sigstr=2I code=40 idx=0
04:09:10.732 [main] DEBUG org.rtklib.java.rtcm.Rtcm -- MSM sig[1] sigid=8 sigstr=6I code=42 idx=3
04:09:10.732 [main] DEBUG org.rtklib.java.rtcm.Rtcm -- MSM sig[2] sigid=23 sigstr=5P code=58 idx=2
04:09:10.732 [main] DEBUG org.rtklib.java.rtcm.Rtcm -- MSM sig[3] sigid=31 sigstr=1P code=2 idx=4
04:09:10.732 [main] DEBUG org.rtklib.java.rtcm.Rtcm -- MSM after sigindex: sig[0] code=40 idx=0
04:09:10.732 [main] DEBUG org.rtklib.java.rtcm.Rtcm -- MSM after sigindex: sig[1] code=42 idx=3
04:09:10.732 [main] DEBUG org.rtklib.java.rtcm.Rtcm -- MSM after sigindex: sig[2] code=58 idx=2
04:09:10.732 [main] DEBUG org.rtklib.java.rtcm.Rtcm -- MSM after sigindex: sig[3] code=2 idx=4
04:09:10.732 [main] DEBUG org.rtklib.java.rtcm.Rtcm -- RTCM3 decoded message type=1042, length=70
04:09:10.732 [main] DEBUG org.rtklib.java.rtcm.Rtcm -- RTCM3 decoded message type=1005, length=25
04:09:10.732 [main] DEBUG org.rtklib.java.rtcm.Rtcm -- RTCM3 decoded message type=1033, length=27
04:09:10.732 [main] DEBUG org.rtklib.java.rtcm.Rtcm -- RTCM3 decoded message type=1124, length=272
04:09:10.732 [main] DEBUG org.rtklib.java.rtcm.Rtcm -- MSM BDS TOW: raw=63874000, tow=63888.0
04:09:10.732 [main] DEBUG org.rtklib.java.rtcm.Rtcm -- MSM BDS after adjweek: time.time=1780854288, time.sec=0.0
04:09:10.732 [main] DEBUG org.rtklib.java.rtcm.Rtcm -- decode_msm_head: sys=32 staid=0 nsat=12 nsig=5 sync=0 iod=0 ncell=35
04:09:10.732 [main] DEBUG org.rtklib.java.rtcm.Rtcm -- MSM sig[0] sigid=2 sigstr=2I code=40 idx=0
04:09:10.732 [main] DEBUG org.rtklib.java.rtcm.Rtcm -- MSM sig[1] sigid=8 sigstr=6I code=42 idx=3
04:09:10.732 [main] DEBUG org.rtklib.java.rtcm.Rtcm -- MSM sig[2] sigid=14 sigstr=7I code=27 idx=1
04:09:10.732 [main] DEBUG org.rtklib.java.rtcm.Rtcm -- MSM sig[3] sigid=23 sigstr=5P code=58 idx=2
04:09:10.732 [main] DEBUG org.rtklib.java.rtcm.Rtcm -- MSM sig[4] sigid=31 sigstr=1P code=2 idx=4
04:09:10.732 [main] DEBUG org.rtklib.java.rtcm.Rtcm -- MSM after sigindex: sig[0] code=40 idx=0
04:09:10.732 [main] DEBUG org.rtklib.java.rtcm.Rtcm -- MSM after sigindex: sig[1] code=42 idx=3
04:09:10.732 [main] DEBUG org.rtklib.java.rtcm.Rtcm -- MSM after sigindex: sig[2] code=27 idx=1
04:09:10.732 [main] DEBUG org.rtklib.java.rtcm.Rtcm -- MSM after sigindex: sig[3] code=58 idx=2
04:09:10.732 [main] DEBUG org.rtklib.java.rtcm.Rtcm -- MSM after sigindex: sig[4] code=2 idx=4
04:09:10.732 [main] DEBUG org.rtklib.java.rtcm.Rtcm -- RTCM3 decoded message type=1042, length=70
04:09:10.732 [main] DEBUG org.rtklib.java.rtcm.Rtcm -- RTCM3 decoded message type=1005, length=25
04:09:10.732 [main] DEBUG org.rtklib.java.rtcm.Rtcm -- RTCM3 decoded message type=1033, length=27
04:09:10.732 [main] DEBUG org.rtklib.java.rtcm.Rtcm -- RTCM3 decoded message type=1124, length=272
04:09:10.732 [main] DEBUG org.rtklib.java.rtcm.Rtcm -- MSM BDS TOW: raw=63889000, tow=63903.0
04:09:10.732 [main] DEBUG org.rtklib.java.rtcm.Rtcm -- MSM BDS after adjweek: time.time=1780854303, time.sec=0.0
04:09:10.732 [main] DEBUG org.rtklib.java.rtcm.Rtcm -- decode_msm_head: sys=32 staid=0 nsat=12 nsig=5 sync=0 iod=0 ncell=35
04:09:10.732 [main] DEBUG org.rtklib.java.rtcm.Rtcm -- MSM sig[0] sigid=2 sigstr=2I code=40 idx=0
04:09:10.732 [main] DEBUG org.rtklib.java.rtcm.Rtcm -- MSM sig[1] sigid=8 sigstr=6I code=42 idx=3
04:09:10.732 [main] DEBUG org.rtklib.java.rtcm.Rtcm -- MSM sig[2] sigid=14 sigstr=7I code=27 idx=1
04:09:10.732 [main] DEBUG org.rtklib.java.rtcm.Rtcm -- MSM sig[3] sigid=23 sigstr=5P code=58 idx=2
04:09:10.732 [main] DEBUG org.rtklib.java.rtcm.Rtcm -- MSM sig[4] sigid=31 sigstr=1P code=2 idx=4
04:09:10.732 [main] DEBUG org.rtklib.java.rtcm.Rtcm -- MSM after sigindex: sig[0] code=40 idx=0
04:09:10.732 [main] DEBUG org.rtklib.java.rtcm.Rtcm -- MSM after sigindex: sig[1] code=42 idx=3
04:09:10.732 [main] DEBUG org.rtklib.java.rtcm.Rtcm -- MSM after sigindex: sig[2] code=27 idx=1
04:09:10.732 [main] DEBUG org.rtklib.java.rtcm.Rtcm -- MSM after sigindex: sig[3] code=58 idx=2
04:09:10.732 [main] DEBUG org.rtklib.java.rtcm.Rtcm -- MSM after sigindex: sig[4] code=2 idx=4
04:09:10.732 [main] DEBUG org.rtklib.java.rtcm.Rtcm -- RTCM3 decoded message type=1042, length=70
04:09:10.732 [main] DEBUG org.rtklib.java.rtcm.Rtcm -- RTCM3 decoded message type=1005, length=25
04:09:10.732 [main] DEBUG org.rtklib.java.rtcm.Rtcm -- RTCM3 decoded message type=1033, length=27
04:09:10.732 [main] DEBUG org.rtklib.java.rtcm.Rtcm -- RTCM3 decoded message type=1124, length=259
04:09:10.732 [main] DEBUG org.rtklib.java.rtcm.Rtcm -- MSM BDS TOW: raw=63904000, tow=63918.0
04:09:10.732 [main] DEBUG org.rtklib.java.rtcm.Rtcm -- MSM BDS after adjweek: time.time=1780854318, time.sec=0.0
04:09:10.732 [main] DEBUG org.rtklib.java.rtcm.Rtcm -- decode_msm_head: sys=32 staid=0 nsat=12 nsig=4 sync=0 iod=0 ncell=33
04:09:10.732 [main] DEBUG org.rtklib.java.rtcm.Rtcm -- MSM sig[0] sigid=2 sigstr=2I code=40 idx=0
04:09:10.732 [main] DEBUG org.rtklib.java.rtcm.Rtcm -- MSM sig[1] sigid=8 sigstr=6I code=42 idx=3
04:09:10.732 [main] DEBUG org.rtklib.java.rtcm.Rtcm -- MSM sig[2] sigid=23 sigstr=5P code=58 idx=2
04:09:10.732 [main] DEBUG org.rtklib.java.rtcm.Rtcm -- MSM sig[3] sigid=31 sigstr=1P code=2 idx=4
04:09:10.732 [main] DEBUG org.rtklib.java.rtcm.Rtcm -- MSM after sigindex: sig[0] code=40 idx=0
04:09:10.732 [main] DEBUG org.rtklib.java.rtcm.Rtcm -- MSM after sigindex: sig[1] code=42 idx=3
04:09:10.732 [main] DEBUG org.rtklib.java.rtcm.Rtcm -- MSM after sigindex: sig[2] code=58 idx=2
04:09:10.732 [main] DEBUG org.rtklib.java.rtcm.Rtcm -- MSM after sigindex: sig[3] code=2 idx=4
04:09:10.732 [main] DEBUG org.rtklib.java.rtcm.Rtcm -- RTCM3 decoded message type=1042, length=70
04:09:10.732 [main] DEBUG org.rtklib.java.rtcm.Rtcm -- RTCM3 decoded message type=1005, length=25
04:09:10.732 [main] DEBUG org.rtklib.java.rtcm.Rtcm -- RTCM3 decoded message type=1033, length=27
04:09:10.732 [main] DEBUG org.rtklib.java.rtcm.Rtcm -- RTCM3 decoded message type=1124, length=260
04:09:10.732 [main] DEBUG org.rtklib.java.rtcm.Rtcm -- MSM BDS TOW: raw=63919000, tow=63933.0
04:09:10.732 [main] DEBUG org.rtklib.java.rtcm.Rtcm -- MSM BDS after adjweek: time.time=1780854333, time.sec=0.0
04:09:10.732 [main] DEBUG org.rtklib.java.rtcm.Rtcm -- decode_msm_head: sys=32 staid=0 nsat=12 nsig=5 sync=0 iod=0 ncell=33
04:09:10.732 [main] DEBUG org.rtklib.java.rtcm.Rtcm -- MSM sig[0] sigid=2 sigstr=2I code=40 idx=0
04:09:10.732 [main] DEBUG org.rtklib.java.rtcm.Rtcm -- MSM sig[1] sigid=8 sigstr=6I code=42 idx=3
04:09:10.732 [main] DEBUG org.rtklib.java.rtcm.Rtcm -- MSM sig[2] sigid=14 sigstr=7I code=27 idx=1
04:09:10.732 [main] DEBUG org.rtklib.java.rtcm.Rtcm -- MSM sig[3] sigid=23 sigstr=5P code=58 idx=2
04:09:10.732 [main] DEBUG org.rtklib.java.rtcm.Rtcm -- MSM sig[4] sigid=31 sigstr=1P code=2 idx=4
04:09:10.732 [main] DEBUG org.rtklib.java.rtcm.Rtcm -- MSM after sigindex: sig[0] code=40 idx=0
04:09:10.732 [main] DEBUG org.rtklib.java.rtcm.Rtcm -- MSM after sigindex: sig[1] code=42 idx=3
04:09:10.732 [main] DEBUG org.rtklib.java.rtcm.Rtcm -- MSM after sigindex: sig[2] code=27 idx=1
04:09:10.732 [main] DEBUG org.rtklib.java.rtcm.Rtcm -- MSM after sigindex: sig[3] code=58 idx=2
04:09:10.732 [main] DEBUG org.rtklib.java.rtcm.Rtcm -- MSM after sigindex: sig[4] code=2 idx=4
04:09:10.732 [main] DEBUG org.rtklib.java.rtcm.Rtcm -- RTCM3 decoded message type=1042, length=70
04:09:10.732 [main] DEBUG org.rtklib.java.rtcm.Rtcm -- RTCM3 decoded message type=1005, length=25
04:09:10.732 [main] DEBUG org.rtklib.java.rtcm.Rtcm -- RTCM3 decoded message type=1033, length=27
04:09:10.732 [main] DEBUG org.rtklib.java.rtcm.Rtcm -- RTCM3 decoded message type=1124, length=253
04:09:10.732 [main] DEBUG org.rtklib.java.rtcm.Rtcm -- MSM BDS TOW: raw=63934000, tow=63948.0
04:09:10.732 [main] DEBUG org.rtklib.java.rtcm.Rtcm -- MSM BDS after adjweek: time.time=1780854348, time.sec=0.0
04:09:10.732 [main] DEBUG org.rtklib.java.rtcm.Rtcm -- decode_msm_head: sys=32 staid=0 nsat=12 nsig=4 sync=0 iod=0 ncell=32
04:09:10.732 [main] DEBUG org.rtklib.java.rtcm.Rtcm -- MSM sig[0] sigid=2 sigstr=2I code=40 idx=0
04:09:10.732 [main] DEBUG org.rtklib.java.rtcm.Rtcm -- MSM sig[1] sigid=8 sigstr=6I code=42 idx=3
04:09:10.732 [main] DEBUG org.rtklib.java.rtcm.Rtcm -- MSM sig[2] sigid=23 sigstr=5P code=58 idx=2
04:09:10.732 [main] DEBUG org.rtklib.java.rtcm.Rtcm -- MSM sig[3] sigid=31 sigstr=1P code=2 idx=4
04:09:10.732 [main] DEBUG org.rtklib.java.rtcm.Rtcm -- MSM after sigindex: sig[0] code=40 idx=0
04:09:10.732 [main] DEBUG org.rtklib.java.rtcm.Rtcm -- MSM after sigindex: sig[1] code=42 idx=3
04:09:10.732 [main] DEBUG org.rtklib.java.rtcm.Rtcm -- MSM after sigindex: sig[2] code=58 idx=2
04:09:10.732 [main] DEBUG org.rtklib.java.rtcm.Rtcm -- MSM after sigindex: sig[3] code=2 idx=4
04:09:10.732 [main] DEBUG org.rtklib.java.rtcm.Rtcm -- RTCM3 decoded message type=1042, length=70
04:09:10.732 [main] DEBUG org.rtklib.java.rtcm.Rtcm -- RTCM3 decoded message type=1005, length=25
04:09:10.732 [main] DEBUG org.rtklib.java.rtcm.Rtcm -- RTCM3 decoded message type=1033, length=27
04:09:10.732 [main] DEBUG org.rtklib.java.rtcm.Rtcm -- RTCM3 decoded message type=1124, length=259
04:09:10.732 [main] DEBUG org.rtklib.java.rtcm.Rtcm -- MSM BDS TOW: raw=63949000, tow=63963.0
04:09:10.732 [main] DEBUG org.rtklib.java.rtcm.Rtcm -- MSM BDS after adjweek: time.time=1780854363, time.sec=0.0
04:09:10.732 [main] DEBUG org.rtklib.java.rtcm.Rtcm -- decode_msm_head: sys=32 staid=0 nsat=12 nsig=4 sync=0 iod=0 ncell=33
04:09:10.732 [main] DEBUG org.rtklib.java.rtcm.Rtcm -- MSM sig[0] sigid=2 sigstr=2I code=40 idx=0
04:09:10.732 [main] DEBUG org.rtklib.java.rtcm.Rtcm -- MSM sig[1] sigid=8 sigstr=6I code=42 idx=3
04:09:10.732 [main] DEBUG org.rtklib.java.rtcm.Rtcm -- MSM sig[2] sigid=23 sigstr=5P code=58 idx=2
04:09:10.732 [main] DEBUG org.rtklib.java.rtcm.Rtcm -- MSM sig[3] sigid=31 sigstr=1P code=2 idx=4
04:09:10.732 [main] DEBUG org.rtklib.java.rtcm.Rtcm -- MSM after sigindex: sig[0] code=40 idx=0
04:09:10.732 [main] DEBUG org.rtklib.java.rtcm.Rtcm -- MSM after sigindex: sig[1] code=42 idx=3
04:09:10.732 [main] DEBUG org.rtklib.java.rtcm.Rtcm -- MSM after sigindex: sig[2] code=58 idx=2
04:09:10.732 [main] DEBUG org.rtklib.java.rtcm.Rtcm -- MSM after sigindex: sig[3] code=2 idx=4
04:09:10.732 [main] DEBUG org.rtklib.java.rtcm.Rtcm -- RTCM3 decoded message type=1042, length=70
04:09:10.732 [main] DEBUG org.rtklib.java.rtcm.Rtcm -- RTCM3 decoded message type=1005, length=25
04:09:10.732 [main] DEBUG org.rtklib.java.rtcm.Rtcm -- RTCM3 decoded message type=1033, length=27
04:09:10.732 [main] DEBUG org.rtklib.java.rtcm.Rtcm -- RTCM3 decoded message type=1124, length=266
04:09:10.732 [main] DEBUG org.rtklib.java.rtcm.Rtcm -- MSM BDS TOW: raw=63964000, tow=63978.0
04:09:10.732 [main] DEBUG org.rtklib.java.rtcm.Rtcm -- MSM BDS after adjweek: time.time=1780854378, time.sec=0.0
04:09:10.732 [main] DEBUG org.rtklib.java.rtcm.Rtcm -- decode_msm_head: sys=32 staid=0 nsat=12 nsig=5 sync=0 iod=0 ncell=34
04:09:10.732 [main] DEBUG org.rtklib.java.rtcm.Rtcm -- MSM sig[0] sigid=2 sigstr=2I code=40 idx=0
04:09:10.732 [main] DEBUG org.rtklib.java.rtcm.Rtcm -- MSM sig[1] sigid=8 sigstr=6I code=42 idx=3
04:09:10.732 [main] DEBUG org.rtklib.java.rtcm.Rtcm -- MSM sig[2] sigid=14 sigstr=7I code=27 idx=1
04:09:10.732 [main] DEBUG org.rtklib.java.rtcm.Rtcm -- MSM sig[3] sigid=23 sigstr=5P code=58 idx=2
04:09:10.732 [main] DEBUG org.rtklib.java.rtcm.Rtcm -- MSM sig[4] sigid=31 sigstr=1P code=2 idx=4
04:09:10.732 [main] DEBUG org.rtklib.java.rtcm.Rtcm -- MSM after sigindex: sig[0] code=40 idx=0
04:09:10.732 [main] DEBUG org.rtklib.java.rtcm.Rtcm -- MSM after sigindex: sig[1] code=42 idx=3
04:09:10.732 [main] DEBUG org.rtklib.java.rtcm.Rtcm -- MSM after sigindex: sig[2] code=27 idx=1
04:09:10.732 [main] DEBUG org.rtklib.java.rtcm.Rtcm -- MSM after sigindex: sig[3] code=58 idx=2
04:09:10.732 [main] DEBUG org.rtklib.java.rtcm.Rtcm -- MSM after sigindex: sig[4] code=2 idx=4
04:09:10.732 [main] DEBUG org.rtklib.java.rtcm.Rtcm -- RTCM3 decoded message type=1042, length=70
04:09:10.732 [main] DEBUG org.rtklib.java.rtcm.Rtcm -- RTCM3 decoded message type=1005, length=25
04:09:10.732 [main] DEBUG org.rtklib.java.rtcm.Rtcm -- RTCM3 decoded message type=1033, length=27
04:09:10.732 [main] DEBUG org.rtklib.java.rtcm.Rtcm -- RTCM3 decoded message type=1124, length=259
04:09:10.732 [main] DEBUG org.rtklib.java.rtcm.Rtcm -- MSM BDS TOW: raw=63979000, tow=63993.0
04:09:10.732 [main] DEBUG org.rtklib.java.rtcm.Rtcm -- MSM BDS after adjweek: time.time=1780854393, time.sec=0.0
04:09:10.732 [main] DEBUG org.rtklib.java.rtcm.Rtcm -- decode_msm_head: sys=32 staid=0 nsat=12 nsig=4 sync=0 iod=0 ncell=33
04:09:10.732 [main] DEBUG org.rtklib.java.rtcm.Rtcm -- MSM sig[0] sigid=2 sigstr=2I code=40 idx=0
04:09:10.732 [main] DEBUG org.rtklib.java.rtcm.Rtcm -- MSM sig[1] sigid=8 sigstr=6I code=42 idx=3
04:09:10.732 [main] DEBUG org.rtklib.java.rtcm.Rtcm -- MSM sig[2] sigid=23 sigstr=5P code=58 idx=2
04:09:10.732 [main] DEBUG org.rtklib.java.rtcm.Rtcm -- MSM sig[3] sigid=31 sigstr=1P code=2 idx=4
04:09:10.732 [main] DEBUG org.rtklib.java.rtcm.Rtcm -- MSM after sigindex: sig[0] code=40 idx=0
04:09:10.732 [main] DEBUG org.rtklib.java.rtcm.Rtcm -- MSM after sigindex: sig[1] code=42 idx=3
04:09:10.732 [main] DEBUG org.rtklib.java.rtcm.Rtcm -- MSM after sigindex: sig[2] code=58 idx=2
04:09:10.732 [main] DEBUG org.rtklib.java.rtcm.Rtcm -- MSM after sigindex: sig[3] code=2 idx=4
04:09:10.732 [main] DEBUG org.rtklib.java.rtcm.Rtcm -- RTCM3 decoded message type=1042, length=70
04:09:10.732 [main] DEBUG org.rtklib.java.rtcm.Rtcm -- RTCM3 decoded message type=1005, length=25
04:09:10.732 [main] DEBUG org.rtklib.java.rtcm.Rtcm -- RTCM3 decoded message type=1033, length=27
04:09:10.732 [main] DEBUG org.rtklib.java.rtcm.Rtcm -- RTCM3 decoded message type=1124, length=259
04:09:10.732 [main] DEBUG org.rtklib.java.rtcm.Rtcm -- MSM BDS TOW: raw=63994000, tow=64008.0
04:09:10.732 [main] DEBUG org.rtklib.java.rtcm.Rtcm -- MSM BDS after adjweek: time.time=1780854408, time.sec=0.0
04:09:10.732 [main] DEBUG org.rtklib.java.rtcm.Rtcm -- decode_msm_head: sys=32 staid=0 nsat=12 nsig=4 sync=0 iod=0 ncell=33
04:09:10.732 [main] DEBUG org.rtklib.java.rtcm.Rtcm -- MSM sig[0] sigid=2 sigstr=2I code=40 idx=0
04:09:10.732 [main] DEBUG org.rtklib.java.rtcm.Rtcm -- MSM sig[1] sigid=8 sigstr=6I code=42 idx=3
04:09:10.733 [main] DEBUG org.rtklib.java.rtcm.Rtcm -- MSM sig[2] sigid=23 sigstr=5P code=58 idx=2
04:09:10.733 [main] DEBUG org.rtklib.java.rtcm.Rtcm -- MSM sig[3] sigid=31 sigstr=1P code=2 idx=4
04:09:10.733 [main] DEBUG org.rtklib.java.rtcm.Rtcm -- MSM after sigindex: sig[0] code=40 idx=0
04:09:10.733 [main] DEBUG org.rtklib.java.rtcm.Rtcm -- MSM after sigindex: sig[1] code=42 idx=3
04:09:10.733 [main] DEBUG org.rtklib.java.rtcm.Rtcm -- MSM after sigindex: sig[2] code=58 idx=2
04:09:10.733 [main] DEBUG org.rtklib.java.rtcm.Rtcm -- MSM after sigindex: sig[3] code=2 idx=4
04:09:10.733 [main] DEBUG org.rtklib.java.rtcm.Rtcm -- RTCM3 decoded message type=1042, length=70
04:09:10.733 [main] DEBUG org.rtklib.java.rtcm.Rtcm -- RTCM3 decoded message type=1005, length=25
04:09:10.733 [main] DEBUG org.rtklib.java.rtcm.Rtcm -- RTCM3 decoded message type=1033, length=27
04:09:10.733 [main] DEBUG org.rtklib.java.rtcm.Rtcm -- RTCM3 decoded message type=1124, length=259
04:09:10.733 [main] DEBUG org.rtklib.java.rtcm.Rtcm -- MSM BDS TOW: raw=64009000, tow=64023.0
04:09:10.733 [main] DEBUG org.rtklib.java.rtcm.Rtcm -- MSM BDS after adjweek: time.time=1780854423, time.sec=0.0
04:09:10.733 [main] DEBUG org.rtklib.java.rtcm.Rtcm -- decode_msm_head: sys=32 staid=0 nsat=12 nsig=4 sync=0 iod=0 ncell=33
04:09:10.733 [main] DEBUG org.rtklib.java.rtcm.Rtcm -- MSM sig[0] sigid=2 sigstr=2I code=40 idx=0
04:09:10.733 [main] DEBUG org.rtklib.java.rtcm.Rtcm -- MSM sig[1] sigid=8 sigstr=6I code=42 idx=3
04:09:10.733 [main] DEBUG org.rtklib.java.rtcm.Rtcm -- MSM sig[2] sigid=23 sigstr=5P code=58 idx=2
04:09:10.733 [main] DEBUG org.rtklib.java.rtcm.Rtcm -- MSM sig[3] sigid=31 sigstr=1P code=2 idx=4
04:09:10.733 [main] DEBUG org.rtklib.java.rtcm.Rtcm -- MSM after sigindex: sig[0] code=40 idx=0
04:09:10.733 [main] DEBUG org.rtklib.java.rtcm.Rtcm -- MSM after sigindex: sig[1] code=42 idx=3
04:09:10.733 [main] DEBUG org.rtklib.java.rtcm.Rtcm -- MSM after sigindex: sig[2] code=58 idx=2
04:09:10.733 [main] DEBUG org.rtklib.java.rtcm.Rtcm -- MSM after sigindex: sig[3] code=2 idx=4
04:09:10.733 [main] DEBUG org.rtklib.java.rtcm.Rtcm -- RTCM3 decoded message type=1042, length=70
04:09:10.733 [main] DEBUG org.rtklib.java.rtcm.Rtcm -- RTCM3 decoded message type=1005, length=25
04:09:10.733 [main] DEBUG org.rtklib.java.rtcm.Rtcm -- RTCM3 decoded message type=1033, length=27
04:09:10.733 [main] DEBUG org.rtklib.java.rtcm.Rtcm -- RTCM3 decoded message type=1124, length=265
04:09:10.733 [main] DEBUG org.rtklib.java.rtcm.Rtcm -- MSM BDS TOW: raw=64024000, tow=64038.0
04:09:10.733 [main] DEBUG org.rtklib.java.rtcm.Rtcm -- MSM BDS after adjweek: time.time=1780854438, time.sec=0.0
04:09:10.733 [main] DEBUG org.rtklib.java.rtcm.Rtcm -- decode_msm_head: sys=32 staid=0 nsat=12 nsig=4 sync=0 iod=0 ncell=34
04:09:10.733 [main] DEBUG org.rtklib.java.rtcm.Rtcm -- MSM sig[0] sigid=2 sigstr=2I code=40 idx=0
04:09:10.733 [main] DEBUG org.rtklib.java.rtcm.Rtcm -- MSM sig[1] sigid=8 sigstr=6I code=42 idx=3
04:09:10.733 [main] DEBUG org.rtklib.java.rtcm.Rtcm -- MSM sig[2] sigid=23 sigstr=5P code=58 idx=2
04:09:10.733 [main] DEBUG org.rtklib.java.rtcm.Rtcm -- MSM sig[3] sigid=31 sigstr=1P code=2 idx=4
04:09:10.733 [main] DEBUG org.rtklib.java.rtcm.Rtcm -- MSM after sigindex: sig[0] code=40 idx=0
04:09:10.733 [main] DEBUG org.rtklib.java.rtcm.Rtcm -- MSM after sigindex: sig[1] code=42 idx=3
04:09:10.733 [main] DEBUG org.rtklib.java.rtcm.Rtcm -- MSM after sigindex: sig[2] code=58 idx=2
04:09:10.733 [main] DEBUG org.rtklib.java.rtcm.Rtcm -- MSM after sigindex: sig[3] code=2 idx=4
04:09:10.733 [main] DEBUG org.rtklib.java.rtcm.Rtcm -- RTCM3 decoded message type=1042, length=70
04:09:10.733 [main] DEBUG org.rtklib.java.rtcm.Rtcm -- RTCM3 decoded message type=1005, length=25
04:09:10.733 [main] DEBUG org.rtklib.java.rtcm.Rtcm -- RTCM3 decoded message type=1033, length=27
04:09:10.733 [main] DEBUG org.rtklib.java.rtcm.Rtcm -- RTCM3 decoded message type=1124, length=265
04:09:10.733 [main] DEBUG org.rtklib.java.rtcm.Rtcm -- MSM BDS TOW: raw=64039000, tow=64053.0
04:09:10.733 [main] DEBUG org.rtklib.java.rtcm.Rtcm -- MSM BDS after adjweek: time.time=1780854453, time.sec=0.0
04:09:10.733 [main] DEBUG org.rtklib.java.rtcm.Rtcm -- decode_msm_head: sys=32 staid=0 nsat=12 nsig=4 sync=0 iod=0 ncell=34
04:09:10.733 [main] DEBUG org.rtklib.java.rtcm.Rtcm -- MSM sig[0] sigid=2 sigstr=2I code=40 idx=0
04:09:10.733 [main] DEBUG org.rtklib.java.rtcm.Rtcm -- MSM sig[1] sigid=8 sigstr=6I code=42 idx=3
04:09:10.733 [main] DEBUG org.rtklib.java.rtcm.Rtcm -- MSM sig[2] sigid=23 sigstr=5P code=58 idx=2
04:09:10.733 [main] DEBUG org.rtklib.java.rtcm.Rtcm -- MSM sig[3] sigid=31 sigstr=1P code=2 idx=4
04:09:10.733 [main] DEBUG org.rtklib.java.rtcm.Rtcm -- MSM after sigindex: sig[0] code=40 idx=0
04:09:10.733 [main] DEBUG org.rtklib.java.rtcm.Rtcm -- MSM after sigindex: sig[1] code=42 idx=3
04:09:10.733 [main] DEBUG org.rtklib.java.rtcm.Rtcm -- MSM after sigindex: sig[2] code=58 idx=2
04:09:10.733 [main] DEBUG org.rtklib.java.rtcm.Rtcm -- MSM after sigindex: sig[3] code=2 idx=4
04:09:10.733 [main] DEBUG org.rtklib.java.rtcm.Rtcm -- RTCM3 decoded message type=1042, length=70
04:09:10.733 [main] DEBUG org.rtklib.java.rtcm.Rtcm -- RTCM3 decoded message type=1005, length=25
04:09:10.733 [main] DEBUG org.rtklib.java.rtcm.Rtcm -- RTCM3 decoded message type=1033, length=27
04:09:10.733 [main] DEBUG org.rtklib.java.rtcm.Rtcm -- RTCM3 decoded message type=1124, length=247
04:09:10.733 [main] DEBUG org.rtklib.java.rtcm.Rtcm -- MSM BDS TOW: raw=64054000, tow=64068.0
04:09:10.733 [main] DEBUG org.rtklib.java.rtcm.Rtcm -- MSM BDS after adjweek: time.time=1780854468, time.sec=0.0
04:09:10.733 [main] DEBUG org.rtklib.java.rtcm.Rtcm -- decode_msm_head: sys=32 staid=0 nsat=12 nsig=4 sync=0 iod=0 ncell=31
04:09:10.733 [main] DEBUG org.rtklib.java.rtcm.Rtcm -- MSM sig[0] sigid=2 sigstr=2I code=40 idx=0
04:09:10.733 [main] DEBUG org.rtklib.java.rtcm.Rtcm -- MSM sig[1] sigid=8 sigstr=6I code=42 idx=3
04:09:10.733 [main] DEBUG org.rtklib.java.rtcm.Rtcm -- MSM sig[2] sigid=23 sigstr=5P code=58 idx=2
04:09:10.733 [main] DEBUG org.rtklib.java.rtcm.Rtcm -- MSM sig[3] sigid=31 sigstr=1P code=2 idx=4
04:09:10.733 [main] DEBUG org.rtklib.java.rtcm.Rtcm -- MSM after sigindex: sig[0] code=40 idx=0
04:09:10.733 [main] DEBUG org.rtklib.java.rtcm.Rtcm -- MSM after sigindex: sig[1] code=42 idx=3
04:09:10.733 [main] DEBUG org.rtklib.java.rtcm.Rtcm -- MSM after sigindex: sig[2] code=58 idx=2
04:09:10.733 [main] DEBUG org.rtklib.java.rtcm.Rtcm -- MSM after sigindex: sig[3] code=2 idx=4
04:09:10.733 [main] DEBUG org.rtklib.java.rtcm.Rtcm -- RTCM3 decoded message type=1042, length=70
04:09:10.733 [main] DEBUG org.rtklib.java.rtcm.Rtcm -- RTCM3 decoded message type=1005, length=25
04:09:10.733 [main] DEBUG org.rtklib.java.rtcm.Rtcm -- RTCM3 decoded message type=1033, length=27
04:09:10.733 [main] DEBUG org.rtklib.java.rtcm.Rtcm -- RTCM3 decoded message type=1124, length=254
04:09:10.733 [main] DEBUG org.rtklib.java.rtcm.Rtcm -- MSM BDS TOW: raw=64069000, tow=64083.0
04:09:10.733 [main] DEBUG org.rtklib.java.rtcm.Rtcm -- MSM BDS after adjweek: time.time=1780854483, time.sec=0.0
04:09:10.733 [main] DEBUG org.rtklib.java.rtcm.Rtcm -- decode_msm_head: sys=32 staid=0 nsat=12 nsig=5 sync=0 iod=0 ncell=32
04:09:10.733 [main] DEBUG org.rtklib.java.rtcm.Rtcm -- MSM sig[0] sigid=2 sigstr=2I code=40 idx=0
04:09:10.733 [main] DEBUG org.rtklib.java.rtcm.Rtcm -- MSM sig[1] sigid=8 sigstr=6I code=42 idx=3
04:09:10.733 [main] DEBUG org.rtklib.java.rtcm.Rtcm -- MSM sig[2] sigid=14 sigstr=7I code=27 idx=1
04:09:10.733 [main] DEBUG org.rtklib.java.rtcm.Rtcm -- MSM sig[3] sigid=23 sigstr=5P code=58 idx=2
04:09:10.733 [main] DEBUG org.rtklib.java.rtcm.Rtcm -- MSM sig[4] sigid=31 sigstr=1P code=2 idx=4
04:09:10.733 [main] DEBUG org.rtklib.java.rtcm.Rtcm -- MSM after sigindex: sig[0] code=40 idx=0
04:09:10.733 [main] DEBUG org.rtklib.java.rtcm.Rtcm -- MSM after sigindex: sig[1] code=42 idx=3
04:09:10.733 [main] DEBUG org.rtklib.java.rtcm.Rtcm -- MSM after sigindex: sig[2] code=27 idx=1
04:09:10.733 [main] DEBUG org.rtklib.java.rtcm.Rtcm -- MSM after sigindex: sig[3] code=58 idx=2
04:09:10.733 [main] DEBUG org.rtklib.java.rtcm.Rtcm -- MSM after sigindex: sig[4] code=2 idx=4
04:09:10.733 [main] DEBUG org.rtklib.java.rtcm.Rtcm -- RTCM3 decoded message type=1042, length=70
04:09:10.733 [main] DEBUG org.rtklib.java.rtcm.Rtcm -- RTCM3 decoded message type=1005, length=25
04:09:10.733 [main] DEBUG org.rtklib.java.rtcm.Rtcm -- RTCM3 decoded message type=1033, length=27
04:09:10.733 [main] DEBUG org.rtklib.java.rtcm.Rtcm -- RTCM3 decoded message type=1124, length=260
04:09:10.733 [main] DEBUG org.rtklib.java.rtcm.Rtcm -- MSM BDS TOW: raw=64084000, tow=64098.0
04:09:10.733 [main] DEBUG org.rtklib.java.rtcm.Rtcm -- MSM BDS after adjweek: time.time=1780854498, time.sec=0.0
04:09:10.733 [main] DEBUG org.rtklib.java.rtcm.Rtcm -- decode_msm_head: sys=32 staid=0 nsat=12 nsig=5 sync=0 iod=0 ncell=33
04:09:10.733 [main] DEBUG org.rtklib.java.rtcm.Rtcm -- MSM sig[0] sigid=2 sigstr=2I code=40 idx=0
04:09:10.733 [main] DEBUG org.rtklib.java.rtcm.Rtcm -- MSM sig[1] sigid=8 sigstr=6I code=42 idx=3
04:09:10.733 [main] DEBUG org.rtklib.java.rtcm.Rtcm -- MSM sig[2] sigid=14 sigstr=7I code=27 idx=1
04:09:10.733 [main] DEBUG org.rtklib.java.rtcm.Rtcm -- MSM sig[3] sigid=23 sigstr=5P code=58 idx=2
04:09:10.733 [main] DEBUG org.rtklib.java.rtcm.Rtcm -- MSM sig[4] sigid=31 sigstr=1P code=2 idx=4
04:09:10.733 [main] DEBUG org.rtklib.java.rtcm.Rtcm -- MSM after sigindex: sig[0] code=40 idx=0
04:09:10.733 [main] DEBUG org.rtklib.java.rtcm.Rtcm -- MSM after sigindex: sig[1] code=42 idx=3
04:09:10.733 [main] DEBUG org.rtklib.java.rtcm.Rtcm -- MSM after sigindex: sig[2] code=27 idx=1
04:09:10.733 [main] DEBUG org.rtklib.java.rtcm.Rtcm -- MSM after sigindex: sig[3] code=58 idx=2
04:09:10.733 [main] DEBUG org.rtklib.java.rtcm.Rtcm -- MSM after sigindex: sig[4] code=2 idx=4
04:09:10.733 [main] DEBUG org.rtklib.java.rtcm.Rtcm -- RTCM3 decoded message type=1042, length=70
04:09:10.733 [main] DEBUG org.rtklib.java.rtcm.Rtcm -- RTCM3 decoded message type=1005, length=25
04:09:10.733 [main] DEBUG org.rtklib.java.rtcm.Rtcm -- RTCM3 decoded message type=1033, length=27
04:09:10.733 [main] DEBUG org.rtklib.java.rtcm.Rtcm -- RTCM3 decoded message type=1124, length=260
04:09:10.733 [main] DEBUG org.rtklib.java.rtcm.Rtcm -- MSM BDS TOW: raw=64099000, tow=64113.0
04:09:10.733 [main] DEBUG org.rtklib.java.rtcm.Rtcm -- MSM BDS after adjweek: time.time=1780854513, time.sec=0.0
04:09:10.733 [main] DEBUG org.rtklib.java.rtcm.Rtcm -- decode_msm_head: sys=32 staid=0 nsat=12 nsig=5 sync=0 iod=0 ncell=33
04:09:10.733 [main] DEBUG org.rtklib.java.rtcm.Rtcm -- MSM sig[0] sigid=2 sigstr=2I code=40 idx=0
04:09:10.733 [main] DEBUG org.rtklib.java.rtcm.Rtcm -- MSM sig[1] sigid=8 sigstr=6I code=42 idx=3
04:09:10.733 [main] DEBUG org.rtklib.java.rtcm.Rtcm -- MSM sig[2] sigid=14 sigstr=7I code=27 idx=1
04:09:10.733 [main] DEBUG org.rtklib.java.rtcm.Rtcm -- MSM sig[3] sigid=23 sigstr=5P code=58 idx=2
04:09:10.733 [main] DEBUG org.rtklib.java.rtcm.Rtcm -- MSM sig[4] sigid=31 sigstr=1P code=2 idx=4
04:09:10.733 [main] DEBUG org.rtklib.java.rtcm.Rtcm -- MSM after sigindex: sig[0] code=40 idx=0
04:09:10.733 [main] DEBUG org.rtklib.java.rtcm.Rtcm -- MSM after sigindex: sig[1] code=42 idx=3
04:09:10.733 [main] DEBUG org.rtklib.java.rtcm.Rtcm -- MSM after sigindex: sig[2] code=27 idx=1
04:09:10.733 [main] DEBUG org.rtklib.java.rtcm.Rtcm -- MSM after sigindex: sig[3] code=58 idx=2
04:09:10.733 [main] DEBUG org.rtklib.java.rtcm.Rtcm -- MSM after sigindex: sig[4] code=2 idx=4
04:09:10.733 [main] DEBUG org.rtklib.java.rtcm.Rtcm -- RTCM3 decoded message type=1042, length=70
04:09:10.733 [main] DEBUG org.rtklib.java.rtcm.Rtcm -- RTCM3 decoded message type=1005, length=25
04:09:10.733 [main] DEBUG org.rtklib.java.rtcm.Rtcm -- RTCM3 decoded message type=1033, length=27
04:09:10.733 [main] DEBUG org.rtklib.java.rtcm.Rtcm -- RTCM3 decoded message type=1124, length=248
04:09:10.733 [main] DEBUG org.rtklib.java.rtcm.Rtcm -- MSM BDS TOW: raw=64114000, tow=64128.0
04:09:10.733 [main] DEBUG org.rtklib.java.rtcm.Rtcm -- MSM BDS after adjweek: time.time=1780854528, time.sec=0.0
04:09:10.733 [main] DEBUG org.rtklib.java.rtcm.Rtcm -- decode_msm_head: sys=32 staid=0 nsat=12 nsig=5 sync=0 iod=0 ncell=31
04:09:10.733 [main] DEBUG org.rtklib.java.rtcm.Rtcm -- MSM sig[0] sigid=2 sigstr=2I code=40 idx=0
04:09:10.733 [main] DEBUG org.rtklib.java.rtcm.Rtcm -- MSM sig[1] sigid=8 sigstr=6I code=42 idx=3
04:09:10.733 [main] DEBUG org.rtklib.java.rtcm.Rtcm -- MSM sig[2] sigid=14 sigstr=7I code=27 idx=1
04:09:10.733 [main] DEBUG org.rtklib.java.rtcm.Rtcm -- MSM sig[3] sigid=23 sigstr=5P code=58 idx=2
04:09:10.733 [main] DEBUG org.rtklib.java.rtcm.Rtcm -- MSM sig[4] sigid=31 sigstr=1P code=2 idx=4
04:09:10.733 [main] DEBUG org.rtklib.java.rtcm.Rtcm -- MSM after sigindex: sig[0] code=40 idx=0
04:09:10.733 [main] DEBUG org.rtklib.java.rtcm.Rtcm -- MSM after sigindex: sig[1] code=42 idx=3
04:09:10.733 [main] DEBUG org.rtklib.java.rtcm.Rtcm -- MSM after sigindex: sig[2] code=27 idx=1
04:09:10.733 [main] DEBUG org.rtklib.java.rtcm.Rtcm -- MSM after sigindex: sig[3] code=58 idx=2
04:09:10.733 [main] DEBUG org.rtklib.java.rtcm.Rtcm -- MSM after sigindex: sig[4] code=2 idx=4
04:09:10.733 [main] DEBUG org.rtklib.java.rtcm.Rtcm -- RTCM3 decoded message type=1042, length=70
04:09:10.733 [main] DEBUG org.rtklib.java.rtcm.Rtcm -- RTCM3 decoded message type=1005, length=25
04:09:10.733 [main] DEBUG org.rtklib.java.rtcm.Rtcm -- RTCM3 decoded message type=1033, length=27
04:09:10.733 [main] DEBUG org.rtklib.java.rtcm.Rtcm -- RTCM3 decoded message type=1124, length=260
04:09:10.733 [main] DEBUG org.rtklib.java.rtcm.Rtcm -- MSM BDS TOW: raw=64129000, tow=64143.0
04:09:10.733 [main] DEBUG org.rtklib.java.rtcm.Rtcm -- MSM BDS after adjweek: time.time=1780854543, time.sec=0.0
04:09:10.733 [main] DEBUG org.rtklib.java.rtcm.Rtcm -- decode_msm_head: sys=32 staid=0 nsat=12 nsig=5 sync=0 iod=0 ncell=33
04:09:10.733 [main] DEBUG org.rtklib.java.rtcm.Rtcm -- MSM sig[0] sigid=2 sigstr=2I code=40 idx=0
04:09:10.733 [main] DEBUG org.rtklib.java.rtcm.Rtcm -- MSM sig[1] sigid=8 sigstr=6I code=42 idx=3
04:09:10.733 [main] DEBUG org.rtklib.java.rtcm.Rtcm -- MSM sig[2] sigid=14 sigstr=7I code=27 idx=1
04:09:10.733 [main] DEBUG org.rtklib.java.rtcm.Rtcm -- MSM sig[3] sigid=23 sigstr=5P code=58 idx=2
04:09:10.733 [main] DEBUG org.rtklib.java.rtcm.Rtcm -- MSM sig[4] sigid=31 sigstr=1P code=2 idx=4
04:09:10.733 [main] DEBUG org.rtklib.java.rtcm.Rtcm -- MSM after sigindex: sig[0] code=40 idx=0
04:09:10.733 [main] DEBUG org.rtklib.java.rtcm.Rtcm -- MSM after sigindex: sig[1] code=42 idx=3
04:09:10.733 [main] DEBUG org.rtklib.java.rtcm.Rtcm -- MSM after sigindex: sig[2] code=27 idx=1
04:09:10.733 [main] DEBUG org.rtklib.java.rtcm.Rtcm -- MSM after sigindex: sig[3] code=58 idx=2
04:09:10.733 [main] DEBUG org.rtklib.java.rtcm.Rtcm -- MSM after sigindex: sig[4] code=2 idx=4
04:09:10.733 [main] DEBUG org.rtklib.java.rtcm.Rtcm -- RTCM3 decoded message type=1042, length=70
04:09:10.733 [main] DEBUG org.rtklib.java.rtcm.Rtcm -- RTCM3 decoded message type=1005, length=25
04:09:10.733 [main] DEBUG org.rtklib.java.rtcm.Rtcm -- RTCM3 decoded message type=1033, length=27
04:09:10.733 [main] DEBUG org.rtklib.java.rtcm.Rtcm -- RTCM3 decoded message type=1124, length=254
04:09:10.733 [main] DEBUG org.rtklib.java.rtcm.Rtcm -- MSM BDS TOW: raw=64144000, tow=64158.0
04:09:10.733 [main] DEBUG org.rtklib.java.rtcm.Rtcm -- MSM BDS after adjweek: time.time=1780854558, time.sec=0.0
04:09:10.733 [main] DEBUG org.rtklib.java.rtcm.Rtcm -- decode_msm_head: sys=32 staid=0 nsat=12 nsig=5 sync=0 iod=0 ncell=32
04:09:10.733 [main] DEBUG org.rtklib.java.rtcm.Rtcm -- MSM sig[0] sigid=2 sigstr=2I code=40 idx=0
04:09:10.733 [main] DEBUG org.rtklib.java.rtcm.Rtcm -- MSM sig[1] sigid=8 sigstr=6I code=42 idx=3
04:09:10.733 [main] DEBUG org.rtklib.java.rtcm.Rtcm -- MSM sig[2] sigid=14 sigstr=7I code=27 idx=1
04:09:10.733 [main] DEBUG org.rtklib.java.rtcm.Rtcm -- MSM sig[3] sigid=23 sigstr=5P code=58 idx=2
04:09:10.733 [main] DEBUG org.rtklib.java.rtcm.Rtcm -- MSM sig[4] sigid=31 sigstr=1P code=2 idx=4
04:09:10.733 [main] DEBUG org.rtklib.java.rtcm.Rtcm -- MSM after sigindex: sig[0] code=40 idx=0
04:09:10.733 [main] DEBUG org.rtklib.java.rtcm.Rtcm -- MSM after sigindex: sig[1] code=42 idx=3
04:09:10.733 [main] DEBUG org.rtklib.java.rtcm.Rtcm -- MSM after sigindex: sig[2] code=27 idx=1
04:09:10.733 [main] DEBUG org.rtklib.java.rtcm.Rtcm -- MSM after sigindex: sig[3] code=58 idx=2
04:09:10.733 [main] DEBUG org.rtklib.java.rtcm.Rtcm -- MSM after sigindex: sig[4] code=2 idx=4
04:09:10.733 [main] DEBUG org.rtklib.java.rtcm.Rtcm -- RTCM3 decoded message type=1042, length=70
04:09:10.733 [main] DEBUG org.rtklib.java.rtcm.Rtcm -- RTCM3 decoded message type=1005, length=25
04:09:10.733 [main] DEBUG org.rtklib.java.rtcm.Rtcm -- RTCM3 decoded message type=1033, length=27
04:09:10.733 [main] DEBUG org.rtklib.java.rtcm.Rtcm -- RTCM3 decoded message type=1124, length=250
04:09:10.733 [main] DEBUG org.rtklib.java.rtcm.Rtcm -- MSM BDS TOW: raw=64159000, tow=64173.0
04:09:10.733 [main] DEBUG org.rtklib.java.rtcm.Rtcm -- MSM BDS after adjweek: time.time=1780854573, time.sec=0.0
04:09:10.733 [main] DEBUG org.rtklib.java.rtcm.Rtcm -- decode_msm_head: sys=32 staid=0 nsat=11 nsig=4 sync=0 iod=0 ncell=32
04:09:10.734 [main] DEBUG org.rtklib.java.rtcm.Rtcm -- MSM sig[0] sigid=2 sigstr=2I code=40 idx=0
04:09:10.734 [main] DEBUG org.rtklib.java.rtcm.Rtcm -- MSM sig[1] sigid=8 sigstr=6I code=42 idx=3
04:09:10.734 [main] DEBUG org.rtklib.java.rtcm.Rtcm -- MSM sig[2] sigid=23 sigstr=5P code=58 idx=2
04:09:10.734 [main] DEBUG org.rtklib.java.rtcm.Rtcm -- MSM sig[3] sigid=31 sigstr=1P code=2 idx=4
04:09:10.734 [main] DEBUG org.rtklib.java.rtcm.Rtcm -- MSM after sigindex: sig[0] code=40 idx=0
04:09:10.734 [main] DEBUG org.rtklib.java.rtcm.Rtcm -- MSM after sigindex: sig[1] code=42 idx=3
04:09:10.734 [main] DEBUG org.rtklib.java.rtcm.Rtcm -- MSM after sigindex: sig[2] code=58 idx=2
04:09:10.734 [main] DEBUG org.rtklib.java.rtcm.Rtcm -- MSM after sigindex: sig[3] code=2 idx=4
04:09:10.734 [main] DEBUG org.rtklib.java.rtcm.Rtcm -- RTCM3 decoded message type=1042, length=70
04:09:10.734 [main] DEBUG org.rtklib.java.rtcm.Rtcm -- RTCM3 decoded message type=1005, length=25
04:09:10.734 [main] DEBUG org.rtklib.java.rtcm.Rtcm -- RTCM3 decoded message type=1033, length=27
04:09:10.734 [main] DEBUG org.rtklib.java.rtcm.Rtcm -- RTCM3 decoded message type=1124, length=260
04:09:10.734 [main] DEBUG org.rtklib.java.rtcm.Rtcm -- MSM BDS TOW: raw=64174000, tow=64188.0
04:09:10.734 [main] DEBUG org.rtklib.java.rtcm.Rtcm -- MSM BDS after adjweek: time.time=1780854588, time.sec=0.0
04:09:10.734 [main] DEBUG org.rtklib.java.rtcm.Rtcm -- decode_msm_head: sys=32 staid=0 nsat=12 nsig=5 sync=0 iod=0 ncell=33
04:09:10.734 [main] DEBUG org.rtklib.java.rtcm.Rtcm -- MSM sig[0] sigid=2 sigstr=2I code=40 idx=0
04:09:10.734 [main] DEBUG org.rtklib.java.rtcm.Rtcm -- MSM sig[1] sigid=8 sigstr=6I code=42 idx=3
04:09:10.734 [main] DEBUG org.rtklib.java.rtcm.Rtcm -- MSM sig[2] sigid=14 sigstr=7I code=27 idx=1
04:09:10.734 [main] DEBUG org.rtklib.java.rtcm.Rtcm -- MSM sig[3] sigid=23 sigstr=5P code=58 idx=2
04:09:10.734 [main] DEBUG org.rtklib.java.rtcm.Rtcm -- MSM sig[4] sigid=31 sigstr=1P code=2 idx=4
04:09:10.734 [main] DEBUG org.rtklib.java.rtcm.Rtcm -- MSM after sigindex: sig[0] code=40 idx=0
04:09:10.734 [main] DEBUG org.rtklib.java.rtcm.Rtcm -- MSM after sigindex: sig[1] code=42 idx=3
04:09:10.734 [main] DEBUG org.rtklib.java.rtcm.Rtcm -- MSM after sigindex: sig[2] code=27 idx=1
04:09:10.734 [main] DEBUG org.rtklib.java.rtcm.Rtcm -- MSM after sigindex: sig[3] code=58 idx=2
04:09:10.734 [main] DEBUG org.rtklib.java.rtcm.Rtcm -- MSM after sigindex: sig[4] code=2 idx=4
04:09:10.734 [main] DEBUG org.rtklib.java.rtcm.Rtcm -- RTCM3 decoded message type=1042, length=70
04:09:10.734 [main] DEBUG org.rtklib.java.rtcm.Rtcm -- RTCM3 decoded message type=1005, length=25
04:09:10.734 [main] DEBUG org.rtklib.java.rtcm.Rtcm -- RTCM3 decoded message type=1033, length=27
04:09:10.734 [main] DEBUG org.rtklib.java.rtcm.Rtcm -- RTCM3 decoded message type=1124, length=260
04:09:10.734 [main] DEBUG org.rtklib.java.rtcm.Rtcm -- MSM BDS TOW: raw=64189000, tow=64203.0
04:09:10.734 [main] DEBUG org.rtklib.java.rtcm.Rtcm -- MSM BDS after adjweek: time.time=1780854603, time.sec=0.0
04:09:10.734 [main] DEBUG org.rtklib.java.rtcm.Rtcm -- decode_msm_head: sys=32 staid=0 nsat=12 nsig=5 sync=0 iod=0 ncell=33
04:09:10.734 [main] DEBUG org.rtklib.java.rtcm.Rtcm -- MSM sig[0] sigid=2 sigstr=2I code=40 idx=0
04:09:10.734 [main] DEBUG org.rtklib.java.rtcm.Rtcm -- MSM sig[1] sigid=8 sigstr=6I code=42 idx=3
04:09:10.734 [main] DEBUG org.rtklib.java.rtcm.Rtcm -- MSM sig[2] sigid=14 sigstr=7I code=27 idx=1
04:09:10.734 [main] DEBUG org.rtklib.java.rtcm.Rtcm -- MSM sig[3] sigid=23 sigstr=5P code=58 idx=2
04:09:10.734 [main] DEBUG org.rtklib.java.rtcm.Rtcm -- MSM sig[4] sigid=31 sigstr=1P code=2 idx=4
04:09:10.734 [main] DEBUG org.rtklib.java.rtcm.Rtcm -- MSM after sigindex: sig[0] code=40 idx=0
04:09:10.734 [main] DEBUG org.rtklib.java.rtcm.Rtcm -- MSM after sigindex: sig[1] code=42 idx=3
04:09:10.734 [main] DEBUG org.rtklib.java.rtcm.Rtcm -- MSM after sigindex: sig[2] code=27 idx=1
04:09:10.734 [main] DEBUG org.rtklib.java.rtcm.Rtcm -- MSM after sigindex: sig[3] code=58 idx=2
04:09:10.734 [main] DEBUG org.rtklib.java.rtcm.Rtcm -- MSM after sigindex: sig[4] code=2 idx=4
04:09:10.734 [main] DEBUG org.rtklib.java.rtcm.Rtcm -- RTCM3 decoded message type=1042, length=70
04:09:10.734 [main] DEBUG org.rtklib.java.rtcm.Rtcm -- RTCM3 decoded message type=1005, length=25
04:09:10.734 [main] DEBUG org.rtklib.java.rtcm.Rtcm -- RTCM3 decoded message type=1033, length=27
04:09:10.734 [main] DEBUG org.rtklib.java.rtcm.Rtcm -- RTCM3 decoded message type=1124, length=260
04:09:10.734 [main] DEBUG org.rtklib.java.rtcm.Rtcm -- MSM BDS TOW: raw=64204000, tow=64218.0
04:09:10.734 [main] DEBUG org.rtklib.java.rtcm.Rtcm -- MSM BDS after adjweek: time.time=1780854618, time.sec=0.0
04:09:10.734 [main] DEBUG org.rtklib.java.rtcm.Rtcm -- decode_msm_head: sys=32 staid=0 nsat=12 nsig=5 sync=0 iod=0 ncell=33
04:09:10.734 [main] DEBUG org.rtklib.java.rtcm.Rtcm -- MSM sig[0] sigid=2 sigstr=2I code=40 idx=0
04:09:10.734 [main] DEBUG org.rtklib.java.rtcm.Rtcm -- MSM sig[1] sigid=8 sigstr=6I code=42 idx=3
04:09:10.734 [main] DEBUG org.rtklib.java.rtcm.Rtcm -- MSM sig[2] sigid=14 sigstr=7I code=27 idx=1
04:09:10.734 [main] DEBUG org.rtklib.java.rtcm.Rtcm -- MSM sig[3] sigid=23 sigstr=5P code=58 idx=2
04:09:10.734 [main] DEBUG org.rtklib.java.rtcm.Rtcm -- MSM sig[4] sigid=31 sigstr=1P code=2 idx=4
04:09:10.734 [main] DEBUG org.rtklib.java.rtcm.Rtcm -- MSM after sigindex: sig[0] code=40 idx=0
04:09:10.734 [main] DEBUG org.rtklib.java.rtcm.Rtcm -- MSM after sigindex: sig[1] code=42 idx=3
04:09:10.734 [main] DEBUG org.rtklib.java.rtcm.Rtcm -- MSM after sigindex: sig[2] code=27 idx=1
04:09:10.734 [main] DEBUG org.rtklib.java.rtcm.Rtcm -- MSM after sigindex: sig[3] code=58 idx=2
04:09:10.734 [main] DEBUG org.rtklib.java.rtcm.Rtcm -- MSM after sigindex: sig[4] code=2 idx=4
04:09:10.734 [main] DEBUG org.rtklib.java.rtcm.Rtcm -- RTCM3 decoded message type=1042, length=70
04:09:10.734 [main] DEBUG org.rtklib.java.rtcm.Rtcm -- RTCM3 decoded message type=1005, length=25
04:09:10.734 [main] DEBUG org.rtklib.java.rtcm.Rtcm -- RTCM3 decoded message type=1033, length=27
04:09:10.734 [main] DEBUG org.rtklib.java.rtcm.Rtcm -- RTCM3 decoded message type=1124, length=260
04:09:10.734 [main] DEBUG org.rtklib.java.rtcm.Rtcm -- MSM BDS TOW: raw=64219000, tow=64233.0
04:09:10.734 [main] DEBUG org.rtklib.java.rtcm.Rtcm -- MSM BDS after adjweek: time.time=1780854633, time.sec=0.0
04:09:10.734 [main] DEBUG org.rtklib.java.rtcm.Rtcm -- decode_msm_head: sys=32 staid=0 nsat=12 nsig=5 sync=0 iod=0 ncell=33
04:09:10.734 [main] DEBUG org.rtklib.java.rtcm.Rtcm -- MSM sig[0] sigid=2 sigstr=2I code=40 idx=0
04:09:10.734 [main] DEBUG org.rtklib.java.rtcm.Rtcm -- MSM sig[1] sigid=8 sigstr=6I code=42 idx=3
04:09:10.734 [main] DEBUG org.rtklib.java.rtcm.Rtcm -- MSM sig[2] sigid=14 sigstr=7I code=27 idx=1
04:09:10.734 [main] DEBUG org.rtklib.java.rtcm.Rtcm -- MSM sig[3] sigid=23 sigstr=5P code=58 idx=2
04:09:10.734 [main] DEBUG org.rtklib.java.rtcm.Rtcm -- MSM sig[4] sigid=31 sigstr=1P code=2 idx=4
04:09:10.734 [main] DEBUG org.rtklib.java.rtcm.Rtcm -- MSM after sigindex: sig[0] code=40 idx=0
04:09:10.734 [main] DEBUG org.rtklib.java.rtcm.Rtcm -- MSM after sigindex: sig[1] code=42 idx=3
04:09:10.734 [main] DEBUG org.rtklib.java.rtcm.Rtcm -- MSM after sigindex: sig[2] code=27 idx=1
04:09:10.734 [main] DEBUG org.rtklib.java.rtcm.Rtcm -- MSM after sigindex: sig[3] code=58 idx=2
04:09:10.734 [main] DEBUG org.rtklib.java.rtcm.Rtcm -- MSM after sigindex: sig[4] code=2 idx=4
04:09:10.734 [main] DEBUG org.rtklib.java.rtcm.Rtcm -- RTCM3 decoded message type=1042, length=70
04:09:10.734 [main] DEBUG org.rtklib.java.rtcm.Rtcm -- RTCM3 decoded message type=1005, length=25
04:09:10.734 [main] DEBUG org.rtklib.java.rtcm.Rtcm -- RTCM3 decoded message type=1033, length=27
04:09:10.734 [main] DEBUG org.rtklib.java.rtcm.Rtcm -- RTCM3 decoded message type=1124, length=250
04:09:10.734 [main] DEBUG org.rtklib.java.rtcm.Rtcm -- MSM BDS TOW: raw=64234000, tow=64248.0
04:09:10.734 [main] DEBUG org.rtklib.java.rtcm.Rtcm -- MSM BDS after adjweek: time.time=1780854648, time.sec=0.0
04:09:10.734 [main] DEBUG org.rtklib.java.rtcm.Rtcm -- decode_msm_head: sys=32 staid=0 nsat=11 nsig=4 sync=0 iod=0 ncell=32
04:09:10.734 [main] DEBUG org.rtklib.java.rtcm.Rtcm -- MSM sig[0] sigid=2 sigstr=2I code=40 idx=0
04:09:10.734 [main] DEBUG org.rtklib.java.rtcm.Rtcm -- MSM sig[1] sigid=8 sigstr=6I code=42 idx=3
04:09:10.734 [main] DEBUG org.rtklib.java.rtcm.Rtcm -- MSM sig[2] sigid=23 sigstr=5P code=58 idx=2
04:09:10.734 [main] DEBUG org.rtklib.java.rtcm.Rtcm -- MSM sig[3] sigid=31 sigstr=1P code=2 idx=4
04:09:10.734 [main] DEBUG org.rtklib.java.rtcm.Rtcm -- MSM after sigindex: sig[0] code=40 idx=0
04:09:10.734 [main] DEBUG org.rtklib.java.rtcm.Rtcm -- MSM after sigindex: sig[1] code=42 idx=3
04:09:10.734 [main] DEBUG org.rtklib.java.rtcm.Rtcm -- MSM after sigindex: sig[2] code=58 idx=2
04:09:10.734 [main] DEBUG org.rtklib.java.rtcm.Rtcm -- MSM after sigindex: sig[3] code=2 idx=4
04:09:10.734 [main] DEBUG org.rtklib.java.rtcm.Rtcm -- RTCM3 decoded message type=1042, length=70
04:09:10.734 [main] DEBUG org.rtklib.java.rtcm.Rtcm -- RTCM3 decoded message type=1005, length=25
04:09:10.734 [main] DEBUG org.rtklib.java.rtcm.Rtcm -- RTCM3 decoded message type=1033, length=27
04:09:10.734 [main] DEBUG org.rtklib.java.rtcm.Rtcm -- RTCM3 decoded message type=1124, length=259
04:09:10.734 [main] DEBUG org.rtklib.java.rtcm.Rtcm -- MSM BDS TOW: raw=64249000, tow=64263.0
04:09:10.734 [main] DEBUG org.rtklib.java.rtcm.Rtcm -- MSM BDS after adjweek: time.time=1780854663, time.sec=0.0
04:09:10.734 [main] DEBUG org.rtklib.java.rtcm.Rtcm -- decode_msm_head: sys=32 staid=0 nsat=12 nsig=4 sync=0 iod=0 ncell=33
04:09:10.734 [main] DEBUG org.rtklib.java.rtcm.Rtcm -- MSM sig[0] sigid=2 sigstr=2I code=40 idx=0
04:09:10.734 [main] DEBUG org.rtklib.java.rtcm.Rtcm -- MSM sig[1] sigid=8 sigstr=6I code=42 idx=3
04:09:10.734 [main] DEBUG org.rtklib.java.rtcm.Rtcm -- MSM sig[2] sigid=23 sigstr=5P code=58 idx=2
04:09:10.734 [main] DEBUG org.rtklib.java.rtcm.Rtcm -- MSM sig[3] sigid=31 sigstr=1P code=2 idx=4
04:09:10.734 [main] DEBUG org.rtklib.java.rtcm.Rtcm -- MSM after sigindex: sig[0] code=40 idx=0
04:09:10.734 [main] DEBUG org.rtklib.java.rtcm.Rtcm -- MSM after sigindex: sig[1] code=42 idx=3
04:09:10.734 [main] DEBUG org.rtklib.java.rtcm.Rtcm -- MSM after sigindex: sig[2] code=58 idx=2
04:09:10.734 [main] DEBUG org.rtklib.java.rtcm.Rtcm -- MSM after sigindex: sig[3] code=2 idx=4
04:09:10.734 [main] DEBUG org.rtklib.java.rtcm.Rtcm -- RTCM3 decoded message type=1042, length=70
04:09:10.734 [main] DEBUG org.rtklib.java.rtcm.Rtcm -- RTCM3 decoded message type=1005, length=25
04:09:10.734 [main] DEBUG org.rtklib.java.rtcm.Rtcm -- RTCM3 decoded message type=1033, length=27
04:09:10.734 [main] DEBUG org.rtklib.java.rtcm.Rtcm -- RTCM3 decoded message type=1124, length=267
04:09:10.734 [main] DEBUG org.rtklib.java.rtcm.Rtcm -- MSM BDS TOW: raw=64264000, tow=64278.0
04:09:10.734 [main] DEBUG org.rtklib.java.rtcm.Rtcm -- MSM BDS after adjweek: time.time=1780854678, time.sec=0.0
04:09:10.734 [main] DEBUG org.rtklib.java.rtcm.Rtcm -- decode_msm_head: sys=32 staid=0 nsat=13 nsig=4 sync=0 iod=0 ncell=34
04:09:10.734 [main] DEBUG org.rtklib.java.rtcm.Rtcm -- MSM sig[0] sigid=2 sigstr=2I code=40 idx=0
04:09:10.734 [main] DEBUG org.rtklib.java.rtcm.Rtcm -- MSM sig[1] sigid=8 sigstr=6I code=42 idx=3
04:09:10.734 [main] DEBUG org.rtklib.java.rtcm.Rtcm -- MSM sig[2] sigid=23 sigstr=5P code=58 idx=2
04:09:10.734 [main] DEBUG org.rtklib.java.rtcm.Rtcm -- MSM sig[3] sigid=31 sigstr=1P code=2 idx=4
04:09:10.734 [main] DEBUG org.rtklib.java.rtcm.Rtcm -- MSM after sigindex: sig[0] code=40 idx=0
04:09:10.734 [main] DEBUG org.rtklib.java.rtcm.Rtcm -- MSM after sigindex: sig[1] code=42 idx=3
04:09:10.734 [main] DEBUG org.rtklib.java.rtcm.Rtcm -- MSM after sigindex: sig[2] code=58 idx=2
04:09:10.734 [main] DEBUG org.rtklib.java.rtcm.Rtcm -- MSM after sigindex: sig[3] code=2 idx=4
04:09:10.734 [main] DEBUG org.rtklib.java.rtcm.Rtcm -- RTCM3 decoded message type=1042, length=70
04:09:10.734 [main] DEBUG org.rtklib.java.rtcm.Rtcm -- RTCM3 decoded message type=1005, length=25
04:09:10.734 [main] DEBUG org.rtklib.java.rtcm.Rtcm -- RTCM3 decoded message type=1033, length=27
04:09:10.734 [main] DEBUG org.rtklib.java.rtcm.Rtcm -- RTCM3 decoded message type=1124, length=267
04:09:10.734 [main] DEBUG org.rtklib.java.rtcm.Rtcm -- MSM BDS TOW: raw=64279000, tow=64293.0
04:09:10.734 [main] DEBUG org.rtklib.java.rtcm.Rtcm -- MSM BDS after adjweek: time.time=1780854693, time.sec=0.0
04:09:10.734 [main] DEBUG org.rtklib.java.rtcm.Rtcm -- decode_msm_head: sys=32 staid=0 nsat=13 nsig=4 sync=0 iod=0 ncell=34
04:09:10.734 [main] DEBUG org.rtklib.java.rtcm.Rtcm -- MSM sig[0] sigid=2 sigstr=2I code=40 idx=0
04:09:10.734 [main] DEBUG org.rtklib.java.rtcm.Rtcm -- MSM sig[1] sigid=8 sigstr=6I code=42 idx=3
04:09:10.734 [main] DEBUG org.rtklib.java.rtcm.Rtcm -- MSM sig[2] sigid=23 sigstr=5P code=58 idx=2
04:09:10.734 [main] DEBUG org.rtklib.java.rtcm.Rtcm -- MSM sig[3] sigid=31 sigstr=1P code=2 idx=4
04:09:10.734 [main] DEBUG org.rtklib.java.rtcm.Rtcm -- MSM after sigindex: sig[0] code=40 idx=0
04:09:10.734 [main] DEBUG org.rtklib.java.rtcm.Rtcm -- MSM after sigindex: sig[1] code=42 idx=3
04:09:10.734 [main] DEBUG org.rtklib.java.rtcm.Rtcm -- MSM after sigindex: sig[2] code=58 idx=2
04:09:10.734 [main] DEBUG org.rtklib.java.rtcm.Rtcm -- MSM after sigindex: sig[3] code=2 idx=4
04:09:10.734 [main] DEBUG org.rtklib.java.rtcm.Rtcm -- RTCM3 decoded message type=1042, length=70
04:09:10.734 [main] DEBUG org.rtklib.java.rtcm.Rtcm -- RTCM3 decoded message type=1005, length=25
04:09:10.734 [main] DEBUG org.rtklib.java.rtcm.Rtcm -- RTCM3 decoded message type=1033, length=27
04:09:10.734 [main] DEBUG org.rtklib.java.rtcm.Rtcm -- RTCM3 decoded message type=1124, length=267
04:09:10.734 [main] DEBUG org.rtklib.java.rtcm.Rtcm -- MSM BDS TOW: raw=64294000, tow=64308.0
04:09:10.734 [main] DEBUG org.rtklib.java.rtcm.Rtcm -- MSM BDS after adjweek: time.time=1780854708, time.sec=0.0
04:09:10.734 [main] DEBUG org.rtklib.java.rtcm.Rtcm -- decode_msm_head: sys=32 staid=0 nsat=13 nsig=4 sync=0 iod=0 ncell=34
04:09:10.734 [main] DEBUG org.rtklib.java.rtcm.Rtcm -- MSM sig[0] sigid=2 sigstr=2I code=40 idx=0
04:09:10.734 [main] DEBUG org.rtklib.java.rtcm.Rtcm -- MSM sig[1] sigid=8 sigstr=6I code=42 idx=3
04:09:10.734 [main] DEBUG org.rtklib.java.rtcm.Rtcm -- MSM sig[2] sigid=23 sigstr=5P code=58 idx=2
04:09:10.734 [main] DEBUG org.rtklib.java.rtcm.Rtcm -- MSM sig[3] sigid=31 sigstr=1P code=2 idx=4
04:09:10.734 [main] DEBUG org.rtklib.java.rtcm.Rtcm -- MSM after sigindex: sig[0] code=40 idx=0
04:09:10.734 [main] DEBUG org.rtklib.java.rtcm.Rtcm -- MSM after sigindex: sig[1] code=42 idx=3
04:09:10.734 [main] DEBUG org.rtklib.java.rtcm.Rtcm -- MSM after sigindex: sig[2] code=58 idx=2
04:09:10.734 [main] DEBUG org.rtklib.java.rtcm.Rtcm -- MSM after sigindex: sig[3] code=2 idx=4
04:09:10.734 [main] DEBUG org.rtklib.java.rtcm.Rtcm -- RTCM3 decoded message type=1042, length=70
04:09:10.734 [main] DEBUG org.rtklib.java.rtcm.Rtcm -- RTCM3 decoded message type=1005, length=25
04:09:10.734 [main] DEBUG org.rtklib.java.rtcm.Rtcm -- RTCM3 decoded message type=1033, length=27
04:09:10.734 [main] DEBUG org.rtklib.java.rtcm.Rtcm -- RTCM3 decoded message type=1124, length=261
04:09:10.734 [main] DEBUG org.rtklib.java.rtcm.Rtcm -- MSM BDS TOW: raw=64309000, tow=64323.0
04:09:10.734 [main] DEBUG org.rtklib.java.rtcm.Rtcm -- MSM BDS after adjweek: time.time=1780854723, time.sec=0.0
04:09:10.734 [main] DEBUG org.rtklib.java.rtcm.Rtcm -- decode_msm_head: sys=32 staid=0 nsat=13 nsig=4 sync=0 iod=0 ncell=33
04:09:10.734 [main] DEBUG org.rtklib.java.rtcm.Rtcm -- MSM sig[0] sigid=2 sigstr=2I code=40 idx=0
04:09:10.734 [main] DEBUG org.rtklib.java.rtcm.Rtcm -- MSM sig[1] sigid=8 sigstr=6I code=42 idx=3
04:09:10.734 [main] DEBUG org.rtklib.java.rtcm.Rtcm -- MSM sig[2] sigid=23 sigstr=5P code=58 idx=2
04:09:10.734 [main] DEBUG org.rtklib.java.rtcm.Rtcm -- MSM sig[3] sigid=31 sigstr=1P code=2 idx=4
04:09:10.734 [main] DEBUG org.rtklib.java.rtcm.Rtcm -- MSM after sigindex: sig[0] code=40 idx=0
04:09:10.734 [main] DEBUG org.rtklib.java.rtcm.Rtcm -- MSM after sigindex: sig[1] code=42 idx=3
04:09:10.734 [main] DEBUG org.rtklib.java.rtcm.Rtcm -- MSM after sigindex: sig[2] code=58 idx=2
04:09:10.734 [main] DEBUG org.rtklib.java.rtcm.Rtcm -- MSM after sigindex: sig[3] code=2 idx=4
04:09:10.734 [main] DEBUG org.rtklib.java.rtcm.Rtcm -- RTCM3 decoded message type=1042, length=70
04:09:10.734 [main] INFO org.rtklib.java.rtcm.Rtcm -- RTCM 1042 eph stored: sat=116 prn=11 week=1066 toe=61200.0 A=27906290.3
04:09:10.734 [main] DEBUG org.rtklib.java.rtcm.Rtcm -- RTCM3 decoded message type=1005, length=25
04:09:10.734 [main] DEBUG org.rtklib.java.rtcm.Rtcm -- RTCM3 decoded message type=1033, length=27
04:09:10.734 [main] DEBUG org.rtklib.java.rtcm.Rtcm -- RTCM3 decoded message type=1124, length=267
04:09:10.734 [main] DEBUG org.rtklib.java.rtcm.Rtcm -- MSM BDS TOW: raw=64324000, tow=64338.0
04:09:10.734 [main] DEBUG org.rtklib.java.rtcm.Rtcm -- MSM BDS after adjweek: time.time=1780854738, time.sec=0.0
04:09:10.734 [main] DEBUG org.rtklib.java.rtcm.Rtcm -- decode_msm_head: sys=32 staid=0 nsat=13 nsig=4 sync=0 iod=0 ncell=34
04:09:10.734 [main] DEBUG org.rtklib.java.rtcm.Rtcm -- MSM sig[0] sigid=2 sigstr=2I code=40 idx=0
04:09:10.734 [main] DEBUG org.rtklib.java.rtcm.Rtcm -- MSM sig[1] sigid=8 sigstr=6I code=42 idx=3
04:09:10.734 [main] DEBUG org.rtklib.java.rtcm.Rtcm -- MSM sig[2] sigid=23 sigstr=5P code=58 idx=2
04:09:10.734 [main] DEBUG org.rtklib.java.rtcm.Rtcm -- MSM sig[3] sigid=31 sigstr=1P code=2 idx=4
04:09:10.734 [main] DEBUG org.rtklib.java.rtcm.Rtcm -- MSM after sigindex: sig[0] code=40 idx=0
04:09:10.734 [main] DEBUG org.rtklib.java.rtcm.Rtcm -- MSM after sigindex: sig[1] code=42 idx=3
04:09:10.734 [main] DEBUG org.rtklib.java.rtcm.Rtcm -- MSM after sigindex: sig[2] code=58 idx=2
04:09:10.734 [main] DEBUG org.rtklib.java.rtcm.Rtcm -- MSM after sigindex: sig[3] code=2 idx=4
04:09:10.734 [main] DEBUG org.rtklib.java.rtcm.Rtcm -- RTCM3 decoded message type=1042, length=70
04:09:10.734 [main] DEBUG org.rtklib.java.rtcm.Rtcm -- RTCM3 decoded message type=1005, length=25
04:09:10.734 [main] DEBUG org.rtklib.java.rtcm.Rtcm -- RTCM3 decoded message type=1033, length=27
04:09:10.734 [main] DEBUG org.rtklib.java.rtcm.Rtcm -- RTCM3 decoded message type=1124, length=267
04:09:10.734 [main] DEBUG org.rtklib.java.rtcm.Rtcm -- MSM BDS TOW: raw=64339000, tow=64353.0
04:09:10.734 [main] DEBUG org.rtklib.java.rtcm.Rtcm -- MSM BDS after adjweek: time.time=1780854753, time.sec=0.0
04:09:10.734 [main] DEBUG org.rtklib.java.rtcm.Rtcm -- decode_msm_head: sys=32 staid=0 nsat=13 nsig=4 sync=0 iod=0 ncell=34
04:09:10.735 [main] DEBUG org.rtklib.java.rtcm.Rtcm -- MSM sig[0] sigid=2 sigstr=2I code=40 idx=0
04:09:10.735 [main] DEBUG org.rtklib.java.rtcm.Rtcm -- MSM sig[1] sigid=8 sigstr=6I code=42 idx=3
04:09:10.735 [main] DEBUG org.rtklib.java.rtcm.Rtcm -- MSM sig[2] sigid=23 sigstr=5P code=58 idx=2
04:09:10.735 [main] DEBUG org.rtklib.java.rtcm.Rtcm -- MSM sig[3] sigid=31 sigstr=1P code=2 idx=4
04:09:10.735 [main] DEBUG org.rtklib.java.rtcm.Rtcm -- MSM after sigindex: sig[0] code=40 idx=0
04:09:10.735 [main] DEBUG org.rtklib.java.rtcm.Rtcm -- MSM after sigindex: sig[1] code=42 idx=3
04:09:10.735 [main] DEBUG org.rtklib.java.rtcm.Rtcm -- MSM after sigindex: sig[2] code=58 idx=2
04:09:10.735 [main] DEBUG org.rtklib.java.rtcm.Rtcm -- MSM after sigindex: sig[3] code=2 idx=4
04:09:10.735 [main] DEBUG org.rtklib.java.rtcm.Rtcm -- RTCM3 decoded message type=1042, length=70
04:09:10.735 [main] DEBUG org.rtklib.java.rtcm.Rtcm -- RTCM3 decoded message type=1005, length=25
04:09:10.735 [main] DEBUG org.rtklib.java.rtcm.Rtcm -- RTCM3 decoded message type=1033, length=27
04:09:10.735 [main] DEBUG org.rtklib.java.rtcm.Rtcm -- RTCM3 decoded message type=1124, length=267
04:09:10.735 [main] DEBUG org.rtklib.java.rtcm.Rtcm -- MSM BDS TOW: raw=64354000, tow=64368.0
04:09:10.735 [main] DEBUG org.rtklib.java.rtcm.Rtcm -- MSM BDS after adjweek: time.time=1780854768, time.sec=0.0
04:09:10.735 [main] DEBUG org.rtklib.java.rtcm.Rtcm -- decode_msm_head: sys=32 staid=0 nsat=13 nsig=4 sync=0 iod=0 ncell=34
04:09:10.735 [main] DEBUG org.rtklib.java.rtcm.Rtcm -- MSM sig[0] sigid=2 sigstr=2I code=40 idx=0
04:09:10.735 [main] DEBUG org.rtklib.java.rtcm.Rtcm -- MSM sig[1] sigid=8 sigstr=6I code=42 idx=3
04:09:10.735 [main] DEBUG org.rtklib.java.rtcm.Rtcm -- MSM sig[2] sigid=23 sigstr=5P code=58 idx=2
04:09:10.735 [main] DEBUG org.rtklib.java.rtcm.Rtcm -- MSM sig[3] sigid=31 sigstr=1P code=2 idx=4
04:09:10.735 [main] DEBUG org.rtklib.java.rtcm.Rtcm -- MSM after sigindex: sig[0] code=40 idx=0
04:09:10.735 [main] DEBUG org.rtklib.java.rtcm.Rtcm -- MSM after sigindex: sig[1] code=42 idx=3
04:09:10.735 [main] DEBUG org.rtklib.java.rtcm.Rtcm -- MSM after sigindex: sig[2] code=58 idx=2
04:09:10.735 [main] DEBUG org.rtklib.java.rtcm.Rtcm -- MSM after sigindex: sig[3] code=2 idx=4
04:09:10.735 [main] DEBUG org.rtklib.java.rtcm.Rtcm -- RTCM3 decoded message type=1042, length=70
04:09:10.735 [main] DEBUG org.rtklib.java.rtcm.Rtcm -- RTCM3 decoded message type=1005, length=25
04:09:10.735 [main] DEBUG org.rtklib.java.rtcm.Rtcm -- RTCM3 decoded message type=1033, length=27
04:09:10.735 [main] DEBUG org.rtklib.java.rtcm.Rtcm -- RTCM3 decoded message type=1124, length=267
04:09:10.735 [main] DEBUG org.rtklib.java.rtcm.Rtcm -- MSM BDS TOW: raw=64369000, tow=64383.0
04:09:10.735 [main] DEBUG org.rtklib.java.rtcm.Rtcm -- MSM BDS after adjweek: time.time=1780854783, time.sec=0.0
04:09:10.735 [main] DEBUG org.rtklib.java.rtcm.Rtcm -- decode_msm_head: sys=32 staid=0 nsat=13 nsig=4 sync=0 iod=0 ncell=34
04:09:10.735 [main] DEBUG org.rtklib.java.rtcm.Rtcm -- MSM sig[0] sigid=2 sigstr=2I code=40 idx=0
04:09:10.735 [main] DEBUG org.rtklib.java.rtcm.Rtcm -- MSM sig[1] sigid=8 sigstr=6I code=42 idx=3
04:09:10.735 [main] DEBUG org.rtklib.java.rtcm.Rtcm -- MSM sig[2] sigid=23 sigstr=5P code=58 idx=2
04:09:10.735 [main] DEBUG org.rtklib.java.rtcm.Rtcm -- MSM sig[3] sigid=31 sigstr=1P code=2 idx=4
04:09:10.735 [main] DEBUG org.rtklib.java.rtcm.Rtcm -- MSM after sigindex: sig[0] code=40 idx=0
04:09:10.735 [main] DEBUG org.rtklib.java.rtcm.Rtcm -- MSM after sigindex: sig[1] code=42 idx=3
04:09:10.735 [main] DEBUG org.rtklib.java.rtcm.Rtcm -- MSM after sigindex: sig[2] code=58 idx=2
04:09:10.735 [main] DEBUG org.rtklib.java.rtcm.Rtcm -- MSM after sigindex: sig[3] code=2 idx=4
04:09:10.735 [main] DEBUG org.rtklib.java.rtcm.Rtcm -- RTCM3 decoded message type=1042, length=70
04:09:10.735 [main] DEBUG org.rtklib.java.rtcm.Rtcm -- RTCM3 decoded message type=1005, length=25
04:09:10.735 [main] DEBUG org.rtklib.java.rtcm.Rtcm -- RTCM3 decoded message type=1033, length=27
04:09:10.735 [main] DEBUG org.rtklib.java.rtcm.Rtcm -- RTCM3 decoded message type=1124, length=273
04:09:10.735 [main] DEBUG org.rtklib.java.rtcm.Rtcm -- MSM BDS TOW: raw=64384000, tow=64398.0
04:09:10.735 [main] DEBUG org.rtklib.java.rtcm.Rtcm -- MSM BDS after adjweek: time.time=1780854798, time.sec=0.0
04:09:10.735 [main] DEBUG org.rtklib.java.rtcm.Rtcm -- decode_msm_head: sys=32 staid=0 nsat=13 nsig=4 sync=0 iod=0 ncell=35
04:09:10.735 [main] DEBUG org.rtklib.java.rtcm.Rtcm -- MSM sig[0] sigid=2 sigstr=2I code=40 idx=0
04:09:10.735 [main] DEBUG org.rtklib.java.rtcm.Rtcm -- MSM sig[1] sigid=8 sigstr=6I code=42 idx=3
04:09:10.735 [main] DEBUG org.rtklib.java.rtcm.Rtcm -- MSM sig[2] sigid=23 sigstr=5P code=58 idx=2
04:09:10.735 [main] DEBUG org.rtklib.java.rtcm.Rtcm -- MSM sig[3] sigid=31 sigstr=1P code=2 idx=4
04:09:10.735 [main] DEBUG org.rtklib.java.rtcm.Rtcm -- MSM after sigindex: sig[0] code=40 idx=0
04:09:10.735 [main] DEBUG org.rtklib.java.rtcm.Rtcm -- MSM after sigindex: sig[1] code=42 idx=3
04:09:10.735 [main] DEBUG org.rtklib.java.rtcm.Rtcm -- MSM after sigindex: sig[2] code=58 idx=2
04:09:10.735 [main] DEBUG org.rtklib.java.rtcm.Rtcm -- MSM after sigindex: sig[3] code=2 idx=4
04:09:10.735 [main] DEBUG org.rtklib.java.rtcm.Rtcm -- RTCM3 decoded message type=1042, length=70
04:09:10.735 [main] DEBUG org.rtklib.java.rtcm.Rtcm -- RTCM3 decoded message type=1005, length=25
04:09:10.735 [main] DEBUG org.rtklib.java.rtcm.Rtcm -- RTCM3 decoded message type=1033, length=27
04:09:10.735 [main] DEBUG org.rtklib.java.rtcm.Rtcm -- RTCM3 decoded message type=1124, length=273
04:09:10.735 [main] DEBUG org.rtklib.java.rtcm.Rtcm -- MSM BDS TOW: raw=64399000, tow=64413.0
04:09:10.735 [main] DEBUG org.rtklib.java.rtcm.Rtcm -- MSM BDS after adjweek: time.time=1780854813, time.sec=0.0
04:09:10.735 [main] DEBUG org.rtklib.java.rtcm.Rtcm -- decode_msm_head: sys=32 staid=0 nsat=13 nsig=4 sync=0 iod=0 ncell=35
04:09:10.735 [main] DEBUG org.rtklib.java.rtcm.Rtcm -- MSM sig[0] sigid=2 sigstr=2I code=40 idx=0
04:09:10.735 [main] DEBUG org.rtklib.java.rtcm.Rtcm -- MSM sig[1] sigid=8 sigstr=6I code=42 idx=3
04:09:10.735 [main] DEBUG org.rtklib.java.rtcm.Rtcm -- MSM sig[2] sigid=23 sigstr=5P code=58 idx=2
04:09:10.735 [main] DEBUG org.rtklib.java.rtcm.Rtcm -- MSM sig[3] sigid=31 sigstr=1P code=2 idx=4
04:09:10.735 [main] DEBUG org.rtklib.java.rtcm.Rtcm -- MSM after sigindex: sig[0] code=40 idx=0
04:09:10.735 [main] DEBUG org.rtklib.java.rtcm.Rtcm -- MSM after sigindex: sig[1] code=42 idx=3
04:09:10.735 [main] DEBUG org.rtklib.java.rtcm.Rtcm -- MSM after sigindex: sig[2] code=58 idx=2
04:09:10.735 [main] DEBUG org.rtklib.java.rtcm.Rtcm -- MSM after sigindex: sig[3] code=2 idx=4
04:09:10.735 [main] DEBUG org.rtklib.java.rtcm.Rtcm -- RTCM3 decoded message type=1042, length=70
04:09:10.735 [main] DEBUG org.rtklib.java.rtcm.Rtcm -- RTCM3 decoded message type=1005, length=25
04:09:10.735 [main] DEBUG org.rtklib.java.rtcm.Rtcm -- RTCM3 decoded message type=1033, length=27
04:09:10.735 [main] DEBUG org.rtklib.java.rtcm.Rtcm -- RTCM3 decoded message type=1124, length=254
04:09:10.735 [main] DEBUG org.rtklib.java.rtcm.Rtcm -- MSM BDS TOW: raw=64414000, tow=64428.0
04:09:10.735 [main] DEBUG org.rtklib.java.rtcm.Rtcm -- MSM BDS after adjweek: time.time=1780854828, time.sec=0.0
04:09:10.735 [main] DEBUG org.rtklib.java.rtcm.Rtcm -- decode_msm_head: sys=32 staid=0 nsat=12 nsig=5 sync=1 iod=0 ncell=32
04:09:10.735 [main] DEBUG org.rtklib.java.rtcm.Rtcm -- MSM sig[0] sigid=2 sigstr=2I code=40 idx=0
04:09:10.735 [main] DEBUG org.rtklib.java.rtcm.Rtcm -- MSM sig[1] sigid=8 sigstr=6I code=42 idx=3
04:09:10.735 [main] DEBUG org.rtklib.java.rtcm.Rtcm -- MSM sig[2] sigid=14 sigstr=7I code=27 idx=1
04:09:10.735 [main] DEBUG org.rtklib.java.rtcm.Rtcm -- MSM sig[3] sigid=23 sigstr=5P code=58 idx=2
04:09:10.735 [main] DEBUG org.rtklib.java.rtcm.Rtcm -- MSM sig[4] sigid=31 sigstr=1P code=2 idx=4
04:09:10.735 [main] DEBUG org.rtklib.java.rtcm.Rtcm -- MSM after sigindex: sig[0] code=40 idx=0
04:09:10.735 [main] DEBUG org.rtklib.java.rtcm.Rtcm -- MSM after sigindex: sig[1] code=42 idx=3
04:09:10.735 [main] DEBUG org.rtklib.java.rtcm.Rtcm -- MSM after sigindex: sig[2] code=27 idx=1
04:09:10.735 [main] DEBUG org.rtklib.java.rtcm.Rtcm -- MSM after sigindex: sig[3] code=58 idx=2
04:09:10.735 [main] DEBUG org.rtklib.java.rtcm.Rtcm -- MSM after sigindex: sig[4] code=2 idx=4
04:09:10.735 [main] DEBUG org.rtklib.java.rtcm.Rtcm -- RTCM3 decoded message type=1124, length=54
04:09:10.735 [main] DEBUG org.rtklib.java.rtcm.Rtcm -- MSM BDS TOW: raw=64414000, tow=64428.0
04:09:10.735 [main] DEBUG org.rtklib.java.rtcm.Rtcm -- MSM BDS after adjweek: time.time=1780854828, time.sec=0.0
04:09:10.735 [main] DEBUG org.rtklib.java.rtcm.Rtcm -- decode_msm_head: sys=32 staid=0 nsat=1 nsig=4 sync=0 iod=0 ncell=4
04:09:10.735 [main] DEBUG org.rtklib.java.rtcm.Rtcm -- MSM sig[0] sigid=2 sigstr=2I code=40 idx=0
04:09:10.735 [main] DEBUG org.rtklib.java.rtcm.Rtcm -- MSM sig[1] sigid=8 sigstr=6I code=42 idx=3
04:09:10.735 [main] DEBUG org.rtklib.java.rtcm.Rtcm -- MSM sig[2] sigid=23 sigstr=5P code=58 idx=2
04:09:10.735 [main] DEBUG org.rtklib.java.rtcm.Rtcm -- MSM sig[3] sigid=31 sigstr=1P code=2 idx=4
04:09:10.735 [main] DEBUG org.rtklib.java.rtcm.Rtcm -- MSM after sigindex: sig[0] code=40 idx=0
04:09:10.735 [main] DEBUG org.rtklib.java.rtcm.Rtcm -- MSM after sigindex: sig[1] code=42 idx=3
04:09:10.735 [main] DEBUG org.rtklib.java.rtcm.Rtcm -- MSM after sigindex: sig[2] code=58 idx=2
04:09:10.735 [main] DEBUG org.rtklib.java.rtcm.Rtcm -- MSM after sigindex: sig[3] code=2 idx=4
04:09:10.735 [main] DEBUG org.rtklib.java.rtcm.Rtcm -- RTCM3 decoded message type=1042, length=70
04:09:10.735 [main] DEBUG org.rtklib.java.rtcm.Rtcm -- RTCM3 decoded message type=1005, length=25
04:09:10.735 [main] DEBUG org.rtklib.java.rtcm.Rtcm -- RTCM3 decoded message type=1033, length=27
04:09:10.735 [main] DEBUG org.rtklib.java.rtcm.Rtcm -- RTCM3 decoded message type=1124, length=279
04:09:10.735 [main] DEBUG org.rtklib.java.rtcm.Rtcm -- MSM BDS TOW: raw=64429000, tow=64443.0
04:09:10.735 [main] DEBUG org.rtklib.java.rtcm.Rtcm -- MSM BDS after adjweek: time.time=1780854843, time.sec=0.0
04:09:10.735 [main] DEBUG org.rtklib.java.rtcm.Rtcm -- decode_msm_head: sys=32 staid=0 nsat=13 nsig=4 sync=0 iod=0 ncell=36
04:09:10.735 [main] DEBUG org.rtklib.java.rtcm.Rtcm -- MSM sig[0] sigid=2 sigstr=2I code=40 idx=0
04:09:10.735 [main] DEBUG org.rtklib.java.rtcm.Rtcm -- MSM sig[1] sigid=8 sigstr=6I code=42 idx=3
04:09:10.735 [main] DEBUG org.rtklib.java.rtcm.Rtcm -- MSM sig[2] sigid=23 sigstr=5P code=58 idx=2
04:09:10.735 [main] DEBUG org.rtklib.java.rtcm.Rtcm -- MSM sig[3] sigid=31 sigstr=1P code=2 idx=4
04:09:10.735 [main] DEBUG org.rtklib.java.rtcm.Rtcm -- MSM after sigindex: sig[0] code=40 idx=0
04:09:10.735 [main] DEBUG org.rtklib.java.rtcm.Rtcm -- MSM after sigindex: sig[1] code=42 idx=3
04:09:10.735 [main] DEBUG org.rtklib.java.rtcm.Rtcm -- MSM after sigindex: sig[2] code=58 idx=2
04:09:10.735 [main] DEBUG org.rtklib.java.rtcm.Rtcm -- MSM after sigindex: sig[3] code=2 idx=4
04:09:10.735 [main] DEBUG org.rtklib.java.rtcm.Rtcm -- RTCM3 decoded message type=1042, length=70
04:09:10.735 [main] DEBUG org.rtklib.java.rtcm.Rtcm -- RTCM3 decoded message type=1005, length=25
04:09:10.735 [main] DEBUG org.rtklib.java.rtcm.Rtcm -- RTCM3 decoded message type=1033, length=27
04:09:10.735 [main] DEBUG org.rtklib.java.rtcm.Rtcm -- RTCM3 decoded message type=1124, length=279
04:09:10.735 [main] DEBUG org.rtklib.java.rtcm.Rtcm -- MSM BDS TOW: raw=64444000, tow=64458.0
04:09:10.735 [main] DEBUG org.rtklib.java.rtcm.Rtcm -- MSM BDS after adjweek: time.time=1780854858, time.sec=0.0
04:09:10.735 [main] DEBUG org.rtklib.java.rtcm.Rtcm -- decode_msm_head: sys=32 staid=0 nsat=13 nsig=4 sync=0 iod=0 ncell=36
04:09:10.735 [main] DEBUG org.rtklib.java.rtcm.Rtcm -- MSM sig[0] sigid=2 sigstr=2I code=40 idx=0
04:09:10.735 [main] DEBUG org.rtklib.java.rtcm.Rtcm -- MSM sig[1] sigid=8 sigstr=6I code=42 idx=3
04:09:10.735 [main] DEBUG org.rtklib.java.rtcm.Rtcm -- MSM sig[2] sigid=23 sigstr=5P code=58 idx=2
04:09:10.735 [main] DEBUG org.rtklib.java.rtcm.Rtcm -- MSM sig[3] sigid=31 sigstr=1P code=2 idx=4
04:09:10.735 [main] DEBUG org.rtklib.java.rtcm.Rtcm -- MSM after sigindex: sig[0] code=40 idx=0
04:09:10.735 [main] DEBUG org.rtklib.java.rtcm.Rtcm -- MSM after sigindex: sig[1] code=42 idx=3
04:09:10.735 [main] DEBUG org.rtklib.java.rtcm.Rtcm -- MSM after sigindex: sig[2] code=58 idx=2
04:09:10.735 [main] DEBUG org.rtklib.java.rtcm.Rtcm -- MSM after sigindex: sig[3] code=2 idx=4
04:09:10.735 [main] DEBUG org.rtklib.java.rtcm.Rtcm -- RTCM3 decoded message type=1042, length=70
04:09:10.735 [main] DEBUG org.rtklib.java.rtcm.Rtcm -- RTCM3 decoded message type=1005, length=25
04:09:10.735 [main] DEBUG org.rtklib.java.rtcm.Rtcm -- RTCM3 decoded message type=1033, length=27
04:09:10.735 [main] DEBUG org.rtklib.java.rtcm.Rtcm -- RTCM3 decoded message type=1124, length=279
04:09:10.735 [main] DEBUG org.rtklib.java.rtcm.Rtcm -- MSM BDS TOW: raw=64459000, tow=64473.0
04:09:10.735 [main] DEBUG org.rtklib.java.rtcm.Rtcm -- MSM BDS after adjweek: time.time=1780854873, time.sec=0.0
04:09:10.735 [main] DEBUG org.rtklib.java.rtcm.Rtcm -- decode_msm_head: sys=32 staid=0 nsat=13 nsig=4 sync=0 iod=0 ncell=36
04:09:10.735 [main] DEBUG org.rtklib.java.rtcm.Rtcm -- MSM sig[0] sigid=2 sigstr=2I code=40 idx=0
04:09:10.735 [main] DEBUG org.rtklib.java.rtcm.Rtcm -- MSM sig[1] sigid=8 sigstr=6I code=42 idx=3
04:09:10.735 [main] DEBUG org.rtklib.java.rtcm.Rtcm -- MSM sig[2] sigid=23 sigstr=5P code=58 idx=2
04:09:10.735 [main] DEBUG org.rtklib.java.rtcm.Rtcm -- MSM sig[3] sigid=31 sigstr=1P code=2 idx=4
04:09:10.735 [main] DEBUG org.rtklib.java.rtcm.Rtcm -- MSM after sigindex: sig[0] code=40 idx=0
04:09:10.735 [main] DEBUG org.rtklib.java.rtcm.Rtcm -- MSM after sigindex: sig[1] code=42 idx=3
04:09:10.735 [main] DEBUG org.rtklib.java.rtcm.Rtcm -- MSM after sigindex: sig[2] code=58 idx=2
04:09:10.735 [main] DEBUG org.rtklib.java.rtcm.Rtcm -- MSM after sigindex: sig[3] code=2 idx=4
04:09:10.735 [main] DEBUG org.rtklib.java.rtcm.Rtcm -- RTCM3 decoded message type=1042, length=70
04:09:10.735 [main] DEBUG org.rtklib.java.rtcm.Rtcm -- RTCM3 decoded message type=1005, length=25
04:09:10.735 [main] DEBUG org.rtklib.java.rtcm.Rtcm -- RTCM3 decoded message type=1033, length=27
04:09:10.735 [main] DEBUG org.rtklib.java.rtcm.Rtcm -- RTCM3 decoded message type=1124, length=273
04:09:10.735 [main] DEBUG org.rtklib.java.rtcm.Rtcm -- MSM BDS TOW: raw=64474000, tow=64488.0
04:09:10.735 [main] DEBUG org.rtklib.java.rtcm.Rtcm -- MSM BDS after adjweek: time.time=1780854888, time.sec=0.0
04:09:10.735 [main] DEBUG org.rtklib.java.rtcm.Rtcm -- decode_msm_head: sys=32 staid=0 nsat=13 nsig=4 sync=0 iod=0 ncell=35
04:09:10.735 [main] DEBUG org.rtklib.java.rtcm.Rtcm -- MSM sig[0] sigid=2 sigstr=2I code=40 idx=0
04:09:10.735 [main] DEBUG org.rtklib.java.rtcm.Rtcm -- MSM sig[1] sigid=8 sigstr=6I code=42 idx=3
04:09:10.735 [main] DEBUG org.rtklib.java.rtcm.Rtcm -- MSM sig[2] sigid=23 sigstr=5P code=58 idx=2
04:09:10.735 [main] DEBUG org.rtklib.java.rtcm.Rtcm -- MSM sig[3] sigid=31 sigstr=1P code=2 idx=4
04:09:10.735 [main] DEBUG org.rtklib.java.rtcm.Rtcm -- MSM after sigindex: sig[0] code=40 idx=0
04:09:10.735 [main] DEBUG org.rtklib.java.rtcm.Rtcm -- MSM after sigindex: sig[1] code=42 idx=3
04:09:10.735 [main] DEBUG org.rtklib.java.rtcm.Rtcm -- MSM after sigindex: sig[2] code=58 idx=2
04:09:10.735 [main] DEBUG org.rtklib.java.rtcm.Rtcm -- MSM after sigindex: sig[3] code=2 idx=4
04:09:10.735 [main] DEBUG org.rtklib.java.rtcm.Rtcm -- RTCM3 decoded message type=1042, length=70
04:09:10.735 [main] DEBUG org.rtklib.java.rtcm.Rtcm -- RTCM3 decoded message type=1005, length=25
04:09:10.735 [main] DEBUG org.rtklib.java.rtcm.Rtcm -- RTCM3 decoded message type=1033, length=27
04:09:10.735 [main] DEBUG org.rtklib.java.rtcm.Rtcm -- RTCM3 decoded message type=1124, length=273
04:09:10.735 [main] DEBUG org.rtklib.java.rtcm.Rtcm -- MSM BDS TOW: raw=64489000, tow=64503.0
04:09:10.735 [main] DEBUG org.rtklib.java.rtcm.Rtcm -- MSM BDS after adjweek: time.time=1780854903, time.sec=0.0
04:09:10.735 [main] DEBUG org.rtklib.java.rtcm.Rtcm -- decode_msm_head: sys=32 staid=0 nsat=13 nsig=4 sync=0 iod=0 ncell=35
04:09:10.735 [main] DEBUG org.rtklib.java.rtcm.Rtcm -- MSM sig[0] sigid=2 sigstr=2I code=40 idx=0
04:09:10.735 [main] DEBUG org.rtklib.java.rtcm.Rtcm -- MSM sig[1] sigid=8 sigstr=6I code=42 idx=3
04:09:10.735 [main] DEBUG org.rtklib.java.rtcm.Rtcm -- MSM sig[2] sigid=23 sigstr=5P code=58 idx=2
04:09:10.735 [main] DEBUG org.rtklib.java.rtcm.Rtcm -- MSM sig[3] sigid=31 sigstr=1P code=2 idx=4
04:09:10.735 [main] DEBUG org.rtklib.java.rtcm.Rtcm -- MSM after sigindex: sig[0] code=40 idx=0
04:09:10.735 [main] DEBUG org.rtklib.java.rtcm.Rtcm -- MSM after sigindex: sig[1] code=42 idx=3
04:09:10.735 [main] DEBUG org.rtklib.java.rtcm.Rtcm -- MSM after sigindex: sig[2] code=58 idx=2
04:09:10.735 [main] DEBUG org.rtklib.java.rtcm.Rtcm -- MSM after sigindex: sig[3] code=2 idx=4
04:09:10.735 [main] DEBUG org.rtklib.java.rtcm.Rtcm -- RTCM3 decoded message type=1042, length=70
04:09:10.735 [main] DEBUG org.rtklib.java.rtcm.Rtcm -- RTCM3 decoded message type=1005, length=25
04:09:10.735 [main] DEBUG org.rtklib.java.rtcm.Rtcm -- RTCM3 decoded message type=1033, length=27
04:09:10.735 [main] DEBUG org.rtklib.java.rtcm.Rtcm -- RTCM3 decoded message type=1124, length=248
04:09:10.735 [main] DEBUG org.rtklib.java.rtcm.Rtcm -- MSM BDS TOW: raw=64504000, tow=64518.0
04:09:10.735 [main] DEBUG org.rtklib.java.rtcm.Rtcm -- MSM BDS after adjweek: time.time=1780854918, time.sec=0.0
04:09:10.735 [main] DEBUG org.rtklib.java.rtcm.Rtcm -- decode_msm_head: sys=32 staid=0 nsat=12 nsig=5 sync=1 iod=0 ncell=31
04:09:10.735 [main] DEBUG org.rtklib.java.rtcm.Rtcm -- MSM sig[0] sigid=2 sigstr=2I code=40 idx=0
04:09:10.735 [main] DEBUG org.rtklib.java.rtcm.Rtcm -- MSM sig[1] sigid=8 sigstr=6I code=42 idx=3
04:09:10.735 [main] DEBUG org.rtklib.java.rtcm.Rtcm -- MSM sig[2] sigid=14 sigstr=7I code=27 idx=1
04:09:10.735 [main] DEBUG org.rtklib.java.rtcm.Rtcm -- MSM sig[3] sigid=23 sigstr=5P code=58 idx=2
04:09:10.735 [main] DEBUG org.rtklib.java.rtcm.Rtcm -- MSM sig[4] sigid=31 sigstr=1P code=2 idx=4
04:09:10.735 [main] DEBUG org.rtklib.java.rtcm.Rtcm -- MSM after sigindex: sig[0] code=40 idx=0
04:09:10.735 [main] DEBUG org.rtklib.java.rtcm.Rtcm -- MSM after sigindex: sig[1] code=42 idx=3
04:09:10.735 [main] DEBUG org.rtklib.java.rtcm.Rtcm -- MSM after sigindex: sig[2] code=27 idx=1
04:09:10.735 [main] DEBUG org.rtklib.java.rtcm.Rtcm -- MSM after sigindex: sig[3] code=58 idx=2
04:09:10.735 [main] DEBUG org.rtklib.java.rtcm.Rtcm -- MSM after sigindex: sig[4] code=2 idx=4
04:09:10.735 [main] DEBUG org.rtklib.java.rtcm.Rtcm -- RTCM3 decoded message type=1124, length=54
04:09:10.735 [main] DEBUG org.rtklib.java.rtcm.Rtcm -- MSM BDS TOW: raw=64504000, tow=64518.0
04:09:10.735 [main] DEBUG org.rtklib.java.rtcm.Rtcm -- MSM BDS after adjweek: time.time=1780854918, time.sec=0.0
04:09:10.735 [main] DEBUG org.rtklib.java.rtcm.Rtcm -- decode_msm_head: sys=32 staid=0 nsat=1 nsig=4 sync=0 iod=0 ncell=4
04:09:10.735 [main] DEBUG org.rtklib.java.rtcm.Rtcm -- MSM sig[0] sigid=2 sigstr=2I code=40 idx=0
04:09:10.735 [main] DEBUG org.rtklib.java.rtcm.Rtcm -- MSM sig[1] sigid=8 sigstr=6I code=42 idx=3
04:09:10.735 [main] DEBUG org.rtklib.java.rtcm.Rtcm -- MSM sig[2] sigid=23 sigstr=5P code=58 idx=2
04:09:10.735 [main] DEBUG org.rtklib.java.rtcm.Rtcm -- MSM sig[3] sigid=31 sigstr=1P code=2 idx=4
04:09:10.735 [main] DEBUG org.rtklib.java.rtcm.Rtcm -- MSM after sigindex: sig[0] code=40 idx=0
04:09:10.735 [main] DEBUG org.rtklib.java.rtcm.Rtcm -- MSM after sigindex: sig[1] code=42 idx=3
04:09:10.735 [main] DEBUG org.rtklib.java.rtcm.Rtcm -- MSM after sigindex: sig[2] code=58 idx=2
04:09:10.735 [main] DEBUG org.rtklib.java.rtcm.Rtcm -- MSM after sigindex: sig[3] code=2 idx=4
04:09:10.735 [main] DEBUG org.rtklib.java.rtcm.Rtcm -- RTCM3 decoded message type=1042, length=70
04:09:10.735 [main] DEBUG org.rtklib.java.rtcm.Rtcm -- RTCM3 decoded message type=1005, length=25
04:09:10.735 [main] DEBUG org.rtklib.java.rtcm.Rtcm -- RTCM3 decoded message type=1033, length=27
04:09:10.735 [main] DEBUG org.rtklib.java.rtcm.Rtcm -- RTCM3 decoded message type=1124, length=248
04:09:10.735 [main] DEBUG org.rtklib.java.rtcm.Rtcm -- MSM BDS TOW: raw=64519000, tow=64533.0
04:09:10.735 [main] DEBUG org.rtklib.java.rtcm.Rtcm -- MSM BDS after adjweek: time.time=1780854933, time.sec=0.0
04:09:10.735 [main] DEBUG org.rtklib.java.rtcm.Rtcm -- decode_msm_head: sys=32 staid=0 nsat=12 nsig=5 sync=1 iod=0 ncell=31
04:09:10.735 [main] DEBUG org.rtklib.java.rtcm.Rtcm -- MSM sig[0] sigid=2 sigstr=2I code=40 idx=0
04:09:10.735 [main] DEBUG org.rtklib.java.rtcm.Rtcm -- MSM sig[1] sigid=8 sigstr=6I code=42 idx=3
04:09:10.735 [main] DEBUG org.rtklib.java.rtcm.Rtcm -- MSM sig[2] sigid=14 sigstr=7I code=27 idx=1
04:09:10.735 [main] DEBUG org.rtklib.java.rtcm.Rtcm -- MSM sig[3] sigid=23 sigstr=5P code=58 idx=2
04:09:10.735 [main] DEBUG org.rtklib.java.rtcm.Rtcm -- MSM sig[4] sigid=31 sigstr=1P code=2 idx=4
04:09:10.735 [main] DEBUG org.rtklib.java.rtcm.Rtcm -- MSM after sigindex: sig[0] code=40 idx=0
04:09:10.735 [main] DEBUG org.rtklib.java.rtcm.Rtcm -- MSM after sigindex: sig[1] code=42 idx=3
04:09:10.735 [main] DEBUG org.rtklib.java.rtcm.Rtcm -- MSM after sigindex: sig[2] code=27 idx=1
04:09:10.735 [main] DEBUG org.rtklib.java.rtcm.Rtcm -- MSM after sigindex: sig[3] code=58 idx=2
04:09:10.735 [main] DEBUG org.rtklib.java.rtcm.Rtcm -- MSM after sigindex: sig[4] code=2 idx=4
04:09:10.735 [main] DEBUG org.rtklib.java.rtcm.Rtcm -- RTCM3 decoded message type=1124, length=54
04:09:10.735 [main] DEBUG org.rtklib.java.rtcm.Rtcm -- MSM BDS TOW: raw=64519000, tow=64533.0
04:09:10.735 [main] DEBUG org.rtklib.java.rtcm.Rtcm -- MSM BDS after adjweek: time.time=1780854933, time.sec=0.0
04:09:10.735 [main] DEBUG org.rtklib.java.rtcm.Rtcm -- decode_msm_head: sys=32 staid=0 nsat=1 nsig=4 sync=0 iod=0 ncell=4
04:09:10.735 [main] DEBUG org.rtklib.java.rtcm.Rtcm -- MSM sig[0] sigid=2 sigstr=2I code=40 idx=0
04:09:10.735 [main] DEBUG org.rtklib.java.rtcm.Rtcm -- MSM sig[1] sigid=8 sigstr=6I code=42 idx=3
04:09:10.735 [main] DEBUG org.rtklib.java.rtcm.Rtcm -- MSM sig[2] sigid=23 sigstr=5P code=58 idx=2
04:09:10.735 [main] DEBUG org.rtklib.java.rtcm.Rtcm -- MSM sig[3] sigid=31 sigstr=1P code=2 idx=4
04:09:10.735 [main] DEBUG org.rtklib.java.rtcm.Rtcm -- MSM after sigindex: sig[0] code=40 idx=0
04:09:10.735 [main] DEBUG org.rtklib.java.rtcm.Rtcm -- MSM after sigindex: sig[1] code=42 idx=3
04:09:10.735 [main] DEBUG org.rtklib.java.rtcm.Rtcm -- MSM after sigindex: sig[2] code=58 idx=2
04:09:10.735 [main] DEBUG org.rtklib.java.rtcm.Rtcm -- MSM after sigindex: sig[3] code=2 idx=4
04:09:10.735 [main] DEBUG org.rtklib.java.rtcm.Rtcm -- RTCM3 decoded message type=1042, length=70
04:09:10.735 [main] DEBUG org.rtklib.java.rtcm.Rtcm -- RTCM3 decoded message type=1005, length=25
04:09:10.735 [main] DEBUG org.rtklib.java.rtcm.Rtcm -- RTCM3 decoded message type=1033, length=27
04:09:10.735 [main] DEBUG org.rtklib.java.rtcm.Rtcm -- RTCM3 decoded message type=1124, length=254
04:09:10.735 [main] DEBUG org.rtklib.java.rtcm.Rtcm -- MSM BDS TOW: raw=64534000, tow=64548.0
04:09:10.735 [main] DEBUG org.rtklib.java.rtcm.Rtcm -- MSM BDS after adjweek: time.time=1780854948, time.sec=0.0
04:09:10.735 [main] DEBUG org.rtklib.java.rtcm.Rtcm -- decode_msm_head: sys=32 staid=0 nsat=12 nsig=5 sync=1 iod=0 ncell=32
04:09:10.735 [main] DEBUG org.rtklib.java.rtcm.Rtcm -- MSM sig[0] sigid=2 sigstr=2I code=40 idx=0
04:09:10.735 [main] DEBUG org.rtklib.java.rtcm.Rtcm -- MSM sig[1] sigid=8 sigstr=6I code=42 idx=3
04:09:10.735 [main] DEBUG org.rtklib.java.rtcm.Rtcm -- MSM sig[2] sigid=14 sigstr=7I code=27 idx=1
04:09:10.735 [main] DEBUG org.rtklib.java.rtcm.Rtcm -- MSM sig[3] sigid=23 sigstr=5P code=58 idx=2
04:09:10.735 [main] DEBUG org.rtklib.java.rtcm.Rtcm -- MSM sig[4] sigid=31 sigstr=1P code=2 idx=4
04:09:10.735 [main] DEBUG org.rtklib.java.rtcm.Rtcm -- MSM after sigindex: sig[0] code=40 idx=0
04:09:10.735 [main] DEBUG org.rtklib.java.rtcm.Rtcm -- MSM after sigindex: sig[1] code=42 idx=3
04:09:10.735 [main] DEBUG org.rtklib.java.rtcm.Rtcm -- MSM after sigindex: sig[2] code=27 idx=1
04:09:10.735 [main] DEBUG org.rtklib.java.rtcm.Rtcm -- MSM after sigindex: sig[3] code=58 idx=2
04:09:10.735 [main] DEBUG org.rtklib.java.rtcm.Rtcm -- MSM after sigindex: sig[4] code=2 idx=4
04:09:10.735 [main] DEBUG org.rtklib.java.rtcm.Rtcm -- RTCM3 decoded message type=1124, length=54
04:09:10.735 [main] DEBUG org.rtklib.java.rtcm.Rtcm -- MSM BDS TOW: raw=64534000, tow=64548.0
04:09:10.735 [main] DEBUG org.rtklib.java.rtcm.Rtcm -- MSM BDS after adjweek: time.time=1780854948, time.sec=0.0
04:09:10.735 [main] DEBUG org.rtklib.java.rtcm.Rtcm -- decode_msm_head: sys=32 staid=0 nsat=1 nsig=4 sync=0 iod=0 ncell=4
04:09:10.735 [main] DEBUG org.rtklib.java.rtcm.Rtcm -- MSM sig[0] sigid=2 sigstr=2I code=40 idx=0
04:09:10.735 [main] DEBUG org.rtklib.java.rtcm.Rtcm -- MSM sig[1] sigid=8 sigstr=6I code=42 idx=3
04:09:10.735 [main] DEBUG org.rtklib.java.rtcm.Rtcm -- MSM sig[2] sigid=23 sigstr=5P code=58 idx=2
04:09:10.735 [main] DEBUG org.rtklib.java.rtcm.Rtcm -- MSM sig[3] sigid=31 sigstr=1P code=2 idx=4
04:09:10.735 [main] DEBUG org.rtklib.java.rtcm.Rtcm -- MSM after sigindex: sig[0] code=40 idx=0
04:09:10.735 [main] DEBUG org.rtklib.java.rtcm.Rtcm -- MSM after sigindex: sig[1] code=42 idx=3
04:09:10.735 [main] DEBUG org.rtklib.java.rtcm.Rtcm -- MSM after sigindex: sig[2] code=58 idx=2
04:09:10.736 [main] DEBUG org.rtklib.java.rtcm.Rtcm -- MSM after sigindex: sig[3] code=2 idx=4
04:09:10.736 [main] DEBUG org.rtklib.java.rtcm.Rtcm -- RTCM3 decoded message type=1042, length=70
04:09:10.736 [main] DEBUG org.rtklib.java.rtcm.Rtcm -- RTCM3 decoded message type=1005, length=25
04:09:10.736 [main] DEBUG org.rtklib.java.rtcm.Rtcm -- RTCM3 decoded message type=1033, length=27
04:09:10.736 [main] DEBUG org.rtklib.java.rtcm.Rtcm -- RTCM3 decoded message type=1124, length=248
04:09:10.736 [main] DEBUG org.rtklib.java.rtcm.Rtcm -- MSM BDS TOW: raw=64549000, tow=64563.0
04:09:10.736 [main] DEBUG org.rtklib.java.rtcm.Rtcm -- MSM BDS after adjweek: time.time=1780854963, time.sec=0.0
04:09:10.736 [main] DEBUG org.rtklib.java.rtcm.Rtcm -- decode_msm_head: sys=32 staid=0 nsat=12 nsig=5 sync=1 iod=0 ncell=31
04:09:10.736 [main] DEBUG org.rtklib.java.rtcm.Rtcm -- MSM sig[0] sigid=2 sigstr=2I code=40 idx=0
04:09:10.736 [main] DEBUG org.rtklib.java.rtcm.Rtcm -- MSM sig[1] sigid=8 sigstr=6I code=42 idx=3
04:09:10.736 [main] DEBUG org.rtklib.java.rtcm.Rtcm -- MSM sig[2] sigid=14 sigstr=7I code=27 idx=1
04:09:10.736 [main] DEBUG org.rtklib.java.rtcm.Rtcm -- MSM sig[3] sigid=23 sigstr=5P code=58 idx=2
04:09:10.736 [main] DEBUG org.rtklib.java.rtcm.Rtcm -- MSM sig[4] sigid=31 sigstr=1P code=2 idx=4
04:09:10.736 [main] DEBUG org.rtklib.java.rtcm.Rtcm -- MSM after sigindex: sig[0] code=40 idx=0
04:09:10.736 [main] DEBUG org.rtklib.java.rtcm.Rtcm -- MSM after sigindex: sig[1] code=42 idx=3
04:09:10.736 [main] DEBUG org.rtklib.java.rtcm.Rtcm -- MSM after sigindex: sig[2] code=27 idx=1
04:09:10.736 [main] DEBUG org.rtklib.java.rtcm.Rtcm -- MSM after sigindex: sig[3] code=58 idx=2
04:09:10.736 [main] DEBUG org.rtklib.java.rtcm.Rtcm -- MSM after sigindex: sig[4] code=2 idx=4
04:09:10.736 [main] DEBUG org.rtklib.java.rtcm.Rtcm -- RTCM3 decoded message type=1124, length=54
04:09:10.736 [main] DEBUG org.rtklib.java.rtcm.Rtcm -- MSM BDS TOW: raw=64549000, tow=64563.0
04:09:10.736 [main] DEBUG org.rtklib.java.rtcm.Rtcm -- MSM BDS after adjweek: time.time=1780854963, time.sec=0.0
04:09:10.736 [main] DEBUG org.rtklib.java.rtcm.Rtcm -- decode_msm_head: sys=32 staid=0 nsat=1 nsig=4 sync=0 iod=0 ncell=4
04:09:10.736 [main] DEBUG org.rtklib.java.rtcm.Rtcm -- MSM sig[0] sigid=2 sigstr=2I code=40 idx=0
04:09:10.736 [main] DEBUG org.rtklib.java.rtcm.Rtcm -- MSM sig[1] sigid=8 sigstr=6I code=42 idx=3
04:09:10.736 [main] DEBUG org.rtklib.java.rtcm.Rtcm -- MSM sig[2] sigid=23 sigstr=5P code=58 idx=2
04:09:10.736 [main] DEBUG org.rtklib.java.rtcm.Rtcm -- MSM sig[3] sigid=31 sigstr=1P code=2 idx=4
04:09:10.736 [main] DEBUG org.rtklib.java.rtcm.Rtcm -- MSM after sigindex: sig[0] code=40 idx=0
04:09:10.736 [main] DEBUG org.rtklib.java.rtcm.Rtcm -- MSM after sigindex: sig[1] code=42 idx=3
04:09:10.736 [main] DEBUG org.rtklib.java.rtcm.Rtcm -- MSM after sigindex: sig[2] code=58 idx=2
04:09:10.736 [main] DEBUG org.rtklib.java.rtcm.Rtcm -- MSM after sigindex: sig[3] code=2 idx=4
04:09:10.736 [main] DEBUG org.rtklib.java.rtcm.Rtcm -- RTCM3 decoded message type=1042, length=70
04:09:10.736 [main] DEBUG org.rtklib.java.rtcm.Rtcm -- RTCM3 decoded message type=1005, length=25
04:09:10.736 [main] DEBUG org.rtklib.java.rtcm.Rtcm -- RTCM3 decoded message type=1033, length=27
04:09:10.736 [main] DEBUG org.rtklib.java.rtcm.Rtcm -- RTCM3 decoded message type=1124, length=248
04:09:10.736 [main] DEBUG org.rtklib.java.rtcm.Rtcm -- MSM BDS TOW: raw=64564000, tow=64578.0
04:09:10.736 [main] DEBUG org.rtklib.java.rtcm.Rtcm -- MSM BDS after adjweek: time.time=1780854978, time.sec=0.0
04:09:10.736 [main] DEBUG org.rtklib.java.rtcm.Rtcm -- decode_msm_head: sys=32 staid=0 nsat=12 nsig=5 sync=1 iod=0 ncell=31
04:09:10.736 [main] DEBUG org.rtklib.java.rtcm.Rtcm -- MSM sig[0] sigid=2 sigstr=2I code=40 idx=0
04:09:10.736 [main] DEBUG org.rtklib.java.rtcm.Rtcm -- MSM sig[1] sigid=8 sigstr=6I code=42 idx=3
04:09:10.736 [main] DEBUG org.rtklib.java.rtcm.Rtcm -- MSM sig[2] sigid=14 sigstr=7I code=27 idx=1
04:09:10.736 [main] DEBUG org.rtklib.java.rtcm.Rtcm -- MSM sig[3] sigid=23 sigstr=5P code=58 idx=2
04:09:10.736 [main] DEBUG org.rtklib.java.rtcm.Rtcm -- MSM sig[4] sigid=31 sigstr=1P code=2 idx=4
04:09:10.736 [main] DEBUG org.rtklib.java.rtcm.Rtcm -- MSM after sigindex: sig[0] code=40 idx=0
04:09:10.736 [main] DEBUG org.rtklib.java.rtcm.Rtcm -- MSM after sigindex: sig[1] code=42 idx=3
04:09:10.736 [main] DEBUG org.rtklib.java.rtcm.Rtcm -- MSM after sigindex: sig[2] code=27 idx=1
04:09:10.736 [main] DEBUG org.rtklib.java.rtcm.Rtcm -- MSM after sigindex: sig[3] code=58 idx=2
04:09:10.736 [main] DEBUG org.rtklib.java.rtcm.Rtcm -- MSM after sigindex: sig[4] code=2 idx=4
04:09:10.736 [main] DEBUG org.rtklib.java.rtcm.Rtcm -- RTCM3 decoded message type=1124, length=54
04:09:10.736 [main] DEBUG org.rtklib.java.rtcm.Rtcm -- MSM BDS TOW: raw=64564000, tow=64578.0
04:09:10.736 [main] DEBUG org.rtklib.java.rtcm.Rtcm -- MSM BDS after adjweek: time.time=1780854978, time.sec=0.0
04:09:10.736 [main] DEBUG org.rtklib.java.rtcm.Rtcm -- decode_msm_head: sys=32 staid=0 nsat=1 nsig=4 sync=0 iod=0 ncell=4
04:09:10.736 [main] DEBUG org.rtklib.java.rtcm.Rtcm -- MSM sig[0] sigid=2 sigstr=2I code=40 idx=0
04:09:10.736 [main] DEBUG org.rtklib.java.rtcm.Rtcm -- MSM sig[1] sigid=8 sigstr=6I code=42 idx=3
04:09:10.736 [main] DEBUG org.rtklib.java.rtcm.Rtcm -- MSM sig[2] sigid=23 sigstr=5P code=58 idx=2
04:09:10.736 [main] DEBUG org.rtklib.java.rtcm.Rtcm -- MSM sig[3] sigid=31 sigstr=1P code=2 idx=4
04:09:10.736 [main] DEBUG org.rtklib.java.rtcm.Rtcm -- MSM after sigindex: sig[0] code=40 idx=0
04:09:10.736 [main] DEBUG org.rtklib.java.rtcm.Rtcm -- MSM after sigindex: sig[1] code=42 idx=3
04:09:10.736 [main] DEBUG org.rtklib.java.rtcm.Rtcm -- MSM after sigindex: sig[2] code=58 idx=2
04:09:10.736 [main] DEBUG org.rtklib.java.rtcm.Rtcm -- MSM after sigindex: sig[3] code=2 idx=4
04:09:10.736 [main] DEBUG org.rtklib.java.rtcm.Rtcm -- RTCM3 decoded message type=1042, length=70
04:09:10.736 [main] DEBUG org.rtklib.java.rtcm.Rtcm -- RTCM3 decoded message type=1005, length=25
04:09:10.736 [main] DEBUG org.rtklib.java.rtcm.Rtcm -- RTCM3 decoded message type=1033, length=27
04:09:10.736 [main] DEBUG org.rtklib.java.rtcm.Rtcm -- RTCM3 decoded message type=1124, length=254
04:09:10.736 [main] DEBUG org.rtklib.java.rtcm.Rtcm -- MSM BDS TOW: raw=64579000, tow=64593.0
04:09:10.736 [main] DEBUG org.rtklib.java.rtcm.Rtcm -- MSM BDS after adjweek: time.time=1780854993, time.sec=0.0
04:09:10.736 [main] DEBUG org.rtklib.java.rtcm.Rtcm -- decode_msm_head: sys=32 staid=0 nsat=12 nsig=5 sync=1 iod=0 ncell=32
04:09:10.736 [main] DEBUG org.rtklib.java.rtcm.Rtcm -- MSM sig[0] sigid=2 sigstr=2I code=40 idx=0
04:09:10.736 [main] DEBUG org.rtklib.java.rtcm.Rtcm -- MSM sig[1] sigid=8 sigstr=6I code=42 idx=3
04:09:10.736 [main] DEBUG org.rtklib.java.rtcm.Rtcm -- MSM sig[2] sigid=14 sigstr=7I code=27 idx=1
04:09:10.736 [main] DEBUG org.rtklib.java.rtcm.Rtcm -- MSM sig[3] sigid=23 sigstr=5P code=58 idx=2
04:09:10.736 [main] DEBUG org.rtklib.java.rtcm.Rtcm -- MSM sig[4] sigid=31 sigstr=1P code=2 idx=4
04:09:10.736 [main] DEBUG org.rtklib.java.rtcm.Rtcm -- MSM after sigindex: sig[0] code=40 idx=0
04:09:10.736 [main] DEBUG org.rtklib.java.rtcm.Rtcm -- MSM after sigindex: sig[1] code=42 idx=3
04:09:10.736 [main] DEBUG org.rtklib.java.rtcm.Rtcm -- MSM after sigindex: sig[2] code=27 idx=1
04:09:10.736 [main] DEBUG org.rtklib.java.rtcm.Rtcm -- MSM after sigindex: sig[3] code=58 idx=2
04:09:10.736 [main] DEBUG org.rtklib.java.rtcm.Rtcm -- MSM after sigindex: sig[4] code=2 idx=4
04:09:10.736 [main] DEBUG org.rtklib.java.rtcm.Rtcm -- RTCM3 decoded message type=1124, length=54
04:09:10.736 [main] DEBUG org.rtklib.java.rtcm.Rtcm -- MSM BDS TOW: raw=64579000, tow=64593.0
04:09:10.736 [main] DEBUG org.rtklib.java.rtcm.Rtcm -- MSM BDS after adjweek: time.time=1780854993, time.sec=0.0
04:09:10.736 [main] DEBUG org.rtklib.java.rtcm.Rtcm -- decode_msm_head: sys=32 staid=0 nsat=1 nsig=4 sync=0 iod=0 ncell=4
04:09:10.736 [main] DEBUG org.rtklib.java.rtcm.Rtcm -- MSM sig[0] sigid=2 sigstr=2I code=40 idx=0
04:09:10.736 [main] DEBUG org.rtklib.java.rtcm.Rtcm -- MSM sig[1] sigid=8 sigstr=6I code=42 idx=3
04:09:10.736 [main] DEBUG org.rtklib.java.rtcm.Rtcm -- MSM sig[2] sigid=23 sigstr=5P code=58 idx=2
04:09:10.736 [main] DEBUG org.rtklib.java.rtcm.Rtcm -- MSM sig[3] sigid=31 sigstr=1P code=2 idx=4
04:09:10.736 [main] DEBUG org.rtklib.java.rtcm.Rtcm -- MSM after sigindex: sig[0] code=40 idx=0
04:09:10.736 [main] DEBUG org.rtklib.java.rtcm.Rtcm -- MSM after sigindex: sig[1] code=42 idx=3
04:09:10.736 [main] DEBUG org.rtklib.java.rtcm.Rtcm -- MSM after sigindex: sig[2] code=58 idx=2
04:09:10.736 [main] DEBUG org.rtklib.java.rtcm.Rtcm -- MSM after sigindex: sig[3] code=2 idx=4
04:09:10.736 [main] DEBUG org.rtklib.java.rtcm.Rtcm -- RTCM3 decoded message type=1042, length=70
04:09:10.736 [main] DEBUG org.rtklib.java.rtcm.Rtcm -- RTCM3 decoded message type=1005, length=25
04:09:10.736 [main] DEBUG org.rtklib.java.rtcm.Rtcm -- RTCM3 decoded message type=1033, length=27
04:09:10.736 [main] DEBUG org.rtklib.java.rtcm.Rtcm -- RTCM3 decoded message type=1124, length=254
04:09:10.736 [main] DEBUG org.rtklib.java.rtcm.Rtcm -- MSM BDS TOW: raw=64594000, tow=64608.0
04:09:10.736 [main] DEBUG org.rtklib.java.rtcm.Rtcm -- MSM BDS after adjweek: time.time=1780855008, time.sec=0.0
04:09:10.736 [main] DEBUG org.rtklib.java.rtcm.Rtcm -- decode_msm_head: sys=32 staid=0 nsat=12 nsig=5 sync=1 iod=0 ncell=32
04:09:10.736 [main] DEBUG org.rtklib.java.rtcm.Rtcm -- MSM sig[0] sigid=2 sigstr=2I code=40 idx=0
04:09:10.736 [main] DEBUG org.rtklib.java.rtcm.Rtcm -- MSM sig[1] sigid=8 sigstr=6I code=42 idx=3
04:09:10.736 [main] DEBUG org.rtklib.java.rtcm.Rtcm -- MSM sig[2] sigid=14 sigstr=7I code=27 idx=1
04:09:10.736 [main] DEBUG org.rtklib.java.rtcm.Rtcm -- MSM sig[3] sigid=23 sigstr=5P code=58 idx=2
04:09:10.736 [main] DEBUG org.rtklib.java.rtcm.Rtcm -- MSM sig[4] sigid=31 sigstr=1P code=2 idx=4
04:09:10.736 [main] DEBUG org.rtklib.java.rtcm.Rtcm -- MSM after sigindex: sig[0] code=40 idx=0
04:09:10.736 [main] DEBUG org.rtklib.java.rtcm.Rtcm -- MSM after sigindex: sig[1] code=42 idx=3
04:09:10.736 [main] DEBUG org.rtklib.java.rtcm.Rtcm -- MSM after sigindex: sig[2] code=27 idx=1
04:09:10.736 [main] DEBUG org.rtklib.java.rtcm.Rtcm -- MSM after sigindex: sig[3] code=58 idx=2
04:09:10.736 [main] DEBUG org.rtklib.java.rtcm.Rtcm -- MSM after sigindex: sig[4] code=2 idx=4
04:09:10.736 [main] DEBUG org.rtklib.java.rtcm.Rtcm -- RTCM3 decoded message type=1124, length=54
04:09:10.736 [main] DEBUG org.rtklib.java.rtcm.Rtcm -- MSM BDS TOW: raw=64594000, tow=64608.0
04:09:10.736 [main] DEBUG org.rtklib.java.rtcm.Rtcm -- MSM BDS after adjweek: time.time=1780855008, time.sec=0.0
04:09:10.736 [main] DEBUG org.rtklib.java.rtcm.Rtcm -- decode_msm_head: sys=32 staid=0 nsat=1 nsig=4 sync=0 iod=0 ncell=4
04:09:10.736 [main] DEBUG org.rtklib.java.rtcm.Rtcm -- MSM sig[0] sigid=2 sigstr=2I code=40 idx=0
04:09:10.736 [main] DEBUG org.rtklib.java.rtcm.Rtcm -- MSM sig[1] sigid=8 sigstr=6I code=42 idx=3
04:09:10.736 [main] DEBUG org.rtklib.java.rtcm.Rtcm -- MSM sig[2] sigid=23 sigstr=5P code=58 idx=2
04:09:10.736 [main] DEBUG org.rtklib.java.rtcm.Rtcm -- MSM sig[3] sigid=31 sigstr=1P code=2 idx=4
04:09:10.736 [main] DEBUG org.rtklib.java.rtcm.Rtcm -- MSM after sigindex: sig[0] code=40 idx=0
04:09:10.736 [main] DEBUG org.rtklib.java.rtcm.Rtcm -- MSM after sigindex: sig[1] code=42 idx=3
04:09:10.736 [main] DEBUG org.rtklib.java.rtcm.Rtcm -- MSM after sigindex: sig[2] code=58 idx=2
04:09:10.736 [main] DEBUG org.rtklib.java.rtcm.Rtcm -- MSM after sigindex: sig[3] code=2 idx=4
04:09:10.736 [main] DEBUG org.rtklib.java.rtcm.Rtcm -- RTCM3 decoded message type=1042, length=70
04:09:10.736 [main] DEBUG org.rtklib.java.rtcm.Rtcm -- RTCM3 decoded message type=1005, length=25
04:09:10.736 [main] DEBUG org.rtklib.java.rtcm.Rtcm -- RTCM3 decoded message type=1033, length=27
04:09:10.736 [main] DEBUG org.rtklib.java.rtcm.Rtcm -- RTCM3 decoded message type=1124, length=248
04:09:10.736 [main] DEBUG org.rtklib.java.rtcm.Rtcm -- MSM BDS TOW: raw=64609000, tow=64623.0
04:09:10.736 [main] DEBUG org.rtklib.java.rtcm.Rtcm -- MSM BDS after adjweek: time.time=1780855023, time.sec=0.0
04:09:10.736 [main] DEBUG org.rtklib.java.rtcm.Rtcm -- decode_msm_head: sys=32 staid=0 nsat=12 nsig=5 sync=1 iod=0 ncell=31
04:09:10.736 [main] DEBUG org.rtklib.java.rtcm.Rtcm -- MSM sig[0] sigid=2 sigstr=2I code=40 idx=0
04:09:10.736 [main] DEBUG org.rtklib.java.rtcm.Rtcm -- MSM sig[1] sigid=8 sigstr=6I code=42 idx=3
04:09:10.736 [main] DEBUG org.rtklib.java.rtcm.Rtcm -- MSM sig[2] sigid=14 sigstr=7I code=27 idx=1
04:09:10.736 [main] DEBUG org.rtklib.java.rtcm.Rtcm -- MSM sig[3] sigid=23 sigstr=5P code=58 idx=2
04:09:10.736 [main] DEBUG org.rtklib.java.rtcm.Rtcm -- MSM sig[4] sigid=31 sigstr=1P code=2 idx=4
04:09:10.736 [main] DEBUG org.rtklib.java.rtcm.Rtcm -- MSM after sigindex: sig[0] code=40 idx=0
04:09:10.736 [main] DEBUG org.rtklib.java.rtcm.Rtcm -- MSM after sigindex: sig[1] code=42 idx=3
04:09:10.736 [main] DEBUG org.rtklib.java.rtcm.Rtcm -- MSM after sigindex: sig[2] code=27 idx=1
04:09:10.736 [main] DEBUG org.rtklib.java.rtcm.Rtcm -- MSM after sigindex: sig[3] code=58 idx=2
04:09:10.736 [main] DEBUG org.rtklib.java.rtcm.Rtcm -- MSM after sigindex: sig[4] code=2 idx=4
04:09:10.736 [main] DEBUG org.rtklib.java.rtcm.Rtcm -- RTCM3 decoded message type=1124, length=54
04:09:10.736 [main] DEBUG org.rtklib.java.rtcm.Rtcm -- MSM BDS TOW: raw=64609000, tow=64623.0
04:09:10.736 [main] DEBUG org.rtklib.java.rtcm.Rtcm -- MSM BDS after adjweek: time.time=1780855023, time.sec=0.0
04:09:10.736 [main] DEBUG org.rtklib.java.rtcm.Rtcm -- decode_msm_head: sys=32 staid=0 nsat=1 nsig=4 sync=0 iod=0 ncell=4
04:09:10.736 [main] DEBUG org.rtklib.java.rtcm.Rtcm -- MSM sig[0] sigid=2 sigstr=2I code=40 idx=0
04:09:10.736 [main] DEBUG org.rtklib.java.rtcm.Rtcm -- MSM sig[1] sigid=8 sigstr=6I code=42 idx=3
04:09:10.736 [main] DEBUG org.rtklib.java.rtcm.Rtcm -- MSM sig[2] sigid=23 sigstr=5P code=58 idx=2
04:09:10.736 [main] DEBUG org.rtklib.java.rtcm.Rtcm -- MSM sig[3] sigid=31 sigstr=1P code=2 idx=4
04:09:10.736 [main] DEBUG org.rtklib.java.rtcm.Rtcm -- MSM after sigindex: sig[0] code=40 idx=0
04:09:10.736 [main] DEBUG org.rtklib.java.rtcm.Rtcm -- MSM after sigindex: sig[1] code=42 idx=3
04:09:10.736 [main] DEBUG org.rtklib.java.rtcm.Rtcm -- MSM after sigindex: sig[2] code=58 idx=2
04:09:10.736 [main] DEBUG org.rtklib.java.rtcm.Rtcm -- MSM after sigindex: sig[3] code=2 idx=4
04:09:10.736 [main] DEBUG org.rtklib.java.rtcm.Rtcm -- RTCM3 decoded message type=1042, length=70
04:09:10.736 [main] DEBUG org.rtklib.java.rtcm.Rtcm -- RTCM3 decoded message type=1005, length=25
04:09:10.736 [main] DEBUG org.rtklib.java.rtcm.Rtcm -- RTCM3 decoded message type=1033, length=27
04:09:10.736 [main] DEBUG org.rtklib.java.rtcm.Rtcm -- RTCM3 decoded message type=1124, length=242
04:09:10.736 [main] DEBUG org.rtklib.java.rtcm.Rtcm -- MSM BDS TOW: raw=64624000, tow=64638.0
04:09:10.736 [main] DEBUG org.rtklib.java.rtcm.Rtcm -- MSM BDS after adjweek: time.time=1780855038, time.sec=0.0
04:09:10.736 [main] DEBUG org.rtklib.java.rtcm.Rtcm -- decode_msm_head: sys=32 staid=0 nsat=12 nsig=5 sync=1 iod=0 ncell=30
04:09:10.736 [main] DEBUG org.rtklib.java.rtcm.Rtcm -- MSM sig[0] sigid=2 sigstr=2I code=40 idx=0
04:09:10.736 [main] DEBUG org.rtklib.java.rtcm.Rtcm -- MSM sig[1] sigid=8 sigstr=6I code=42 idx=3
04:09:10.736 [main] DEBUG org.rtklib.java.rtcm.Rtcm -- MSM sig[2] sigid=14 sigstr=7I code=27 idx=1
04:09:10.736 [main] DEBUG org.rtklib.java.rtcm.Rtcm -- MSM sig[3] sigid=23 sigstr=5P code=58 idx=2
04:09:10.736 [main] DEBUG org.rtklib.java.rtcm.Rtcm -- MSM sig[4] sigid=31 sigstr=1P code=2 idx=4
04:09:10.736 [main] DEBUG org.rtklib.java.rtcm.Rtcm -- MSM after sigindex: sig[0] code=40 idx=0
04:09:10.736 [main] DEBUG org.rtklib.java.rtcm.Rtcm -- MSM after sigindex: sig[1] code=42 idx=3
04:09:10.736 [main] DEBUG org.rtklib.java.rtcm.Rtcm -- MSM after sigindex: sig[2] code=27 idx=1
04:09:10.736 [main] DEBUG org.rtklib.java.rtcm.Rtcm -- MSM after sigindex: sig[3] code=58 idx=2
04:09:10.736 [main] DEBUG org.rtklib.java.rtcm.Rtcm -- MSM after sigindex: sig[4] code=2 idx=4
04:09:10.736 [main] DEBUG org.rtklib.java.rtcm.Rtcm -- RTCM3 decoded message type=1124, length=54
04:09:10.736 [main] DEBUG org.rtklib.java.rtcm.Rtcm -- MSM BDS TOW: raw=64624000, tow=64638.0
04:09:10.736 [main] DEBUG org.rtklib.java.rtcm.Rtcm -- MSM BDS after adjweek: time.time=1780855038, time.sec=0.0
04:09:10.736 [main] DEBUG org.rtklib.java.rtcm.Rtcm -- decode_msm_head: sys=32 staid=0 nsat=1 nsig=4 sync=0 iod=0 ncell=4
04:09:10.736 [main] DEBUG org.rtklib.java.rtcm.Rtcm -- MSM sig[0] sigid=2 sigstr=2I code=40 idx=0
04:09:10.736 [main] DEBUG org.rtklib.java.rtcm.Rtcm -- MSM sig[1] sigid=8 sigstr=6I code=42 idx=3
04:09:10.736 [main] DEBUG org.rtklib.java.rtcm.Rtcm -- MSM sig[2] sigid=23 sigstr=5P code=58 idx=2
04:09:10.736 [main] DEBUG org.rtklib.java.rtcm.Rtcm -- MSM sig[3] sigid=31 sigstr=1P code=2 idx=4
04:09:10.736 [main] DEBUG org.rtklib.java.rtcm.Rtcm -- MSM after sigindex: sig[0] code=40 idx=0
04:09:10.736 [main] DEBUG org.rtklib.java.rtcm.Rtcm -- MSM after sigindex: sig[1] code=42 idx=3
04:09:10.736 [main] DEBUG org.rtklib.java.rtcm.Rtcm -- MSM after sigindex: sig[2] code=58 idx=2
04:09:10.736 [main] DEBUG org.rtklib.java.rtcm.Rtcm -- MSM after sigindex: sig[3] code=2 idx=4
04:09:10.736 [main] DEBUG org.rtklib.java.rtcm.Rtcm -- RTCM3 decoded message type=1042, length=70
04:09:10.736 [main] DEBUG org.rtklib.java.rtcm.Rtcm -- RTCM3 decoded message type=1005, length=25
04:09:10.736 [main] DEBUG org.rtklib.java.rtcm.Rtcm -- RTCM3 decoded message type=1033, length=27
04:09:10.736 [main] DEBUG org.rtklib.java.rtcm.Rtcm -- RTCM3 decoded message type=1124, length=248
04:09:10.736 [main] DEBUG org.rtklib.java.rtcm.Rtcm -- MSM BDS TOW: raw=64639000, tow=64653.0
04:09:10.736 [main] DEBUG org.rtklib.java.rtcm.Rtcm -- MSM BDS after adjweek: time.time=1780855053, time.sec=0.0
04:09:10.736 [main] DEBUG org.rtklib.java.rtcm.Rtcm -- decode_msm_head: sys=32 staid=0 nsat=12 nsig=5 sync=1 iod=0 ncell=31
04:09:10.736 [main] DEBUG org.rtklib.java.rtcm.Rtcm -- MSM sig[0] sigid=2 sigstr=2I code=40 idx=0
04:09:10.736 [main] DEBUG org.rtklib.java.rtcm.Rtcm -- MSM sig[1] sigid=8 sigstr=6I code=42 idx=3
04:09:10.736 [main] DEBUG org.rtklib.java.rtcm.Rtcm -- MSM sig[2] sigid=14 sigstr=7I code=27 idx=1
04:09:10.736 [main] DEBUG org.rtklib.java.rtcm.Rtcm -- MSM sig[3] sigid=23 sigstr=5P code=58 idx=2
04:09:10.736 [main] DEBUG org.rtklib.java.rtcm.Rtcm -- MSM sig[4] sigid=31 sigstr=1P code=2 idx=4
04:09:10.736 [main] DEBUG org.rtklib.java.rtcm.Rtcm -- MSM after sigindex: sig[0] code=40 idx=0
04:09:10.736 [main] DEBUG org.rtklib.java.rtcm.Rtcm -- MSM after sigindex: sig[1] code=42 idx=3
04:09:10.736 [main] DEBUG org.rtklib.java.rtcm.Rtcm -- MSM after sigindex: sig[2] code=27 idx=1
04:09:10.736 [main] DEBUG org.rtklib.java.rtcm.Rtcm -- MSM after sigindex: sig[3] code=58 idx=2
04:09:10.736 [main] DEBUG org.rtklib.java.rtcm.Rtcm -- MSM after sigindex: sig[4] code=2 idx=4
04:09:10.736 [main] DEBUG org.rtklib.java.rtcm.Rtcm -- RTCM3 decoded message type=1124, length=54
04:09:10.736 [main] DEBUG org.rtklib.java.rtcm.Rtcm -- MSM BDS TOW: raw=64639000, tow=64653.0
04:09:10.736 [main] DEBUG org.rtklib.java.rtcm.Rtcm -- MSM BDS after adjweek: time.time=1780855053, time.sec=0.0
04:09:10.736 [main] DEBUG org.rtklib.java.rtcm.Rtcm -- decode_msm_head: sys=32 staid=0 nsat=1 nsig=4 sync=0 iod=0 ncell=4
04:09:10.736 [main] DEBUG org.rtklib.java.rtcm.Rtcm -- MSM sig[0] sigid=2 sigstr=2I code=40 idx=0
04:09:10.736 [main] DEBUG org.rtklib.java.rtcm.Rtcm -- MSM sig[1] sigid=8 sigstr=6I code=42 idx=3
04:09:10.736 [main] DEBUG org.rtklib.java.rtcm.Rtcm -- MSM sig[2] sigid=23 sigstr=5P code=58 idx=2
04:09:10.736 [main] DEBUG org.rtklib.java.rtcm.Rtcm -- MSM sig[3] sigid=31 sigstr=1P code=2 idx=4
04:09:10.736 [main] DEBUG org.rtklib.java.rtcm.Rtcm -- MSM after sigindex: sig[0] code=40 idx=0
04:09:10.736 [main] DEBUG org.rtklib.java.rtcm.Rtcm -- MSM after sigindex: sig[1] code=42 idx=3
04:09:10.736 [main] DEBUG org.rtklib.java.rtcm.Rtcm -- MSM after sigindex: sig[2] code=58 idx=2
04:09:10.736 [main] DEBUG org.rtklib.java.rtcm.Rtcm -- MSM after sigindex: sig[3] code=2 idx=4
04:09:10.736 [main] DEBUG org.rtklib.java.rtcm.Rtcm -- RTCM3 decoded message type=1042, length=70
04:09:10.736 [main] DEBUG org.rtklib.java.rtcm.Rtcm -- RTCM3 decoded message type=1005, length=25
04:09:10.736 [main] DEBUG org.rtklib.java.rtcm.Rtcm -- RTCM3 decoded message type=1033, length=27
04:09:10.736 [main] DEBUG org.rtklib.java.rtcm.Rtcm -- RTCM3 decoded message type=1124, length=254
04:09:10.736 [main] DEBUG org.rtklib.java.rtcm.Rtcm -- MSM BDS TOW: raw=64654000, tow=64668.0
04:09:10.736 [main] DEBUG org.rtklib.java.rtcm.Rtcm -- MSM BDS after adjweek: time.time=1780855068, time.sec=0.0
04:09:10.736 [main] DEBUG org.rtklib.java.rtcm.Rtcm -- decode_msm_head: sys=32 staid=0 nsat=12 nsig=5 sync=1 iod=0 ncell=32
04:09:10.736 [main] DEBUG org.rtklib.java.rtcm.Rtcm -- MSM sig[0] sigid=2 sigstr=2I code=40 idx=0
04:09:10.736 [main] DEBUG org.rtklib.java.rtcm.Rtcm -- MSM sig[1] sigid=8 sigstr=6I code=42 idx=3
04:09:10.736 [main] DEBUG org.rtklib.java.rtcm.Rtcm -- MSM sig[2] sigid=14 sigstr=7I code=27 idx=1
04:09:10.736 [main] DEBUG org.rtklib.java.rtcm.Rtcm -- MSM sig[3] sigid=23 sigstr=5P code=58 idx=2
04:09:10.736 [main] DEBUG org.rtklib.java.rtcm.Rtcm -- MSM sig[4] sigid=31 sigstr=1P code=2 idx=4
04:09:10.736 [main] DEBUG org.rtklib.java.rtcm.Rtcm -- MSM after sigindex: sig[0] code=40 idx=0
04:09:10.736 [main] DEBUG org.rtklib.java.rtcm.Rtcm -- MSM after sigindex: sig[1] code=42 idx=3
04:09:10.736 [main] DEBUG org.rtklib.java.rtcm.Rtcm -- MSM after sigindex: sig[2] code=27 idx=1
04:09:10.736 [main] DEBUG org.rtklib.java.rtcm.Rtcm -- MSM after sigindex: sig[3] code=58 idx=2
04:09:10.736 [main] DEBUG org.rtklib.java.rtcm.Rtcm -- MSM after sigindex: sig[4] code=2 idx=4
04:09:10.736 [main] DEBUG org.rtklib.java.rtcm.Rtcm -- RTCM3 decoded message type=1124, length=54
04:09:10.736 [main] DEBUG org.rtklib.java.rtcm.Rtcm -- MSM BDS TOW: raw=64654000, tow=64668.0
04:09:10.736 [main] DEBUG org.rtklib.java.rtcm.Rtcm -- MSM BDS after adjweek: time.time=1780855068, time.sec=0.0
04:09:10.736 [main] DEBUG org.rtklib.java.rtcm.Rtcm -- decode_msm_head: sys=32 staid=0 nsat=1 nsig=4 sync=0 iod=0 ncell=4
04:09:10.736 [main] DEBUG org.rtklib.java.rtcm.Rtcm -- MSM sig[0] sigid=2 sigstr=2I code=40 idx=0
04:09:10.736 [main] DEBUG org.rtklib.java.rtcm.Rtcm -- MSM sig[1] sigid=8 sigstr=6I code=42 idx=3
04:09:10.737 [main] DEBUG org.rtklib.java.rtcm.Rtcm -- MSM sig[2] sigid=23 sigstr=5P code=58 idx=2
04:09:10.737 [main] DEBUG org.rtklib.java.rtcm.Rtcm -- MSM sig[3] sigid=31 sigstr=1P code=2 idx=4
04:09:10.737 [main] DEBUG org.rtklib.java.rtcm.Rtcm -- MSM after sigindex: sig[0] code=40 idx=0
04:09:10.737 [main] DEBUG org.rtklib.java.rtcm.Rtcm -- MSM after sigindex: sig[1] code=42 idx=3
04:09:10.737 [main] DEBUG org.rtklib.java.rtcm.Rtcm -- MSM after sigindex: sig[2] code=58 idx=2
04:09:10.737 [main] DEBUG org.rtklib.java.rtcm.Rtcm -- MSM after sigindex: sig[3] code=2 idx=4
04:09:10.737 [main] DEBUG org.rtklib.java.rtcm.Rtcm -- RTCM3 decoded message type=1042, length=70
04:09:10.737 [main] DEBUG org.rtklib.java.rtcm.Rtcm -- RTCM3 decoded message type=1005, length=25
04:09:10.737 [main] DEBUG org.rtklib.java.rtcm.Rtcm -- RTCM3 decoded message type=1033, length=27
04:09:10.737 [main] DEBUG org.rtklib.java.rtcm.Rtcm -- RTCM3 decoded message type=1124, length=260
04:09:10.737 [main] DEBUG org.rtklib.java.rtcm.Rtcm -- MSM BDS TOW: raw=64669000, tow=64683.0
04:09:10.737 [main] DEBUG org.rtklib.java.rtcm.Rtcm -- MSM BDS after adjweek: time.time=1780855083, time.sec=0.0
04:09:10.737 [main] DEBUG org.rtklib.java.rtcm.Rtcm -- decode_msm_head: sys=32 staid=0 nsat=12 nsig=5 sync=1 iod=0 ncell=33
04:09:10.737 [main] DEBUG org.rtklib.java.rtcm.Rtcm -- MSM sig[0] sigid=2 sigstr=2I code=40 idx=0
04:09:10.737 [main] DEBUG org.rtklib.java.rtcm.Rtcm -- MSM sig[1] sigid=8 sigstr=6I code=42 idx=3
04:09:10.737 [main] DEBUG org.rtklib.java.rtcm.Rtcm -- MSM sig[2] sigid=14 sigstr=7I code=27 idx=1
04:09:10.737 [main] DEBUG org.rtklib.java.rtcm.Rtcm -- MSM sig[3] sigid=23 sigstr=5P code=58 idx=2
04:09:10.737 [main] DEBUG org.rtklib.java.rtcm.Rtcm -- MSM sig[4] sigid=31 sigstr=1P code=2 idx=4
04:09:10.737 [main] DEBUG org.rtklib.java.rtcm.Rtcm -- MSM after sigindex: sig[0] code=40 idx=0
04:09:10.737 [main] DEBUG org.rtklib.java.rtcm.Rtcm -- MSM after sigindex: sig[1] code=42 idx=3
04:09:10.737 [main] DEBUG org.rtklib.java.rtcm.Rtcm -- MSM after sigindex: sig[2] code=27 idx=1
04:09:10.737 [main] DEBUG org.rtklib.java.rtcm.Rtcm -- MSM after sigindex: sig[3] code=58 idx=2
04:09:10.737 [main] DEBUG org.rtklib.java.rtcm.Rtcm -- MSM after sigindex: sig[4] code=2 idx=4
04:09:10.737 [main] DEBUG org.rtklib.java.rtcm.Rtcm -- RTCM3 decoded message type=1124, length=54
04:09:10.737 [main] DEBUG org.rtklib.java.rtcm.Rtcm -- MSM BDS TOW: raw=64669000, tow=64683.0
04:09:10.737 [main] DEBUG org.rtklib.java.rtcm.Rtcm -- MSM BDS after adjweek: time.time=1780855083, time.sec=0.0
04:09:10.737 [main] DEBUG org.rtklib.java.rtcm.Rtcm -- decode_msm_head: sys=32 staid=0 nsat=1 nsig=4 sync=0 iod=0 ncell=4
04:09:10.737 [main] DEBUG org.rtklib.java.rtcm.Rtcm -- MSM sig[0] sigid=2 sigstr=2I code=40 idx=0
04:09:10.737 [main] DEBUG org.rtklib.java.rtcm.Rtcm -- MSM sig[1] sigid=8 sigstr=6I code=42 idx=3
04:09:10.737 [main] DEBUG org.rtklib.java.rtcm.Rtcm -- MSM sig[2] sigid=23 sigstr=5P code=58 idx=2
04:09:10.737 [main] DEBUG org.rtklib.java.rtcm.Rtcm -- MSM sig[3] sigid=31 sigstr=1P code=2 idx=4
04:09:10.737 [main] DEBUG org.rtklib.java.rtcm.Rtcm -- MSM after sigindex: sig[0] code=40 idx=0
04:09:10.737 [main] DEBUG org.rtklib.java.rtcm.Rtcm -- MSM after sigindex: sig[1] code=42 idx=3
04:09:10.737 [main] DEBUG org.rtklib.java.rtcm.Rtcm -- MSM after sigindex: sig[2] code=58 idx=2
04:09:10.737 [main] DEBUG org.rtklib.java.rtcm.Rtcm -- MSM after sigindex: sig[3] code=2 idx=4
04:09:10.737 [main] DEBUG org.rtklib.java.rtcm.Rtcm -- RTCM3 decoded message type=1042, length=70
04:09:10.737 [main] DEBUG org.rtklib.java.rtcm.Rtcm -- RTCM3 decoded message type=1005, length=25
04:09:10.737 [main] DEBUG org.rtklib.java.rtcm.Rtcm -- RTCM3 decoded message type=1033, length=27
04:09:10.737 [main] DEBUG org.rtklib.java.rtcm.Rtcm -- RTCM3 decoded message type=1124, length=260
04:09:10.737 [main] DEBUG org.rtklib.java.rtcm.Rtcm -- MSM BDS TOW: raw=64684000, tow=64698.0
04:09:10.737 [main] DEBUG org.rtklib.java.rtcm.Rtcm -- MSM BDS after adjweek: time.time=1780855098, time.sec=0.0
04:09:10.737 [main] DEBUG org.rtklib.java.rtcm.Rtcm -- decode_msm_head: sys=32 staid=0 nsat=12 nsig=5 sync=1 iod=0 ncell=33
04:09:10.737 [main] DEBUG org.rtklib.java.rtcm.Rtcm -- MSM sig[0] sigid=2 sigstr=2I code=40 idx=0
04:09:10.737 [main] DEBUG org.rtklib.java.rtcm.Rtcm -- MSM sig[1] sigid=8 sigstr=6I code=42 idx=3
04:09:10.737 [main] DEBUG org.rtklib.java.rtcm.Rtcm -- MSM sig[2] sigid=14 sigstr=7I code=27 idx=1
04:09:10.737 [main] DEBUG org.rtklib.java.rtcm.Rtcm -- MSM sig[3] sigid=23 sigstr=5P code=58 idx=2
04:09:10.737 [main] DEBUG org.rtklib.java.rtcm.Rtcm -- MSM sig[4] sigid=31 sigstr=1P code=2 idx=4
04:09:10.737 [main] DEBUG org.rtklib.java.rtcm.Rtcm -- MSM after sigindex: sig[0] code=40 idx=0
04:09:10.737 [main] DEBUG org.rtklib.java.rtcm.Rtcm -- MSM after sigindex: sig[1] code=42 idx=3
04:09:10.737 [main] DEBUG org.rtklib.java.rtcm.Rtcm -- MSM after sigindex: sig[2] code=27 idx=1
04:09:10.737 [main] DEBUG org.rtklib.java.rtcm.Rtcm -- MSM after sigindex: sig[3] code=58 idx=2
04:09:10.737 [main] DEBUG org.rtklib.java.rtcm.Rtcm -- MSM after sigindex: sig[4] code=2 idx=4
04:09:10.737 [main] DEBUG org.rtklib.java.rtcm.Rtcm -- RTCM3 decoded message type=1124, length=54
04:09:10.737 [main] DEBUG org.rtklib.java.rtcm.Rtcm -- MSM BDS TOW: raw=64684000, tow=64698.0
04:09:10.737 [main] DEBUG org.rtklib.java.rtcm.Rtcm -- MSM BDS after adjweek: time.time=1780855098, time.sec=0.0
04:09:10.737 [main] DEBUG org.rtklib.java.rtcm.Rtcm -- decode_msm_head: sys=32 staid=0 nsat=1 nsig=4 sync=0 iod=0 ncell=4
04:09:10.737 [main] DEBUG org.rtklib.java.rtcm.Rtcm -- MSM sig[0] sigid=2 sigstr=2I code=40 idx=0
04:09:10.737 [main] DEBUG org.rtklib.java.rtcm.Rtcm -- MSM sig[1] sigid=8 sigstr=6I code=42 idx=3
04:09:10.737 [main] DEBUG org.rtklib.java.rtcm.Rtcm -- MSM sig[2] sigid=23 sigstr=5P code=58 idx=2
04:09:10.737 [main] DEBUG org.rtklib.java.rtcm.Rtcm -- MSM sig[3] sigid=31 sigstr=1P code=2 idx=4
04:09:10.737 [main] DEBUG org.rtklib.java.rtcm.Rtcm -- MSM after sigindex: sig[0] code=40 idx=0
04:09:10.737 [main] DEBUG org.rtklib.java.rtcm.Rtcm -- MSM after sigindex: sig[1] code=42 idx=3
04:09:10.737 [main] DEBUG org.rtklib.java.rtcm.Rtcm -- MSM after sigindex: sig[2] code=58 idx=2
04:09:10.737 [main] DEBUG org.rtklib.java.rtcm.Rtcm -- MSM after sigindex: sig[3] code=2 idx=4
04:09:10.737 [main] DEBUG org.rtklib.java.rtcm.Rtcm -- RTCM3 decoded message type=1042, length=70
04:09:10.737 [main] DEBUG org.rtklib.java.rtcm.Rtcm -- RTCM3 decoded message type=1005, length=25
04:09:10.737 [main] DEBUG org.rtklib.java.rtcm.Rtcm -- RTCM3 decoded message type=1033, length=27
04:09:10.737 [main] DEBUG org.rtklib.java.rtcm.Rtcm -- RTCM3 decoded message type=1124, length=260
04:09:10.737 [main] DEBUG org.rtklib.java.rtcm.Rtcm -- MSM BDS TOW: raw=64699000, tow=64713.0
04:09:10.737 [main] DEBUG org.rtklib.java.rtcm.Rtcm -- MSM BDS after adjweek: time.time=1780855113, time.sec=0.0
04:09:10.737 [main] DEBUG org.rtklib.java.rtcm.Rtcm -- decode_msm_head: sys=32 staid=0 nsat=12 nsig=5 sync=1 iod=0 ncell=33
04:09:10.737 [main] DEBUG org.rtklib.java.rtcm.Rtcm -- MSM sig[0] sigid=2 sigstr=2I code=40 idx=0
04:09:10.737 [main] DEBUG org.rtklib.java.rtcm.Rtcm -- MSM sig[1] sigid=8 sigstr=6I code=42 idx=3
04:09:10.737 [main] DEBUG org.rtklib.java.rtcm.Rtcm -- MSM sig[2] sigid=14 sigstr=7I code=27 idx=1
04:09:10.737 [main] DEBUG org.rtklib.java.rtcm.Rtcm -- MSM sig[3] sigid=23 sigstr=5P code=58 idx=2
04:09:10.737 [main] DEBUG org.rtklib.java.rtcm.Rtcm -- MSM sig[4] sigid=31 sigstr=1P code=2 idx=4
04:09:10.737 [main] DEBUG org.rtklib.java.rtcm.Rtcm -- MSM after sigindex: sig[0] code=40 idx=0
04:09:10.737 [main] DEBUG org.rtklib.java.rtcm.Rtcm -- MSM after sigindex: sig[1] code=42 idx=3
04:09:10.737 [main] DEBUG org.rtklib.java.rtcm.Rtcm -- MSM after sigindex: sig[2] code=27 idx=1
04:09:10.737 [main] DEBUG org.rtklib.java.rtcm.Rtcm -- MSM after sigindex: sig[3] code=58 idx=2
04:09:10.737 [main] DEBUG org.rtklib.java.rtcm.Rtcm -- MSM after sigindex: sig[4] code=2 idx=4
04:09:10.737 [main] DEBUG org.rtklib.java.rtcm.Rtcm -- RTCM3 decoded message type=1124, length=54
04:09:10.737 [main] DEBUG org.rtklib.java.rtcm.Rtcm -- MSM BDS TOW: raw=64699000, tow=64713.0
04:09:10.737 [main] DEBUG org.rtklib.java.rtcm.Rtcm -- MSM BDS after adjweek: time.time=1780855113, time.sec=0.0
04:09:10.737 [main] DEBUG org.rtklib.java.rtcm.Rtcm -- decode_msm_head: sys=32 staid=0 nsat=1 nsig=4 sync=0 iod=0 ncell=4
04:09:10.737 [main] DEBUG org.rtklib.java.rtcm.Rtcm -- MSM sig[0] sigid=2 sigstr=2I code=40 idx=0
04:09:10.737 [main] DEBUG org.rtklib.java.rtcm.Rtcm -- MSM sig[1] sigid=8 sigstr=6I code=42 idx=3
04:09:10.737 [main] DEBUG org.rtklib.java.rtcm.Rtcm -- MSM sig[2] sigid=23 sigstr=5P code=58 idx=2
04:09:10.737 [main] DEBUG org.rtklib.java.rtcm.Rtcm -- MSM sig[3] sigid=31 sigstr=1P code=2 idx=4
04:09:10.737 [main] DEBUG org.rtklib.java.rtcm.Rtcm -- MSM after sigindex: sig[0] code=40 idx=0
04:09:10.737 [main] DEBUG org.rtklib.java.rtcm.Rtcm -- MSM after sigindex: sig[1] code=42 idx=3
04:09:10.737 [main] DEBUG org.rtklib.java.rtcm.Rtcm -- MSM after sigindex: sig[2] code=58 idx=2
04:09:10.737 [main] DEBUG org.rtklib.java.rtcm.Rtcm -- MSM after sigindex: sig[3] code=2 idx=4
04:09:10.737 [main] DEBUG org.rtklib.java.rtcm.Rtcm -- RTCM3 decoded message type=1042, length=70
04:09:10.737 [main] DEBUG org.rtklib.java.rtcm.Rtcm -- RTCM3 decoded message type=1005, length=25
04:09:10.737 [main] DEBUG org.rtklib.java.rtcm.Rtcm -- RTCM3 decoded message type=1033, length=27
04:09:10.737 [main] DEBUG org.rtklib.java.rtcm.Rtcm -- RTCM3 decoded message type=1124, length=260
04:09:10.737 [main] DEBUG org.rtklib.java.rtcm.Rtcm -- MSM BDS TOW: raw=64714000, tow=64728.0
04:09:10.737 [main] DEBUG org.rtklib.java.rtcm.Rtcm -- MSM BDS after adjweek: time.time=1780855128, time.sec=0.0
04:09:10.737 [main] DEBUG org.rtklib.java.rtcm.Rtcm -- decode_msm_head: sys=32 staid=0 nsat=12 nsig=5 sync=1 iod=0 ncell=33
04:09:10.737 [main] DEBUG org.rtklib.java.rtcm.Rtcm -- MSM sig[0] sigid=2 sigstr=2I code=40 idx=0
04:09:10.737 [main] DEBUG org.rtklib.java.rtcm.Rtcm -- MSM sig[1] sigid=8 sigstr=6I code=42 idx=3
04:09:10.737 [main] DEBUG org.rtklib.java.rtcm.Rtcm -- MSM sig[2] sigid=14 sigstr=7I code=27 idx=1
04:09:10.737 [main] DEBUG org.rtklib.java.rtcm.Rtcm -- MSM sig[3] sigid=23 sigstr=5P code=58 idx=2
04:09:10.737 [main] DEBUG org.rtklib.java.rtcm.Rtcm -- MSM sig[4] sigid=31 sigstr=1P code=2 idx=4
04:09:10.737 [main] DEBUG org.rtklib.java.rtcm.Rtcm -- MSM after sigindex: sig[0] code=40 idx=0
04:09:10.737 [main] DEBUG org.rtklib.java.rtcm.Rtcm -- MSM after sigindex: sig[1] code=42 idx=3
04:09:10.737 [main] DEBUG org.rtklib.java.rtcm.Rtcm -- MSM after sigindex: sig[2] code=27 idx=1
04:09:10.737 [main] DEBUG org.rtklib.java.rtcm.Rtcm -- MSM after sigindex: sig[3] code=58 idx=2
04:09:10.737 [main] DEBUG org.rtklib.java.rtcm.Rtcm -- MSM after sigindex: sig[4] code=2 idx=4
04:09:10.737 [main] DEBUG org.rtklib.java.rtcm.Rtcm -- RTCM3 decoded message type=1124, length=54
04:09:10.737 [main] DEBUG org.rtklib.java.rtcm.Rtcm -- MSM BDS TOW: raw=64714000, tow=64728.0
04:09:10.737 [main] DEBUG org.rtklib.java.rtcm.Rtcm -- MSM BDS after adjweek: time.time=1780855128, time.sec=0.0
04:09:10.737 [main] DEBUG org.rtklib.java.rtcm.Rtcm -- decode_msm_head: sys=32 staid=0 nsat=1 nsig=4 sync=0 iod=0 ncell=4
04:09:10.737 [main] DEBUG org.rtklib.java.rtcm.Rtcm -- MSM sig[0] sigid=2 sigstr=2I code=40 idx=0
04:09:10.737 [main] DEBUG org.rtklib.java.rtcm.Rtcm -- MSM sig[1] sigid=8 sigstr=6I code=42 idx=3
04:09:10.737 [main] DEBUG org.rtklib.java.rtcm.Rtcm -- MSM sig[2] sigid=23 sigstr=5P code=58 idx=2
04:09:10.737 [main] DEBUG org.rtklib.java.rtcm.Rtcm -- MSM sig[3] sigid=31 sigstr=1P code=2 idx=4
04:09:10.737 [main] DEBUG org.rtklib.java.rtcm.Rtcm -- MSM after sigindex: sig[0] code=40 idx=0
04:09:10.737 [main] DEBUG org.rtklib.java.rtcm.Rtcm -- MSM after sigindex: sig[1] code=42 idx=3
04:09:10.737 [main] DEBUG org.rtklib.java.rtcm.Rtcm -- MSM after sigindex: sig[2] code=58 idx=2
04:09:10.737 [main] DEBUG org.rtklib.java.rtcm.Rtcm -- MSM after sigindex: sig[3] code=2 idx=4
04:09:10.737 [main] DEBUG org.rtklib.java.rtcm.Rtcm -- RTCM3 decoded message type=1042, length=70
04:09:10.737 [main] DEBUG org.rtklib.java.rtcm.Rtcm -- RTCM3 decoded message type=1005, length=25
04:09:10.737 [main] DEBUG org.rtklib.java.rtcm.Rtcm -- RTCM3 decoded message type=1033, length=27
04:09:10.737 [main] DEBUG org.rtklib.java.rtcm.Rtcm -- RTCM3 decoded message type=1124, length=260
04:09:10.737 [main] DEBUG org.rtklib.java.rtcm.Rtcm -- MSM BDS TOW: raw=64729000, tow=64743.0
04:09:10.737 [main] DEBUG org.rtklib.java.rtcm.Rtcm -- MSM BDS after adjweek: time.time=1780855143, time.sec=0.0
04:09:10.737 [main] DEBUG org.rtklib.java.rtcm.Rtcm -- decode_msm_head: sys=32 staid=0 nsat=12 nsig=5 sync=1 iod=0 ncell=33
04:09:10.737 [main] DEBUG org.rtklib.java.rtcm.Rtcm -- MSM sig[0] sigid=2 sigstr=2I code=40 idx=0
04:09:10.737 [main] DEBUG org.rtklib.java.rtcm.Rtcm -- MSM sig[1] sigid=8 sigstr=6I code=42 idx=3
04:09:10.737 [main] DEBUG org.rtklib.java.rtcm.Rtcm -- MSM sig[2] sigid=14 sigstr=7I code=27 idx=1
04:09:10.737 [main] DEBUG org.rtklib.java.rtcm.Rtcm -- MSM sig[3] sigid=23 sigstr=5P code=58 idx=2
04:09:10.737 [main] DEBUG org.rtklib.java.rtcm.Rtcm -- MSM sig[4] sigid=31 sigstr=1P code=2 idx=4
04:09:10.737 [main] DEBUG org.rtklib.java.rtcm.Rtcm -- MSM after sigindex: sig[0] code=40 idx=0
04:09:10.737 [main] DEBUG org.rtklib.java.rtcm.Rtcm -- MSM after sigindex: sig[1] code=42 idx=3
04:09:10.737 [main] DEBUG org.rtklib.java.rtcm.Rtcm -- MSM after sigindex: sig[2] code=27 idx=1
04:09:10.737 [main] DEBUG org.rtklib.java.rtcm.Rtcm -- MSM after sigindex: sig[3] code=58 idx=2
04:09:10.737 [main] DEBUG org.rtklib.java.rtcm.Rtcm -- MSM after sigindex: sig[4] code=2 idx=4
04:09:10.737 [main] DEBUG org.rtklib.java.rtcm.Rtcm -- RTCM3 decoded message type=1124, length=54
04:09:10.737 [main] DEBUG org.rtklib.java.rtcm.Rtcm -- MSM BDS TOW: raw=64729000, tow=64743.0
04:09:10.737 [main] DEBUG org.rtklib.java.rtcm.Rtcm -- MSM BDS after adjweek: time.time=1780855143, time.sec=0.0
04:09:10.737 [main] DEBUG org.rtklib.java.rtcm.Rtcm -- decode_msm_head: sys=32 staid=0 nsat=1 nsig=4 sync=0 iod=0 ncell=4
04:09:10.737 [main] DEBUG org.rtklib.java.rtcm.Rtcm -- MSM sig[0] sigid=2 sigstr=2I code=40 idx=0
04:09:10.737 [main] DEBUG org.rtklib.java.rtcm.Rtcm -- MSM sig[1] sigid=8 sigstr=6I code=42 idx=3
04:09:10.737 [main] DEBUG org.rtklib.java.rtcm.Rtcm -- MSM sig[2] sigid=23 sigstr=5P code=58 idx=2
04:09:10.737 [main] DEBUG org.rtklib.java.rtcm.Rtcm -- MSM sig[3] sigid=31 sigstr=1P code=2 idx=4
04:09:10.737 [main] DEBUG org.rtklib.java.rtcm.Rtcm -- MSM after sigindex: sig[0] code=40 idx=0
04:09:10.737 [main] DEBUG org.rtklib.java.rtcm.Rtcm -- MSM after sigindex: sig[1] code=42 idx=3
04:09:10.737 [main] DEBUG org.rtklib.java.rtcm.Rtcm -- MSM after sigindex: sig[2] code=58 idx=2
04:09:10.737 [main] DEBUG org.rtklib.java.rtcm.Rtcm -- MSM after sigindex: sig[3] code=2 idx=4
04:09:10.737 [main] DEBUG org.rtklib.java.rtcm.Rtcm -- RTCM3 decoded message type=1042, length=70
04:09:10.737 [main] DEBUG org.rtklib.java.rtcm.Rtcm -- RTCM3 decoded message type=1005, length=25
04:09:10.737 [main] DEBUG org.rtklib.java.rtcm.Rtcm -- RTCM3 decoded message type=1033, length=27
04:09:10.737 [main] DEBUG org.rtklib.java.rtcm.Rtcm -- RTCM3 decoded message type=1124, length=260
04:09:10.737 [main] DEBUG org.rtklib.java.rtcm.Rtcm -- MSM BDS TOW: raw=64744000, tow=64758.0
04:09:10.737 [main] DEBUG org.rtklib.java.rtcm.Rtcm -- MSM BDS after adjweek: time.time=1780855158, time.sec=0.0
04:09:10.737 [main] DEBUG org.rtklib.java.rtcm.Rtcm -- decode_msm_head: sys=32 staid=0 nsat=12 nsig=5 sync=1 iod=0 ncell=33
04:09:10.737 [main] DEBUG org.rtklib.java.rtcm.Rtcm -- MSM sig[0] sigid=2 sigstr=2I code=40 idx=0
04:09:10.737 [main] DEBUG org.rtklib.java.rtcm.Rtcm -- MSM sig[1] sigid=8 sigstr=6I code=42 idx=3
04:09:10.737 [main] DEBUG org.rtklib.java.rtcm.Rtcm -- MSM sig[2] sigid=14 sigstr=7I code=27 idx=1
04:09:10.737 [main] DEBUG org.rtklib.java.rtcm.Rtcm -- MSM sig[3] sigid=23 sigstr=5P code=58 idx=2
04:09:10.737 [main] DEBUG org.rtklib.java.rtcm.Rtcm -- MSM sig[4] sigid=31 sigstr=1P code=2 idx=4
04:09:10.737 [main] DEBUG org.rtklib.java.rtcm.Rtcm -- MSM after sigindex: sig[0] code=40 idx=0
04:09:10.737 [main] DEBUG org.rtklib.java.rtcm.Rtcm -- MSM after sigindex: sig[1] code=42 idx=3
04:09:10.737 [main] DEBUG org.rtklib.java.rtcm.Rtcm -- MSM after sigindex: sig[2] code=27 idx=1
04:09:10.737 [main] DEBUG org.rtklib.java.rtcm.Rtcm -- MSM after sigindex: sig[3] code=58 idx=2
04:09:10.737 [main] DEBUG org.rtklib.java.rtcm.Rtcm -- MSM after sigindex: sig[4] code=2 idx=4
04:09:10.737 [main] DEBUG org.rtklib.java.rtcm.Rtcm -- RTCM3 decoded message type=1124, length=54
04:09:10.737 [main] DEBUG org.rtklib.java.rtcm.Rtcm -- MSM BDS TOW: raw=64744000, tow=64758.0
04:09:10.737 [main] DEBUG org.rtklib.java.rtcm.Rtcm -- MSM BDS after adjweek: time.time=1780855158, time.sec=0.0
04:09:10.737 [main] DEBUG org.rtklib.java.rtcm.Rtcm -- decode_msm_head: sys=32 staid=0 nsat=1 nsig=4 sync=0 iod=0 ncell=4
04:09:10.737 [main] DEBUG org.rtklib.java.rtcm.Rtcm -- MSM sig[0] sigid=2 sigstr=2I code=40 idx=0
04:09:10.737 [main] DEBUG org.rtklib.java.rtcm.Rtcm -- MSM sig[1] sigid=8 sigstr=6I code=42 idx=3
04:09:10.737 [main] DEBUG org.rtklib.java.rtcm.Rtcm -- MSM sig[2] sigid=23 sigstr=5P code=58 idx=2
04:09:10.737 [main] DEBUG org.rtklib.java.rtcm.Rtcm -- MSM sig[3] sigid=31 sigstr=1P code=2 idx=4
04:09:10.737 [main] DEBUG org.rtklib.java.rtcm.Rtcm -- MSM after sigindex: sig[0] code=40 idx=0
04:09:10.737 [main] DEBUG org.rtklib.java.rtcm.Rtcm -- MSM after sigindex: sig[1] code=42 idx=3
04:09:10.737 [main] DEBUG org.rtklib.java.rtcm.Rtcm -- MSM after sigindex: sig[2] code=58 idx=2
04:09:10.737 [main] DEBUG org.rtklib.java.rtcm.Rtcm -- MSM after sigindex: sig[3] code=2 idx=4
04:09:10.737 [main] DEBUG org.rtklib.java.rtcm.Rtcm -- RTCM3 decoded message type=1042, length=70
04:09:10.737 [main] DEBUG org.rtklib.java.rtcm.Rtcm -- RTCM3 decoded message type=1005, length=25
04:09:10.737 [main] DEBUG org.rtklib.java.rtcm.Rtcm -- RTCM3 decoded message type=1033, length=27
04:09:10.737 [main] DEBUG org.rtklib.java.rtcm.Rtcm -- RTCM3 decoded message type=1124, length=260
04:09:10.737 [main] DEBUG org.rtklib.java.rtcm.Rtcm -- MSM BDS TOW: raw=64759000, tow=64773.0
04:09:10.737 [main] DEBUG org.rtklib.java.rtcm.Rtcm -- MSM BDS after adjweek: time.time=1780855173, time.sec=0.0
04:09:10.737 [main] DEBUG org.rtklib.java.rtcm.Rtcm -- decode_msm_head: sys=32 staid=0 nsat=12 nsig=5 sync=1 iod=0 ncell=33
04:09:10.737 [main] DEBUG org.rtklib.java.rtcm.Rtcm -- MSM sig[0] sigid=2 sigstr=2I code=40 idx=0
04:09:10.737 [main] DEBUG org.rtklib.java.rtcm.Rtcm -- MSM sig[1] sigid=8 sigstr=6I code=42 idx=3
04:09:10.737 [main] DEBUG org.rtklib.java.rtcm.Rtcm -- MSM sig[2] sigid=14 sigstr=7I code=27 idx=1
04:09:10.737 [main] DEBUG org.rtklib.java.rtcm.Rtcm -- MSM sig[3] sigid=23 sigstr=5P code=58 idx=2
04:09:10.737 [main] DEBUG org.rtklib.java.rtcm.Rtcm -- MSM sig[4] sigid=31 sigstr=1P code=2 idx=4
04:09:10.737 [main] DEBUG org.rtklib.java.rtcm.Rtcm -- MSM after sigindex: sig[0] code=40 idx=0
04:09:10.737 [main] DEBUG org.rtklib.java.rtcm.Rtcm -- MSM after sigindex: sig[1] code=42 idx=3
04:09:10.737 [main] DEBUG org.rtklib.java.rtcm.Rtcm -- MSM after sigindex: sig[2] code=27 idx=1
04:09:10.737 [main] DEBUG org.rtklib.java.rtcm.Rtcm -- MSM after sigindex: sig[3] code=58 idx=2
04:09:10.737 [main] DEBUG org.rtklib.java.rtcm.Rtcm -- MSM after sigindex: sig[4] code=2 idx=4
04:09:10.737 [main] DEBUG org.rtklib.java.rtcm.Rtcm -- RTCM3 decoded message type=1124, length=54
04:09:10.737 [main] DEBUG org.rtklib.java.rtcm.Rtcm -- MSM BDS TOW: raw=64759000, tow=64773.0
04:09:10.737 [main] DEBUG org.rtklib.java.rtcm.Rtcm -- MSM BDS after adjweek: time.time=1780855173, time.sec=0.0
04:09:10.737 [main] DEBUG org.rtklib.java.rtcm.Rtcm -- decode_msm_head: sys=32 staid=0 nsat=1 nsig=4 sync=0 iod=0 ncell=4
04:09:10.737 [main] DEBUG org.rtklib.java.rtcm.Rtcm -- MSM sig[0] sigid=2 sigstr=2I code=40 idx=0
04:09:10.737 [main] DEBUG org.rtklib.java.rtcm.Rtcm -- MSM sig[1] sigid=8 sigstr=6I code=42 idx=3
04:09:10.737 [main] DEBUG org.rtklib.java.rtcm.Rtcm -- MSM sig[2] sigid=23 sigstr=5P code=58 idx=2
04:09:10.737 [main] DEBUG org.rtklib.java.rtcm.Rtcm -- MSM sig[3] sigid=31 sigstr=1P code=2 idx=4
04:09:10.737 [main] DEBUG org.rtklib.java.rtcm.Rtcm -- MSM after sigindex: sig[0] code=40 idx=0
04:09:10.737 [main] DEBUG org.rtklib.java.rtcm.Rtcm -- MSM after sigindex: sig[1] code=42 idx=3
04:09:10.737 [main] DEBUG org.rtklib.java.rtcm.Rtcm -- MSM after sigindex: sig[2] code=58 idx=2
04:09:10.737 [main] DEBUG org.rtklib.java.rtcm.Rtcm -- MSM after sigindex: sig[3] code=2 idx=4
04:09:10.737 [main] DEBUG org.rtklib.java.rtcm.Rtcm -- RTCM3 decoded message type=1042, length=70
04:09:10.737 [main] DEBUG org.rtklib.java.rtcm.Rtcm -- RTCM3 decoded message type=1005, length=25
04:09:10.737 [main] DEBUG org.rtklib.java.rtcm.Rtcm -- RTCM3 decoded message type=1033, length=27
04:09:10.737 [main] DEBUG org.rtklib.java.rtcm.Rtcm -- RTCM3 decoded message type=1124, length=260
04:09:10.737 [main] DEBUG org.rtklib.java.rtcm.Rtcm -- MSM BDS TOW: raw=64774000, tow=64788.0
04:09:10.737 [main] DEBUG org.rtklib.java.rtcm.Rtcm -- MSM BDS after adjweek: time.time=1780855188, time.sec=0.0
04:09:10.737 [main] DEBUG org.rtklib.java.rtcm.Rtcm -- decode_msm_head: sys=32 staid=0 nsat=12 nsig=5 sync=1 iod=0 ncell=33
04:09:10.737 [main] DEBUG org.rtklib.java.rtcm.Rtcm -- MSM sig[0] sigid=2 sigstr=2I code=40 idx=0
04:09:10.737 [main] DEBUG org.rtklib.java.rtcm.Rtcm -- MSM sig[1] sigid=8 sigstr=6I code=42 idx=3
04:09:10.737 [main] DEBUG org.rtklib.java.rtcm.Rtcm -- MSM sig[2] sigid=14 sigstr=7I code=27 idx=1
04:09:10.737 [main] DEBUG org.rtklib.java.rtcm.Rtcm -- MSM sig[3] sigid=23 sigstr=5P code=58 idx=2
04:09:10.737 [main] DEBUG org.rtklib.java.rtcm.Rtcm -- MSM sig[4] sigid=31 sigstr=1P code=2 idx=4
04:09:10.737 [main] DEBUG org.rtklib.java.rtcm.Rtcm -- MSM after sigindex: sig[0] code=40 idx=0
04:09:10.737 [main] DEBUG org.rtklib.java.rtcm.Rtcm -- MSM after sigindex: sig[1] code=42 idx=3
04:09:10.737 [main] DEBUG org.rtklib.java.rtcm.Rtcm -- MSM after sigindex: sig[2] code=27 idx=1
04:09:10.737 [main] DEBUG org.rtklib.java.rtcm.Rtcm -- MSM after sigindex: sig[3] code=58 idx=2
04:09:10.737 [main] DEBUG org.rtklib.java.rtcm.Rtcm -- MSM after sigindex: sig[4] code=2 idx=4
04:09:10.737 [main] DEBUG org.rtklib.java.rtcm.Rtcm -- RTCM3 decoded message type=1124, length=54
04:09:10.737 [main] DEBUG org.rtklib.java.rtcm.Rtcm -- MSM BDS TOW: raw=64774000, tow=64788.0
04:09:10.737 [main] DEBUG org.rtklib.java.rtcm.Rtcm -- MSM BDS after adjweek: time.time=1780855188, time.sec=0.0
04:09:10.737 [main] DEBUG org.rtklib.java.rtcm.Rtcm -- decode_msm_head: sys=32 staid=0 nsat=1 nsig=4 sync=0 iod=0 ncell=4
04:09:10.737 [main] DEBUG org.rtklib.java.rtcm.Rtcm -- MSM sig[0] sigid=2 sigstr=2I code=40 idx=0
04:09:10.737 [main] DEBUG org.rtklib.java.rtcm.Rtcm -- MSM sig[1] sigid=8 sigstr=6I code=42 idx=3
04:09:10.737 [main] DEBUG org.rtklib.java.rtcm.Rtcm -- MSM sig[2] sigid=23 sigstr=5P code=58 idx=2
04:09:10.737 [main] DEBUG org.rtklib.java.rtcm.Rtcm -- MSM sig[3] sigid=31 sigstr=1P code=2 idx=4
04:09:10.737 [main] DEBUG org.rtklib.java.rtcm.Rtcm -- MSM after sigindex: sig[0] code=40 idx=0
04:09:10.737 [main] DEBUG org.rtklib.java.rtcm.Rtcm -- MSM after sigindex: sig[1] code=42 idx=3
04:09:10.737 [main] DEBUG org.rtklib.java.rtcm.Rtcm -- MSM after sigindex: sig[2] code=58 idx=2
04:09:10.737 [main] DEBUG org.rtklib.java.rtcm.Rtcm -- MSM after sigindex: sig[3] code=2 idx=4
04:09:10.737 [main] DEBUG org.rtklib.java.rtcm.Rtcm -- RTCM3 decoded message type=1042, length=70
04:09:10.737 [main] DEBUG org.rtklib.java.rtcm.Rtcm -- RTCM3 decoded message type=1005, length=25
04:09:10.737 [main] DEBUG org.rtklib.java.rtcm.Rtcm -- RTCM3 decoded message type=1033, length=27
04:09:10.737 [main] DEBUG org.rtklib.java.rtcm.Rtcm -- RTCM3 decoded message type=1124, length=260
04:09:10.737 [main] DEBUG org.rtklib.java.rtcm.Rtcm -- MSM BDS TOW: raw=64789000, tow=64803.0
04:09:10.737 [main] DEBUG org.rtklib.java.rtcm.Rtcm -- MSM BDS after adjweek: time.time=1780855203, time.sec=0.0
04:09:10.737 [main] DEBUG org.rtklib.java.rtcm.Rtcm -- decode_msm_head: sys=32 staid=0 nsat=12 nsig=5 sync=1 iod=0 ncell=33
04:09:10.737 [main] DEBUG org.rtklib.java.rtcm.Rtcm -- MSM sig[0] sigid=2 sigstr=2I code=40 idx=0
04:09:10.737 [main] DEBUG org.rtklib.java.rtcm.Rtcm -- MSM sig[1] sigid=8 sigstr=6I code=42 idx=3
04:09:10.737 [main] DEBUG org.rtklib.java.rtcm.Rtcm -- MSM sig[2] sigid=14 sigstr=7I code=27 idx=1
04:09:10.737 [main] DEBUG org.rtklib.java.rtcm.Rtcm -- MSM sig[3] sigid=23 sigstr=5P code=58 idx=2
04:09:10.737 [main] DEBUG org.rtklib.java.rtcm.Rtcm -- MSM sig[4] sigid=31 sigstr=1P code=2 idx=4
04:09:10.737 [main] DEBUG org.rtklib.java.rtcm.Rtcm -- MSM after sigindex: sig[0] code=40 idx=0
04:09:10.737 [main] DEBUG org.rtklib.java.rtcm.Rtcm -- MSM after sigindex: sig[1] code=42 idx=3
04:09:10.737 [main] DEBUG org.rtklib.java.rtcm.Rtcm -- MSM after sigindex: sig[2] code=27 idx=1
04:09:10.737 [main] DEBUG org.rtklib.java.rtcm.Rtcm -- MSM after sigindex: sig[3] code=58 idx=2
04:09:10.738 [main] DEBUG org.rtklib.java.rtcm.Rtcm -- MSM after sigindex: sig[4] code=2 idx=4
04:09:10.738 [main] DEBUG org.rtklib.java.rtcm.Rtcm -- RTCM3 decoded message type=1124, length=54
04:09:10.738 [main] DEBUG org.rtklib.java.rtcm.Rtcm -- MSM BDS TOW: raw=64789000, tow=64803.0
04:09:10.738 [main] DEBUG org.rtklib.java.rtcm.Rtcm -- MSM BDS after adjweek: time.time=1780855203, time.sec=0.0
04:09:10.738 [main] DEBUG org.rtklib.java.rtcm.Rtcm -- decode_msm_head: sys=32 staid=0 nsat=1 nsig=4 sync=0 iod=0 ncell=4
04:09:10.738 [main] DEBUG org.rtklib.java.rtcm.Rtcm -- MSM sig[0] sigid=2 sigstr=2I code=40 idx=0
04:09:10.738 [main] DEBUG org.rtklib.java.rtcm.Rtcm -- MSM sig[1] sigid=8 sigstr=6I code=42 idx=3
04:09:10.738 [main] DEBUG org.rtklib.java.rtcm.Rtcm -- MSM sig[2] sigid=23 sigstr=5P code=58 idx=2
04:09:10.738 [main] DEBUG org.rtklib.java.rtcm.Rtcm -- MSM sig[3] sigid=31 sigstr=1P code=2 idx=4
04:09:10.738 [main] DEBUG org.rtklib.java.rtcm.Rtcm -- MSM after sigindex: sig[0] code=40 idx=0
04:09:10.738 [main] DEBUG org.rtklib.java.rtcm.Rtcm -- MSM after sigindex: sig[1] code=42 idx=3
04:09:10.738 [main] DEBUG org.rtklib.java.rtcm.Rtcm -- MSM after sigindex: sig[2] code=58 idx=2
04:09:10.738 [main] DEBUG org.rtklib.java.rtcm.Rtcm -- MSM after sigindex: sig[3] code=2 idx=4
04:09:10.738 [main] DEBUG org.rtklib.java.rtcm.Rtcm -- RTCM3 decoded message type=1042, length=70
04:09:10.738 [main] INFO org.rtklib.java.rtkpos.RtkProcessor -- RTK Batch: roverEpochs=240, baseEpochs=240, ephTypes={1042=480}
04:09:10.745 [main] DEBUG org.rtklib.java.rtkpos.RtkCore -- rtkpos: nu=13 nr=12 stat=0
04:09:10.766 [main] DEBUG org.rtklib.java.rtkpos.RtkCore -- rtkpos: nu=13 nr=12 stat=0
04:09:10.766 [main] DEBUG org.rtklib.java.rtkpos.RtkCore -- rtkpos: nu=13 nr=12 stat=0
04:09:10.768 [main] DEBUG org.rtklib.java.rtkpos.RtkCore -- rtkpos: nu=12 nr=12 stat=0
04:09:10.768 [main] DEBUG org.rtklib.java.rtkpos.RtkCore -- rtkpos: nu=12 nr=12 stat=0
04:09:10.768 [main] DEBUG org.rtklib.java.rtkpos.RtkCore -- rtkpos: nu=12 nr=12 stat=0
04:09:10.768 [main] DEBUG org.rtklib.java.rtkpos.RtkCore -- rtkpos: nu=12 nr=12 stat=0
04:09:10.768 [main] DEBUG org.rtklib.java.rtkpos.RtkCore -- rtkpos: nu=12 nr=12 stat=0
04:09:10.768 [main] DEBUG org.rtklib.java.rtkpos.RtkCore -- rtkpos: nu=12 nr=12 stat=0
04:09:10.769 [main] DEBUG org.rtklib.java.rtkpos.RtkCore -- rtkpos: nu=12 nr=13 stat=0
04:09:10.769 [main] DEBUG org.rtklib.java.rtkpos.RtkCore -- rtkpos: nu=12 nr=12 stat=0
04:09:10.769 [main] DEBUG org.rtklib.java.rtkpos.RtkCore -- rtkpos: nu=13 nr=13 stat=0
04:09:10.769 [main] DEBUG org.rtklib.java.rtkpos.RtkCore -- rtkpos: nu=13 nr=13 stat=0
04:09:10.769 [main] DEBUG org.rtklib.java.rtkpos.RtkCore -- rtkpos: nu=14 nr=13 stat=0
04:09:10.769 [main] DEBUG org.rtklib.java.rtkpos.RtkCore -- rtkpos: nu=13 nr=12 stat=0
04:09:10.769 [main] DEBUG org.rtklib.java.rtkpos.RtkCore -- rtkpos: nu=13 nr=12 stat=0
04:09:10.770 [main] DEBUG org.rtklib.java.rtkpos.RtkCore -- rtkpos: nu=13 nr=11 stat=0
04:09:10.770 [main] DEBUG org.rtklib.java.rtkpos.RtkCore -- rtkpos: nu=14 nr=12 stat=0
04:09:10.770 [main] DEBUG org.rtklib.java.rtkpos.RtkCore -- rtkpos: nu=14 nr=12 stat=0
04:09:10.770 [main] DEBUG org.rtklib.java.rtkpos.RtkCore -- rtkpos: nu=14 nr=12 stat=0
04:09:10.770 [main] DEBUG org.rtklib.java.rtkpos.RtkCore -- rtkpos: nu=13 nr=12 stat=0
04:09:10.770 [main] DEBUG org.rtklib.java.rtkpos.RtkCore -- rtkpos: nu=13 nr=11 stat=0
04:09:10.770 [main] DEBUG org.rtklib.java.rtkpos.RtkCore -- rtkpos: nu=13 nr=12 stat=0
04:09:10.771 [main] DEBUG org.rtklib.java.rtkpos.RtkCore -- rtkpos: nu=13 nr=11 stat=0
04:09:10.771 [main] DEBUG org.rtklib.java.rtkpos.RtkCore -- rtkpos: nu=13 nr=12 stat=0
04:09:10.771 [main] DEBUG org.rtklib.java.rtkpos.RtkCore -- rtkpos: nu=13 nr=12 stat=0
04:09:10.771 [main] DEBUG org.rtklib.java.rtkpos.RtkCore -- rtkpos: nu=13 nr=12 stat=0
04:09:10.771 [main] DEBUG org.rtklib.java.rtkpos.RtkCore -- rtkpos: nu=13 nr=12 stat=0
04:09:10.771 [main] DEBUG org.rtklib.java.rtkpos.RtkCore -- rtkpos: nu=13 nr=13 stat=0
04:09:10.771 [main] DEBUG org.rtklib.java.rtkpos.RtkCore -- rtkpos: nu=14 nr=13 stat=0
04:09:10.771 [main] DEBUG org.rtklib.java.rtkpos.RtkCore -- rtkpos: nu=13 nr=13 stat=0
04:09:10.771 [main] DEBUG org.rtklib.java.rtkpos.RtkCore -- rtkpos: nu=12 nr=13 stat=0
04:09:10.771 [main] DEBUG org.rtklib.java.rtkpos.RtkCore -- rtkpos: nu=13 nr=13 stat=0
04:09:10.771 [main] DEBUG org.rtklib.java.rtkpos.RtkCore -- rtkpos: nu=13 nr=12 stat=0
04:09:10.771 [main] DEBUG org.rtklib.java.rtkpos.RtkCore -- rtkpos: nu=13 nr=13 stat=0
04:09:10.772 [main] DEBUG org.rtklib.java.rtkpos.RtkCore -- rtkpos: nu=13 nr=12 stat=0
04:09:10.772 [main] DEBUG org.rtklib.java.rtkpos.RtkCore -- rtkpos: nu=13 nr=12 stat=0
04:09:10.772 [main] DEBUG org.rtklib.java.rtkpos.RtkCore -- rtkpos: nu=13 nr=12 stat=0
04:09:10.772 [main] DEBUG org.rtklib.java.rtkpos.RtkCore -- rtkpos: nu=13 nr=12 stat=0
04:09:10.772 [main] DEBUG org.rtklib.java.rtkpos.RtkCore -- rtkpos: nu=13 nr=11 stat=0
04:09:10.772 [main] DEBUG org.rtklib.java.rtkpos.RtkCore -- rtkpos: nu=13 nr=11 stat=0
04:09:10.772 [main] DEBUG org.rtklib.java.rtkpos.RtkCore -- rtkpos: nu=13 nr=12 stat=0
04:09:10.772 [main] DEBUG org.rtklib.java.rtkpos.RtkCore -- rtkpos: nu=14 nr=12 stat=0
04:09:10.772 [main] DEBUG org.rtklib.java.rtkpos.RtkCore -- rtkpos: nu=14 nr=11 stat=0
04:09:10.772 [main] DEBUG org.rtklib.java.rtkpos.RtkCore -- rtkpos: nu=14 nr=11 stat=0
04:09:10.772 [main] DEBUG org.rtklib.java.rtkpos.RtkCore -- rtkpos: nu=15 nr=11 stat=0
04:09:10.772 [main] DEBUG org.rtklib.java.rtkpos.RtkCore -- rtkpos: nu=14 nr=11 stat=0
04:09:10.772 [main] DEBUG org.rtklib.java.rtkpos.RtkCore -- rtkpos: nu=14 nr=11 stat=0
04:09:10.772 [main] DEBUG org.rtklib.java.rtkpos.RtkCore -- rtkpos: nu=14 nr=12 stat=0
04:09:10.772 [main] DEBUG org.rtklib.java.rtkpos.RtkCore -- rtkpos: nu=14 nr=12 stat=0
04:09:10.772 [main] DEBUG org.rtklib.java.rtkpos.RtkCore -- rtkpos: nu=14 nr=12 stat=0
04:09:10.773 [main] DEBUG org.rtklib.java.rtkpos.RtkCore -- rtkpos: nu=14 nr=13 stat=0
04:09:10.773 [main] DEBUG org.rtklib.java.rtkpos.RtkCore -- rtkpos: nu=14 nr=13 stat=0
04:09:10.773 [main] DEBUG org.rtklib.java.rtkpos.RtkCore -- rtkpos: nu=14 nr=13 stat=0
04:09:10.773 [main] DEBUG org.rtklib.java.rtkpos.RtkCore -- rtkpos: nu=14 nr=13 stat=0
04:09:10.773 [main] DEBUG org.rtklib.java.rtkpos.RtkCore -- rtkpos: nu=14 nr=13 stat=0
04:09:10.773 [main] DEBUG org.rtklib.java.rtkpos.RtkCore -- rtkpos: nu=14 nr=13 stat=0
04:09:10.773 [main] DEBUG org.rtklib.java.rtkpos.RtkCore -- rtkpos: nu=14 nr=12 stat=0
04:09:10.773 [main] DEBUG org.rtklib.java.rtkpos.RtkCore -- rtkpos: nu=14 nr=12 stat=0
04:09:10.773 [main] DEBUG org.rtklib.java.rtkpos.RtkCore -- rtkpos: nu=14 nr=12 stat=0
04:09:10.773 [main] DEBUG org.rtklib.java.rtkpos.RtkCore -- rtkpos: nu=14 nr=12 stat=0
04:09:10.773 [main] DEBUG org.rtklib.java.rtkpos.RtkCore -- rtkpos: nu=14 nr=12 stat=0
04:09:10.773 [main] DEBUG org.rtklib.java.rtkpos.RtkCore -- rtkpos: nu=14 nr=12 stat=0
04:09:10.774 [main] DEBUG org.rtklib.java.rtkpos.RtkCore -- rtkpos: nu=14 nr=12 stat=0
04:09:10.774 [main] DEBUG org.rtklib.java.rtkpos.RtkCore -- rtkpos: nu=14 nr=12 stat=0
04:09:10.774 [main] DEBUG org.rtklib.java.rtkpos.RtkCore -- rtkpos: nu=14 nr=12 stat=0
04:09:10.774 [main] DEBUG org.rtklib.java.rtkpos.RtkCore -- rtkpos: nu=14 nr=12 stat=0
04:09:10.774 [main] DEBUG org.rtklib.java.rtkpos.RtkCore -- rtkpos: nu=14 nr=12 stat=0
04:09:10.774 [main] DEBUG org.rtklib.java.rtkpos.RtkCore -- rtkpos: nu=14 nr=12 stat=0
04:09:10.774 [main] DEBUG org.rtklib.java.rtkpos.RtkCore -- rtkpos: nu=14 nr=12 stat=0
04:09:10.774 [main] DEBUG org.rtklib.java.rtkpos.RtkCore -- rtkpos: nu=14 nr=12 stat=0
04:09:10.774 [main] DEBUG org.rtklib.java.rtkpos.RtkCore -- rtkpos: nu=14 nr=12 stat=0
04:09:10.774 [main] DEBUG org.rtklib.java.rtkpos.RtkCore -- rtkpos: nu=14 nr=12 stat=0
04:09:10.775 [main] DEBUG org.rtklib.java.rtkpos.RtkCore -- rtkpos: nu=14 nr=11 stat=0
04:09:10.775 [main] DEBUG org.rtklib.java.rtkpos.RtkCore -- rtkpos: nu=14 nr=11 stat=0
04:09:10.775 [main] DEBUG org.rtklib.java.rtkpos.RtkCore -- rtkpos: nu=14 nr=11 stat=0
04:09:10.775 [main] DEBUG org.rtklib.java.rtkpos.RtkCore -- rtkpos: nu=14 nr=12 stat=0
04:09:10.775 [main] DEBUG org.rtklib.java.rtkpos.RtkCore -- rtkpos: nu=14 nr=13 stat=0
04:09:10.775 [main] DEBUG org.rtklib.java.rtkpos.RtkCore -- rtkpos: nu=14 nr=13 stat=0
04:09:10.775 [main] DEBUG org.rtklib.java.rtkpos.RtkCore -- rtkpos: nu=14 nr=13 stat=0
04:09:10.775 [main] DEBUG org.rtklib.java.rtkpos.RtkCore -- rtkpos: nu=14 nr=13 stat=0
04:09:10.775 [main] DEBUG org.rtklib.java.rtkpos.RtkCore -- rtkpos: nu=14 nr=13 stat=0
04:09:10.776 [main] DEBUG org.rtklib.java.rtkpos.RtkCore -- rtkpos: nu=14 nr=13 stat=0
04:09:10.776 [main] DEBUG org.rtklib.java.rtkpos.RtkCore -- rtkpos: nu=14 nr=13 stat=0
04:09:10.776 [main] DEBUG org.rtklib.java.rtkpos.RtkCore -- rtkpos: nu=14 nr=13 stat=0
04:09:10.776 [main] DEBUG org.rtklib.java.rtkpos.RtkCore -- rtkpos: nu=14 nr=13 stat=0
04:09:10.776 [main] DEBUG org.rtklib.java.rtkpos.RtkCore -- rtkpos: nu=14 nr=12 stat=0
04:09:10.776 [main] DEBUG org.rtklib.java.rtkpos.RtkCore -- rtkpos: nu=14 nr=13 stat=0
04:09:10.776 [main] DEBUG org.rtklib.java.rtkpos.RtkCore -- rtkpos: nu=14 nr=13 stat=0
04:09:10.776 [main] DEBUG org.rtklib.java.rtkpos.RtkCore -- rtkpos: nu=14 nr=14 stat=0
04:09:10.776 [main] DEBUG org.rtklib.java.rtkpos.RtkCore -- rtkpos: nu=14 nr=14 stat=0
04:09:10.776 [main] DEBUG org.rtklib.java.rtkpos.RtkCore -- rtkpos: nu=14 nr=14 stat=0
04:09:10.776 [main] DEBUG org.rtklib.java.rtkpos.RtkCore -- rtkpos: nu=14 nr=14 stat=0
04:09:10.776 [main] DEBUG org.rtklib.java.rtkpos.RtkCore -- rtkpos: nu=14 nr=14 stat=0
04:09:10.776 [main] DEBUG org.rtklib.java.rtkpos.RtkCore -- rtkpos: nu=14 nr=14 stat=0
04:09:10.777 [main] DEBUG org.rtklib.java.rtkpos.RtkCore -- rtkpos: nu=14 nr=13 stat=0
04:09:10.777 [main] DEBUG org.rtklib.java.rtkpos.RtkCore -- rtkpos: nu=14 nr=13 stat=0
04:09:10.777 [main] DEBUG org.rtklib.java.rtkpos.RtkCore -- rtkpos: nu=14 nr=13 stat=0
04:09:10.777 [main] DEBUG org.rtklib.java.rtkpos.RtkCore -- rtkpos: nu=14 nr=12 stat=0
04:09:10.777 [main] DEBUG org.rtklib.java.rtkpos.RtkCore -- rtkpos: nu=14 nr=12 stat=0
04:09:10.777 [main] DEBUG org.rtklib.java.rtkpos.RtkCore -- rtkpos: nu=14 nr=12 stat=0
04:09:10.777 [main] DEBUG org.rtklib.java.rtkpos.RtkCore -- rtkpos: nu=14 nr=12 stat=0
04:09:10.777 [main] DEBUG org.rtklib.java.rtkpos.RtkCore -- rtkpos: nu=14 nr=12 stat=0
04:09:10.777 [main] DEBUG org.rtklib.java.rtkpos.RtkCore -- rtkpos: nu=14 nr=12 stat=0
04:09:10.777 [main] DEBUG org.rtklib.java.rtkpos.RtkCore -- rtkpos: nu=14 nr=12 stat=0
04:09:10.777 [main] DEBUG org.rtklib.java.rtkpos.RtkCore -- rtkpos: nu=14 nr=12 stat=0
04:09:10.777 [main] DEBUG org.rtklib.java.rtkpos.RtkCore -- rtkpos: nu=14 nr=12 stat=0
04:09:10.777 [main] DEBUG org.rtklib.java.rtkpos.RtkCore -- rtkpos: nu=14 nr=12 stat=0
04:09:10.777 [main] DEBUG org.rtklib.java.rtkpos.RtkCore -- rtkpos: nu=14 nr=12 stat=0
04:09:10.777 [main] DEBUG org.rtklib.java.rtkpos.RtkCore -- rtkpos: nu=14 nr=13 stat=0
04:09:10.777 [main] DEBUG org.rtklib.java.rtkpos.RtkCore -- rtkpos: nu=14 nr=13 stat=0
04:09:10.777 [main] DEBUG org.rtklib.java.rtkpos.RtkCore -- rtkpos: nu=14 nr=13 stat=0
04:09:10.777 [main] DEBUG org.rtklib.java.rtkpos.RtkCore -- rtkpos: nu=14 nr=13 stat=0
04:09:10.777 [main] DEBUG org.rtklib.java.rtkpos.RtkCore -- rtkpos: nu=14 nr=13 stat=0
04:09:10.777 [main] DEBUG org.rtklib.java.rtkpos.RtkCore -- rtkpos: nu=14 nr=13 stat=0
04:09:10.777 [main] DEBUG org.rtklib.java.rtkpos.RtkCore -- rtkpos: nu=14 nr=13 stat=0
04:09:10.777 [main] DEBUG org.rtklib.java.rtkpos.RtkCore -- rtkpos: nu=14 nr=13 stat=0
04:09:10.777 [main] DEBUG org.rtklib.java.rtkpos.RtkCore -- rtkpos: nu=14 nr=13 stat=0
04:09:10.779 [main] DEBUG org.rtklib.java.rtkpos.RtkCore -- rtkpos: nu=14 nr=13 stat=0
04:09:10.779 [main] DEBUG org.rtklib.java.rtkpos.RtkCore -- rtkpos: nu=14 nr=13 stat=0
04:09:10.779 [main] DEBUG org.rtklib.java.rtkpos.RtkCore -- rtkpos: nu=14 nr=13 stat=0
04:09:10.779 [main] DEBUG org.rtklib.java.rtkpos.RtkCore -- rtkpos: nu=14 nr=13 stat=0
04:09:10.779 [main] DEBUG org.rtklib.java.rtkpos.RtkCore -- rtkpos: nu=14 nr=12 stat=0
04:09:10.779 [main] DEBUG org.rtklib.java.rtkpos.RtkCore -- rtkpos: nu=14 nr=12 stat=0
04:09:10.779 [main] DEBUG org.rtklib.java.rtkpos.RtkCore -- rtkpos: nu=14 nr=12 stat=0
04:09:10.779 [main] DEBUG org.rtklib.java.rtkpos.RtkCore -- rtkpos: nu=14 nr=12 stat=0
04:09:10.779 [main] DEBUG org.rtklib.java.rtkpos.RtkCore -- rtkpos: nu=14 nr=12 stat=0
04:09:10.780 [main] DEBUG org.rtklib.java.rtkpos.RtkCore -- rtkpos: nu=14 nr=12 stat=0
04:09:10.780 [main] DEBUG org.rtklib.java.rtkpos.RtkCore -- rtkpos: nu=14 nr=12 stat=0
04:09:10.780 [main] DEBUG org.rtklib.java.rtkpos.RtkCore -- rtkpos: nu=14 nr=12 stat=0
04:09:10.780 [main] DEBUG org.rtklib.java.rtkpos.RtkCore -- rtkpos: nu=14 nr=12 stat=0
04:09:10.780 [main] DEBUG org.rtklib.java.rtkpos.RtkCore -- rtkpos: nu=13 nr=12 stat=0
04:09:10.780 [main] DEBUG org.rtklib.java.rtkpos.RtkCore -- rtkpos: nu=13 nr=13 stat=0
04:09:10.780 [main] DEBUG org.rtklib.java.rtkpos.RtkCore -- rtkpos: nu=13 nr=13 stat=0
04:09:10.780 [main] DEBUG org.rtklib.java.rtkpos.RtkCore -- rtkpos: nu=13 nr=11 stat=0
04:09:10.780 [main] DEBUG org.rtklib.java.rtkpos.RtkCore -- rtkpos: nu=12 nr=11 stat=0
04:09:10.780 [main] DEBUG org.rtklib.java.rtkpos.RtkCore -- rtkpos: nu=12 nr=11 stat=0
04:09:10.781 [main] DEBUG org.rtklib.java.rtkpos.RtkCore -- rtkpos: nu=13 nr=11 stat=0
04:09:10.781 [main] DEBUG org.rtklib.java.rtkpos.RtkCore -- rtkpos: nu=13 nr=12 stat=0
04:09:10.781 [main] DEBUG org.rtklib.java.rtkpos.RtkCore -- rtkpos: nu=12 nr=12 stat=0
04:09:10.781 [main] DEBUG org.rtklib.java.rtkpos.RtkCore -- rtkpos: nu=13 nr=12 stat=0
04:09:10.781 [main] DEBUG org.rtklib.java.rtkpos.RtkCore -- rtkpos: nu=13 nr=12 stat=0
04:09:10.781 [main] DEBUG org.rtklib.java.rtkpos.RtkCore -- rtkpos: nu=13 nr=11 stat=0
04:09:10.781 [main] DEBUG org.rtklib.java.rtkpos.RtkCore -- rtkpos: nu=13 nr=11 stat=0
04:09:10.781 [main] DEBUG org.rtklib.java.rtkpos.RtkCore -- rtkpos: nu=13 nr=11 stat=0
04:09:10.781 [main] DEBUG org.rtklib.java.rtkpos.RtkCore -- rtkpos: nu=13 nr=11 stat=0
04:09:10.781 [main] DEBUG org.rtklib.java.rtkpos.RtkCore -- rtkpos: nu=13 nr=11 stat=0
04:09:10.781 [main] DEBUG org.rtklib.java.rtkpos.RtkCore -- rtkpos: nu=13 nr=11 stat=0
04:09:10.781 [main] DEBUG org.rtklib.java.rtkpos.RtkCore -- rtkpos: nu=13 nr=12 stat=0
04:09:10.781 [main] DEBUG org.rtklib.java.rtkpos.RtkCore -- rtkpos: nu=13 nr=12 stat=0
04:09:10.781 [main] DEBUG org.rtklib.java.rtkpos.RtkCore -- rtkpos: nu=13 nr=12 stat=0
04:09:10.781 [main] DEBUG org.rtklib.java.rtkpos.RtkCore -- rtkpos: nu=13 nr=12 stat=0
04:09:10.781 [main] DEBUG org.rtklib.java.rtkpos.RtkCore -- rtkpos: nu=13 nr=12 stat=0
04:09:10.781 [main] DEBUG org.rtklib.java.rtkpos.RtkCore -- rtkpos: nu=13 nr=12 stat=0
04:09:10.781 [main] DEBUG org.rtklib.java.rtkpos.RtkCore -- rtkpos: nu=13 nr=12 stat=0
04:09:10.781 [main] DEBUG org.rtklib.java.rtkpos.RtkCore -- rtkpos: nu=13 nr=11 stat=0
04:09:10.781 [main] DEBUG org.rtklib.java.rtkpos.RtkCore -- rtkpos: nu=13 nr=11 stat=0
04:09:10.781 [main] DEBUG org.rtklib.java.rtkpos.RtkCore -- rtkpos: nu=13 nr=12 stat=0
04:09:10.781 [main] DEBUG org.rtklib.java.rtkpos.RtkCore -- rtkpos: nu=13 nr=12 stat=0
04:09:10.781 [main] DEBUG org.rtklib.java.rtkpos.RtkCore -- rtkpos: nu=13 nr=12 stat=0
04:09:10.781 [main] DEBUG org.rtklib.java.rtkpos.RtkCore -- rtkpos: nu=13 nr=12 stat=0
04:09:10.781 [main] DEBUG org.rtklib.java.rtkpos.RtkCore -- rtkpos: nu=13 nr=12 stat=0
04:09:10.781 [main] DEBUG org.rtklib.java.rtkpos.RtkCore -- rtkpos: nu=13 nr=12 stat=0
04:09:10.781 [main] DEBUG org.rtklib.java.rtkpos.RtkCore -- rtkpos: nu=13 nr=12 stat=0
04:09:10.781 [main] DEBUG org.rtklib.java.rtkpos.RtkCore -- rtkpos: nu=13 nr=12 stat=0
04:09:10.781 [main] DEBUG org.rtklib.java.rtkpos.RtkCore -- rtkpos: nu=13 nr=12 stat=0
04:09:10.781 [main] DEBUG org.rtklib.java.rtkpos.RtkCore -- rtkpos: nu=13 nr=12 stat=0
04:09:10.781 [main] DEBUG org.rtklib.java.rtkpos.RtkCore -- rtkpos: nu=13 nr=12 stat=0
04:09:10.781 [main] DEBUG org.rtklib.java.rtkpos.RtkCore -- rtkpos: nu=13 nr=12 stat=0
04:09:10.781 [main] DEBUG org.rtklib.java.rtkpos.RtkCore -- rtkpos: nu=13 nr=12 stat=0
04:09:10.783 [main] DEBUG org.rtklib.java.rtkpos.RtkCore -- rtkpos: nu=13 nr=12 stat=0
04:09:10.783 [main] DEBUG org.rtklib.java.rtkpos.RtkCore -- rtkpos: nu=13 nr=12 stat=0
04:09:10.783 [main] DEBUG org.rtklib.java.rtkpos.RtkCore -- rtkpos: nu=13 nr=12 stat=0
04:09:10.783 [main] DEBUG org.rtklib.java.rtkpos.RtkCore -- rtkpos: nu=13 nr=12 stat=0
04:09:10.783 [main] DEBUG org.rtklib.java.rtkpos.RtkCore -- rtkpos: nu=13 nr=12 stat=0
04:09:10.783 [main] DEBUG org.rtklib.java.rtkpos.RtkCore -- rtkpos: nu=13 nr=12 stat=0
04:09:10.783 [main] DEBUG org.rtklib.java.rtkpos.RtkCore -- rtkpos: nu=13 nr=12 stat=0
04:09:10.783 [main] DEBUG org.rtklib.java.rtkpos.RtkCore -- rtkpos: nu=14 nr=12 stat=0
04:09:10.783 [main] DEBUG org.rtklib.java.rtkpos.RtkCore -- rtkpos: nu=14 nr=12 stat=0
04:09:10.783 [main] DEBUG org.rtklib.java.rtkpos.RtkCore -- rtkpos: nu=14 nr=12 stat=0
04:09:10.783 [main] DEBUG org.rtklib.java.rtkpos.RtkCore -- rtkpos: nu=14 nr=12 stat=0
04:09:10.783 [main] DEBUG org.rtklib.java.rtkpos.RtkCore -- rtkpos: nu=14 nr=12 stat=0
04:09:10.783 [main] DEBUG org.rtklib.java.rtkpos.RtkCore -- rtkpos: nu=14 nr=12 stat=0
04:09:10.783 [main] DEBUG org.rtklib.java.rtkpos.RtkCore -- rtkpos: nu=14 nr=12 stat=0
04:09:10.783 [main] DEBUG org.rtklib.java.rtkpos.RtkCore -- rtkpos: nu=14 nr=12 stat=0
04:09:10.783 [main] DEBUG org.rtklib.java.rtkpos.RtkCore -- rtkpos: nu=14 nr=12 stat=0
04:09:10.783 [main] DEBUG org.rtklib.java.rtkpos.RtkCore -- rtkpos: nu=14 nr=12 stat=0
04:09:10.783 [main] DEBUG org.rtklib.java.rtkpos.RtkCore -- rtkpos: nu=14 nr=12 stat=0
04:09:10.783 [main] DEBUG org.rtklib.java.rtkpos.RtkCore -- rtkpos: nu=14 nr=12 stat=0
04:09:10.783 [main] DEBUG org.rtklib.java.rtkpos.RtkCore -- rtkpos: nu=14 nr=12 stat=0
04:09:10.783 [main] DEBUG org.rtklib.java.rtkpos.RtkCore -- rtkpos: nu=14 nr=12 stat=0
04:09:10.783 [main] DEBUG org.rtklib.java.rtkpos.RtkCore -- rtkpos: nu=14 nr=12 stat=0
04:09:10.783 [main] DEBUG org.rtklib.java.rtkpos.RtkCore -- rtkpos: nu=14 nr=12 stat=0
04:09:10.783 [main] DEBUG org.rtklib.java.rtkpos.RtkCore -- rtkpos: nu=14 nr=12 stat=0
04:09:10.784 [main] DEBUG org.rtklib.java.rtkpos.RtkCore -- rtkpos: nu=14 nr=12 stat=0
04:09:10.784 [main] DEBUG org.rtklib.java.rtkpos.RtkCore -- rtkpos: nu=14 nr=12 stat=0
04:09:10.784 [main] DEBUG org.rtklib.java.rtkpos.RtkCore -- rtkpos: nu=14 nr=12 stat=0
04:09:10.784 [main] DEBUG org.rtklib.java.rtkpos.RtkCore -- rtkpos: nu=14 nr=11 stat=0
04:09:10.784 [main] DEBUG org.rtklib.java.rtkpos.RtkCore -- rtkpos: nu=14 nr=12 stat=0
04:09:10.784 [main] DEBUG org.rtklib.java.rtkpos.RtkCore -- rtkpos: nu=14 nr=12 stat=0
04:09:10.784 [main] DEBUG org.rtklib.java.rtkpos.RtkCore -- rtkpos: nu=14 nr=12 stat=0
04:09:10.784 [main] DEBUG org.rtklib.java.rtkpos.RtkCore -- rtkpos: nu=14 nr=12 stat=0
04:09:10.784 [main] DEBUG org.rtklib.java.rtkpos.RtkCore -- rtkpos: nu=14 nr=11 stat=0
04:09:10.784 [main] DEBUG org.rtklib.java.rtkpos.RtkCore -- rtkpos: nu=14 nr=12 stat=0
04:09:10.784 [main] DEBUG org.rtklib.java.rtkpos.RtkCore -- rtkpos: nu=14 nr=13 stat=0
04:09:10.784 [main] DEBUG org.rtklib.java.rtkpos.RtkCore -- rtkpos: nu=14 nr=13 stat=0
04:09:10.784 [main] DEBUG org.rtklib.java.rtkpos.RtkCore -- rtkpos: nu=14 nr=13 stat=0
04:09:10.784 [main] DEBUG org.rtklib.java.rtkpos.RtkCore -- rtkpos: nu=14 nr=13 stat=0
04:09:10.784 [main] DEBUG org.rtklib.java.rtkpos.RtkCore -- rtkpos: nu=14 nr=13 stat=0
04:09:10.784 [main] DEBUG org.rtklib.java.rtkpos.RtkCore -- rtkpos: nu=14 nr=13 stat=0
04:09:10.785 [main] DEBUG org.rtklib.java.rtkpos.RtkCore -- rtkpos: nu=14 nr=13 stat=0
04:09:10.785 [main] DEBUG org.rtklib.java.rtkpos.RtkCore -- rtkpos: nu=14 nr=13 stat=0
04:09:10.785 [main] DEBUG org.rtklib.java.rtkpos.RtkCore -- rtkpos: nu=14 nr=13 stat=0
04:09:10.785 [main] DEBUG org.rtklib.java.rtkpos.RtkCore -- rtkpos: nu=14 nr=13 stat=0
04:09:10.785 [main] DEBUG org.rtklib.java.rtkpos.RtkCore -- rtkpos: nu=14 nr=13 stat=0
04:09:10.785 [main] DEBUG org.rtklib.java.rtkpos.RtkCore -- rtkpos: nu=14 nr=13 stat=0
04:09:10.785 [main] DEBUG org.rtklib.java.rtkpos.RtkCore -- rtkpos: nu=14 nr=13 stat=0
04:09:10.785 [main] DEBUG org.rtklib.java.rtkpos.RtkCore -- rtkpos: nu=13 nr=13 stat=0
04:09:10.785 [main] DEBUG org.rtklib.java.rtkpos.RtkCore -- rtkpos: nu=14 nr=13 stat=0
04:09:10.785 [main] DEBUG org.rtklib.java.rtkpos.RtkCore -- rtkpos: nu=14 nr=13 stat=0
04:09:10.785 [main] DEBUG org.rtklib.java.rtkpos.RtkCore -- rtkpos: nu=14 nr=13 stat=0
04:09:10.785 [main] DEBUG org.rtklib.java.rtkpos.RtkCore -- rtkpos: nu=13 nr=13 stat=0
04:09:10.785 [main] DEBUG org.rtklib.java.rtkpos.RtkCore -- rtkpos: nu=13 nr=13 stat=0
04:09:10.785 [main] DEBUG org.rtklib.java.rtkpos.RtkCore -- rtkpos: nu=13 nr=13 stat=0
04:09:10.785 [main] DEBUG org.rtklib.java.rtkpos.RtkCore -- rtkpos: nu=13 nr=13 stat=0
04:09:10.785 [main] DEBUG org.rtklib.java.rtkpos.RtkCore -- rtkpos: nu=12 nr=13 stat=0
04:09:10.785 [main] DEBUG org.rtklib.java.rtkpos.RtkCore -- rtkpos: nu=13 nr=13 stat=0
04:09:10.785 [main] DEBUG org.rtklib.java.rtkpos.RtkCore -- rtkpos: nu=12 nr=13 stat=0
04:09:10.785 [main] DEBUG org.rtklib.java.rtkpos.RtkCore -- rtkpos: nu=13 nr=13 stat=0
04:09:10.785 [main] DEBUG org.rtklib.java.rtkpos.RtkCore -- rtkpos: nu=12 nr=13 stat=0
04:09:10.786 [main] DEBUG org.rtklib.java.rtkpos.RtkCore -- rtkpos: nu=11 nr=13 stat=0
04:09:10.786 [main] DEBUG org.rtklib.java.rtkpos.RtkCore -- rtkpos: nu=12 nr=13 stat=0
04:09:10.786 [main] DEBUG org.rtklib.java.rtkpos.RtkCore -- rtkpos: nu=13 nr=13 stat=0
04:09:10.786 [main] DEBUG org.rtklib.java.rtkpos.RtkCore -- rtkpos: nu=12 nr=13 stat=0
04:09:10.786 [main] DEBUG org.rtklib.java.rtkpos.RtkCore -- rtkpos: nu=12 nr=13 stat=0
04:09:10.786 [main] DEBUG org.rtklib.java.rtkpos.RtkCore -- rtkpos: nu=12 nr=13 stat=0
04:09:10.786 [main] DEBUG org.rtklib.java.rtkpos.RtkCore -- rtkpos: nu=12 nr=13 stat=0
04:09:10.786 [main] DEBUG org.rtklib.java.rtkpos.RtkCore -- rtkpos: nu=12 nr=13 stat=0
04:09:10.787 [main] DEBUG org.rtklib.java.rtkpos.RtkCore -- rtkpos: nu=12 nr=13 stat=0
04:09:10.787 [main] DEBUG org.rtklib.java.rtkpos.RtkCore -- rtkpos: nu=12 nr=13 stat=0
04:09:10.787 [main] INFO org.rtklib.java.rtkpos.RtkProcessor -- RTK complete: total=240, success=0, fail=240, ephTypes={1042=480}
04:09:10.788 [main] INFO org.rtklib.java.RtkProcessorTest -- RtkResult: total=240, success=0, fail=240
[ERROR] Tests run: 1, Failures: 1, Errors: 0, Skipped: 0, Time elapsed: 0.320 s <<< FAILURE! -- in org.rtklib.java.RtkProcessorTest
[ERROR] org.rtklib.java.RtkProcessorTest.testRtkFromBytesNoCallback -- Time elapsed: 0.253 s <<< FAILURE!
org.opentest4j.AssertionFailedError: Should have solutions ==> expected: <false> but was: <true>
	at org.junit.jupiter.api.AssertionFailureBuilder.build(AssertionFailureBuilder.java:151)
	at org.junit.jupiter.api.AssertionFailureBuilder.buildAndThrow(AssertionFailureBuilder.java:132)
	at org.junit.jupiter.api.AssertFalse.failNotFalse(AssertFalse.java:63)
	at org.junit.jupiter.api.AssertFalse.assertFalse(AssertFalse.java:36)
	at org.junit.jupiter.api.Assertions.assertFalse(Assertions.java:239)
	at org.rtklib.java.RtkProcessorTest.testRtkFromBytesNoCallback(RtkProcessorTest.java:104)
	at java.base/java.lang.reflect.Method.invoke(Method.java:580)
	at java.base/java.util.ArrayList.forEach(ArrayList.java:1596)
	at java.base/java.util.ArrayList.forEach(ArrayList.java:1596)

[INFO] 
[INFO] Results:
[INFO] 
[ERROR] Failures: 
[ERROR]   RtkProcessorTest.testRtkFromBytesNoCallback:104 Should have solutions ==> expected: <false> but was: <true>
[INFO] 
[ERROR] Tests run: 1, Failures: 1, Errors: 0, Skipped: 0
[INFO] 
[INFO] ------------------------------------------------------------------------
[INFO] BUILD FAILURE
[INFO] ------------------------------------------------------------------------
[INFO] Total time:  1.604 s
[INFO] Finished at: 2026-06-28T04:09:11+08:00
[INFO] ------------------------------------------------------------------------
[ERROR] Failed to execute goal org.apache.maven.plugins:maven-surefire-plugin:3.2.3:test (default-test) on project rtklib-java: There are test failures.
[ERROR] 
[ERROR] Please refer to D:\code\rtklib_java\target\surefire-reports for the individual test results.
[ERROR] Please refer to dump files (if any exist) [date].dump, [date]-jvmRun[N].dump and [date].dumpstream.
[ERROR] -> [Help 1]
[ERROR] 
[ERROR] To see the full stack trace of the errors, re-run Maven with the -e switch.
[ERROR] Re-run Maven using the -X switch to enable full debug logging.
[ERROR] 
[ERROR] For more information about the errors and possible solutions, please read the following articles:
[ERROR] [Help 1] http://cwiki.apache.org/confluence/display/MAVEN/MojoFailureException
